Compiling at Thu Jun 15 02:30:00 AM EDT 2023
Pulling latest changes from Git...

Compiling the orch UI code...
Deleting build...
Folder build deleted.
Folder A is unchanged.
yarn
yarn install v1.22.19
[1/4] Resolving packages...
success Already up-to-date.
Done in 0.98s.
yarn run build
yarn run v1.22.19
$ vite build
vite v4.3.9 building for production...
[plugin:vite-plugin-eslint] LintOnStart is turned on, and it will check for all matching files.
transforming...
✓ 13526 modules transformed.
rendering chunks...
computing gzip size...
build/assets/svg/pin.svg                                     0.85 kB │ gzip:   0.44 kB
build/assets/svg/current.svg                                 0.96 kB │ gzip:   0.47 kB
build/index.html                                             2.09 kB │ gzip:   1.02 kB
build/assets/svg/celltower.svg                               2.73 kB │ gzip:   1.41 kB
build/assets/svg/green-plain.svg                             3.30 kB │ gzip:   1.25 kB
build/assets/svg/pointer.svg                                 3.36 kB │ gzip:   1.27 kB
build/assets/svg/pointer-green.svg                           4.26 kB │ gzip:   1.56 kB
build/assets/svg/pointer-grey.svg                            4.26 kB │ gzip:   1.56 kB
build/assets/svg/markerA.svg                                 4.71 kB │ gzip:   1.66 kB
build/assets/woff2/roboto-vietnamese-400-normal.woff2        5.56 kB
build/assets/svg/markerB.svg                                 5.70 kB │ gzip:   2.12 kB
build/assets/woff2/roboto-greek-400-normal.woff2             7.11 kB
build/assets/svg/Radio-Indoor-Icon.svg                       7.43 kB │ gzip:   1.99 kB
build/assets/woff2/roboto-cyrillic-400-normal.woff2          9.63 kB
build/assets/woff2/roboto-latin-ext-400-normal.woff2        11.87 kB
build/assets/woff2/roboto-cyrillic-ext-400-normal.woff2     15.34 kB
build/assets/woff2/roboto-latin-400-normal.woff2            15.74 kB
build/assets/woff/roboto-all-400-normal.woff                65.46 kB
build/assets/css/SubscribersPanel.css                        0.22 kB │ gzip:   0.16 kB
build/assets/css/Diagnostics.css                             0.29 kB │ gzip:   0.21 kB
build/assets/css/Calibrate.css                               0.64 kB │ gzip:   0.40 kB
build/assets/css/ReactTable.css                              1.32 kB │ gzip:   0.56 kB
build/assets/css/index.css                                   1.77 kB │ gzip:   0.78 kB
build/assets/css/Dashboard.css                               4.02 kB │ gzip:   2.01 kB
build/assets/css/EditNotes.css                              17.96 kB │ gzip:   3.16 kB
build/chunks/styled.99e4ac39.js                              0.12 kB │ gzip:   0.14 kB │ map:     0.34 kB
build/chunks/QoS-service.b2426855.js                         0.26 kB │ gzip:   0.22 kB │ map:     0.80 kB
build/chunks/LightTooltip.360455a2.js                        0.34 kB │ gzip:   0.28 kB │ map:     1.06 kB
build/chunks/ArrowForwardIosSharp.ee5c8b5e.js                0.36 kB │ gzip:   0.29 kB │ map:     1.12 kB
build/chunks/hardwareInventory-service.409a7abd.js           0.38 kB │ gzip:   0.30 kB │ map:     1.14 kB
build/chunks/RestartAlt.18168ed8.js                          0.38 kB │ gzip:   0.30 kB │ map:     0.71 kB
build/chunks/NotImplemented.71e3cadc.js                      0.55 kB │ gzip:   0.40 kB │ map:     1.39 kB
build/chunks/AccordianSummary.d4d15a4f.js                    0.63 kB │ gzip:   0.44 kB │ map:     1.72 kB
build/chunks/Card.a1ee39bd.js                                0.63 kB │ gzip:   0.43 kB │ map:     4.60 kB
build/chunks/useInterval.a28e3f2a.js                         0.71 kB │ gzip:   0.41 kB │ map:     3.67 kB
build/chunks/TimeDateInput.4f218b32.js                       0.88 kB │ gzip:   0.50 kB │ map:     3.03 kB
build/chunks/LineChart.dea336ac.js                           1.05 kB │ gzip:   0.66 kB │ map:     3.88 kB
build/chunks/TabPanel.9203747e.js                            1.14 kB │ gzip:   0.63 kB │ map:     4.33 kB
build/chunks/ModalDialogComponent.fdc60d5d.js                1.28 kB │ gzip:   0.70 kB │ map:     4.53 kB
build/chunks/index.9643d26c.js                               1.96 kB │ gzip:   0.65 kB │ map:     5.79 kB
build/chunks/HealthGauge.9b9f34dc.js                         2.37 kB │ gzip:   1.29 kB │ map:     8.47 kB
build/chunks/useSupport.6cf56206.js                          2.45 kB │ gzip:   1.08 kB │ map:    10.12 kB
build/chunks/Checkbox.c965cf23.js                            2.46 kB │ gzip:   1.16 kB │ map:    13.67 kB
build/chunks/radioHelper.24f483ab.js                         2.58 kB │ gzip:   1.17 kB │ map:     8.50 kB
build/chunks/AuditLog.521dcb35.js                            3.79 kB │ gzip:   1.59 kB │ map:    14.10 kB
build/chunks/SlideUpTransition.401acb0c.js                   4.03 kB │ gzip:   1.61 kB │ map:    19.76 kB
build/chunks/index.2f115318.js                               4.17 kB │ gzip:   1.50 kB │ map:    13.68 kB
build/chunks/Logs.20d027cf.js                                4.79 kB │ gzip:   2.11 kB │ map:    20.72 kB
build/chunks/AccordionSummary.06aaa191.js                    5.73 kB │ gzip:   1.97 kB │ map:    27.76 kB
build/chunks/ContextMenu.5495fdb0.js                         6.23 kB │ gzip:   2.03 kB │ map:    22.48 kB
build/chunks/useStyles.4184aa6f.js                           6.39 kB │ gzip:   2.38 kB │ map:    26.35 kB
build/chunks/web-vitals.dfcc5b9a.js                          6.98 kB │ gzip:   2.58 kB │ map:    16.56 kB
build/chunks/TablePagination.5cfb6587.js                     8.27 kB │ gzip:   3.16 kB │ map:    42.12 kB
build/chunks/DnnPanel.3110109f.js                            9.67 kB │ gzip:   3.67 kB │ map:    37.84 kB
build/chunks/GMap.e6cdeb1f.js                               16.54 kB │ gzip:   5.28 kB │ map:    51.13 kB
build/chunks/Diagnostics.dfdaeb33.js                        23.20 kB │ gzip:   7.52 kB │ map:    88.62 kB
build/chunks/index.304d8f10.js                              41.18 kB │ gzip:  10.55 kB │ map:   154.16 kB
build/chunks/AuditLogDetails.a22e1ced.js                    41.88 kB │ gzip:  13.90 kB │ map:   315.56 kB
build/chunks/RadioForm.dab0a291.js                          52.33 kB │ gzip:  14.59 kB │ map:   222.35 kB
build/chunks/System.dbd5ca48.js                             67.06 kB │ gzip:  15.51 kB │ map:   253.21 kB
build/chunks/Calibrate.d46badf7.js                          71.72 kB │ gzip:  23.80 kB │ map:   251.10 kB
build/chunks/ReactTable.2d5f903c.js                         88.65 kB │ gzip:  27.02 kB │ map:   277.12 kB
build/chunks/Dashboard.dfd5c6b6.js                          90.51 kB │ gzip:  21.81 kB │ map:   520.70 kB
build/chunks/EdgesPanel.23eb37e6.js                        144.05 kB │ gzip:  33.19 kB │ map:   522.72 kB
build/chunks/RadiosPanelNew.13ccb52d.js                    162.81 kB │ gzip:  40.64 kB │ map:   619.53 kB
build/chunks/SubscribersPanel.6c8c1602.js                  165.21 kB │ gzip:  53.53 kB │ map:   584.66 kB
build/chunks/DataGrid.8c23f880.js                          277.46 kB │ gzip:  83.70 kB │ map: 1,336.55 kB
build/chunks/highcharts.b1e267cb.js                        296.73 kB │ gzip: 106.33 kB │ map:   694.32 kB
build/chunks/EditNotes.caeea95f.js                         487.47 kB │ gzip: 131.99 kB │ map: 1,668.42 kB
build/js/index.52e1e144.js                               2,124.85 kB │ gzip: 470.04 kB │ map: 5,366.99 kB

(!) Some chunks are larger than 1000 kBs after minification. Consider:
- Using dynamic import() to code-split the application
- Use build.rollupOptions.output.manualChunks to improve chunking: https://rollupjs.org/configuration-options/#output-manualchunks
- Adjust chunk size limit for this warning via build.chunkSizeWarningLimit.
✓ built in 2m 46s
Done in 168.14s.
Compilation done...
Complete at Thu Jun 15 02:32:52 AM EDT 2023
\n ************************************************** \n
Compiling at Thu Jun 15 07:30:00 AM EDT 2023
Pulling latest changes from Git...
Missing or invalid credentials.
Error: connect ECONNREFUSED /run/user/0/vscode-git-fa5573cd4b.sock
    at PipeConnectWrap.afterConnect [as oncomplete] (node:net:1247:16) {
  errno: -111,
  code: 'ECONNREFUSED',
  syscall: 'connect',
  address: '/run/user/0/vscode-git-fa5573cd4b.sock'
}
Missing or invalid credentials.
Error: connect ECONNREFUSED /run/user/0/vscode-git-fa5573cd4b.sock
    at PipeConnectWrap.afterConnect [as oncomplete] (node:net:1247:16) {
  errno: -111,
  code: 'ECONNREFUSED',
  syscall: 'connect',
  address: '/run/user/0/vscode-git-fa5573cd4b.sock'
}
remote: Repository not found.
fatal: Authentication failed for 'https://github.com/Highway9-Networks/h9-saas.git/'
Compiling the orch UI code...
Deleting build...
Folder build deleted.
Folder A is unchanged.
yarn
yarn install v1.22.19
[1/4] Resolving packages...
success Already up-to-date.
Done in 0.82s.
yarn run build
yarn run v1.22.19
$ vite build
vite v4.3.9 building for production...
[plugin:vite-plugin-eslint] LintOnStart is turned on, and it will check for all matching files.
transforming...
✓ 13526 modules transformed.
rendering chunks...
computing gzip size...
build/assets/svg/pin.svg                                     0.85 kB │ gzip:   0.44 kB
build/assets/svg/current.svg                                 0.96 kB │ gzip:   0.47 kB
build/index.html                                             2.09 kB │ gzip:   1.02 kB
build/assets/svg/celltower.svg                               2.73 kB │ gzip:   1.41 kB
build/assets/svg/green-plain.svg                             3.30 kB │ gzip:   1.25 kB
build/assets/svg/pointer.svg                                 3.36 kB │ gzip:   1.27 kB
build/assets/svg/pointer-green.svg                           4.26 kB │ gzip:   1.56 kB
build/assets/svg/pointer-grey.svg                            4.26 kB │ gzip:   1.56 kB
build/assets/svg/markerA.svg                                 4.71 kB │ gzip:   1.66 kB
build/assets/woff2/roboto-vietnamese-400-normal.woff2        5.56 kB
build/assets/svg/markerB.svg                                 5.70 kB │ gzip:   2.12 kB
build/assets/woff2/roboto-greek-400-normal.woff2             7.11 kB
build/assets/svg/Radio-Indoor-Icon.svg                       7.43 kB │ gzip:   1.99 kB
build/assets/woff2/roboto-cyrillic-400-normal.woff2          9.63 kB
build/assets/woff2/roboto-latin-ext-400-normal.woff2        11.87 kB
build/assets/woff2/roboto-cyrillic-ext-400-normal.woff2     15.34 kB
build/assets/woff2/roboto-latin-400-normal.woff2            15.74 kB
build/assets/woff/roboto-all-400-normal.woff                65.46 kB
build/assets/css/SubscribersPanel.css                        0.22 kB │ gzip:   0.16 kB
build/assets/css/Diagnostics.css                             0.29 kB │ gzip:   0.21 kB
build/assets/css/Calibrate.css                               0.64 kB │ gzip:   0.40 kB
build/assets/css/ReactTable.css                              1.32 kB │ gzip:   0.56 kB
build/assets/css/index.css                                   1.77 kB │ gzip:   0.78 kB
build/assets/css/Dashboard.css                               4.02 kB │ gzip:   2.01 kB
build/assets/css/EditNotes.css                              17.96 kB │ gzip:   3.16 kB
build/chunks/styled.99e4ac39.js                              0.12 kB │ gzip:   0.14 kB │ map:     0.34 kB
build/chunks/QoS-service.b2426855.js                         0.26 kB │ gzip:   0.22 kB │ map:     0.80 kB
build/chunks/LightTooltip.360455a2.js                        0.34 kB │ gzip:   0.28 kB │ map:     1.06 kB
build/chunks/ArrowForwardIosSharp.ee5c8b5e.js                0.36 kB │ gzip:   0.29 kB │ map:     1.12 kB
build/chunks/hardwareInventory-service.409a7abd.js           0.38 kB │ gzip:   0.30 kB │ map:     1.14 kB
build/chunks/RestartAlt.18168ed8.js                          0.38 kB │ gzip:   0.30 kB │ map:     0.71 kB
build/chunks/NotImplemented.71e3cadc.js                      0.55 kB │ gzip:   0.40 kB │ map:     1.39 kB
build/chunks/AccordianSummary.d4d15a4f.js                    0.63 kB │ gzip:   0.44 kB │ map:     1.72 kB
build/chunks/Card.a1ee39bd.js                                0.63 kB │ gzip:   0.43 kB │ map:     4.60 kB
build/chunks/useInterval.a28e3f2a.js                         0.71 kB │ gzip:   0.41 kB │ map:     3.67 kB
build/chunks/TimeDateInput.4f218b32.js                       0.88 kB │ gzip:   0.50 kB │ map:     3.03 kB
build/chunks/LineChart.dea336ac.js                           1.05 kB │ gzip:   0.66 kB │ map:     3.88 kB
build/chunks/TabPanel.9203747e.js                            1.14 kB │ gzip:   0.63 kB │ map:     4.33 kB
build/chunks/ModalDialogComponent.fdc60d5d.js                1.28 kB │ gzip:   0.70 kB │ map:     4.53 kB
build/chunks/index.9643d26c.js                               1.96 kB │ gzip:   0.65 kB │ map:     5.79 kB
build/chunks/HealthGauge.9b9f34dc.js                         2.37 kB │ gzip:   1.29 kB │ map:     8.47 kB
build/chunks/useSupport.6cf56206.js                          2.45 kB │ gzip:   1.08 kB │ map:    10.12 kB
build/chunks/Checkbox.c965cf23.js                            2.46 kB │ gzip:   1.16 kB │ map:    13.67 kB
build/chunks/radioHelper.24f483ab.js                         2.58 kB │ gzip:   1.17 kB │ map:     8.50 kB
build/chunks/AuditLog.521dcb35.js                            3.79 kB │ gzip:   1.59 kB │ map:    14.10 kB
build/chunks/SlideUpTransition.401acb0c.js                   4.03 kB │ gzip:   1.61 kB │ map:    19.76 kB
build/chunks/index.2f115318.js                               4.17 kB │ gzip:   1.50 kB │ map:    13.68 kB
build/chunks/Logs.20d027cf.js                                4.79 kB │ gzip:   2.11 kB │ map:    20.72 kB
build/chunks/AccordionSummary.06aaa191.js                    5.73 kB │ gzip:   1.97 kB │ map:    27.76 kB
build/chunks/ContextMenu.5495fdb0.js                         6.23 kB │ gzip:   2.03 kB │ map:    22.48 kB
build/chunks/useStyles.4184aa6f.js                           6.39 kB │ gzip:   2.38 kB │ map:    26.35 kB
build/chunks/web-vitals.dfcc5b9a.js                          6.98 kB │ gzip:   2.58 kB │ map:    16.56 kB
build/chunks/TablePagination.5cfb6587.js                     8.27 kB │ gzip:   3.16 kB │ map:    42.12 kB
build/chunks/DnnPanel.3110109f.js                            9.67 kB │ gzip:   3.67 kB │ map:    37.84 kB
build/chunks/GMap.e6cdeb1f.js                               16.54 kB │ gzip:   5.28 kB │ map:    51.13 kB
build/chunks/Diagnostics.dfdaeb33.js                        23.20 kB │ gzip:   7.52 kB │ map:    88.62 kB
build/chunks/index.304d8f10.js                              41.18 kB │ gzip:  10.55 kB │ map:   154.16 kB
build/chunks/AuditLogDetails.a22e1ced.js                    41.88 kB │ gzip:  13.90 kB │ map:   315.56 kB
build/chunks/RadioForm.dab0a291.js                          52.33 kB │ gzip:  14.59 kB │ map:   222.35 kB
build/chunks/System.dbd5ca48.js                             67.06 kB │ gzip:  15.51 kB │ map:   253.21 kB
build/chunks/Calibrate.d46badf7.js                          71.72 kB │ gzip:  23.80 kB │ map:   251.10 kB
build/chunks/ReactTable.2d5f903c.js                         88.65 kB │ gzip:  27.02 kB │ map:   277.12 kB
build/chunks/Dashboard.dfd5c6b6.js                          90.51 kB │ gzip:  21.81 kB │ map:   520.70 kB
build/chunks/EdgesPanel.23eb37e6.js                        144.05 kB │ gzip:  33.19 kB │ map:   522.72 kB
build/chunks/RadiosPanelNew.13ccb52d.js                    162.81 kB │ gzip:  40.64 kB │ map:   619.53 kB
build/chunks/SubscribersPanel.6c8c1602.js                  165.21 kB │ gzip:  53.53 kB │ map:   584.66 kB
build/chunks/DataGrid.8c23f880.js                          277.46 kB │ gzip:  83.70 kB │ map: 1,336.55 kB
build/chunks/highcharts.b1e267cb.js                        296.73 kB │ gzip: 106.33 kB │ map:   694.32 kB
build/chunks/EditNotes.caeea95f.js                         487.47 kB │ gzip: 131.99 kB │ map: 1,668.42 kB
build/js/index.52e1e144.js                               2,124.85 kB │ gzip: 470.04 kB │ map: 5,366.99 kB

(!) Some chunks are larger than 1000 kBs after minification. Consider:
- Using dynamic import() to code-split the application
- Use build.rollupOptions.output.manualChunks to improve chunking: https://rollupjs.org/configuration-options/#output-manualchunks
- Adjust chunk size limit for this warning via build.chunkSizeWarningLimit.
✓ built in 2m 48s
Done in 170.64s.
Compilation done...
Complete at Thu Jun 15 07:32:54 AM EDT 2023
\n ************************************************** \n
Compiling at Thu Jun 15 10:30:00 AM EDT 2023
Pulling latest changes from Git...
Missing or invalid credentials.
Error: connect ECONNREFUSED /run/user/0/vscode-git-fa5573cd4b.sock
    at PipeConnectWrap.afterConnect [as oncomplete] (node:net:1247:16) {
  errno: -111,
  code: 'ECONNREFUSED',
  syscall: 'connect',
  address: '/run/user/0/vscode-git-fa5573cd4b.sock'
}
remote: Repository not found.
fatal: Authentication failed for 'https://github.com/Highway9-Networks/h9-saas.git/'
Compiling the orch UI code...
Deleting build...
Folder build deleted.
Folder A is unchanged.
yarn
yarn install v1.22.19
[1/4] Resolving packages...
success Already up-to-date.
Done in 1.09s.
yarn run build
yarn run v1.22.19
$ vite build
vite v4.3.9 building for production...
[plugin:vite-plugin-eslint] LintOnStart is turned on, and it will check for all matching files.
transforming...
✓ 13526 modules transformed.
rendering chunks...
computing gzip size...
build/assets/svg/pin.svg                                     0.85 kB │ gzip:   0.44 kB
build/assets/svg/current.svg                                 0.96 kB │ gzip:   0.47 kB
build/index.html                                             2.09 kB │ gzip:   1.02 kB
build/assets/svg/celltower.svg                               2.73 kB │ gzip:   1.41 kB
build/assets/svg/green-plain.svg                             3.30 kB │ gzip:   1.25 kB
build/assets/svg/pointer.svg                                 3.36 kB │ gzip:   1.27 kB
build/assets/svg/pointer-green.svg                           4.26 kB │ gzip:   1.56 kB
build/assets/svg/pointer-grey.svg                            4.26 kB │ gzip:   1.56 kB
build/assets/svg/markerA.svg                                 4.71 kB │ gzip:   1.66 kB
build/assets/woff2/roboto-vietnamese-400-normal.woff2        5.56 kB
build/assets/svg/markerB.svg                                 5.70 kB │ gzip:   2.12 kB
build/assets/woff2/roboto-greek-400-normal.woff2             7.11 kB
build/assets/svg/Radio-Indoor-Icon.svg                       7.43 kB │ gzip:   1.99 kB
build/assets/woff2/roboto-cyrillic-400-normal.woff2          9.63 kB
build/assets/woff2/roboto-latin-ext-400-normal.woff2        11.87 kB
build/assets/woff2/roboto-cyrillic-ext-400-normal.woff2     15.34 kB
build/assets/woff2/roboto-latin-400-normal.woff2            15.74 kB
build/assets/woff/roboto-all-400-normal.woff                65.46 kB
build/assets/css/SubscribersPanel.css                        0.22 kB │ gzip:   0.16 kB
build/assets/css/Diagnostics.css                             0.29 kB │ gzip:   0.21 kB
build/assets/css/Calibrate.css                               0.64 kB │ gzip:   0.40 kB
build/assets/css/ReactTable.css                              1.32 kB │ gzip:   0.56 kB
build/assets/css/index.css                                   1.77 kB │ gzip:   0.78 kB
build/assets/css/Dashboard.css                               4.02 kB │ gzip:   2.01 kB
build/assets/css/EditNotes.css                              17.96 kB │ gzip:   3.16 kB
build/chunks/styled.99e4ac39.js                              0.12 kB │ gzip:   0.14 kB │ map:     0.34 kB
build/chunks/QoS-service.b2426855.js                         0.26 kB │ gzip:   0.22 kB │ map:     0.80 kB
build/chunks/LightTooltip.360455a2.js                        0.34 kB │ gzip:   0.28 kB │ map:     1.06 kB
build/chunks/ArrowForwardIosSharp.ee5c8b5e.js                0.36 kB │ gzip:   0.29 kB │ map:     1.12 kB
build/chunks/hardwareInventory-service.409a7abd.js           0.38 kB │ gzip:   0.30 kB │ map:     1.14 kB
build/chunks/RestartAlt.18168ed8.js                          0.38 kB │ gzip:   0.30 kB │ map:     0.71 kB
build/chunks/NotImplemented.71e3cadc.js                      0.55 kB │ gzip:   0.40 kB │ map:     1.39 kB
build/chunks/AccordianSummary.d4d15a4f.js                    0.63 kB │ gzip:   0.44 kB │ map:     1.72 kB
build/chunks/Card.a1ee39bd.js                                0.63 kB │ gzip:   0.43 kB │ map:     4.60 kB
build/chunks/useInterval.a28e3f2a.js                         0.71 kB │ gzip:   0.41 kB │ map:     3.67 kB
build/chunks/TimeDateInput.4f218b32.js                       0.88 kB │ gzip:   0.50 kB │ map:     3.03 kB
build/chunks/LineChart.dea336ac.js                           1.05 kB │ gzip:   0.66 kB │ map:     3.88 kB
build/chunks/TabPanel.9203747e.js                            1.14 kB │ gzip:   0.63 kB │ map:     4.33 kB
build/chunks/ModalDialogComponent.fdc60d5d.js                1.28 kB │ gzip:   0.70 kB │ map:     4.53 kB
build/chunks/index.9643d26c.js                               1.96 kB │ gzip:   0.65 kB │ map:     5.79 kB
build/chunks/HealthGauge.9b9f34dc.js                         2.37 kB │ gzip:   1.29 kB │ map:     8.47 kB
build/chunks/useSupport.6cf56206.js                          2.45 kB │ gzip:   1.08 kB │ map:    10.12 kB
build/chunks/Checkbox.c965cf23.js                            2.46 kB │ gzip:   1.16 kB │ map:    13.67 kB
build/chunks/radioHelper.24f483ab.js                         2.58 kB │ gzip:   1.17 kB │ map:     8.50 kB
build/chunks/AuditLog.521dcb35.js                            3.79 kB │ gzip:   1.59 kB │ map:    14.10 kB
build/chunks/SlideUpTransition.401acb0c.js                   4.03 kB │ gzip:   1.61 kB │ map:    19.76 kB
build/chunks/index.2f115318.js                               4.17 kB │ gzip:   1.50 kB │ map:    13.68 kB
build/chunks/Logs.20d027cf.js                                4.79 kB │ gzip:   2.11 kB │ map:    20.72 kB
build/chunks/AccordionSummary.06aaa191.js                    5.73 kB │ gzip:   1.97 kB │ map:    27.76 kB
build/chunks/ContextMenu.5495fdb0.js                         6.23 kB │ gzip:   2.03 kB │ map:    22.48 kB
build/chunks/useStyles.4184aa6f.js                           6.39 kB │ gzip:   2.38 kB │ map:    26.35 kB
build/chunks/web-vitals.dfcc5b9a.js                          6.98 kB │ gzip:   2.58 kB │ map:    16.56 kB
build/chunks/TablePagination.5cfb6587.js                     8.27 kB │ gzip:   3.16 kB │ map:    42.12 kB
build/chunks/DnnPanel.3110109f.js                            9.67 kB │ gzip:   3.67 kB │ map:    37.84 kB
build/chunks/GMap.e6cdeb1f.js                               16.54 kB │ gzip:   5.28 kB │ map:    51.13 kB
build/chunks/Diagnostics.dfdaeb33.js                        23.20 kB │ gzip:   7.52 kB │ map:    88.62 kB
build/chunks/index.304d8f10.js                              41.18 kB │ gzip:  10.55 kB │ map:   154.16 kB
build/chunks/AuditLogDetails.a22e1ced.js                    41.88 kB │ gzip:  13.90 kB │ map:   315.56 kB
build/chunks/RadioForm.dab0a291.js                          52.33 kB │ gzip:  14.59 kB │ map:   222.35 kB
build/chunks/System.dbd5ca48.js                             67.06 kB │ gzip:  15.51 kB │ map:   253.21 kB
build/chunks/Calibrate.d46badf7.js                          71.72 kB │ gzip:  23.80 kB │ map:   251.10 kB
build/chunks/ReactTable.2d5f903c.js                         88.65 kB │ gzip:  27.02 kB │ map:   277.12 kB
build/chunks/Dashboard.dfd5c6b6.js                          90.51 kB │ gzip:  21.81 kB │ map:   520.70 kB
build/chunks/EdgesPanel.23eb37e6.js                        144.05 kB │ gzip:  33.19 kB │ map:   522.72 kB
build/chunks/RadiosPanelNew.13ccb52d.js                    162.81 kB │ gzip:  40.64 kB │ map:   619.53 kB
build/chunks/SubscribersPanel.6c8c1602.js                  165.21 kB │ gzip:  53.53 kB │ map:   584.66 kB
build/chunks/DataGrid.8c23f880.js                          277.46 kB │ gzip:  83.70 kB │ map: 1,336.55 kB
build/chunks/highcharts.b1e267cb.js                        296.73 kB │ gzip: 106.33 kB │ map:   694.32 kB
build/chunks/EditNotes.caeea95f.js                         487.47 kB │ gzip: 131.99 kB │ map: 1,668.42 kB
build/js/index.52e1e144.js                               2,124.85 kB │ gzip: 470.04 kB │ map: 5,366.99 kB

(!) Some chunks are larger than 1000 kBs after minification. Consider:
- Using dynamic import() to code-split the application
- Use build.rollupOptions.output.manualChunks to improve chunking: https://rollupjs.org/configuration-options/#output-manualchunks
- Adjust chunk size limit for this warning via build.chunkSizeWarningLimit.
✓ built in 3m 6s
Done in 188.78s.
Compilation done...
Complete at Thu Jun 15 11:40:52 AM EDT 2023
\n ************************************************** \n
Compiling at Fri Jun 16 02:30:00 AM EDT 2023
Pulling latest changes from Git...
Missing or invalid credentials.
Error: connect ECONNREFUSED /run/user/0/vscode-git-fa5573cd4b.sock
    at PipeConnectWrap.afterConnect [as oncomplete] (node:net:1247:16) {
  errno: -111,
  code: 'ECONNREFUSED',
  syscall: 'connect',
  address: '/run/user/0/vscode-git-fa5573cd4b.sock'
}
Missing or invalid credentials.
Error: connect ECONNREFUSED /run/user/0/vscode-git-fa5573cd4b.sock
    at PipeConnectWrap.afterConnect [as oncomplete] (node:net:1247:16) {
  errno: -111,
  code: 'ECONNREFUSED',
  syscall: 'connect',
  address: '/run/user/0/vscode-git-fa5573cd4b.sock'
}
remote: Repository not found.
fatal: Authentication failed for 'https://github.com/Highway9-Networks/h9-saas.git/'
Compiling the orch UI code...
Deleting build...
Folder build deleted.
Folder A is unchanged.
yarn
yarn install v1.22.19
[1/4] Resolving packages...
success Already up-to-date.
Done in 1.51s.
yarn run build
yarn run v1.22.19
$ vite build
vite v4.3.9 building for production...
[plugin:vite-plugin-eslint] LintOnStart is turned on, and it will check for all matching files.
transforming...
✓ 13526 modules transformed.
rendering chunks...
computing gzip size...
build/assets/svg/pin.svg                                     0.85 kB │ gzip:   0.44 kB
build/assets/svg/current.svg                                 0.96 kB │ gzip:   0.47 kB
build/index.html                                             2.09 kB │ gzip:   1.02 kB
build/assets/svg/celltower.svg                               2.73 kB │ gzip:   1.41 kB
build/assets/svg/green-plain.svg                             3.30 kB │ gzip:   1.25 kB
build/assets/svg/pointer.svg                                 3.36 kB │ gzip:   1.27 kB
build/assets/svg/pointer-green.svg                           4.26 kB │ gzip:   1.56 kB
build/assets/svg/pointer-grey.svg                            4.26 kB │ gzip:   1.56 kB
build/assets/svg/markerA.svg                                 4.71 kB │ gzip:   1.66 kB
build/assets/woff2/roboto-vietnamese-400-normal.woff2        5.56 kB
build/assets/svg/markerB.svg                                 5.70 kB │ gzip:   2.12 kB
build/assets/woff2/roboto-greek-400-normal.woff2             7.11 kB
build/assets/svg/Radio-Indoor-Icon.svg                       7.43 kB │ gzip:   1.99 kB
build/assets/woff2/roboto-cyrillic-400-normal.woff2          9.63 kB
build/assets/woff2/roboto-latin-ext-400-normal.woff2        11.87 kB
build/assets/woff2/roboto-cyrillic-ext-400-normal.woff2     15.34 kB
build/assets/woff2/roboto-latin-400-normal.woff2            15.74 kB
build/assets/woff/roboto-all-400-normal.woff                65.46 kB
build/assets/css/SubscribersPanel.css                        0.22 kB │ gzip:   0.16 kB
build/assets/css/Diagnostics.css                             0.29 kB │ gzip:   0.21 kB
build/assets/css/Calibrate.css                               0.64 kB │ gzip:   0.40 kB
build/assets/css/ReactTable.css                              1.32 kB │ gzip:   0.56 kB
build/assets/css/index.css                                   1.77 kB │ gzip:   0.78 kB
build/assets/css/Dashboard.css                               4.02 kB │ gzip:   2.01 kB
build/assets/css/EditNotes.css                              17.96 kB │ gzip:   3.16 kB
build/chunks/styled.99e4ac39.js                              0.12 kB │ gzip:   0.14 kB │ map:     0.34 kB
build/chunks/QoS-service.b2426855.js                         0.26 kB │ gzip:   0.22 kB │ map:     0.80 kB
build/chunks/LightTooltip.360455a2.js                        0.34 kB │ gzip:   0.28 kB │ map:     1.06 kB
build/chunks/ArrowForwardIosSharp.ee5c8b5e.js                0.36 kB │ gzip:   0.29 kB │ map:     1.12 kB
build/chunks/hardwareInventory-service.409a7abd.js           0.38 kB │ gzip:   0.30 kB │ map:     1.14 kB
build/chunks/RestartAlt.18168ed8.js                          0.38 kB │ gzip:   0.30 kB │ map:     0.71 kB
build/chunks/NotImplemented.71e3cadc.js                      0.55 kB │ gzip:   0.40 kB │ map:     1.39 kB
build/chunks/AccordianSummary.d4d15a4f.js                    0.63 kB │ gzip:   0.44 kB │ map:     1.72 kB
build/chunks/Card.a1ee39bd.js                                0.63 kB │ gzip:   0.43 kB │ map:     4.60 kB
build/chunks/useInterval.a28e3f2a.js                         0.71 kB │ gzip:   0.41 kB │ map:     3.67 kB
build/chunks/TimeDateInput.4f218b32.js                       0.88 kB │ gzip:   0.50 kB │ map:     3.03 kB
build/chunks/LineChart.dea336ac.js                           1.05 kB │ gzip:   0.66 kB │ map:     3.88 kB
build/chunks/TabPanel.9203747e.js                            1.14 kB │ gzip:   0.63 kB │ map:     4.33 kB
build/chunks/ModalDialogComponent.fdc60d5d.js                1.28 kB │ gzip:   0.70 kB │ map:     4.53 kB
build/chunks/index.9643d26c.js                               1.96 kB │ gzip:   0.65 kB │ map:     5.79 kB
build/chunks/HealthGauge.9b9f34dc.js                         2.37 kB │ gzip:   1.29 kB │ map:     8.47 kB
build/chunks/useSupport.6cf56206.js                          2.45 kB │ gzip:   1.08 kB │ map:    10.12 kB
build/chunks/Checkbox.c965cf23.js                            2.46 kB │ gzip:   1.16 kB │ map:    13.67 kB
build/chunks/radioHelper.24f483ab.js                         2.58 kB │ gzip:   1.17 kB │ map:     8.50 kB
build/chunks/AuditLog.521dcb35.js                            3.79 kB │ gzip:   1.59 kB │ map:    14.10 kB
build/chunks/SlideUpTransition.401acb0c.js                   4.03 kB │ gzip:   1.61 kB │ map:    19.76 kB
build/chunks/index.2f115318.js                               4.17 kB │ gzip:   1.50 kB │ map:    13.68 kB
build/chunks/Logs.20d027cf.js                                4.79 kB │ gzip:   2.11 kB │ map:    20.72 kB
build/chunks/AccordionSummary.06aaa191.js                    5.73 kB │ gzip:   1.97 kB │ map:    27.76 kB
build/chunks/ContextMenu.5495fdb0.js                         6.23 kB │ gzip:   2.03 kB │ map:    22.48 kB
build/chunks/useStyles.4184aa6f.js                           6.39 kB │ gzip:   2.38 kB │ map:    26.35 kB
build/chunks/web-vitals.dfcc5b9a.js                          6.98 kB │ gzip:   2.58 kB │ map:    16.56 kB
build/chunks/TablePagination.5cfb6587.js                     8.27 kB │ gzip:   3.16 kB │ map:    42.12 kB
build/chunks/DnnPanel.3110109f.js                            9.67 kB │ gzip:   3.67 kB │ map:    37.84 kB
build/chunks/GMap.e6cdeb1f.js                               16.54 kB │ gzip:   5.28 kB │ map:    51.13 kB
build/chunks/Diagnostics.dfdaeb33.js                        23.20 kB │ gzip:   7.52 kB │ map:    88.62 kB
build/chunks/index.304d8f10.js                              41.18 kB │ gzip:  10.55 kB │ map:   154.16 kB
build/chunks/AuditLogDetails.a22e1ced.js                    41.88 kB │ gzip:  13.90 kB │ map:   315.56 kB
build/chunks/RadioForm.dab0a291.js                          52.33 kB │ gzip:  14.59 kB │ map:   222.35 kB
build/chunks/System.dbd5ca48.js                             67.06 kB │ gzip:  15.51 kB │ map:   253.21 kB
build/chunks/Calibrate.d46badf7.js                          71.72 kB │ gzip:  23.80 kB │ map:   251.10 kB
build/chunks/ReactTable.2d5f903c.js                         88.65 kB │ gzip:  27.02 kB │ map:   277.12 kB
build/chunks/Dashboard.dfd5c6b6.js                          90.51 kB │ gzip:  21.81 kB │ map:   520.70 kB
build/chunks/EdgesPanel.23eb37e6.js                        144.05 kB │ gzip:  33.19 kB │ map:   522.72 kB
build/chunks/RadiosPanelNew.13ccb52d.js                    162.81 kB │ gzip:  40.64 kB │ map:   619.53 kB
build/chunks/SubscribersPanel.6c8c1602.js                  165.21 kB │ gzip:  53.53 kB │ map:   584.66 kB
build/chunks/DataGrid.8c23f880.js                          277.46 kB │ gzip:  83.70 kB │ map: 1,336.55 kB
build/chunks/highcharts.b1e267cb.js                        296.73 kB │ gzip: 106.33 kB │ map:   694.32 kB
build/chunks/EditNotes.caeea95f.js                         487.47 kB │ gzip: 131.99 kB │ map: 1,668.42 kB
build/js/index.52e1e144.js                               2,124.85 kB │ gzip: 470.04 kB │ map: 5,366.99 kB

(!) Some chunks are larger than 1000 kBs after minification. Consider:
- Using dynamic import() to code-split the application
- Use build.rollupOptions.output.manualChunks to improve chunking: https://rollupjs.org/configuration-options/#output-manualchunks
- Adjust chunk size limit for this warning via build.chunkSizeWarningLimit.
✓ built in 2m 58s
Done in 180.69s.
Compilation done...
Complete at Fri Jun 16 02:33:05 AM EDT 2023
\n ************************************************** \n
Compiling at Fri Jun 16 07:30:01 AM EDT 2023
Pulling latest changes from Git...
Missing or invalid credentials.
Error: connect ECONNREFUSED /run/user/0/vscode-git-fa5573cd4b.sock
    at PipeConnectWrap.afterConnect [as oncomplete] (node:net:1247:16) {
  errno: -111,
  code: 'ECONNREFUSED',
  syscall: 'connect',
  address: '/run/user/0/vscode-git-fa5573cd4b.sock'
}
Missing or invalid credentials.
Error: connect ECONNREFUSED /run/user/0/vscode-git-fa5573cd4b.sock
    at PipeConnectWrap.afterConnect [as oncomplete] (node:net:1247:16) {
  errno: -111,
  code: 'ECONNREFUSED',
  syscall: 'connect',
  address: '/run/user/0/vscode-git-fa5573cd4b.sock'
}
remote: Repository not found.
fatal: Authentication failed for 'https://github.com/Highway9-Networks/h9-saas.git/'
Compiling the orch UI code...
Deleting build...
Folder build deleted.
Folder A is unchanged.
yarn
yarn install v1.22.19
[1/4] Resolving packages...
success Already up-to-date.
Done in 1.22s.
yarn run build
yarn run v1.22.19
$ vite build
vite v4.3.9 building for production...
[plugin:vite-plugin-eslint] LintOnStart is turned on, and it will check for all matching files.
transforming...
✓ 13526 modules transformed.
rendering chunks...
computing gzip size...
build/assets/svg/pin.svg                                     0.85 kB │ gzip:   0.44 kB
build/assets/svg/current.svg                                 0.96 kB │ gzip:   0.47 kB
build/index.html                                             2.09 kB │ gzip:   1.02 kB
build/assets/svg/celltower.svg                               2.73 kB │ gzip:   1.41 kB
build/assets/svg/green-plain.svg                             3.30 kB │ gzip:   1.25 kB
build/assets/svg/pointer.svg                                 3.36 kB │ gzip:   1.27 kB
build/assets/svg/pointer-green.svg                           4.26 kB │ gzip:   1.56 kB
build/assets/svg/pointer-grey.svg                            4.26 kB │ gzip:   1.56 kB
build/assets/svg/markerA.svg                                 4.71 kB │ gzip:   1.66 kB
build/assets/woff2/roboto-vietnamese-400-normal.woff2        5.56 kB
build/assets/svg/markerB.svg                                 5.70 kB │ gzip:   2.12 kB
build/assets/woff2/roboto-greek-400-normal.woff2             7.11 kB
build/assets/svg/Radio-Indoor-Icon.svg                       7.43 kB │ gzip:   1.99 kB
build/assets/woff2/roboto-cyrillic-400-normal.woff2          9.63 kB
build/assets/woff2/roboto-latin-ext-400-normal.woff2        11.87 kB
build/assets/woff2/roboto-cyrillic-ext-400-normal.woff2     15.34 kB
build/assets/woff2/roboto-latin-400-normal.woff2            15.74 kB
build/assets/woff/roboto-all-400-normal.woff                65.46 kB
build/assets/css/SubscribersPanel.css                        0.22 kB │ gzip:   0.16 kB
build/assets/css/Diagnostics.css                             0.29 kB │ gzip:   0.21 kB
build/assets/css/Calibrate.css                               0.64 kB │ gzip:   0.40 kB
build/assets/css/ReactTable.css                              1.32 kB │ gzip:   0.56 kB
build/assets/css/index.css                                   1.77 kB │ gzip:   0.78 kB
build/assets/css/Dashboard.css                               4.02 kB │ gzip:   2.01 kB
build/assets/css/EditNotes.css                              17.96 kB │ gzip:   3.16 kB
build/chunks/styled.99e4ac39.js                              0.12 kB │ gzip:   0.14 kB │ map:     0.34 kB
build/chunks/QoS-service.b2426855.js                         0.26 kB │ gzip:   0.22 kB │ map:     0.80 kB
build/chunks/LightTooltip.360455a2.js                        0.34 kB │ gzip:   0.28 kB │ map:     1.06 kB
build/chunks/ArrowForwardIosSharp.ee5c8b5e.js                0.36 kB │ gzip:   0.29 kB │ map:     1.12 kB
build/chunks/hardwareInventory-service.409a7abd.js           0.38 kB │ gzip:   0.30 kB │ map:     1.14 kB
build/chunks/RestartAlt.18168ed8.js                          0.38 kB │ gzip:   0.30 kB │ map:     0.71 kB
build/chunks/NotImplemented.71e3cadc.js                      0.55 kB │ gzip:   0.40 kB │ map:     1.39 kB
build/chunks/AccordianSummary.d4d15a4f.js                    0.63 kB │ gzip:   0.44 kB │ map:     1.72 kB
build/chunks/Card.a1ee39bd.js                                0.63 kB │ gzip:   0.43 kB │ map:     4.60 kB
build/chunks/useInterval.a28e3f2a.js                         0.71 kB │ gzip:   0.41 kB │ map:     3.67 kB
build/chunks/TimeDateInput.4f218b32.js                       0.88 kB │ gzip:   0.50 kB │ map:     3.03 kB
build/chunks/LineChart.dea336ac.js                           1.05 kB │ gzip:   0.66 kB │ map:     3.88 kB
build/chunks/TabPanel.9203747e.js                            1.14 kB │ gzip:   0.63 kB │ map:     4.33 kB
build/chunks/ModalDialogComponent.fdc60d5d.js                1.28 kB │ gzip:   0.70 kB │ map:     4.53 kB
build/chunks/index.9643d26c.js                               1.96 kB │ gzip:   0.65 kB │ map:     5.79 kB
build/chunks/HealthGauge.9b9f34dc.js                         2.37 kB │ gzip:   1.29 kB │ map:     8.47 kB
build/chunks/useSupport.6cf56206.js                          2.45 kB │ gzip:   1.08 kB │ map:    10.12 kB
build/chunks/Checkbox.c965cf23.js                            2.46 kB │ gzip:   1.16 kB │ map:    13.67 kB
build/chunks/radioHelper.24f483ab.js                         2.58 kB │ gzip:   1.17 kB │ map:     8.50 kB
build/chunks/AuditLog.521dcb35.js                            3.79 kB │ gzip:   1.59 kB │ map:    14.10 kB
build/chunks/SlideUpTransition.401acb0c.js                   4.03 kB │ gzip:   1.61 kB │ map:    19.76 kB
build/chunks/index.2f115318.js                               4.17 kB │ gzip:   1.50 kB │ map:    13.68 kB
build/chunks/Logs.20d027cf.js                                4.79 kB │ gzip:   2.11 kB │ map:    20.72 kB
build/chunks/AccordionSummary.06aaa191.js                    5.73 kB │ gzip:   1.97 kB │ map:    27.76 kB
build/chunks/ContextMenu.5495fdb0.js                         6.23 kB │ gzip:   2.03 kB │ map:    22.48 kB
build/chunks/useStyles.4184aa6f.js                           6.39 kB │ gzip:   2.38 kB │ map:    26.35 kB
build/chunks/web-vitals.dfcc5b9a.js                          6.98 kB │ gzip:   2.58 kB │ map:    16.56 kB
build/chunks/TablePagination.5cfb6587.js                     8.27 kB │ gzip:   3.16 kB │ map:    42.12 kB
build/chunks/DnnPanel.3110109f.js                            9.67 kB │ gzip:   3.67 kB │ map:    37.84 kB
build/chunks/GMap.e6cdeb1f.js                               16.54 kB │ gzip:   5.28 kB │ map:    51.13 kB
build/chunks/Diagnostics.dfdaeb33.js                        23.20 kB │ gzip:   7.52 kB │ map:    88.62 kB
build/chunks/index.304d8f10.js                              41.18 kB │ gzip:  10.55 kB │ map:   154.16 kB
build/chunks/AuditLogDetails.a22e1ced.js                    41.88 kB │ gzip:  13.90 kB │ map:   315.56 kB
build/chunks/RadioForm.dab0a291.js                          52.33 kB │ gzip:  14.59 kB │ map:   222.35 kB
build/chunks/System.dbd5ca48.js                             67.06 kB │ gzip:  15.51 kB │ map:   253.21 kB
build/chunks/Calibrate.d46badf7.js                          71.72 kB │ gzip:  23.80 kB │ map:   251.10 kB
build/chunks/ReactTable.2d5f903c.js                         88.65 kB │ gzip:  27.02 kB │ map:   277.12 kB
build/chunks/Dashboard.dfd5c6b6.js                          90.51 kB │ gzip:  21.81 kB │ map:   520.70 kB
build/chunks/EdgesPanel.23eb37e6.js                        144.05 kB │ gzip:  33.19 kB │ map:   522.72 kB
build/chunks/RadiosPanelNew.13ccb52d.js                    162.81 kB │ gzip:  40.64 kB │ map:   619.53 kB
build/chunks/SubscribersPanel.6c8c1602.js                  165.21 kB │ gzip:  53.53 kB │ map:   584.66 kB
build/chunks/DataGrid.8c23f880.js                          277.46 kB │ gzip:  83.70 kB │ map: 1,336.55 kB
build/chunks/highcharts.b1e267cb.js                        296.73 kB │ gzip: 106.33 kB │ map:   694.32 kB
build/chunks/EditNotes.caeea95f.js                         487.47 kB │ gzip: 131.99 kB │ map: 1,668.42 kB
build/js/index.52e1e144.js                               2,124.85 kB │ gzip: 470.04 kB │ map: 5,366.99 kB

(!) Some chunks are larger than 1000 kBs after minification. Consider:
- Using dynamic import() to code-split the application
- Use build.rollupOptions.output.manualChunks to improve chunking: https://rollupjs.org/configuration-options/#output-manualchunks
- Adjust chunk size limit for this warning via build.chunkSizeWarningLimit.
✓ built in 2m 55s
Done in 178.76s.
Compilation done...
Complete at Fri Jun 16 07:33:03 AM EDT 2023
\n ************************************************** \n
Compiling at Fri Jun 16 10:30:00 AM EDT 2023
Pulling latest changes from Git...
Missing or invalid credentials.
Error: connect ECONNREFUSED /run/user/0/vscode-git-fa5573cd4b.sock
    at PipeConnectWrap.afterConnect [as oncomplete] (node:net:1247:16) {
  errno: -111,
  code: 'ECONNREFUSED',
  syscall: 'connect',
  address: '/run/user/0/vscode-git-fa5573cd4b.sock'
}
Missing or invalid credentials.
Error: connect ECONNREFUSED /run/user/0/vscode-git-fa5573cd4b.sock
    at PipeConnectWrap.afterConnect [as oncomplete] (node:net:1247:16) {
  errno: -111,
  code: 'ECONNREFUSED',
  syscall: 'connect',
  address: '/run/user/0/vscode-git-fa5573cd4b.sock'
}
remote: Repository not found.
fatal: Authentication failed for 'https://github.com/Highway9-Networks/h9-saas.git/'
Compiling the orch UI code...
Deleting build...
Folder build deleted.
Folder A is unchanged.
yarn
yarn install v1.22.19
[1/4] Resolving packages...
success Already up-to-date.
Done in 1.17s.
yarn run build
yarn run v1.22.19
$ vite build
vite v4.3.9 building for production...
[plugin:vite-plugin-eslint] LintOnStart is turned on, and it will check for all matching files.
transforming...
✓ 13526 modules transformed.
rendering chunks...
computing gzip size...
build/assets/svg/pin.svg                                     0.85 kB │ gzip:   0.44 kB
build/assets/svg/current.svg                                 0.96 kB │ gzip:   0.47 kB
build/index.html                                             2.09 kB │ gzip:   1.02 kB
build/assets/svg/celltower.svg                               2.73 kB │ gzip:   1.41 kB
build/assets/svg/green-plain.svg                             3.30 kB │ gzip:   1.25 kB
build/assets/svg/pointer.svg                                 3.36 kB │ gzip:   1.27 kB
build/assets/svg/pointer-green.svg                           4.26 kB │ gzip:   1.56 kB
build/assets/svg/pointer-grey.svg                            4.26 kB │ gzip:   1.56 kB
build/assets/svg/markerA.svg                                 4.71 kB │ gzip:   1.66 kB
build/assets/woff2/roboto-vietnamese-400-normal.woff2        5.56 kB
build/assets/svg/markerB.svg                                 5.70 kB │ gzip:   2.12 kB
build/assets/woff2/roboto-greek-400-normal.woff2             7.11 kB
build/assets/svg/Radio-Indoor-Icon.svg                       7.43 kB │ gzip:   1.99 kB
build/assets/woff2/roboto-cyrillic-400-normal.woff2          9.63 kB
build/assets/woff2/roboto-latin-ext-400-normal.woff2        11.87 kB
build/assets/woff2/roboto-cyrillic-ext-400-normal.woff2     15.34 kB
build/assets/woff2/roboto-latin-400-normal.woff2            15.74 kB
build/assets/woff/roboto-all-400-normal.woff                65.46 kB
build/assets/css/SubscribersPanel.css                        0.22 kB │ gzip:   0.16 kB
build/assets/css/Diagnostics.css                             0.29 kB │ gzip:   0.21 kB
build/assets/css/Calibrate.css                               0.64 kB │ gzip:   0.40 kB
build/assets/css/ReactTable.css                              1.32 kB │ gzip:   0.56 kB
build/assets/css/index.css                                   1.77 kB │ gzip:   0.78 kB
build/assets/css/Dashboard.css                               4.02 kB │ gzip:   2.01 kB
build/assets/css/EditNotes.css                              17.96 kB │ gzip:   3.16 kB
build/chunks/styled.99e4ac39.js                              0.12 kB │ gzip:   0.14 kB │ map:     0.34 kB
build/chunks/QoS-service.b2426855.js                         0.26 kB │ gzip:   0.22 kB │ map:     0.80 kB
build/chunks/LightTooltip.360455a2.js                        0.34 kB │ gzip:   0.28 kB │ map:     1.06 kB
build/chunks/ArrowForwardIosSharp.ee5c8b5e.js                0.36 kB │ gzip:   0.29 kB │ map:     1.12 kB
build/chunks/hardwareInventory-service.409a7abd.js           0.38 kB │ gzip:   0.30 kB │ map:     1.14 kB
build/chunks/RestartAlt.18168ed8.js                          0.38 kB │ gzip:   0.30 kB │ map:     0.71 kB
build/chunks/NotImplemented.71e3cadc.js                      0.55 kB │ gzip:   0.40 kB │ map:     1.39 kB
build/chunks/AccordianSummary.d4d15a4f.js                    0.63 kB │ gzip:   0.44 kB │ map:     1.72 kB
build/chunks/Card.a1ee39bd.js                                0.63 kB │ gzip:   0.43 kB │ map:     4.60 kB
build/chunks/useInterval.a28e3f2a.js                         0.71 kB │ gzip:   0.41 kB │ map:     3.67 kB
build/chunks/TimeDateInput.4f218b32.js                       0.88 kB │ gzip:   0.50 kB │ map:     3.03 kB
build/chunks/LineChart.dea336ac.js                           1.05 kB │ gzip:   0.66 kB │ map:     3.88 kB
build/chunks/TabPanel.9203747e.js                            1.14 kB │ gzip:   0.63 kB │ map:     4.33 kB
build/chunks/ModalDialogComponent.fdc60d5d.js                1.28 kB │ gzip:   0.70 kB │ map:     4.53 kB
build/chunks/index.9643d26c.js                               1.96 kB │ gzip:   0.65 kB │ map:     5.79 kB
build/chunks/HealthGauge.9b9f34dc.js                         2.37 kB │ gzip:   1.29 kB │ map:     8.47 kB
build/chunks/useSupport.6cf56206.js                          2.45 kB │ gzip:   1.08 kB │ map:    10.12 kB
build/chunks/Checkbox.c965cf23.js                            2.46 kB │ gzip:   1.16 kB │ map:    13.67 kB
build/chunks/radioHelper.24f483ab.js                         2.58 kB │ gzip:   1.17 kB │ map:     8.50 kB
build/chunks/AuditLog.521dcb35.js                            3.79 kB │ gzip:   1.59 kB │ map:    14.10 kB
build/chunks/SlideUpTransition.401acb0c.js                   4.03 kB │ gzip:   1.61 kB │ map:    19.76 kB
build/chunks/index.2f115318.js                               4.17 kB │ gzip:   1.50 kB │ map:    13.68 kB
build/chunks/Logs.20d027cf.js                                4.79 kB │ gzip:   2.11 kB │ map:    20.72 kB
build/chunks/AccordionSummary.06aaa191.js                    5.73 kB │ gzip:   1.97 kB │ map:    27.76 kB
build/chunks/ContextMenu.5495fdb0.js                         6.23 kB │ gzip:   2.03 kB │ map:    22.48 kB
build/chunks/useStyles.4184aa6f.js                           6.39 kB │ gzip:   2.38 kB │ map:    26.35 kB
build/chunks/web-vitals.dfcc5b9a.js                          6.98 kB │ gzip:   2.58 kB │ map:    16.56 kB
build/chunks/TablePagination.5cfb6587.js                     8.27 kB │ gzip:   3.16 kB │ map:    42.12 kB
build/chunks/DnnPanel.3110109f.js                            9.67 kB │ gzip:   3.67 kB │ map:    37.84 kB
build/chunks/GMap.e6cdeb1f.js                               16.54 kB │ gzip:   5.28 kB │ map:    51.13 kB
build/chunks/Diagnostics.dfdaeb33.js                        23.20 kB │ gzip:   7.52 kB │ map:    88.62 kB
build/chunks/index.304d8f10.js                              41.18 kB │ gzip:  10.55 kB │ map:   154.16 kB
build/chunks/AuditLogDetails.a22e1ced.js                    41.88 kB │ gzip:  13.90 kB │ map:   315.56 kB
build/chunks/RadioForm.dab0a291.js                          52.33 kB │ gzip:  14.59 kB │ map:   222.35 kB
build/chunks/System.dbd5ca48.js                             67.06 kB │ gzip:  15.51 kB │ map:   253.21 kB
build/chunks/Calibrate.d46badf7.js                          71.72 kB │ gzip:  23.80 kB │ map:   251.10 kB
build/chunks/ReactTable.2d5f903c.js                         88.65 kB │ gzip:  27.02 kB │ map:   277.12 kB
build/chunks/Dashboard.dfd5c6b6.js                          90.51 kB │ gzip:  21.81 kB │ map:   520.70 kB
build/chunks/EdgesPanel.23eb37e6.js                        144.05 kB │ gzip:  33.19 kB │ map:   522.72 kB
build/chunks/RadiosPanelNew.13ccb52d.js                    162.81 kB │ gzip:  40.64 kB │ map:   619.53 kB
build/chunks/SubscribersPanel.6c8c1602.js                  165.21 kB │ gzip:  53.53 kB │ map:   584.66 kB
build/chunks/DataGrid.8c23f880.js                          277.46 kB │ gzip:  83.70 kB │ map: 1,336.55 kB
build/chunks/highcharts.b1e267cb.js                        296.73 kB │ gzip: 106.33 kB │ map:   694.32 kB
build/chunks/EditNotes.caeea95f.js                         487.47 kB │ gzip: 131.99 kB │ map: 1,668.42 kB
build/js/index.52e1e144.js                               2,124.85 kB │ gzip: 470.04 kB │ map: 5,366.99 kB

(!) Some chunks are larger than 1000 kBs after minification. Consider:
- Using dynamic import() to code-split the application
- Use build.rollupOptions.output.manualChunks to improve chunking: https://rollupjs.org/configuration-options/#output-manualchunks
- Adjust chunk size limit for this warning via build.chunkSizeWarningLimit.
✓ built in 3m 2s
Done in 185.35s.
Compilation done...
Complete at Fri Jun 16 10:33:09 AM EDT 2023
\n ************************************************** \n
Compiling at Sat Jun 17 02:30:00 AM EDT 2023
Pulling latest changes from Git...
Missing or invalid credentials.
Error: connect ECONNREFUSED /run/user/0/vscode-git-fa5573cd4b.sock
    at PipeConnectWrap.afterConnect [as oncomplete] (node:net:1247:16) {
  errno: -111,
  code: 'ECONNREFUSED',
  syscall: 'connect',
  address: '/run/user/0/vscode-git-fa5573cd4b.sock'
}
Missing or invalid credentials.
Error: connect ECONNREFUSED /run/user/0/vscode-git-fa5573cd4b.sock
    at PipeConnectWrap.afterConnect [as oncomplete] (node:net:1247:16) {
  errno: -111,
  code: 'ECONNREFUSED',
  syscall: 'connect',
  address: '/run/user/0/vscode-git-fa5573cd4b.sock'
}
remote: Repository not found.
fatal: Authentication failed for 'https://github.com/Highway9-Networks/h9-saas.git/'
Compiling the orch UI code...
Deleting build...
Folder build deleted.
Folder A is unchanged.
yarn
yarn install v1.22.19
[1/4] Resolving packages...
success Already up-to-date.
Done in 1.09s.
yarn run build
yarn run v1.22.19
$ vite build
vite v4.3.9 building for production...
[plugin:vite-plugin-eslint] LintOnStart is turned on, and it will check for all matching files.
transforming...
✓ 13526 modules transformed.
rendering chunks...
computing gzip size...
build/assets/svg/pin.svg                                     0.85 kB │ gzip:   0.44 kB
build/assets/svg/current.svg                                 0.96 kB │ gzip:   0.47 kB
build/index.html                                             2.09 kB │ gzip:   1.02 kB
build/assets/svg/celltower.svg                               2.73 kB │ gzip:   1.41 kB
build/assets/svg/green-plain.svg                             3.30 kB │ gzip:   1.25 kB
build/assets/svg/pointer.svg                                 3.36 kB │ gzip:   1.27 kB
build/assets/svg/pointer-green.svg                           4.26 kB │ gzip:   1.56 kB
build/assets/svg/pointer-grey.svg                            4.26 kB │ gzip:   1.56 kB
build/assets/svg/markerA.svg                                 4.71 kB │ gzip:   1.66 kB
build/assets/woff2/roboto-vietnamese-400-normal.woff2        5.56 kB
build/assets/svg/markerB.svg                                 5.70 kB │ gzip:   2.12 kB
build/assets/woff2/roboto-greek-400-normal.woff2             7.11 kB
build/assets/svg/Radio-Indoor-Icon.svg                       7.43 kB │ gzip:   1.99 kB
build/assets/woff2/roboto-cyrillic-400-normal.woff2          9.63 kB
build/assets/woff2/roboto-latin-ext-400-normal.woff2        11.87 kB
build/assets/woff2/roboto-cyrillic-ext-400-normal.woff2     15.34 kB
build/assets/woff2/roboto-latin-400-normal.woff2            15.74 kB
build/assets/woff/roboto-all-400-normal.woff                65.46 kB
build/assets/css/SubscribersPanel.css                        0.22 kB │ gzip:   0.16 kB
build/assets/css/Diagnostics.css                             0.29 kB │ gzip:   0.21 kB
build/assets/css/Calibrate.css                               0.64 kB │ gzip:   0.40 kB
build/assets/css/ReactTable.css                              1.32 kB │ gzip:   0.56 kB
build/assets/css/index.css                                   1.77 kB │ gzip:   0.78 kB
build/assets/css/Dashboard.css                               4.02 kB │ gzip:   2.01 kB
build/assets/css/EditNotes.css                              17.96 kB │ gzip:   3.16 kB
build/chunks/styled.99e4ac39.js                              0.12 kB │ gzip:   0.14 kB │ map:     0.34 kB
build/chunks/QoS-service.b2426855.js                         0.26 kB │ gzip:   0.22 kB │ map:     0.80 kB
build/chunks/LightTooltip.360455a2.js                        0.34 kB │ gzip:   0.28 kB │ map:     1.06 kB
build/chunks/ArrowForwardIosSharp.ee5c8b5e.js                0.36 kB │ gzip:   0.29 kB │ map:     1.12 kB
build/chunks/hardwareInventory-service.409a7abd.js           0.38 kB │ gzip:   0.30 kB │ map:     1.14 kB
build/chunks/RestartAlt.18168ed8.js                          0.38 kB │ gzip:   0.30 kB │ map:     0.71 kB
build/chunks/NotImplemented.71e3cadc.js                      0.55 kB │ gzip:   0.40 kB │ map:     1.39 kB
build/chunks/AccordianSummary.d4d15a4f.js                    0.63 kB │ gzip:   0.44 kB │ map:     1.72 kB
build/chunks/Card.a1ee39bd.js                                0.63 kB │ gzip:   0.43 kB │ map:     4.60 kB
build/chunks/useInterval.a28e3f2a.js                         0.71 kB │ gzip:   0.41 kB │ map:     3.67 kB
build/chunks/TimeDateInput.4f218b32.js                       0.88 kB │ gzip:   0.50 kB │ map:     3.03 kB
build/chunks/LineChart.dea336ac.js                           1.05 kB │ gzip:   0.66 kB │ map:     3.88 kB
build/chunks/TabPanel.9203747e.js                            1.14 kB │ gzip:   0.63 kB │ map:     4.33 kB
build/chunks/ModalDialogComponent.fdc60d5d.js                1.28 kB │ gzip:   0.70 kB │ map:     4.53 kB
build/chunks/index.9643d26c.js                               1.96 kB │ gzip:   0.65 kB │ map:     5.79 kB
build/chunks/HealthGauge.9b9f34dc.js                         2.37 kB │ gzip:   1.29 kB │ map:     8.47 kB
build/chunks/useSupport.6cf56206.js                          2.45 kB │ gzip:   1.08 kB │ map:    10.12 kB
build/chunks/Checkbox.c965cf23.js                            2.46 kB │ gzip:   1.16 kB │ map:    13.67 kB
build/chunks/radioHelper.24f483ab.js                         2.58 kB │ gzip:   1.17 kB │ map:     8.50 kB
build/chunks/AuditLog.521dcb35.js                            3.79 kB │ gzip:   1.59 kB │ map:    14.10 kB
build/chunks/SlideUpTransition.401acb0c.js                   4.03 kB │ gzip:   1.61 kB │ map:    19.76 kB
build/chunks/index.2f115318.js                               4.17 kB │ gzip:   1.50 kB │ map:    13.68 kB
build/chunks/Logs.20d027cf.js                                4.79 kB │ gzip:   2.11 kB │ map:    20.72 kB
build/chunks/AccordionSummary.06aaa191.js                    5.73 kB │ gzip:   1.97 kB │ map:    27.76 kB
build/chunks/ContextMenu.5495fdb0.js                         6.23 kB │ gzip:   2.03 kB │ map:    22.48 kB
build/chunks/useStyles.4184aa6f.js                           6.39 kB │ gzip:   2.38 kB │ map:    26.35 kB
build/chunks/web-vitals.dfcc5b9a.js                          6.98 kB │ gzip:   2.58 kB │ map:    16.56 kB
build/chunks/TablePagination.5cfb6587.js                     8.27 kB │ gzip:   3.16 kB │ map:    42.12 kB
build/chunks/DnnPanel.3110109f.js                            9.67 kB │ gzip:   3.67 kB │ map:    37.84 kB
build/chunks/GMap.e6cdeb1f.js                               16.54 kB │ gzip:   5.28 kB │ map:    51.13 kB
build/chunks/Diagnostics.dfdaeb33.js                        23.20 kB │ gzip:   7.52 kB │ map:    88.62 kB
build/chunks/index.304d8f10.js                              41.18 kB │ gzip:  10.55 kB │ map:   154.16 kB
build/chunks/AuditLogDetails.a22e1ced.js                    41.88 kB │ gzip:  13.90 kB │ map:   315.56 kB
build/chunks/RadioForm.dab0a291.js                          52.33 kB │ gzip:  14.59 kB │ map:   222.35 kB
build/chunks/System.dbd5ca48.js                             67.06 kB │ gzip:  15.51 kB │ map:   253.21 kB
build/chunks/Calibrate.d46badf7.js                          71.72 kB │ gzip:  23.80 kB │ map:   251.10 kB
build/chunks/ReactTable.2d5f903c.js                         88.65 kB │ gzip:  27.02 kB │ map:   277.12 kB
build/chunks/Dashboard.dfd5c6b6.js                          90.51 kB │ gzip:  21.81 kB │ map:   520.70 kB
build/chunks/EdgesPanel.23eb37e6.js                        144.05 kB │ gzip:  33.19 kB │ map:   522.72 kB
build/chunks/RadiosPanelNew.13ccb52d.js                    162.81 kB │ gzip:  40.64 kB │ map:   619.53 kB
build/chunks/SubscribersPanel.6c8c1602.js                  165.21 kB │ gzip:  53.53 kB │ map:   584.66 kB
build/chunks/DataGrid.8c23f880.js                          277.46 kB │ gzip:  83.70 kB │ map: 1,336.55 kB
build/chunks/highcharts.b1e267cb.js                        296.73 kB │ gzip: 106.33 kB │ map:   694.32 kB
build/chunks/EditNotes.caeea95f.js                         487.47 kB │ gzip: 131.99 kB │ map: 1,668.42 kB
build/js/index.52e1e144.js                               2,124.85 kB │ gzip: 470.04 kB │ map: 5,366.99 kB

(!) Some chunks are larger than 1000 kBs after minification. Consider:
- Using dynamic import() to code-split the application
- Use build.rollupOptions.output.manualChunks to improve chunking: https://rollupjs.org/configuration-options/#output-manualchunks
- Adjust chunk size limit for this warning via build.chunkSizeWarningLimit.
✓ built in 3m
Done in 183.73s.
Compilation done...
Complete at Sat Jun 17 02:33:07 AM EDT 2023
\n ************************************************** \n
Compiling at Sat Jun 17 07:30:01 AM EDT 2023
Pulling latest changes from Git...
Missing or invalid credentials.
Error: connect ECONNREFUSED /run/user/0/vscode-git-fa5573cd4b.sock
    at PipeConnectWrap.afterConnect [as oncomplete] (node:net:1247:16) {
  errno: -111,
  code: 'ECONNREFUSED',
  syscall: 'connect',
  address: '/run/user/0/vscode-git-fa5573cd4b.sock'
}
Missing or invalid credentials.
Error: connect ECONNREFUSED /run/user/0/vscode-git-fa5573cd4b.sock
    at PipeConnectWrap.afterConnect [as oncomplete] (node:net:1247:16) {
  errno: -111,
  code: 'ECONNREFUSED',
  syscall: 'connect',
  address: '/run/user/0/vscode-git-fa5573cd4b.sock'
}
remote: Repository not found.
fatal: Authentication failed for 'https://github.com/Highway9-Networks/h9-saas.git/'
Compiling the orch UI code...
Deleting build...
Folder build deleted.
Folder A is unchanged.
yarn
yarn install v1.22.19
[1/4] Resolving packages...
success Already up-to-date.
Done in 0.84s.
yarn run build
yarn run v1.22.19
$ vite build
vite v4.3.9 building for production...
[plugin:vite-plugin-eslint] LintOnStart is turned on, and it will check for all matching files.
transforming...
✓ 13526 modules transformed.
rendering chunks...
computing gzip size...
build/assets/svg/pin.svg                                     0.85 kB │ gzip:   0.44 kB
build/assets/svg/current.svg                                 0.96 kB │ gzip:   0.47 kB
build/index.html                                             2.09 kB │ gzip:   1.02 kB
build/assets/svg/celltower.svg                               2.73 kB │ gzip:   1.41 kB
build/assets/svg/green-plain.svg                             3.30 kB │ gzip:   1.25 kB
build/assets/svg/pointer.svg                                 3.36 kB │ gzip:   1.27 kB
build/assets/svg/pointer-green.svg                           4.26 kB │ gzip:   1.56 kB
build/assets/svg/pointer-grey.svg                            4.26 kB │ gzip:   1.56 kB
build/assets/svg/markerA.svg                                 4.71 kB │ gzip:   1.66 kB
build/assets/woff2/roboto-vietnamese-400-normal.woff2        5.56 kB
build/assets/svg/markerB.svg                                 5.70 kB │ gzip:   2.12 kB
build/assets/woff2/roboto-greek-400-normal.woff2             7.11 kB
build/assets/svg/Radio-Indoor-Icon.svg                       7.43 kB │ gzip:   1.99 kB
build/assets/woff2/roboto-cyrillic-400-normal.woff2          9.63 kB
build/assets/woff2/roboto-latin-ext-400-normal.woff2        11.87 kB
build/assets/woff2/roboto-cyrillic-ext-400-normal.woff2     15.34 kB
build/assets/woff2/roboto-latin-400-normal.woff2            15.74 kB
build/assets/woff/roboto-all-400-normal.woff                65.46 kB
build/assets/css/SubscribersPanel.css                        0.22 kB │ gzip:   0.16 kB
build/assets/css/Diagnostics.css                             0.29 kB │ gzip:   0.21 kB
build/assets/css/Calibrate.css                               0.64 kB │ gzip:   0.40 kB
build/assets/css/ReactTable.css                              1.32 kB │ gzip:   0.56 kB
build/assets/css/index.css                                   1.77 kB │ gzip:   0.78 kB
build/assets/css/Dashboard.css                               4.02 kB │ gzip:   2.01 kB
build/assets/css/EditNotes.css                              17.96 kB │ gzip:   3.16 kB
build/chunks/styled.99e4ac39.js                              0.12 kB │ gzip:   0.14 kB │ map:     0.34 kB
build/chunks/QoS-service.b2426855.js                         0.26 kB │ gzip:   0.22 kB │ map:     0.80 kB
build/chunks/LightTooltip.360455a2.js                        0.34 kB │ gzip:   0.28 kB │ map:     1.06 kB
build/chunks/ArrowForwardIosSharp.ee5c8b5e.js                0.36 kB │ gzip:   0.29 kB │ map:     1.12 kB
build/chunks/hardwareInventory-service.409a7abd.js           0.38 kB │ gzip:   0.30 kB │ map:     1.14 kB
build/chunks/RestartAlt.18168ed8.js                          0.38 kB │ gzip:   0.30 kB │ map:     0.71 kB
build/chunks/NotImplemented.71e3cadc.js                      0.55 kB │ gzip:   0.40 kB │ map:     1.39 kB
build/chunks/AccordianSummary.d4d15a4f.js                    0.63 kB │ gzip:   0.44 kB │ map:     1.72 kB
build/chunks/Card.a1ee39bd.js                                0.63 kB │ gzip:   0.43 kB │ map:     4.60 kB
build/chunks/useInterval.a28e3f2a.js                         0.71 kB │ gzip:   0.41 kB │ map:     3.67 kB
build/chunks/TimeDateInput.4f218b32.js                       0.88 kB │ gzip:   0.50 kB │ map:     3.03 kB
build/chunks/LineChart.dea336ac.js                           1.05 kB │ gzip:   0.66 kB │ map:     3.88 kB
build/chunks/TabPanel.9203747e.js                            1.14 kB │ gzip:   0.63 kB │ map:     4.33 kB
build/chunks/ModalDialogComponent.fdc60d5d.js                1.28 kB │ gzip:   0.70 kB │ map:     4.53 kB
build/chunks/index.9643d26c.js                               1.96 kB │ gzip:   0.65 kB │ map:     5.79 kB
build/chunks/HealthGauge.9b9f34dc.js                         2.37 kB │ gzip:   1.29 kB │ map:     8.47 kB
build/chunks/useSupport.6cf56206.js                          2.45 kB │ gzip:   1.08 kB │ map:    10.12 kB
build/chunks/Checkbox.c965cf23.js                            2.46 kB │ gzip:   1.16 kB │ map:    13.67 kB
build/chunks/radioHelper.24f483ab.js                         2.58 kB │ gzip:   1.17 kB │ map:     8.50 kB
build/chunks/AuditLog.521dcb35.js                            3.79 kB │ gzip:   1.59 kB │ map:    14.10 kB
build/chunks/SlideUpTransition.401acb0c.js                   4.03 kB │ gzip:   1.61 kB │ map:    19.76 kB
build/chunks/index.2f115318.js                               4.17 kB │ gzip:   1.50 kB │ map:    13.68 kB
build/chunks/Logs.20d027cf.js                                4.79 kB │ gzip:   2.11 kB │ map:    20.72 kB
build/chunks/AccordionSummary.06aaa191.js                    5.73 kB │ gzip:   1.97 kB │ map:    27.76 kB
build/chunks/ContextMenu.5495fdb0.js                         6.23 kB │ gzip:   2.03 kB │ map:    22.48 kB
build/chunks/useStyles.4184aa6f.js                           6.39 kB │ gzip:   2.38 kB │ map:    26.35 kB
build/chunks/web-vitals.dfcc5b9a.js                          6.98 kB │ gzip:   2.58 kB │ map:    16.56 kB
build/chunks/TablePagination.5cfb6587.js                     8.27 kB │ gzip:   3.16 kB │ map:    42.12 kB
build/chunks/DnnPanel.3110109f.js                            9.67 kB │ gzip:   3.67 kB │ map:    37.84 kB
build/chunks/GMap.e6cdeb1f.js                               16.54 kB │ gzip:   5.28 kB │ map:    51.13 kB
build/chunks/Diagnostics.dfdaeb33.js                        23.20 kB │ gzip:   7.52 kB │ map:    88.62 kB
build/chunks/index.304d8f10.js                              41.18 kB │ gzip:  10.55 kB │ map:   154.16 kB
build/chunks/AuditLogDetails.a22e1ced.js                    41.88 kB │ gzip:  13.90 kB │ map:   315.56 kB
build/chunks/RadioForm.dab0a291.js                          52.33 kB │ gzip:  14.59 kB │ map:   222.35 kB
build/chunks/System.dbd5ca48.js                             67.06 kB │ gzip:  15.51 kB │ map:   253.21 kB
build/chunks/Calibrate.d46badf7.js                          71.72 kB │ gzip:  23.80 kB │ map:   251.10 kB
build/chunks/ReactTable.2d5f903c.js                         88.65 kB │ gzip:  27.02 kB │ map:   277.12 kB
build/chunks/Dashboard.dfd5c6b6.js                          90.51 kB │ gzip:  21.81 kB │ map:   520.70 kB
build/chunks/EdgesPanel.23eb37e6.js                        144.05 kB │ gzip:  33.19 kB │ map:   522.72 kB
build/chunks/RadiosPanelNew.13ccb52d.js                    162.81 kB │ gzip:  40.64 kB │ map:   619.53 kB
build/chunks/SubscribersPanel.6c8c1602.js                  165.21 kB │ gzip:  53.53 kB │ map:   584.66 kB
build/chunks/DataGrid.8c23f880.js                          277.46 kB │ gzip:  83.70 kB │ map: 1,336.55 kB
build/chunks/highcharts.b1e267cb.js                        296.73 kB │ gzip: 106.33 kB │ map:   694.32 kB
build/chunks/EditNotes.caeea95f.js                         487.47 kB │ gzip: 131.99 kB │ map: 1,668.42 kB
build/js/index.52e1e144.js                               2,124.85 kB │ gzip: 470.04 kB │ map: 5,366.99 kB

(!) Some chunks are larger than 1000 kBs after minification. Consider:
- Using dynamic import() to code-split the application
- Use build.rollupOptions.output.manualChunks to improve chunking: https://rollupjs.org/configuration-options/#output-manualchunks
- Adjust chunk size limit for this warning via build.chunkSizeWarningLimit.
✓ built in 2m 55s
Done in 179.30s.
Compilation done...
Complete at Sat Jun 17 07:33:04 AM EDT 2023
\n ************************************************** \n
Compiling at Sat Jun 17 10:30:00 AM EDT 2023
Pulling latest changes from Git...
Missing or invalid credentials.
Error: connect ECONNREFUSED /run/user/0/vscode-git-fa5573cd4b.sock
    at PipeConnectWrap.afterConnect [as oncomplete] (node:net:1247:16) {
  errno: -111,
  code: 'ECONNREFUSED',
  syscall: 'connect',
  address: '/run/user/0/vscode-git-fa5573cd4b.sock'
}
Missing or invalid credentials.
Error: connect ECONNREFUSED /run/user/0/vscode-git-fa5573cd4b.sock
    at PipeConnectWrap.afterConnect [as oncomplete] (node:net:1247:16) {
  errno: -111,
  code: 'ECONNREFUSED',
  syscall: 'connect',
  address: '/run/user/0/vscode-git-fa5573cd4b.sock'
}
remote: Repository not found.
fatal: Authentication failed for 'https://github.com/Highway9-Networks/h9-saas.git/'
Compiling the orch UI code...
Deleting build...
Folder build deleted.
Folder A is unchanged.
yarn
yarn install v1.22.19
[1/4] Resolving packages...
success Already up-to-date.
Done in 0.98s.
yarn run build
yarn run v1.22.19
$ vite build
vite v4.3.9 building for production...
[plugin:vite-plugin-eslint] LintOnStart is turned on, and it will check for all matching files.
transforming...
✓ 13526 modules transformed.
rendering chunks...
computing gzip size...
build/assets/svg/pin.svg                                     0.85 kB │ gzip:   0.44 kB
build/assets/svg/current.svg                                 0.96 kB │ gzip:   0.47 kB
build/index.html                                             2.09 kB │ gzip:   1.02 kB
build/assets/svg/celltower.svg                               2.73 kB │ gzip:   1.41 kB
build/assets/svg/green-plain.svg                             3.30 kB │ gzip:   1.25 kB
build/assets/svg/pointer.svg                                 3.36 kB │ gzip:   1.27 kB
build/assets/svg/pointer-green.svg                           4.26 kB │ gzip:   1.56 kB
build/assets/svg/pointer-grey.svg                            4.26 kB │ gzip:   1.56 kB
build/assets/svg/markerA.svg                                 4.71 kB │ gzip:   1.66 kB
build/assets/woff2/roboto-vietnamese-400-normal.woff2        5.56 kB
build/assets/svg/markerB.svg                                 5.70 kB │ gzip:   2.12 kB
build/assets/woff2/roboto-greek-400-normal.woff2             7.11 kB
build/assets/svg/Radio-Indoor-Icon.svg                       7.43 kB │ gzip:   1.99 kB
build/assets/woff2/roboto-cyrillic-400-normal.woff2          9.63 kB
build/assets/woff2/roboto-latin-ext-400-normal.woff2        11.87 kB
build/assets/woff2/roboto-cyrillic-ext-400-normal.woff2     15.34 kB
build/assets/woff2/roboto-latin-400-normal.woff2            15.74 kB
build/assets/woff/roboto-all-400-normal.woff                65.46 kB
build/assets/css/SubscribersPanel.css                        0.22 kB │ gzip:   0.16 kB
build/assets/css/Diagnostics.css                             0.29 kB │ gzip:   0.21 kB
build/assets/css/Calibrate.css                               0.64 kB │ gzip:   0.40 kB
build/assets/css/ReactTable.css                              1.32 kB │ gzip:   0.56 kB
build/assets/css/index.css                                   1.77 kB │ gzip:   0.78 kB
build/assets/css/Dashboard.css                               4.02 kB │ gzip:   2.01 kB
build/assets/css/EditNotes.css                              17.96 kB │ gzip:   3.16 kB
build/chunks/styled.99e4ac39.js                              0.12 kB │ gzip:   0.14 kB │ map:     0.34 kB
build/chunks/QoS-service.b2426855.js                         0.26 kB │ gzip:   0.22 kB │ map:     0.80 kB
build/chunks/LightTooltip.360455a2.js                        0.34 kB │ gzip:   0.28 kB │ map:     1.06 kB
build/chunks/ArrowForwardIosSharp.ee5c8b5e.js                0.36 kB │ gzip:   0.29 kB │ map:     1.12 kB
build/chunks/hardwareInventory-service.409a7abd.js           0.38 kB │ gzip:   0.30 kB │ map:     1.14 kB
build/chunks/RestartAlt.18168ed8.js                          0.38 kB │ gzip:   0.30 kB │ map:     0.71 kB
build/chunks/NotImplemented.71e3cadc.js                      0.55 kB │ gzip:   0.40 kB │ map:     1.39 kB
build/chunks/AccordianSummary.d4d15a4f.js                    0.63 kB │ gzip:   0.44 kB │ map:     1.72 kB
build/chunks/Card.a1ee39bd.js                                0.63 kB │ gzip:   0.43 kB │ map:     4.60 kB
build/chunks/useInterval.a28e3f2a.js                         0.71 kB │ gzip:   0.41 kB │ map:     3.67 kB
build/chunks/TimeDateInput.4f218b32.js                       0.88 kB │ gzip:   0.50 kB │ map:     3.03 kB
build/chunks/LineChart.dea336ac.js                           1.05 kB │ gzip:   0.66 kB │ map:     3.88 kB
build/chunks/TabPanel.9203747e.js                            1.14 kB │ gzip:   0.63 kB │ map:     4.33 kB
build/chunks/ModalDialogComponent.fdc60d5d.js                1.28 kB │ gzip:   0.70 kB │ map:     4.53 kB
build/chunks/index.9643d26c.js                               1.96 kB │ gzip:   0.65 kB │ map:     5.79 kB
build/chunks/HealthGauge.9b9f34dc.js                         2.37 kB │ gzip:   1.29 kB │ map:     8.47 kB
build/chunks/useSupport.6cf56206.js                          2.45 kB │ gzip:   1.08 kB │ map:    10.12 kB
build/chunks/Checkbox.c965cf23.js                            2.46 kB │ gzip:   1.16 kB │ map:    13.67 kB
build/chunks/radioHelper.24f483ab.js                         2.58 kB │ gzip:   1.17 kB │ map:     8.50 kB
build/chunks/AuditLog.521dcb35.js                            3.79 kB │ gzip:   1.59 kB │ map:    14.10 kB
build/chunks/SlideUpTransition.401acb0c.js                   4.03 kB │ gzip:   1.61 kB │ map:    19.76 kB
build/chunks/index.2f115318.js                               4.17 kB │ gzip:   1.50 kB │ map:    13.68 kB
build/chunks/Logs.20d027cf.js                                4.79 kB │ gzip:   2.11 kB │ map:    20.72 kB
build/chunks/AccordionSummary.06aaa191.js                    5.73 kB │ gzip:   1.97 kB │ map:    27.76 kB
build/chunks/ContextMenu.5495fdb0.js                         6.23 kB │ gzip:   2.03 kB │ map:    22.48 kB
build/chunks/useStyles.4184aa6f.js                           6.39 kB │ gzip:   2.38 kB │ map:    26.35 kB
build/chunks/web-vitals.dfcc5b9a.js                          6.98 kB │ gzip:   2.58 kB │ map:    16.56 kB
build/chunks/TablePagination.5cfb6587.js                     8.27 kB │ gzip:   3.16 kB │ map:    42.12 kB
build/chunks/DnnPanel.3110109f.js                            9.67 kB │ gzip:   3.67 kB │ map:    37.84 kB
build/chunks/GMap.e6cdeb1f.js                               16.54 kB │ gzip:   5.28 kB │ map:    51.13 kB
build/chunks/Diagnostics.dfdaeb33.js                        23.20 kB │ gzip:   7.52 kB │ map:    88.62 kB
build/chunks/index.304d8f10.js                              41.18 kB │ gzip:  10.55 kB │ map:   154.16 kB
build/chunks/AuditLogDetails.a22e1ced.js                    41.88 kB │ gzip:  13.90 kB │ map:   315.56 kB
build/chunks/RadioForm.dab0a291.js                          52.33 kB │ gzip:  14.59 kB │ map:   222.35 kB
build/chunks/System.dbd5ca48.js                             67.06 kB │ gzip:  15.51 kB │ map:   253.21 kB
build/chunks/Calibrate.d46badf7.js                          71.72 kB │ gzip:  23.80 kB │ map:   251.10 kB
build/chunks/ReactTable.2d5f903c.js                         88.65 kB │ gzip:  27.02 kB │ map:   277.12 kB
build/chunks/Dashboard.dfd5c6b6.js                          90.51 kB │ gzip:  21.81 kB │ map:   520.70 kB
build/chunks/EdgesPanel.23eb37e6.js                        144.05 kB │ gzip:  33.19 kB │ map:   522.72 kB
build/chunks/RadiosPanelNew.13ccb52d.js                    162.81 kB │ gzip:  40.64 kB │ map:   619.53 kB
build/chunks/SubscribersPanel.6c8c1602.js                  165.21 kB │ gzip:  53.53 kB │ map:   584.66 kB
build/chunks/DataGrid.8c23f880.js                          277.46 kB │ gzip:  83.70 kB │ map: 1,336.55 kB
build/chunks/highcharts.b1e267cb.js                        296.73 kB │ gzip: 106.33 kB │ map:   694.32 kB
build/chunks/EditNotes.caeea95f.js                         487.47 kB │ gzip: 131.99 kB │ map: 1,668.42 kB
build/js/index.52e1e144.js                               2,124.85 kB │ gzip: 470.04 kB │ map: 5,366.99 kB

(!) Some chunks are larger than 1000 kBs after minification. Consider:
- Using dynamic import() to code-split the application
- Use build.rollupOptions.output.manualChunks to improve chunking: https://rollupjs.org/configuration-options/#output-manualchunks
- Adjust chunk size limit for this warning via build.chunkSizeWarningLimit.
✓ built in 3m 1s
Done in 184.83s.
Compilation done...
Complete at Sat Jun 17 10:33:09 AM EDT 2023
\n ************************************************** \n
Compiling at Sun Jun 18 02:30:00 AM EDT 2023
Pulling latest changes from Git...
Missing or invalid credentials.
Error: connect ECONNREFUSED /run/user/0/vscode-git-fa5573cd4b.sock
    at PipeConnectWrap.afterConnect [as oncomplete] (node:net:1247:16) {
  errno: -111,
  code: 'ECONNREFUSED',
  syscall: 'connect',
  address: '/run/user/0/vscode-git-fa5573cd4b.sock'
}
Missing or invalid credentials.
Error: connect ECONNREFUSED /run/user/0/vscode-git-fa5573cd4b.sock
    at PipeConnectWrap.afterConnect [as oncomplete] (node:net:1247:16) {
  errno: -111,
  code: 'ECONNREFUSED',
  syscall: 'connect',
  address: '/run/user/0/vscode-git-fa5573cd4b.sock'
}
remote: Repository not found.
fatal: Authentication failed for 'https://github.com/Highway9-Networks/h9-saas.git/'
Compiling the orch UI code...
Deleting build...
Folder build deleted.
Folder A is unchanged.
yarn
yarn install v1.22.19
[1/4] Resolving packages...
success Already up-to-date.
Done in 1.19s.
yarn run build
yarn run v1.22.19
$ vite build
vite v4.3.9 building for production...
[plugin:vite-plugin-eslint] LintOnStart is turned on, and it will check for all matching files.
transforming...
✓ 13526 modules transformed.
rendering chunks...
computing gzip size...
build/assets/svg/pin.svg                                     0.85 kB │ gzip:   0.44 kB
build/assets/svg/current.svg                                 0.96 kB │ gzip:   0.47 kB
build/index.html                                             2.09 kB │ gzip:   1.02 kB
build/assets/svg/celltower.svg                               2.73 kB │ gzip:   1.41 kB
build/assets/svg/green-plain.svg                             3.30 kB │ gzip:   1.25 kB
build/assets/svg/pointer.svg                                 3.36 kB │ gzip:   1.27 kB
build/assets/svg/pointer-green.svg                           4.26 kB │ gzip:   1.56 kB
build/assets/svg/pointer-grey.svg                            4.26 kB │ gzip:   1.56 kB
build/assets/svg/markerA.svg                                 4.71 kB │ gzip:   1.66 kB
build/assets/woff2/roboto-vietnamese-400-normal.woff2        5.56 kB
build/assets/svg/markerB.svg                                 5.70 kB │ gzip:   2.12 kB
build/assets/woff2/roboto-greek-400-normal.woff2             7.11 kB
build/assets/svg/Radio-Indoor-Icon.svg                       7.43 kB │ gzip:   1.99 kB
build/assets/woff2/roboto-cyrillic-400-normal.woff2          9.63 kB
build/assets/woff2/roboto-latin-ext-400-normal.woff2        11.87 kB
build/assets/woff2/roboto-cyrillic-ext-400-normal.woff2     15.34 kB
build/assets/woff2/roboto-latin-400-normal.woff2            15.74 kB
build/assets/woff/roboto-all-400-normal.woff                65.46 kB
build/assets/css/SubscribersPanel.css                        0.22 kB │ gzip:   0.16 kB
build/assets/css/Diagnostics.css                             0.29 kB │ gzip:   0.21 kB
build/assets/css/Calibrate.css                               0.64 kB │ gzip:   0.40 kB
build/assets/css/ReactTable.css                              1.32 kB │ gzip:   0.56 kB
build/assets/css/index.css                                   1.77 kB │ gzip:   0.78 kB
build/assets/css/Dashboard.css                               4.02 kB │ gzip:   2.01 kB
build/assets/css/EditNotes.css                              17.96 kB │ gzip:   3.16 kB
build/chunks/styled.99e4ac39.js                              0.12 kB │ gzip:   0.14 kB │ map:     0.34 kB
build/chunks/QoS-service.b2426855.js                         0.26 kB │ gzip:   0.22 kB │ map:     0.80 kB
build/chunks/LightTooltip.360455a2.js                        0.34 kB │ gzip:   0.28 kB │ map:     1.06 kB
build/chunks/ArrowForwardIosSharp.ee5c8b5e.js                0.36 kB │ gzip:   0.29 kB │ map:     1.12 kB
build/chunks/hardwareInventory-service.409a7abd.js           0.38 kB │ gzip:   0.30 kB │ map:     1.14 kB
build/chunks/RestartAlt.18168ed8.js                          0.38 kB │ gzip:   0.30 kB │ map:     0.71 kB
build/chunks/NotImplemented.71e3cadc.js                      0.55 kB │ gzip:   0.40 kB │ map:     1.39 kB
build/chunks/AccordianSummary.d4d15a4f.js                    0.63 kB │ gzip:   0.44 kB │ map:     1.72 kB
build/chunks/Card.a1ee39bd.js                                0.63 kB │ gzip:   0.43 kB │ map:     4.60 kB
build/chunks/useInterval.a28e3f2a.js                         0.71 kB │ gzip:   0.41 kB │ map:     3.67 kB
build/chunks/TimeDateInput.4f218b32.js                       0.88 kB │ gzip:   0.50 kB │ map:     3.03 kB
build/chunks/LineChart.dea336ac.js                           1.05 kB │ gzip:   0.66 kB │ map:     3.88 kB
build/chunks/TabPanel.9203747e.js                            1.14 kB │ gzip:   0.63 kB │ map:     4.33 kB
build/chunks/ModalDialogComponent.fdc60d5d.js                1.28 kB │ gzip:   0.70 kB │ map:     4.53 kB
build/chunks/index.9643d26c.js                               1.96 kB │ gzip:   0.65 kB │ map:     5.79 kB
build/chunks/HealthGauge.9b9f34dc.js                         2.37 kB │ gzip:   1.29 kB │ map:     8.47 kB
build/chunks/useSupport.6cf56206.js                          2.45 kB │ gzip:   1.08 kB │ map:    10.12 kB
build/chunks/Checkbox.c965cf23.js                            2.46 kB │ gzip:   1.16 kB │ map:    13.67 kB
build/chunks/radioHelper.24f483ab.js                         2.58 kB │ gzip:   1.17 kB │ map:     8.50 kB
build/chunks/AuditLog.521dcb35.js                            3.79 kB │ gzip:   1.59 kB │ map:    14.10 kB
build/chunks/SlideUpTransition.401acb0c.js                   4.03 kB │ gzip:   1.61 kB │ map:    19.76 kB
build/chunks/index.2f115318.js                               4.17 kB │ gzip:   1.50 kB │ map:    13.68 kB
build/chunks/Logs.20d027cf.js                                4.79 kB │ gzip:   2.11 kB │ map:    20.72 kB
build/chunks/AccordionSummary.06aaa191.js                    5.73 kB │ gzip:   1.97 kB │ map:    27.76 kB
build/chunks/ContextMenu.5495fdb0.js                         6.23 kB │ gzip:   2.03 kB │ map:    22.48 kB
build/chunks/useStyles.4184aa6f.js                           6.39 kB │ gzip:   2.38 kB │ map:    26.35 kB
build/chunks/web-vitals.dfcc5b9a.js                          6.98 kB │ gzip:   2.58 kB │ map:    16.56 kB
build/chunks/TablePagination.5cfb6587.js                     8.27 kB │ gzip:   3.16 kB │ map:    42.12 kB
build/chunks/DnnPanel.3110109f.js                            9.67 kB │ gzip:   3.67 kB │ map:    37.84 kB
build/chunks/GMap.e6cdeb1f.js                               16.54 kB │ gzip:   5.28 kB │ map:    51.13 kB
build/chunks/Diagnostics.dfdaeb33.js                        23.20 kB │ gzip:   7.52 kB │ map:    88.62 kB
build/chunks/index.304d8f10.js                              41.18 kB │ gzip:  10.55 kB │ map:   154.16 kB
build/chunks/AuditLogDetails.a22e1ced.js                    41.88 kB │ gzip:  13.90 kB │ map:   315.56 kB
build/chunks/RadioForm.dab0a291.js                          52.33 kB │ gzip:  14.59 kB │ map:   222.35 kB
build/chunks/System.dbd5ca48.js                             67.06 kB │ gzip:  15.51 kB │ map:   253.21 kB
build/chunks/Calibrate.d46badf7.js                          71.72 kB │ gzip:  23.80 kB │ map:   251.10 kB
build/chunks/ReactTable.2d5f903c.js                         88.65 kB │ gzip:  27.02 kB │ map:   277.12 kB
build/chunks/Dashboard.dfd5c6b6.js                          90.51 kB │ gzip:  21.81 kB │ map:   520.70 kB
build/chunks/EdgesPanel.23eb37e6.js                        144.05 kB │ gzip:  33.19 kB │ map:   522.72 kB
build/chunks/RadiosPanelNew.13ccb52d.js                    162.81 kB │ gzip:  40.64 kB │ map:   619.53 kB
build/chunks/SubscribersPanel.6c8c1602.js                  165.21 kB │ gzip:  53.53 kB │ map:   584.66 kB
build/chunks/DataGrid.8c23f880.js                          277.46 kB │ gzip:  83.70 kB │ map: 1,336.55 kB
build/chunks/highcharts.b1e267cb.js                        296.73 kB │ gzip: 106.33 kB │ map:   694.32 kB
build/chunks/EditNotes.caeea95f.js                         487.47 kB │ gzip: 131.99 kB │ map: 1,668.42 kB
build/js/index.52e1e144.js                               2,124.85 kB │ gzip: 470.04 kB │ map: 5,366.99 kB

(!) Some chunks are larger than 1000 kBs after minification. Consider:
- Using dynamic import() to code-split the application
- Use build.rollupOptions.output.manualChunks to improve chunking: https://rollupjs.org/configuration-options/#output-manualchunks
- Adjust chunk size limit for this warning via build.chunkSizeWarningLimit.
✓ built in 3m
Done in 183.86s.
Compilation done...
Complete at Sun Jun 18 02:33:09 AM EDT 2023
\n ************************************************** \n
Compiling at Sun Jun 18 07:30:00 AM EDT 2023
Pulling latest changes from Git...
Missing or invalid credentials.
Error: connect ECONNREFUSED /run/user/0/vscode-git-fa5573cd4b.sock
    at PipeConnectWrap.afterConnect [as oncomplete] (node:net:1247:16) {
  errno: -111,
  code: 'ECONNREFUSED',
  syscall: 'connect',
  address: '/run/user/0/vscode-git-fa5573cd4b.sock'
}
Missing or invalid credentials.
Error: connect ECONNREFUSED /run/user/0/vscode-git-fa5573cd4b.sock
    at PipeConnectWrap.afterConnect [as oncomplete] (node:net:1247:16) {
  errno: -111,
  code: 'ECONNREFUSED',
  syscall: 'connect',
  address: '/run/user/0/vscode-git-fa5573cd4b.sock'
}
remote: Repository not found.
fatal: Authentication failed for 'https://github.com/Highway9-Networks/h9-saas.git/'
Compiling the orch UI code...
Deleting build...
Folder build deleted.
Folder A is unchanged.
yarn
yarn install v1.22.19
[1/4] Resolving packages...
success Already up-to-date.
Done in 0.78s.
yarn run build
yarn run v1.22.19
$ vite build
vite v4.3.9 building for production...
[plugin:vite-plugin-eslint] LintOnStart is turned on, and it will check for all matching files.
transforming...
✓ 13526 modules transformed.
rendering chunks...
computing gzip size...
build/assets/svg/pin.svg                                     0.85 kB │ gzip:   0.44 kB
build/assets/svg/current.svg                                 0.96 kB │ gzip:   0.47 kB
build/index.html                                             2.09 kB │ gzip:   1.02 kB
build/assets/svg/celltower.svg                               2.73 kB │ gzip:   1.41 kB
build/assets/svg/green-plain.svg                             3.30 kB │ gzip:   1.25 kB
build/assets/svg/pointer.svg                                 3.36 kB │ gzip:   1.27 kB
build/assets/svg/pointer-green.svg                           4.26 kB │ gzip:   1.56 kB
build/assets/svg/pointer-grey.svg                            4.26 kB │ gzip:   1.56 kB
build/assets/svg/markerA.svg                                 4.71 kB │ gzip:   1.66 kB
build/assets/woff2/roboto-vietnamese-400-normal.woff2        5.56 kB
build/assets/svg/markerB.svg                                 5.70 kB │ gzip:   2.12 kB
build/assets/woff2/roboto-greek-400-normal.woff2             7.11 kB
build/assets/svg/Radio-Indoor-Icon.svg                       7.43 kB │ gzip:   1.99 kB
build/assets/woff2/roboto-cyrillic-400-normal.woff2          9.63 kB
build/assets/woff2/roboto-latin-ext-400-normal.woff2        11.87 kB
build/assets/woff2/roboto-cyrillic-ext-400-normal.woff2     15.34 kB
build/assets/woff2/roboto-latin-400-normal.woff2            15.74 kB
build/assets/woff/roboto-all-400-normal.woff                65.46 kB
build/assets/css/SubscribersPanel.css                        0.22 kB │ gzip:   0.16 kB
build/assets/css/Diagnostics.css                             0.29 kB │ gzip:   0.21 kB
build/assets/css/Calibrate.css                               0.64 kB │ gzip:   0.40 kB
build/assets/css/ReactTable.css                              1.32 kB │ gzip:   0.56 kB
build/assets/css/index.css                                   1.77 kB │ gzip:   0.78 kB
build/assets/css/Dashboard.css                               4.02 kB │ gzip:   2.01 kB
build/assets/css/EditNotes.css                              17.96 kB │ gzip:   3.16 kB
build/chunks/styled.99e4ac39.js                              0.12 kB │ gzip:   0.14 kB │ map:     0.34 kB
build/chunks/QoS-service.b2426855.js                         0.26 kB │ gzip:   0.22 kB │ map:     0.80 kB
build/chunks/LightTooltip.360455a2.js                        0.34 kB │ gzip:   0.28 kB │ map:     1.06 kB
build/chunks/ArrowForwardIosSharp.ee5c8b5e.js                0.36 kB │ gzip:   0.29 kB │ map:     1.12 kB
build/chunks/hardwareInventory-service.409a7abd.js           0.38 kB │ gzip:   0.30 kB │ map:     1.14 kB
build/chunks/RestartAlt.18168ed8.js                          0.38 kB │ gzip:   0.30 kB │ map:     0.71 kB
build/chunks/NotImplemented.71e3cadc.js                      0.55 kB │ gzip:   0.40 kB │ map:     1.39 kB
build/chunks/AccordianSummary.d4d15a4f.js                    0.63 kB │ gzip:   0.44 kB │ map:     1.72 kB
build/chunks/Card.a1ee39bd.js                                0.63 kB │ gzip:   0.43 kB │ map:     4.60 kB
build/chunks/useInterval.a28e3f2a.js                         0.71 kB │ gzip:   0.41 kB │ map:     3.67 kB
build/chunks/TimeDateInput.4f218b32.js                       0.88 kB │ gzip:   0.50 kB │ map:     3.03 kB
build/chunks/LineChart.dea336ac.js                           1.05 kB │ gzip:   0.66 kB │ map:     3.88 kB
build/chunks/TabPanel.9203747e.js                            1.14 kB │ gzip:   0.63 kB │ map:     4.33 kB
build/chunks/ModalDialogComponent.fdc60d5d.js                1.28 kB │ gzip:   0.70 kB │ map:     4.53 kB
build/chunks/index.9643d26c.js                               1.96 kB │ gzip:   0.65 kB │ map:     5.79 kB
build/chunks/HealthGauge.9b9f34dc.js                         2.37 kB │ gzip:   1.29 kB │ map:     8.47 kB
build/chunks/useSupport.6cf56206.js                          2.45 kB │ gzip:   1.08 kB │ map:    10.12 kB
build/chunks/Checkbox.c965cf23.js                            2.46 kB │ gzip:   1.16 kB │ map:    13.67 kB
build/chunks/radioHelper.24f483ab.js                         2.58 kB │ gzip:   1.17 kB │ map:     8.50 kB
build/chunks/AuditLog.521dcb35.js                            3.79 kB │ gzip:   1.59 kB │ map:    14.10 kB
build/chunks/SlideUpTransition.401acb0c.js                   4.03 kB │ gzip:   1.61 kB │ map:    19.76 kB
build/chunks/index.2f115318.js                               4.17 kB │ gzip:   1.50 kB │ map:    13.68 kB
build/chunks/Logs.20d027cf.js                                4.79 kB │ gzip:   2.11 kB │ map:    20.72 kB
build/chunks/AccordionSummary.06aaa191.js                    5.73 kB │ gzip:   1.97 kB │ map:    27.76 kB
build/chunks/ContextMenu.5495fdb0.js                         6.23 kB │ gzip:   2.03 kB │ map:    22.48 kB
build/chunks/useStyles.4184aa6f.js                           6.39 kB │ gzip:   2.38 kB │ map:    26.35 kB
build/chunks/web-vitals.dfcc5b9a.js                          6.98 kB │ gzip:   2.58 kB │ map:    16.56 kB
build/chunks/TablePagination.5cfb6587.js                     8.27 kB │ gzip:   3.16 kB │ map:    42.12 kB
build/chunks/DnnPanel.3110109f.js                            9.67 kB │ gzip:   3.67 kB │ map:    37.84 kB
build/chunks/GMap.e6cdeb1f.js                               16.54 kB │ gzip:   5.28 kB │ map:    51.13 kB
build/chunks/Diagnostics.dfdaeb33.js                        23.20 kB │ gzip:   7.52 kB │ map:    88.62 kB
build/chunks/index.304d8f10.js                              41.18 kB │ gzip:  10.55 kB │ map:   154.16 kB
build/chunks/AuditLogDetails.a22e1ced.js                    41.88 kB │ gzip:  13.90 kB │ map:   315.56 kB
build/chunks/RadioForm.dab0a291.js                          52.33 kB │ gzip:  14.59 kB │ map:   222.35 kB
build/chunks/System.dbd5ca48.js                             67.06 kB │ gzip:  15.51 kB │ map:   253.21 kB
build/chunks/Calibrate.d46badf7.js                          71.72 kB │ gzip:  23.80 kB │ map:   251.10 kB
build/chunks/ReactTable.2d5f903c.js                         88.65 kB │ gzip:  27.02 kB │ map:   277.12 kB
build/chunks/Dashboard.dfd5c6b6.js                          90.51 kB │ gzip:  21.81 kB │ map:   520.70 kB
build/chunks/EdgesPanel.23eb37e6.js                        144.05 kB │ gzip:  33.19 kB │ map:   522.72 kB
build/chunks/RadiosPanelNew.13ccb52d.js                    162.81 kB │ gzip:  40.64 kB │ map:   619.53 kB
build/chunks/SubscribersPanel.6c8c1602.js                  165.21 kB │ gzip:  53.53 kB │ map:   584.66 kB
build/chunks/DataGrid.8c23f880.js                          277.46 kB │ gzip:  83.70 kB │ map: 1,336.55 kB
build/chunks/highcharts.b1e267cb.js                        296.73 kB │ gzip: 106.33 kB │ map:   694.32 kB
build/chunks/EditNotes.caeea95f.js                         487.47 kB │ gzip: 131.99 kB │ map: 1,668.42 kB
build/js/index.52e1e144.js                               2,124.85 kB │ gzip: 470.04 kB │ map: 5,366.99 kB

(!) Some chunks are larger than 1000 kBs after minification. Consider:
- Using dynamic import() to code-split the application
- Use build.rollupOptions.output.manualChunks to improve chunking: https://rollupjs.org/configuration-options/#output-manualchunks
- Adjust chunk size limit for this warning via build.chunkSizeWarningLimit.
✓ built in 2m 56s
Done in 178.38s.
Compilation done...
Complete at Sun Jun 18 07:33:02 AM EDT 2023
\n ************************************************** \n
Compiling at Sun Jun 18 10:30:00 AM EDT 2023
Pulling latest changes from Git...
Missing or invalid credentials.
Error: connect ECONNREFUSED /run/user/0/vscode-git-fa5573cd4b.sock
    at PipeConnectWrap.afterConnect [as oncomplete] (node:net:1247:16) {
  errno: -111,
  code: 'ECONNREFUSED',
  syscall: 'connect',
  address: '/run/user/0/vscode-git-fa5573cd4b.sock'
}
Missing or invalid credentials.
Error: connect ECONNREFUSED /run/user/0/vscode-git-fa5573cd4b.sock
    at PipeConnectWrap.afterConnect [as oncomplete] (node:net:1247:16) {
  errno: -111,
  code: 'ECONNREFUSED',
  syscall: 'connect',
  address: '/run/user/0/vscode-git-fa5573cd4b.sock'
}
remote: Repository not found.
fatal: Authentication failed for 'https://github.com/Highway9-Networks/h9-saas.git/'
Compiling the orch UI code...
Deleting build...
Folder build deleted.
Folder A is unchanged.
yarn
yarn install v1.22.19
[1/4] Resolving packages...
success Already up-to-date.
Done in 1.58s.
yarn run build
yarn run v1.22.19
$ vite build
vite v4.3.9 building for production...
[plugin:vite-plugin-eslint] LintOnStart is turned on, and it will check for all matching files.
transforming...
✓ 13526 modules transformed.
rendering chunks...
computing gzip size...
build/assets/svg/pin.svg                                     0.85 kB │ gzip:   0.44 kB
build/assets/svg/current.svg                                 0.96 kB │ gzip:   0.47 kB
build/index.html                                             2.09 kB │ gzip:   1.02 kB
build/assets/svg/celltower.svg                               2.73 kB │ gzip:   1.41 kB
build/assets/svg/green-plain.svg                             3.30 kB │ gzip:   1.25 kB
build/assets/svg/pointer.svg                                 3.36 kB │ gzip:   1.27 kB
build/assets/svg/pointer-green.svg                           4.26 kB │ gzip:   1.56 kB
build/assets/svg/pointer-grey.svg                            4.26 kB │ gzip:   1.56 kB
build/assets/svg/markerA.svg                                 4.71 kB │ gzip:   1.66 kB
build/assets/woff2/roboto-vietnamese-400-normal.woff2        5.56 kB
build/assets/svg/markerB.svg                                 5.70 kB │ gzip:   2.12 kB
build/assets/woff2/roboto-greek-400-normal.woff2             7.11 kB
build/assets/svg/Radio-Indoor-Icon.svg                       7.43 kB │ gzip:   1.99 kB
build/assets/woff2/roboto-cyrillic-400-normal.woff2          9.63 kB
build/assets/woff2/roboto-latin-ext-400-normal.woff2        11.87 kB
build/assets/woff2/roboto-cyrillic-ext-400-normal.woff2     15.34 kB
build/assets/woff2/roboto-latin-400-normal.woff2            15.74 kB
build/assets/woff/roboto-all-400-normal.woff                65.46 kB
build/assets/css/SubscribersPanel.css                        0.22 kB │ gzip:   0.16 kB
build/assets/css/Diagnostics.css                             0.29 kB │ gzip:   0.21 kB
build/assets/css/Calibrate.css                               0.64 kB │ gzip:   0.40 kB
build/assets/css/ReactTable.css                              1.32 kB │ gzip:   0.56 kB
build/assets/css/index.css                                   1.77 kB │ gzip:   0.78 kB
build/assets/css/Dashboard.css                               4.02 kB │ gzip:   2.01 kB
build/assets/css/EditNotes.css                              17.96 kB │ gzip:   3.16 kB
build/chunks/styled.99e4ac39.js                              0.12 kB │ gzip:   0.14 kB │ map:     0.34 kB
build/chunks/QoS-service.b2426855.js                         0.26 kB │ gzip:   0.22 kB │ map:     0.80 kB
build/chunks/LightTooltip.360455a2.js                        0.34 kB │ gzip:   0.28 kB │ map:     1.06 kB
build/chunks/ArrowForwardIosSharp.ee5c8b5e.js                0.36 kB │ gzip:   0.29 kB │ map:     1.12 kB
build/chunks/hardwareInventory-service.409a7abd.js           0.38 kB │ gzip:   0.30 kB │ map:     1.14 kB
build/chunks/RestartAlt.18168ed8.js                          0.38 kB │ gzip:   0.30 kB │ map:     0.71 kB
build/chunks/NotImplemented.71e3cadc.js                      0.55 kB │ gzip:   0.40 kB │ map:     1.39 kB
build/chunks/AccordianSummary.d4d15a4f.js                    0.63 kB │ gzip:   0.44 kB │ map:     1.72 kB
build/chunks/Card.a1ee39bd.js                                0.63 kB │ gzip:   0.43 kB │ map:     4.60 kB
build/chunks/useInterval.a28e3f2a.js                         0.71 kB │ gzip:   0.41 kB │ map:     3.67 kB
build/chunks/TimeDateInput.4f218b32.js                       0.88 kB │ gzip:   0.50 kB │ map:     3.03 kB
build/chunks/LineChart.dea336ac.js                           1.05 kB │ gzip:   0.66 kB │ map:     3.88 kB
build/chunks/TabPanel.9203747e.js                            1.14 kB │ gzip:   0.63 kB │ map:     4.33 kB
build/chunks/ModalDialogComponent.fdc60d5d.js                1.28 kB │ gzip:   0.70 kB │ map:     4.53 kB
build/chunks/index.9643d26c.js                               1.96 kB │ gzip:   0.65 kB │ map:     5.79 kB
build/chunks/HealthGauge.9b9f34dc.js                         2.37 kB │ gzip:   1.29 kB │ map:     8.47 kB
build/chunks/useSupport.6cf56206.js                          2.45 kB │ gzip:   1.08 kB │ map:    10.12 kB
build/chunks/Checkbox.c965cf23.js                            2.46 kB │ gzip:   1.16 kB │ map:    13.67 kB
build/chunks/radioHelper.24f483ab.js                         2.58 kB │ gzip:   1.17 kB │ map:     8.50 kB
build/chunks/AuditLog.521dcb35.js                            3.79 kB │ gzip:   1.59 kB │ map:    14.10 kB
build/chunks/SlideUpTransition.401acb0c.js                   4.03 kB │ gzip:   1.61 kB │ map:    19.76 kB
build/chunks/index.2f115318.js                               4.17 kB │ gzip:   1.50 kB │ map:    13.68 kB
build/chunks/Logs.20d027cf.js                                4.79 kB │ gzip:   2.11 kB │ map:    20.72 kB
build/chunks/AccordionSummary.06aaa191.js                    5.73 kB │ gzip:   1.97 kB │ map:    27.76 kB
build/chunks/ContextMenu.5495fdb0.js                         6.23 kB │ gzip:   2.03 kB │ map:    22.48 kB
build/chunks/useStyles.4184aa6f.js                           6.39 kB │ gzip:   2.38 kB │ map:    26.35 kB
build/chunks/web-vitals.dfcc5b9a.js                          6.98 kB │ gzip:   2.58 kB │ map:    16.56 kB
build/chunks/TablePagination.5cfb6587.js                     8.27 kB │ gzip:   3.16 kB │ map:    42.12 kB
build/chunks/DnnPanel.3110109f.js                            9.67 kB │ gzip:   3.67 kB │ map:    37.84 kB
build/chunks/GMap.e6cdeb1f.js                               16.54 kB │ gzip:   5.28 kB │ map:    51.13 kB
build/chunks/Diagnostics.dfdaeb33.js                        23.20 kB │ gzip:   7.52 kB │ map:    88.62 kB
build/chunks/index.304d8f10.js                              41.18 kB │ gzip:  10.55 kB │ map:   154.16 kB
build/chunks/AuditLogDetails.a22e1ced.js                    41.88 kB │ gzip:  13.90 kB │ map:   315.56 kB
build/chunks/RadioForm.dab0a291.js                          52.33 kB │ gzip:  14.59 kB │ map:   222.35 kB
build/chunks/System.dbd5ca48.js                             67.06 kB │ gzip:  15.51 kB │ map:   253.21 kB
build/chunks/Calibrate.d46badf7.js                          71.72 kB │ gzip:  23.80 kB │ map:   251.10 kB
build/chunks/ReactTable.2d5f903c.js                         88.65 kB │ gzip:  27.02 kB │ map:   277.12 kB
build/chunks/Dashboard.dfd5c6b6.js                          90.51 kB │ gzip:  21.81 kB │ map:   520.70 kB
build/chunks/EdgesPanel.23eb37e6.js                        144.05 kB │ gzip:  33.19 kB │ map:   522.72 kB
build/chunks/RadiosPanelNew.13ccb52d.js                    162.81 kB │ gzip:  40.64 kB │ map:   619.53 kB
build/chunks/SubscribersPanel.6c8c1602.js                  165.21 kB │ gzip:  53.53 kB │ map:   584.66 kB
build/chunks/DataGrid.8c23f880.js                          277.46 kB │ gzip:  83.70 kB │ map: 1,336.55 kB
build/chunks/highcharts.b1e267cb.js                        296.73 kB │ gzip: 106.33 kB │ map:   694.32 kB
build/chunks/EditNotes.caeea95f.js                         487.47 kB │ gzip: 131.99 kB │ map: 1,668.42 kB
build/js/index.52e1e144.js                               2,124.85 kB │ gzip: 470.04 kB │ map: 5,366.99 kB

(!) Some chunks are larger than 1000 kBs after minification. Consider:
- Using dynamic import() to code-split the application
- Use build.rollupOptions.output.manualChunks to improve chunking: https://rollupjs.org/configuration-options/#output-manualchunks
- Adjust chunk size limit for this warning via build.chunkSizeWarningLimit.
✓ built in 2m 55s
Done in 178.22s.
Compilation done...
Complete at Sun Jun 18 10:33:03 AM EDT 2023
\n ************************************************** \n
Compiling at Mon Jun 19 02:30:01 AM EDT 2023
Pulling latest changes from Git...
Missing or invalid credentials.
Error: connect ECONNREFUSED /run/user/0/vscode-git-fa5573cd4b.sock
    at PipeConnectWrap.afterConnect [as oncomplete] (node:net:1247:16) {
  errno: -111,
  code: 'ECONNREFUSED',
  syscall: 'connect',
  address: '/run/user/0/vscode-git-fa5573cd4b.sock'
}
Missing or invalid credentials.
Error: connect ECONNREFUSED /run/user/0/vscode-git-fa5573cd4b.sock
    at PipeConnectWrap.afterConnect [as oncomplete] (node:net:1247:16) {
  errno: -111,
  code: 'ECONNREFUSED',
  syscall: 'connect',
  address: '/run/user/0/vscode-git-fa5573cd4b.sock'
}
remote: Repository not found.
fatal: Authentication failed for 'https://github.com/Highway9-Networks/h9-saas.git/'
Compiling the orch UI code...
Deleting build...
Folder build deleted.
Folder A is unchanged.
yarn
yarn install v1.22.19
[1/4] Resolving packages...
success Already up-to-date.
Done in 1.40s.
yarn run build
yarn run v1.22.19
$ vite build
vite v4.3.9 building for production...
[plugin:vite-plugin-eslint] LintOnStart is turned on, and it will check for all matching files.
transforming...
✓ 13526 modules transformed.
rendering chunks...
computing gzip size...
build/assets/svg/pin.svg                                     0.85 kB │ gzip:   0.44 kB
build/assets/svg/current.svg                                 0.96 kB │ gzip:   0.47 kB
build/index.html                                             2.09 kB │ gzip:   1.02 kB
build/assets/svg/celltower.svg                               2.73 kB │ gzip:   1.41 kB
build/assets/svg/green-plain.svg                             3.30 kB │ gzip:   1.25 kB
build/assets/svg/pointer.svg                                 3.36 kB │ gzip:   1.27 kB
build/assets/svg/pointer-green.svg                           4.26 kB │ gzip:   1.56 kB
build/assets/svg/pointer-grey.svg                            4.26 kB │ gzip:   1.56 kB
build/assets/svg/markerA.svg                                 4.71 kB │ gzip:   1.66 kB
build/assets/woff2/roboto-vietnamese-400-normal.woff2        5.56 kB
build/assets/svg/markerB.svg                                 5.70 kB │ gzip:   2.12 kB
build/assets/woff2/roboto-greek-400-normal.woff2             7.11 kB
build/assets/svg/Radio-Indoor-Icon.svg                       7.43 kB │ gzip:   1.99 kB
build/assets/woff2/roboto-cyrillic-400-normal.woff2          9.63 kB
build/assets/woff2/roboto-latin-ext-400-normal.woff2        11.87 kB
build/assets/woff2/roboto-cyrillic-ext-400-normal.woff2     15.34 kB
build/assets/woff2/roboto-latin-400-normal.woff2            15.74 kB
build/assets/woff/roboto-all-400-normal.woff                65.46 kB
build/assets/css/SubscribersPanel.css                        0.22 kB │ gzip:   0.16 kB
build/assets/css/Diagnostics.css                             0.29 kB │ gzip:   0.21 kB
build/assets/css/Calibrate.css                               0.64 kB │ gzip:   0.40 kB
build/assets/css/ReactTable.css                              1.32 kB │ gzip:   0.56 kB
build/assets/css/index.css                                   1.77 kB │ gzip:   0.78 kB
build/assets/css/Dashboard.css                               4.02 kB │ gzip:   2.01 kB
build/assets/css/EditNotes.css                              17.96 kB │ gzip:   3.16 kB
build/chunks/styled.99e4ac39.js                              0.12 kB │ gzip:   0.14 kB │ map:     0.34 kB
build/chunks/QoS-service.b2426855.js                         0.26 kB │ gzip:   0.22 kB │ map:     0.80 kB
build/chunks/LightTooltip.360455a2.js                        0.34 kB │ gzip:   0.28 kB │ map:     1.06 kB
build/chunks/ArrowForwardIosSharp.ee5c8b5e.js                0.36 kB │ gzip:   0.29 kB │ map:     1.12 kB
build/chunks/hardwareInventory-service.409a7abd.js           0.38 kB │ gzip:   0.30 kB │ map:     1.14 kB
build/chunks/RestartAlt.18168ed8.js                          0.38 kB │ gzip:   0.30 kB │ map:     0.71 kB
build/chunks/NotImplemented.71e3cadc.js                      0.55 kB │ gzip:   0.40 kB │ map:     1.39 kB
build/chunks/AccordianSummary.d4d15a4f.js                    0.63 kB │ gzip:   0.44 kB │ map:     1.72 kB
build/chunks/Card.a1ee39bd.js                                0.63 kB │ gzip:   0.43 kB │ map:     4.60 kB
build/chunks/useInterval.a28e3f2a.js                         0.71 kB │ gzip:   0.41 kB │ map:     3.67 kB
build/chunks/TimeDateInput.4f218b32.js                       0.88 kB │ gzip:   0.50 kB │ map:     3.03 kB
build/chunks/LineChart.dea336ac.js                           1.05 kB │ gzip:   0.66 kB │ map:     3.88 kB
build/chunks/TabPanel.9203747e.js                            1.14 kB │ gzip:   0.63 kB │ map:     4.33 kB
build/chunks/ModalDialogComponent.fdc60d5d.js                1.28 kB │ gzip:   0.70 kB │ map:     4.53 kB
build/chunks/index.9643d26c.js                               1.96 kB │ gzip:   0.65 kB │ map:     5.79 kB
build/chunks/HealthGauge.9b9f34dc.js                         2.37 kB │ gzip:   1.29 kB │ map:     8.47 kB
build/chunks/useSupport.6cf56206.js                          2.45 kB │ gzip:   1.08 kB │ map:    10.12 kB
build/chunks/Checkbox.c965cf23.js                            2.46 kB │ gzip:   1.16 kB │ map:    13.67 kB
build/chunks/radioHelper.24f483ab.js                         2.58 kB │ gzip:   1.17 kB │ map:     8.50 kB
build/chunks/AuditLog.521dcb35.js                            3.79 kB │ gzip:   1.59 kB │ map:    14.10 kB
build/chunks/SlideUpTransition.401acb0c.js                   4.03 kB │ gzip:   1.61 kB │ map:    19.76 kB
build/chunks/index.2f115318.js                               4.17 kB │ gzip:   1.50 kB │ map:    13.68 kB
build/chunks/Logs.20d027cf.js                                4.79 kB │ gzip:   2.11 kB │ map:    20.72 kB
build/chunks/AccordionSummary.06aaa191.js                    5.73 kB │ gzip:   1.97 kB │ map:    27.76 kB
build/chunks/ContextMenu.5495fdb0.js                         6.23 kB │ gzip:   2.03 kB │ map:    22.48 kB
build/chunks/useStyles.4184aa6f.js                           6.39 kB │ gzip:   2.38 kB │ map:    26.35 kB
build/chunks/web-vitals.dfcc5b9a.js                          6.98 kB │ gzip:   2.58 kB │ map:    16.56 kB
build/chunks/TablePagination.5cfb6587.js                     8.27 kB │ gzip:   3.16 kB │ map:    42.12 kB
build/chunks/DnnPanel.3110109f.js                            9.67 kB │ gzip:   3.67 kB │ map:    37.84 kB
build/chunks/GMap.e6cdeb1f.js                               16.54 kB │ gzip:   5.28 kB │ map:    51.13 kB
build/chunks/Diagnostics.dfdaeb33.js                        23.20 kB │ gzip:   7.52 kB │ map:    88.62 kB
build/chunks/index.304d8f10.js                              41.18 kB │ gzip:  10.55 kB │ map:   154.16 kB
build/chunks/AuditLogDetails.a22e1ced.js                    41.88 kB │ gzip:  13.90 kB │ map:   315.56 kB
build/chunks/RadioForm.dab0a291.js                          52.33 kB │ gzip:  14.59 kB │ map:   222.35 kB
build/chunks/System.dbd5ca48.js                             67.06 kB │ gzip:  15.51 kB │ map:   253.21 kB
build/chunks/Calibrate.d46badf7.js                          71.72 kB │ gzip:  23.80 kB │ map:   251.10 kB
build/chunks/ReactTable.2d5f903c.js                         88.65 kB │ gzip:  27.02 kB │ map:   277.12 kB
build/chunks/Dashboard.dfd5c6b6.js                          90.51 kB │ gzip:  21.81 kB │ map:   520.70 kB
build/chunks/EdgesPanel.23eb37e6.js                        144.05 kB │ gzip:  33.19 kB │ map:   522.72 kB
build/chunks/RadiosPanelNew.13ccb52d.js                    162.81 kB │ gzip:  40.64 kB │ map:   619.53 kB
build/chunks/SubscribersPanel.6c8c1602.js                  165.21 kB │ gzip:  53.53 kB │ map:   584.66 kB
build/chunks/DataGrid.8c23f880.js                          277.46 kB │ gzip:  83.70 kB │ map: 1,336.55 kB
build/chunks/highcharts.b1e267cb.js                        296.73 kB │ gzip: 106.33 kB │ map:   694.32 kB
build/chunks/EditNotes.caeea95f.js                         487.47 kB │ gzip: 131.99 kB │ map: 1,668.42 kB
build/js/index.52e1e144.js                               2,124.85 kB │ gzip: 470.04 kB │ map: 5,366.99 kB

(!) Some chunks are larger than 1000 kBs after minification. Consider:
- Using dynamic import() to code-split the application
- Use build.rollupOptions.output.manualChunks to improve chunking: https://rollupjs.org/configuration-options/#output-manualchunks
- Adjust chunk size limit for this warning via build.chunkSizeWarningLimit.
✓ built in 2m 56s
Done in 179.06s.
Compilation done...
Complete at Mon Jun 19 02:33:04 AM EDT 2023
\n ************************************************** \n
Compiling at Mon Jun 19 07:30:00 AM EDT 2023
Pulling latest changes from Git...
From https://github.com/Highway9-Networks/h9-saas
   80218e883..20825e4c4  vite-saasui -> origin/vite-saasui
   86b4cf854..d89a985d6  main        -> origin/main
Updating 80218e883..20825e4c4
Fast-forward
 orch/orch-ui/package.json | 2 +-
 saas/saas-ui/package.json | 5 -----
 2 files changed, 1 insertion(+), 6 deletions(-)
Compiling the orch UI code...
Folder build does not exist.
Folder A is unchanged.
yarn
yarn install v1.22.19
[1/4] Resolving packages...
[2/4] Fetching packages...
[3/4] Linking dependencies...
warning " > @mui/styles@5.13.2" has incorrect peer dependency "react@^17.0.0".
warning " > @mui/x-data-grid@6.6.0" has unmet peer dependency "@mui/system@^5.4.1".
warning " > @mui/x-date-pickers@6.6.0" has unmet peer dependency "@mui/base@^5.0.0-alpha.87".
warning " > @mui/x-date-pickers@6.6.0" has unmet peer dependency "@mui/system@^5.8.0".
warning " > react-draft-wysiwyg@1.15.0" has unmet peer dependency "immutable@3.x.x || 4.x.x".
warning "react-draft-wysiwyg > draftjs-utils@0.10.2" has unmet peer dependency "immutable@3.x.x || 4.x.x".
warning "react-draft-wysiwyg > html-to-draftjs@1.5.0" has unmet peer dependency "immutable@3.x.x || 4.x.x".
warning " > @testing-library/user-event@14.4.3" has unmet peer dependency "@testing-library/dom@>=7.21.4".
[4/4] Building fresh packages...
success Saved lockfile.
Done in 32.66s.
yarn run build
yarn run v1.22.19
$ vite build
vite v4.3.9 building for production...
[plugin:vite-plugin-eslint] LintOnStart is turned on, and it will check for all matching files.
transforming...
✓ 13592 modules transformed.
rendering chunks...
computing gzip size...
build/assets/svg/pin.svg                                     0.85 kB │ gzip:   0.44 kB
build/assets/svg/current.svg                                 0.96 kB │ gzip:   0.47 kB
build/index.html                                             2.09 kB │ gzip:   1.02 kB
build/assets/svg/celltower.svg                               2.73 kB │ gzip:   1.41 kB
build/assets/svg/green-plain.svg                             3.30 kB │ gzip:   1.25 kB
build/assets/svg/pointer.svg                                 3.36 kB │ gzip:   1.27 kB
build/assets/svg/pointer-green.svg                           4.26 kB │ gzip:   1.56 kB
build/assets/svg/pointer-grey.svg                            4.26 kB │ gzip:   1.56 kB
build/assets/svg/markerA.svg                                 4.71 kB │ gzip:   1.66 kB
build/assets/woff2/roboto-vietnamese-400-normal.woff2        5.56 kB
build/assets/svg/markerB.svg                                 5.70 kB │ gzip:   2.12 kB
build/assets/woff2/roboto-greek-400-normal.woff2             7.11 kB
build/assets/svg/Radio-Indoor-Icon.svg                       7.43 kB │ gzip:   1.99 kB
build/assets/woff2/roboto-cyrillic-400-normal.woff2          9.63 kB
build/assets/woff2/roboto-latin-ext-400-normal.woff2        11.87 kB
build/assets/woff2/roboto-cyrillic-ext-400-normal.woff2     15.34 kB
build/assets/woff2/roboto-latin-400-normal.woff2            15.74 kB
build/assets/woff/roboto-all-400-normal.woff                65.46 kB
build/assets/css/SubscribersPanel.css                        0.22 kB │ gzip:   0.16 kB
build/assets/css/Diagnostics.css                             0.29 kB │ gzip:   0.21 kB
build/assets/css/Calibrate.css                               0.64 kB │ gzip:   0.40 kB
build/assets/css/ReactTable.css                              1.32 kB │ gzip:   0.56 kB
build/assets/css/index.css                                   1.77 kB │ gzip:   0.78 kB
build/assets/css/Dashboard.css                               4.02 kB │ gzip:   2.01 kB
build/assets/css/EditNotes.css                              17.96 kB │ gzip:   3.16 kB
build/chunks/QoS-service.66d6db74.js                         0.26 kB │ gzip:   0.21 kB │ map:     0.80 kB
build/chunks/LightTooltip.7186c2b5.js                        0.34 kB │ gzip:   0.28 kB │ map:     1.06 kB
build/chunks/ArrowForwardIosSharp.f1eb5d6a.js                0.36 kB │ gzip:   0.29 kB │ map:     1.12 kB
build/chunks/hardwareInventory-service.b251b6e4.js           0.38 kB │ gzip:   0.30 kB │ map:     1.14 kB
build/chunks/RestartAlt.9a14c0b3.js                          0.38 kB │ gzip:   0.30 kB │ map:     0.71 kB
build/chunks/NotImplemented.fd3b3b7b.js                      0.55 kB │ gzip:   0.40 kB │ map:     1.39 kB
build/chunks/AccordianSummary.1656044b.js                    0.63 kB │ gzip:   0.44 kB │ map:     1.72 kB
build/chunks/Card.3800da24.js                                0.63 kB │ gzip:   0.43 kB │ map:     4.60 kB
build/chunks/useInterval.36990771.js                         0.71 kB │ gzip:   0.41 kB │ map:     3.67 kB
build/chunks/TimeDateInput.3a7d03ce.js                       0.88 kB │ gzip:   0.50 kB │ map:     3.03 kB
build/chunks/LineChart.003b33a6.js                           1.05 kB │ gzip:   0.66 kB │ map:     3.88 kB
build/chunks/TabPanel.fea14a2f.js                            1.14 kB │ gzip:   0.63 kB │ map:     4.33 kB
build/chunks/ModalDialogComponent.15bb497a.js                1.28 kB │ gzip:   0.71 kB │ map:     4.53 kB
build/chunks/index.ca12230e.js                               1.96 kB │ gzip:   0.65 kB │ map:     5.79 kB
build/chunks/HealthGauge.210ecadd.js                         2.37 kB │ gzip:   1.28 kB │ map:     8.47 kB
build/chunks/useSupport.58743d68.js                          2.45 kB │ gzip:   1.08 kB │ map:    10.12 kB
build/chunks/Checkbox.e9627926.js                            2.46 kB │ gzip:   1.16 kB │ map:    13.67 kB
build/chunks/radioHelper.228717d8.js                         2.58 kB │ gzip:   1.17 kB │ map:     8.50 kB
build/chunks/AuditLog.ce2dac2e.js                            3.79 kB │ gzip:   1.59 kB │ map:    14.10 kB
build/chunks/SlideUpTransition.322efc90.js                   4.03 kB │ gzip:   1.61 kB │ map:    19.76 kB
build/chunks/index.e5fe3537.js                               4.17 kB │ gzip:   1.50 kB │ map:    13.68 kB
build/chunks/Logs.f26bcf45.js                                4.79 kB │ gzip:   2.11 kB │ map:    20.72 kB
build/chunks/AccordionSummary.a809537d.js                    5.73 kB │ gzip:   1.97 kB │ map:    27.76 kB
build/chunks/ContextMenu.7b603456.js                         6.23 kB │ gzip:   2.03 kB │ map:    22.48 kB
build/chunks/useStyles.089ecbd8.js                           6.39 kB │ gzip:   2.38 kB │ map:    26.35 kB
build/chunks/web-vitals.dfcc5b9a.js                          6.98 kB │ gzip:   2.58 kB │ map:    16.56 kB
build/chunks/TablePagination.3b5658f1.js                     8.27 kB │ gzip:   3.16 kB │ map:    42.12 kB
build/chunks/DnnPanel.a1e66a28.js                            9.64 kB │ gzip:   3.65 kB │ map:    37.84 kB
build/chunks/GMap.37369c4a.js                               16.54 kB │ gzip:   5.28 kB │ map:    51.13 kB
build/chunks/Diagnostics.fe00adda.js                        23.17 kB │ gzip:   7.51 kB │ map:    88.62 kB
build/chunks/index.971fc69b.js                              41.18 kB │ gzip:  10.56 kB │ map:   154.16 kB
build/chunks/AuditLogDetails.4a24003c.js                    41.88 kB │ gzip:  13.90 kB │ map:   315.56 kB
build/chunks/RadioForm.77ac3e3b.js                          52.34 kB │ gzip:  14.60 kB │ map:   222.41 kB
build/chunks/System.c90d7f56.js                             67.04 kB │ gzip:  15.51 kB │ map:   253.45 kB
build/chunks/Calibrate.c97200bc.js                          71.72 kB │ gzip:  23.80 kB │ map:   251.10 kB
build/chunks/ReactTable.6fd4d543.js                         88.65 kB │ gzip:  27.02 kB │ map:   277.12 kB
build/chunks/Dashboard.2fc553f5.js                          90.51 kB │ gzip:  21.82 kB │ map:   520.70 kB
build/chunks/EdgesPanel.45cfe14f.js                        144.02 kB │ gzip:  33.18 kB │ map:   522.72 kB
build/chunks/RadiosPanelNew.a49109e3.js                    162.78 kB │ gzip:  40.63 kB │ map:   619.53 kB
build/chunks/SubscribersPanel.f018111e.js                  165.16 kB │ gzip:  53.50 kB │ map:   584.41 kB
build/chunks/DataGrid.b73f3152.js                          279.90 kB │ gzip:  84.66 kB │ map: 1,352.07 kB
build/chunks/highcharts.92284dbe.js                        296.73 kB │ gzip: 106.33 kB │ map:   694.32 kB
build/chunks/EditNotes.dabfee65.js                         487.47 kB │ gzip: 131.99 kB │ map: 1,668.42 kB
build/js/index.487c0fba.js                               2,137.20 kB │ gzip: 474.28 kB │ map: 5,428.67 kB

(!) Some chunks are larger than 1000 kBs after minification. Consider:
- Using dynamic import() to code-split the application
- Use build.rollupOptions.output.manualChunks to improve chunking: https://rollupjs.org/configuration-options/#output-manualchunks
- Adjust chunk size limit for this warning via build.chunkSizeWarningLimit.
✓ built in 2m 53s
Done in 175.72s.
Compilation done...
Complete at Mon Jun 19 07:33:32 AM EDT 2023
\n ************************************************** \n
Compiling at Mon Jun 19 10:30:00 AM EDT 2023
Pulling latest changes from Git...
From https://github.com/Highway9-Networks/h9-saas
   20825e4c4..2ee413fc9  vite-saasui      -> origin/vite-saasui
 * [new branch]          bhuvaneshne_8834 -> origin/bhuvaneshne_8834
   58c57ab6f..af75cd2c1  imran-automation -> origin/imran-automation
   d89a985d6..306ada26e  main             -> origin/main
 * [new branch]          private/mdighe/mocn-audit-log -> origin/private/mdighe/mocn-audit-log
   5365bd184..306ada26e  xpJain/changes   -> origin/xpJain/changes
Updating 20825e4c4..2ee413fc9
Fast-forward
 orch/orch-ui/package.json                 | 2 +-
 saas/saas-ui/package.json                 | 6 +++---
 saas/saas-ui/src/navigation/LoginPage.tsx | 5 ++---
 3 files changed, 6 insertions(+), 7 deletions(-)
Compiling the orch UI code...
Deleting build...
Folder build deleted.
Folder A is unchanged.
yarn
yarn install v1.22.19
[1/4] Resolving packages...
[2/4] Fetching packages...
[3/4] Linking dependencies...
warning " > @mui/styles@5.13.2" has incorrect peer dependency "react@^17.0.0".
warning " > @mui/x-data-grid@6.6.0" has unmet peer dependency "@mui/system@^5.4.1".
warning " > @mui/x-date-pickers@6.6.0" has unmet peer dependency "@mui/base@^5.0.0-alpha.87".
warning " > @mui/x-date-pickers@6.6.0" has unmet peer dependency "@mui/system@^5.8.0".
warning " > react-draft-wysiwyg@1.15.0" has unmet peer dependency "immutable@3.x.x || 4.x.x".
warning "react-draft-wysiwyg > draftjs-utils@0.10.2" has unmet peer dependency "immutable@3.x.x || 4.x.x".
warning "react-draft-wysiwyg > html-to-draftjs@1.5.0" has unmet peer dependency "immutable@3.x.x || 4.x.x".
warning " > @testing-library/user-event@14.4.3" has unmet peer dependency "@testing-library/dom@>=7.21.4".
[4/4] Building fresh packages...
success Saved lockfile.
Done in 21.60s.
yarn run build
yarn run v1.22.19
$ vite build
vite v4.3.9 building for production...
[plugin:vite-plugin-eslint] LintOnStart is turned on, and it will check for all matching files.
transforming...
✓ 13592 modules transformed.
rendering chunks...
computing gzip size...
build/assets/svg/pin.svg                                     0.85 kB │ gzip:   0.44 kB
build/assets/svg/current.svg                                 0.96 kB │ gzip:   0.47 kB
build/index.html                                             2.09 kB │ gzip:   1.02 kB
build/assets/svg/celltower.svg                               2.73 kB │ gzip:   1.41 kB
build/assets/svg/green-plain.svg                             3.30 kB │ gzip:   1.25 kB
build/assets/svg/pointer.svg                                 3.36 kB │ gzip:   1.27 kB
build/assets/svg/pointer-green.svg                           4.26 kB │ gzip:   1.56 kB
build/assets/svg/pointer-grey.svg                            4.26 kB │ gzip:   1.56 kB
build/assets/svg/markerA.svg                                 4.71 kB │ gzip:   1.66 kB
build/assets/woff2/roboto-vietnamese-400-normal.woff2        5.56 kB
build/assets/svg/markerB.svg                                 5.70 kB │ gzip:   2.12 kB
build/assets/woff2/roboto-greek-400-normal.woff2             7.11 kB
build/assets/svg/Radio-Indoor-Icon.svg                       7.43 kB │ gzip:   1.99 kB
build/assets/woff2/roboto-cyrillic-400-normal.woff2          9.63 kB
build/assets/woff2/roboto-latin-ext-400-normal.woff2        11.87 kB
build/assets/woff2/roboto-cyrillic-ext-400-normal.woff2     15.34 kB
build/assets/woff2/roboto-latin-400-normal.woff2            15.74 kB
build/assets/woff/roboto-all-400-normal.woff                65.46 kB
build/assets/css/SubscribersPanel.css                        0.22 kB │ gzip:   0.16 kB
build/assets/css/Diagnostics.css                             0.29 kB │ gzip:   0.21 kB
build/assets/css/Calibrate.css                               0.64 kB │ gzip:   0.40 kB
build/assets/css/ReactTable.css                              1.32 kB │ gzip:   0.56 kB
build/assets/css/index.css                                   1.77 kB │ gzip:   0.78 kB
build/assets/css/Dashboard.css                               4.02 kB │ gzip:   2.01 kB
build/assets/css/EditNotes.css                              17.96 kB │ gzip:   3.16 kB
build/chunks/QoS-service.66d6db74.js                         0.26 kB │ gzip:   0.21 kB │ map:     0.80 kB
build/chunks/LightTooltip.7186c2b5.js                        0.34 kB │ gzip:   0.28 kB │ map:     1.06 kB
build/chunks/ArrowForwardIosSharp.f1eb5d6a.js                0.36 kB │ gzip:   0.29 kB │ map:     1.12 kB
build/chunks/hardwareInventory-service.b251b6e4.js           0.38 kB │ gzip:   0.30 kB │ map:     1.14 kB
build/chunks/RestartAlt.9a14c0b3.js                          0.38 kB │ gzip:   0.30 kB │ map:     0.71 kB
build/chunks/NotImplemented.fd3b3b7b.js                      0.55 kB │ gzip:   0.40 kB │ map:     1.39 kB
build/chunks/AccordianSummary.1656044b.js                    0.63 kB │ gzip:   0.44 kB │ map:     1.72 kB
build/chunks/Card.3800da24.js                                0.63 kB │ gzip:   0.43 kB │ map:     4.60 kB
build/chunks/useInterval.36990771.js                         0.71 kB │ gzip:   0.41 kB │ map:     3.67 kB
build/chunks/TimeDateInput.3a7d03ce.js                       0.88 kB │ gzip:   0.50 kB │ map:     3.03 kB
build/chunks/LineChart.003b33a6.js                           1.05 kB │ gzip:   0.66 kB │ map:     3.88 kB
build/chunks/TabPanel.fea14a2f.js                            1.14 kB │ gzip:   0.63 kB │ map:     4.33 kB
build/chunks/ModalDialogComponent.15bb497a.js                1.28 kB │ gzip:   0.71 kB │ map:     4.53 kB
build/chunks/index.ca12230e.js                               1.96 kB │ gzip:   0.65 kB │ map:     5.79 kB
build/chunks/HealthGauge.210ecadd.js                         2.37 kB │ gzip:   1.28 kB │ map:     8.47 kB
build/chunks/useSupport.58743d68.js                          2.45 kB │ gzip:   1.08 kB │ map:    10.12 kB
build/chunks/Checkbox.e9627926.js                            2.46 kB │ gzip:   1.16 kB │ map:    13.67 kB
build/chunks/radioHelper.228717d8.js                         2.58 kB │ gzip:   1.17 kB │ map:     8.50 kB
build/chunks/AuditLog.ce2dac2e.js                            3.79 kB │ gzip:   1.59 kB │ map:    14.10 kB
build/chunks/SlideUpTransition.322efc90.js                   4.03 kB │ gzip:   1.61 kB │ map:    19.76 kB
build/chunks/index.e5fe3537.js                               4.17 kB │ gzip:   1.50 kB │ map:    13.68 kB
build/chunks/Logs.f26bcf45.js                                4.79 kB │ gzip:   2.11 kB │ map:    20.72 kB
build/chunks/AccordionSummary.a809537d.js                    5.73 kB │ gzip:   1.97 kB │ map:    27.76 kB
build/chunks/ContextMenu.7b603456.js                         6.23 kB │ gzip:   2.03 kB │ map:    22.48 kB
build/chunks/useStyles.089ecbd8.js                           6.39 kB │ gzip:   2.38 kB │ map:    26.35 kB
build/chunks/web-vitals.dfcc5b9a.js                          6.98 kB │ gzip:   2.58 kB │ map:    16.56 kB
build/chunks/TablePagination.3b5658f1.js                     8.27 kB │ gzip:   3.16 kB │ map:    42.12 kB
build/chunks/DnnPanel.a1e66a28.js                            9.64 kB │ gzip:   3.65 kB │ map:    37.84 kB
build/chunks/GMap.37369c4a.js                               16.54 kB │ gzip:   5.28 kB │ map:    51.13 kB
build/chunks/Diagnostics.fe00adda.js                        23.17 kB │ gzip:   7.51 kB │ map:    88.62 kB
build/chunks/index.971fc69b.js                              41.18 kB │ gzip:  10.56 kB │ map:   154.16 kB
build/chunks/AuditLogDetails.4a24003c.js                    41.88 kB │ gzip:  13.90 kB │ map:   315.56 kB
build/chunks/RadioForm.77ac3e3b.js                          52.34 kB │ gzip:  14.60 kB │ map:   222.41 kB
build/chunks/System.c90d7f56.js                             67.04 kB │ gzip:  15.51 kB │ map:   253.45 kB
build/chunks/Calibrate.c97200bc.js                          71.72 kB │ gzip:  23.80 kB │ map:   251.10 kB
build/chunks/ReactTable.6fd4d543.js                         88.65 kB │ gzip:  27.02 kB │ map:   277.12 kB
build/chunks/Dashboard.2fc553f5.js                          90.51 kB │ gzip:  21.82 kB │ map:   520.70 kB
build/chunks/EdgesPanel.45cfe14f.js                        144.02 kB │ gzip:  33.18 kB │ map:   522.72 kB
build/chunks/RadiosPanelNew.a49109e3.js                    162.78 kB │ gzip:  40.63 kB │ map:   619.53 kB
build/chunks/SubscribersPanel.f018111e.js                  165.16 kB │ gzip:  53.50 kB │ map:   584.41 kB
build/chunks/DataGrid.b73f3152.js                          279.90 kB │ gzip:  84.66 kB │ map: 1,352.07 kB
build/chunks/highcharts.92284dbe.js                        296.73 kB │ gzip: 106.33 kB │ map:   694.32 kB
build/chunks/EditNotes.dabfee65.js                         487.47 kB │ gzip: 131.99 kB │ map: 1,668.42 kB
build/js/index.487c0fba.js                               2,137.20 kB │ gzip: 474.28 kB │ map: 5,428.67 kB

(!) Some chunks are larger than 1000 kBs after minification. Consider:
- Using dynamic import() to code-split the application
- Use build.rollupOptions.output.manualChunks to improve chunking: https://rollupjs.org/configuration-options/#output-manualchunks
- Adjust chunk size limit for this warning via build.chunkSizeWarningLimit.
✓ built in 2m 53s
Done in 175.87s.
Compilation done...
Complete at Mon Jun 19 10:33:21 AM EDT 2023
\n ************************************************** \n
Compiling at Tue Jun 20 02:30:00 AM EDT 2023
Pulling latest changes from Git...
Already up to date.
Compiling the orch UI code...
Folder build does not exist.
Folder A is unchanged.
yarn
yarn install v1.22.19
[1/4] Resolving packages...
success Already up-to-date.
Done in 0.98s.
yarn run build
yarn run v1.22.19
$ vite build
vite v4.3.9 building for production...
[plugin:vite-plugin-eslint] LintOnStart is turned on, and it will check for all matching files.
transforming...
✓ 13592 modules transformed.
rendering chunks...
computing gzip size...
build/assets/svg/pin.svg                                     0.85 kB │ gzip:   0.44 kB
build/assets/svg/current.svg                                 0.96 kB │ gzip:   0.47 kB
build/index.html                                             2.09 kB │ gzip:   1.02 kB
build/assets/svg/celltower.svg                               2.73 kB │ gzip:   1.41 kB
build/assets/svg/green-plain.svg                             3.30 kB │ gzip:   1.25 kB
build/assets/svg/pointer.svg                                 3.36 kB │ gzip:   1.27 kB
build/assets/svg/pointer-green.svg                           4.26 kB │ gzip:   1.56 kB
build/assets/svg/pointer-grey.svg                            4.26 kB │ gzip:   1.56 kB
build/assets/svg/markerA.svg                                 4.71 kB │ gzip:   1.66 kB
build/assets/woff2/roboto-vietnamese-400-normal.woff2        5.56 kB
build/assets/svg/markerB.svg                                 5.70 kB │ gzip:   2.12 kB
build/assets/woff2/roboto-greek-400-normal.woff2             7.11 kB
build/assets/svg/Radio-Indoor-Icon.svg                       7.43 kB │ gzip:   1.99 kB
build/assets/woff2/roboto-cyrillic-400-normal.woff2          9.63 kB
build/assets/woff2/roboto-latin-ext-400-normal.woff2        11.87 kB
build/assets/woff2/roboto-cyrillic-ext-400-normal.woff2     15.34 kB
build/assets/woff2/roboto-latin-400-normal.woff2            15.74 kB
build/assets/woff/roboto-all-400-normal.woff                65.46 kB
build/assets/css/SubscribersPanel.css                        0.22 kB │ gzip:   0.16 kB
build/assets/css/Diagnostics.css                             0.29 kB │ gzip:   0.21 kB
build/assets/css/Calibrate.css                               0.64 kB │ gzip:   0.40 kB
build/assets/css/ReactTable.css                              1.32 kB │ gzip:   0.56 kB
build/assets/css/index.css                                   1.77 kB │ gzip:   0.78 kB
build/assets/css/Dashboard.css                               4.02 kB │ gzip:   2.01 kB
build/assets/css/EditNotes.css                              17.96 kB │ gzip:   3.16 kB
build/chunks/QoS-service.66d6db74.js                         0.26 kB │ gzip:   0.21 kB │ map:     0.80 kB
build/chunks/LightTooltip.7186c2b5.js                        0.34 kB │ gzip:   0.28 kB │ map:     1.06 kB
build/chunks/ArrowForwardIosSharp.f1eb5d6a.js                0.36 kB │ gzip:   0.29 kB │ map:     1.12 kB
build/chunks/hardwareInventory-service.b251b6e4.js           0.38 kB │ gzip:   0.30 kB │ map:     1.14 kB
build/chunks/RestartAlt.9a14c0b3.js                          0.38 kB │ gzip:   0.30 kB │ map:     0.71 kB
build/chunks/NotImplemented.fd3b3b7b.js                      0.55 kB │ gzip:   0.40 kB │ map:     1.39 kB
build/chunks/AccordianSummary.1656044b.js                    0.63 kB │ gzip:   0.44 kB │ map:     1.72 kB
build/chunks/Card.3800da24.js                                0.63 kB │ gzip:   0.43 kB │ map:     4.60 kB
build/chunks/useInterval.36990771.js                         0.71 kB │ gzip:   0.41 kB │ map:     3.67 kB
build/chunks/TimeDateInput.3a7d03ce.js                       0.88 kB │ gzip:   0.50 kB │ map:     3.03 kB
build/chunks/LineChart.003b33a6.js                           1.05 kB │ gzip:   0.66 kB │ map:     3.88 kB
build/chunks/TabPanel.fea14a2f.js                            1.14 kB │ gzip:   0.63 kB │ map:     4.33 kB
build/chunks/ModalDialogComponent.15bb497a.js                1.28 kB │ gzip:   0.71 kB │ map:     4.53 kB
build/chunks/index.ca12230e.js                               1.96 kB │ gzip:   0.65 kB │ map:     5.79 kB
build/chunks/HealthGauge.210ecadd.js                         2.37 kB │ gzip:   1.28 kB │ map:     8.47 kB
build/chunks/useSupport.58743d68.js                          2.45 kB │ gzip:   1.08 kB │ map:    10.12 kB
build/chunks/Checkbox.e9627926.js                            2.46 kB │ gzip:   1.16 kB │ map:    13.67 kB
build/chunks/radioHelper.228717d8.js                         2.58 kB │ gzip:   1.17 kB │ map:     8.50 kB
build/chunks/AuditLog.ce2dac2e.js                            3.79 kB │ gzip:   1.59 kB │ map:    14.10 kB
build/chunks/SlideUpTransition.322efc90.js                   4.03 kB │ gzip:   1.61 kB │ map:    19.76 kB
build/chunks/index.e5fe3537.js                               4.17 kB │ gzip:   1.50 kB │ map:    13.68 kB
build/chunks/Logs.f26bcf45.js                                4.79 kB │ gzip:   2.11 kB │ map:    20.72 kB
build/chunks/AccordionSummary.a809537d.js                    5.73 kB │ gzip:   1.97 kB │ map:    27.76 kB
build/chunks/ContextMenu.7b603456.js                         6.23 kB │ gzip:   2.03 kB │ map:    22.48 kB
build/chunks/useStyles.089ecbd8.js                           6.39 kB │ gzip:   2.38 kB │ map:    26.35 kB
build/chunks/web-vitals.dfcc5b9a.js                          6.98 kB │ gzip:   2.58 kB │ map:    16.56 kB
build/chunks/TablePagination.3b5658f1.js                     8.27 kB │ gzip:   3.16 kB │ map:    42.12 kB
build/chunks/DnnPanel.a1e66a28.js                            9.64 kB │ gzip:   3.65 kB │ map:    37.84 kB
build/chunks/GMap.37369c4a.js                               16.54 kB │ gzip:   5.28 kB │ map:    51.13 kB
build/chunks/Diagnostics.fe00adda.js                        23.17 kB │ gzip:   7.51 kB │ map:    88.62 kB
build/chunks/index.971fc69b.js                              41.18 kB │ gzip:  10.56 kB │ map:   154.16 kB
build/chunks/AuditLogDetails.4a24003c.js                    41.88 kB │ gzip:  13.90 kB │ map:   315.56 kB
build/chunks/RadioForm.77ac3e3b.js                          52.34 kB │ gzip:  14.60 kB │ map:   222.41 kB
build/chunks/System.c90d7f56.js                             67.04 kB │ gzip:  15.51 kB │ map:   253.45 kB
build/chunks/Calibrate.c97200bc.js                          71.72 kB │ gzip:  23.80 kB │ map:   251.10 kB
build/chunks/ReactTable.6fd4d543.js                         88.65 kB │ gzip:  27.02 kB │ map:   277.12 kB
build/chunks/Dashboard.2fc553f5.js                          90.51 kB │ gzip:  21.82 kB │ map:   520.70 kB
build/chunks/EdgesPanel.45cfe14f.js                        144.02 kB │ gzip:  33.18 kB │ map:   522.72 kB
build/chunks/RadiosPanelNew.a49109e3.js                    162.78 kB │ gzip:  40.63 kB │ map:   619.53 kB
build/chunks/SubscribersPanel.f018111e.js                  165.16 kB │ gzip:  53.50 kB │ map:   584.41 kB
build/chunks/DataGrid.b73f3152.js                          279.90 kB │ gzip:  84.66 kB │ map: 1,352.07 kB
build/chunks/highcharts.92284dbe.js                        296.73 kB │ gzip: 106.33 kB │ map:   694.32 kB
build/chunks/EditNotes.dabfee65.js                         487.47 kB │ gzip: 131.99 kB │ map: 1,668.42 kB
build/js/index.487c0fba.js                               2,137.20 kB │ gzip: 474.28 kB │ map: 5,428.67 kB

(!) Some chunks are larger than 1000 kBs after minification. Consider:
- Using dynamic import() to code-split the application
- Use build.rollupOptions.output.manualChunks to improve chunking: https://rollupjs.org/configuration-options/#output-manualchunks
- Adjust chunk size limit for this warning via build.chunkSizeWarningLimit.
✓ built in 2m 54s
Done in 176.86s.
Compilation done...
Complete at Tue Jun 20 02:33:00 AM EDT 2023
\n ************************************************** \n
Compiling at Tue Jun 20 07:30:01 AM EDT 2023
Pulling latest changes from Git...
From https://github.com/Highway9-Networks/h9-saas
   847d3d559..8cc3a78cc  main                    -> origin/main
 * [new branch]          Sync_Users_In_Full_Sync -> origin/Sync_Users_In_Full_Sync
 * [new branch]          bhuvaneshne_handle_ovs_upgrade -> origin/bhuvaneshne_handle_ovs_upgrade
 * [new branch]          fix/Summary_Template    -> origin/fix/Summary_Template
   c4b303113..b8424bab3  private/dileep/fixingIssues_17_05_23 -> origin/private/dileep/fixingIssues_17_05_23
 * [new branch]          private/girish/20june   -> origin/private/girish/20june
   306ada26e..64abe04d1  xpJain/changes          -> origin/xpJain/changes
Updating db18d5b1b..8cc3a78cc
Fast-forward
 common/common.mk                                   |  6 +--
 orch/helm-orch/templates/curator/curator.yaml      |  5 ++
 orch/helm-orch/templates/frps/deployment.yaml      |  5 ++
 .../templates/ngnix/h9-nginx-deployment.yaml       |  6 ++-
 orch/helm-orch/templates/orch-api/deployment.yaml  |  7 +--
 .../orch-service/orch-service-deployment.yaml      |  5 ++
 orch/helm-orch/templates/orch-ui/deployment.yaml   |  5 ++
 .../templates/postgres/postgres-db-deployment.yaml |  5 ++
 orch/orch-api/apihandler/RadiosRestHandler.go      |  6 +++
 orch/orch-api/go.mod                               |  6 +--
 .../adapters/simulator/radio_simulator_adapter.go  | 46 ++++++++++++++++--
 .../diagnosticsUeService/diagnosticsUeService.go   | 54 ++++++----------------
 orch/orch-ui/src/helpers/index.jsx                 |  2 +-
 .../views/edges/CarrierGateway/OperatorChart.jsx   | 14 ++++--
 .../views/edges/Operator/OperatorDetailsInfo.jsx   | 34 ++++++++++----
 .../src/views/edges/Operator/SECGWConfig.jsx       | 22 ++++-----
 .../templates/controller-deployment.yaml           |  6 ++-
 .../templates/elasticsearch-deployment.yaml        |  2 +-
 .../fluentd/templates/fluentd-deployment.yaml      |  6 ++-
 .../charts/kibana/templates/kibana-deployment.yaml |  6 ++-
 .../charts/nginx/templates/nginx-deployment.yaml   |  6 ++-
 .../nms/magmalte/magmalte-deployment.yaml          |  2 +
 .../nms/ngnix/nginx-proxy-deployment.yaml          |  6 ++-
 .../nms/postgres/postgres-deployment.yaml          |  6 ++-
 .../postgres/templates/postgres-deployment.yaml    |  6 ++-
 25 files changed, 187 insertions(+), 87 deletions(-)
Compiling the orch UI code...
Deleting build...
Folder build deleted.
Folder A is unchanged.
yarn
yarn install v1.22.19
[1/4] Resolving packages...
success Already up-to-date.
Done in 0.95s.
yarn run build
yarn run v1.22.19
$ vite build
vite v4.3.9 building for production...
[plugin:vite-plugin-eslint] LintOnStart is turned on, and it will check for all matching files.
transforming...
✓ 13592 modules transformed.
rendering chunks...
computing gzip size...
build/assets/svg/pin.svg                                     0.85 kB │ gzip:   0.44 kB
build/assets/svg/current.svg                                 0.96 kB │ gzip:   0.47 kB
build/index.html                                             2.09 kB │ gzip:   1.02 kB
build/assets/svg/celltower.svg                               2.73 kB │ gzip:   1.41 kB
build/assets/svg/green-plain.svg                             3.30 kB │ gzip:   1.25 kB
build/assets/svg/pointer.svg                                 3.36 kB │ gzip:   1.27 kB
build/assets/svg/pointer-green.svg                           4.26 kB │ gzip:   1.56 kB
build/assets/svg/pointer-grey.svg                            4.26 kB │ gzip:   1.56 kB
build/assets/svg/markerA.svg                                 4.71 kB │ gzip:   1.66 kB
build/assets/woff2/roboto-vietnamese-400-normal.woff2        5.56 kB
build/assets/svg/markerB.svg                                 5.70 kB │ gzip:   2.12 kB
build/assets/woff2/roboto-greek-400-normal.woff2             7.11 kB
build/assets/svg/Radio-Indoor-Icon.svg                       7.43 kB │ gzip:   1.99 kB
build/assets/woff2/roboto-cyrillic-400-normal.woff2          9.63 kB
build/assets/woff2/roboto-latin-ext-400-normal.woff2        11.87 kB
build/assets/woff2/roboto-cyrillic-ext-400-normal.woff2     15.34 kB
build/assets/woff2/roboto-latin-400-normal.woff2            15.74 kB
build/assets/woff/roboto-all-400-normal.woff                65.46 kB
build/assets/css/SubscribersPanel.css                        0.22 kB │ gzip:   0.16 kB
build/assets/css/Diagnostics.css                             0.29 kB │ gzip:   0.21 kB
build/assets/css/Calibrate.css                               0.64 kB │ gzip:   0.40 kB
build/assets/css/ReactTable.css                              1.32 kB │ gzip:   0.56 kB
build/assets/css/index.css                                   1.77 kB │ gzip:   0.78 kB
build/assets/css/Dashboard.css                               4.02 kB │ gzip:   2.01 kB
build/assets/css/EditNotes.css                              17.96 kB │ gzip:   3.16 kB
build/chunks/QoS-service.c1a0ef37.js                         0.26 kB │ gzip:   0.22 kB │ map:     0.80 kB
build/chunks/LightTooltip.8f38a796.js                        0.34 kB │ gzip:   0.28 kB │ map:     1.06 kB
build/chunks/ArrowForwardIosSharp.72a6c434.js                0.36 kB │ gzip:   0.29 kB │ map:     1.12 kB
build/chunks/hardwareInventory-service.87399b16.js           0.38 kB │ gzip:   0.30 kB │ map:     1.14 kB
build/chunks/RestartAlt.59064b0d.js                          0.38 kB │ gzip:   0.30 kB │ map:     0.71 kB
build/chunks/NotImplemented.a222642d.js                      0.55 kB │ gzip:   0.40 kB │ map:     1.39 kB
build/chunks/AccordianSummary.4a81c6ac.js                    0.63 kB │ gzip:   0.44 kB │ map:     1.72 kB
build/chunks/Card.1e4e3c20.js                                0.63 kB │ gzip:   0.43 kB │ map:     4.60 kB
build/chunks/useInterval.9e7855c3.js                         0.71 kB │ gzip:   0.41 kB │ map:     3.67 kB
build/chunks/TimeDateInput.8f07e366.js                       0.88 kB │ gzip:   0.50 kB │ map:     3.03 kB
build/chunks/LineChart.41fa0464.js                           1.05 kB │ gzip:   0.66 kB │ map:     3.88 kB
build/chunks/TabPanel.a0562c9d.js                            1.14 kB │ gzip:   0.63 kB │ map:     4.33 kB
build/chunks/ModalDialogComponent.856e14c7.js                1.28 kB │ gzip:   0.70 kB │ map:     4.53 kB
build/chunks/index.f130b8d3.js                               1.96 kB │ gzip:   0.65 kB │ map:     5.81 kB
build/chunks/HealthGauge.80aa68c6.js                         2.37 kB │ gzip:   1.29 kB │ map:     8.47 kB
build/chunks/useSupport.e03051ac.js                          2.45 kB │ gzip:   1.08 kB │ map:    10.12 kB
build/chunks/Checkbox.a40454ca.js                            2.46 kB │ gzip:   1.15 kB │ map:    13.67 kB
build/chunks/radioHelper.032bdd5a.js                         2.58 kB │ gzip:   1.17 kB │ map:     8.50 kB
build/chunks/AuditLog.b3bb940d.js                            3.79 kB │ gzip:   1.59 kB │ map:    14.10 kB
build/chunks/SlideUpTransition.dbe7fab5.js                   4.03 kB │ gzip:   1.61 kB │ map:    19.76 kB
build/chunks/index.381d80d0.js                               4.17 kB │ gzip:   1.50 kB │ map:    13.68 kB
build/chunks/Logs.3e078e33.js                                4.79 kB │ gzip:   2.11 kB │ map:    20.72 kB
build/chunks/AccordionSummary.afc8c19a.js                    5.73 kB │ gzip:   1.97 kB │ map:    27.76 kB
build/chunks/ContextMenu.f760b0d9.js                         6.23 kB │ gzip:   2.03 kB │ map:    22.48 kB
build/chunks/useStyles.09795f0d.js                           6.39 kB │ gzip:   2.38 kB │ map:    26.35 kB
build/chunks/web-vitals.dfcc5b9a.js                          6.98 kB │ gzip:   2.58 kB │ map:    16.56 kB
build/chunks/TablePagination.32b378f3.js                     8.27 kB │ gzip:   3.16 kB │ map:    42.12 kB
build/chunks/DnnPanel.6eec6102.js                            9.64 kB │ gzip:   3.65 kB │ map:    37.84 kB
build/chunks/GMap.964b236a.js                               16.54 kB │ gzip:   5.29 kB │ map:    51.13 kB
build/chunks/Diagnostics.5f1eb7a1.js                        23.17 kB │ gzip:   7.51 kB │ map:    88.62 kB
build/chunks/index.11cb74e0.js                              41.18 kB │ gzip:  10.56 kB │ map:   154.16 kB
build/chunks/AuditLogDetails.4e569417.js                    41.88 kB │ gzip:  13.90 kB │ map:   315.56 kB
build/chunks/RadioForm.f72bfdee.js                          52.34 kB │ gzip:  14.59 kB │ map:   222.41 kB
build/chunks/System.b1872f50.js                             67.04 kB │ gzip:  15.51 kB │ map:   253.45 kB
build/chunks/Calibrate.814b4d28.js                          71.72 kB │ gzip:  23.80 kB │ map:   251.10 kB
build/chunks/ReactTable.e5597725.js                         88.65 kB │ gzip:  27.02 kB │ map:   277.12 kB
build/chunks/Dashboard.b275707b.js                          90.51 kB │ gzip:  21.82 kB │ map:   520.70 kB
build/chunks/EdgesPanel.594a6cc6.js                        144.90 kB │ gzip:  33.50 kB │ map:   525.73 kB
build/chunks/RadiosPanelNew.7ebfa0f2.js                    162.78 kB │ gzip:  40.63 kB │ map:   619.53 kB
build/chunks/SubscribersPanel.9e0fd3aa.js                  165.16 kB │ gzip:  53.50 kB │ map:   584.41 kB
build/chunks/DataGrid.8b200db6.js                          279.90 kB │ gzip:  84.65 kB │ map: 1,352.07 kB
build/chunks/highcharts.f6e5d942.js                        296.73 kB │ gzip: 106.33 kB │ map:   694.32 kB
build/chunks/EditNotes.d6758453.js                         487.47 kB │ gzip: 132.00 kB │ map: 1,668.42 kB
build/js/index.ed8a3d5f.js                               2,137.20 kB │ gzip: 474.29 kB │ map: 5,428.67 kB

(!) Some chunks are larger than 1000 kBs after minification. Consider:
- Using dynamic import() to code-split the application
- Use build.rollupOptions.output.manualChunks to improve chunking: https://rollupjs.org/configuration-options/#output-manualchunks
- Adjust chunk size limit for this warning via build.chunkSizeWarningLimit.
✓ built in 2m 59s
Done in 181.31s.
Compilation done...
Complete at Tue Jun 20 07:33:07 AM EDT 2023
\n ************************************************** \n
Compiling at Tue Jun 20 10:30:00 AM EDT 2023
Pulling latest changes from Git...
From https://github.com/Highway9-Networks/h9-saas
   3004a191d..92877db2a  feature/airspan        -> origin/feature/airspan
   c6cc70d3c..d4328b4aa  private/akshay-airspan -> origin/private/akshay-airspan
   ca42dd92f..3d17b4994  private/girish/20june  -> origin/private/girish/20june
   64abe04d1..96885f524  xpJain/changes         -> origin/xpJain/changes
Updating 8cc3a78cc..d600a83c9
Fast-forward
 .../grpcClient/service/adapters/gcp/gcp.go         |  4 +-
 .../service/adapters/privateCloud/privateCloud.go  |  4 +-
 clusterAgent/grpcClient/service/client/client.go   |  1 +
 common/common.mk                                   |  2 +-
 .../processor/configurationProcessor.go            |  7 +++-
 .../saasGrpcClient/saasGrpcClientHelper.go         |  4 ++
 .../roles/agw-ami-configure/tasks/main.yaml        | 10 +++++
 .../orderFullfilmentService.go                     |  5 +--
 .../grpcServerDbHelper/grpcServerDbHelper.go       | 10 +++++
 saas/saas-common/db/dbServiceInstance.go           |  1 -
 saas/saas-common/helpers/helpers.go                | 45 ++++++++++++++++++++++
 .../orderFullfillmentService.go                    |  2 +-
 12 files changed, 83 insertions(+), 12 deletions(-)
Compiling the orch UI code...
Deleting build...
Folder build deleted.
Folder A is unchanged.
yarn
yarn install v1.22.19
[1/4] Resolving packages...
success Already up-to-date.
Done in 1.28s.
yarn run build
yarn run v1.22.19
$ vite build
vite v4.3.9 building for production...
[plugin:vite-plugin-eslint] LintOnStart is turned on, and it will check for all matching files.
transforming...
✓ 13592 modules transformed.
rendering chunks...
computing gzip size...
build/assets/svg/pin.svg                                     0.85 kB │ gzip:   0.44 kB
build/assets/svg/current.svg                                 0.96 kB │ gzip:   0.47 kB
build/index.html                                             2.09 kB │ gzip:   1.02 kB
build/assets/svg/celltower.svg                               2.73 kB │ gzip:   1.41 kB
build/assets/svg/green-plain.svg                             3.30 kB │ gzip:   1.25 kB
build/assets/svg/pointer.svg                                 3.36 kB │ gzip:   1.27 kB
build/assets/svg/pointer-green.svg                           4.26 kB │ gzip:   1.56 kB
build/assets/svg/pointer-grey.svg                            4.26 kB │ gzip:   1.56 kB
build/assets/svg/markerA.svg                                 4.71 kB │ gzip:   1.66 kB
build/assets/woff2/roboto-vietnamese-400-normal.woff2        5.56 kB
build/assets/svg/markerB.svg                                 5.70 kB │ gzip:   2.12 kB
build/assets/woff2/roboto-greek-400-normal.woff2             7.11 kB
build/assets/svg/Radio-Indoor-Icon.svg                       7.43 kB │ gzip:   1.99 kB
build/assets/woff2/roboto-cyrillic-400-normal.woff2          9.63 kB
build/assets/woff2/roboto-latin-ext-400-normal.woff2        11.87 kB
build/assets/woff2/roboto-cyrillic-ext-400-normal.woff2     15.34 kB
build/assets/woff2/roboto-latin-400-normal.woff2            15.74 kB
build/assets/woff/roboto-all-400-normal.woff                65.46 kB
build/assets/css/SubscribersPanel.css                        0.22 kB │ gzip:   0.16 kB
build/assets/css/Diagnostics.css                             0.29 kB │ gzip:   0.21 kB
build/assets/css/Calibrate.css                               0.64 kB │ gzip:   0.40 kB
build/assets/css/ReactTable.css                              1.32 kB │ gzip:   0.56 kB
build/assets/css/index.css                                   1.77 kB │ gzip:   0.78 kB
build/assets/css/Dashboard.css                               4.02 kB │ gzip:   2.01 kB
build/assets/css/EditNotes.css                              17.96 kB │ gzip:   3.16 kB
build/chunks/QoS-service.c1a0ef37.js                         0.26 kB │ gzip:   0.22 kB │ map:     0.80 kB
build/chunks/LightTooltip.8f38a796.js                        0.34 kB │ gzip:   0.28 kB │ map:     1.06 kB
build/chunks/ArrowForwardIosSharp.72a6c434.js                0.36 kB │ gzip:   0.29 kB │ map:     1.12 kB
build/chunks/hardwareInventory-service.87399b16.js           0.38 kB │ gzip:   0.30 kB │ map:     1.14 kB
build/chunks/RestartAlt.59064b0d.js                          0.38 kB │ gzip:   0.30 kB │ map:     0.71 kB
build/chunks/NotImplemented.a222642d.js                      0.55 kB │ gzip:   0.40 kB │ map:     1.39 kB
build/chunks/AccordianSummary.4a81c6ac.js                    0.63 kB │ gzip:   0.44 kB │ map:     1.72 kB
build/chunks/Card.1e4e3c20.js                                0.63 kB │ gzip:   0.43 kB │ map:     4.60 kB
build/chunks/useInterval.9e7855c3.js                         0.71 kB │ gzip:   0.41 kB │ map:     3.67 kB
build/chunks/TimeDateInput.8f07e366.js                       0.88 kB │ gzip:   0.50 kB │ map:     3.03 kB
build/chunks/LineChart.41fa0464.js                           1.05 kB │ gzip:   0.66 kB │ map:     3.88 kB
build/chunks/TabPanel.a0562c9d.js                            1.14 kB │ gzip:   0.63 kB │ map:     4.33 kB
build/chunks/ModalDialogComponent.856e14c7.js                1.28 kB │ gzip:   0.70 kB │ map:     4.53 kB
build/chunks/index.f130b8d3.js                               1.96 kB │ gzip:   0.65 kB │ map:     5.81 kB
build/chunks/HealthGauge.80aa68c6.js                         2.37 kB │ gzip:   1.29 kB │ map:     8.47 kB
build/chunks/useSupport.e03051ac.js                          2.45 kB │ gzip:   1.08 kB │ map:    10.12 kB
build/chunks/Checkbox.a40454ca.js                            2.46 kB │ gzip:   1.15 kB │ map:    13.67 kB
build/chunks/radioHelper.032bdd5a.js                         2.58 kB │ gzip:   1.17 kB │ map:     8.50 kB
build/chunks/AuditLog.b3bb940d.js                            3.79 kB │ gzip:   1.59 kB │ map:    14.10 kB
build/chunks/SlideUpTransition.dbe7fab5.js                   4.03 kB │ gzip:   1.61 kB │ map:    19.76 kB
build/chunks/index.381d80d0.js                               4.17 kB │ gzip:   1.50 kB │ map:    13.68 kB
build/chunks/Logs.3e078e33.js                                4.79 kB │ gzip:   2.11 kB │ map:    20.72 kB
build/chunks/AccordionSummary.afc8c19a.js                    5.73 kB │ gzip:   1.97 kB │ map:    27.76 kB
build/chunks/ContextMenu.f760b0d9.js                         6.23 kB │ gzip:   2.03 kB │ map:    22.48 kB
build/chunks/useStyles.09795f0d.js                           6.39 kB │ gzip:   2.38 kB │ map:    26.35 kB
build/chunks/web-vitals.dfcc5b9a.js                          6.98 kB │ gzip:   2.58 kB │ map:    16.56 kB
build/chunks/TablePagination.32b378f3.js                     8.27 kB │ gzip:   3.16 kB │ map:    42.12 kB
build/chunks/DnnPanel.6eec6102.js                            9.64 kB │ gzip:   3.65 kB │ map:    37.84 kB
build/chunks/GMap.964b236a.js                               16.54 kB │ gzip:   5.29 kB │ map:    51.13 kB
build/chunks/Diagnostics.5f1eb7a1.js                        23.17 kB │ gzip:   7.51 kB │ map:    88.62 kB
build/chunks/index.11cb74e0.js                              41.18 kB │ gzip:  10.56 kB │ map:   154.16 kB
build/chunks/AuditLogDetails.4e569417.js                    41.88 kB │ gzip:  13.90 kB │ map:   315.56 kB
build/chunks/RadioForm.f72bfdee.js                          52.34 kB │ gzip:  14.59 kB │ map:   222.41 kB
build/chunks/System.b1872f50.js                             67.04 kB │ gzip:  15.51 kB │ map:   253.45 kB
build/chunks/Calibrate.814b4d28.js                          71.72 kB │ gzip:  23.80 kB │ map:   251.10 kB
build/chunks/ReactTable.e5597725.js                         88.65 kB │ gzip:  27.02 kB │ map:   277.12 kB
build/chunks/Dashboard.b275707b.js                          90.51 kB │ gzip:  21.82 kB │ map:   520.70 kB
build/chunks/EdgesPanel.594a6cc6.js                        144.90 kB │ gzip:  33.50 kB │ map:   525.73 kB
build/chunks/RadiosPanelNew.7ebfa0f2.js                    162.78 kB │ gzip:  40.63 kB │ map:   619.53 kB
build/chunks/SubscribersPanel.9e0fd3aa.js                  165.16 kB │ gzip:  53.50 kB │ map:   584.41 kB
build/chunks/DataGrid.8b200db6.js                          279.90 kB │ gzip:  84.65 kB │ map: 1,352.07 kB
build/chunks/highcharts.f6e5d942.js                        296.73 kB │ gzip: 106.33 kB │ map:   694.32 kB
build/chunks/EditNotes.d6758453.js                         487.47 kB │ gzip: 132.00 kB │ map: 1,668.42 kB
build/js/index.ed8a3d5f.js                               2,137.20 kB │ gzip: 474.29 kB │ map: 5,428.67 kB

(!) Some chunks are larger than 1000 kBs after minification. Consider:
- Using dynamic import() to code-split the application
- Use build.rollupOptions.output.manualChunks to improve chunking: https://rollupjs.org/configuration-options/#output-manualchunks
- Adjust chunk size limit for this warning via build.chunkSizeWarningLimit.
✓ built in 2m 53s
Done in 175.82s.
Compilation done...
Complete at Tue Jun 20 10:33:00 AM EDT 2023
\n ************************************************** \n
Compiling at Wed Jun 21 02:30:00 AM EDT 2023
Pulling latest changes from Git...
From https://github.com/Highway9-Networks/h9-saas
   d600a83c9..600eab6ef  main                 -> origin/main
 * [new branch]          Configuration_IT     -> origin/Configuration_IT
 * [new branch]          bhuvaneshne-mocn     -> origin/bhuvaneshne-mocn
   973b0f21c..d137c5e91  fix/Summary_Template -> origin/fix/Summary_Template
   f28c0eeb4..e21ee933b  private/mdighe/mocn-audit-log -> origin/private/mdighe/mocn-audit-log
Updating d600a83c9..600eab6ef
Fast-forward
 .../orderFullfilmentService/orderFullfilmentService.go         | 10 ++++++----
 .../serviceInstanceOrderFullfillmentService.go                 |  3 ++-
 2 files changed, 8 insertions(+), 5 deletions(-)
Compiling the orch UI code...
Deleting build...
Folder build deleted.
Folder A is unchanged.
yarn
yarn install v1.22.19
[1/4] Resolving packages...
success Already up-to-date.
Done in 0.96s.
yarn run build
yarn run v1.22.19
$ vite build
vite v4.3.9 building for production...
[plugin:vite-plugin-eslint] LintOnStart is turned on, and it will check for all matching files.
transforming...
✓ 13592 modules transformed.
rendering chunks...
computing gzip size...
build/assets/svg/pin.svg                                     0.85 kB │ gzip:   0.44 kB
build/assets/svg/current.svg                                 0.96 kB │ gzip:   0.47 kB
build/index.html                                             2.09 kB │ gzip:   1.02 kB
build/assets/svg/celltower.svg                               2.73 kB │ gzip:   1.41 kB
build/assets/svg/green-plain.svg                             3.30 kB │ gzip:   1.25 kB
build/assets/svg/pointer.svg                                 3.36 kB │ gzip:   1.27 kB
build/assets/svg/pointer-green.svg                           4.26 kB │ gzip:   1.56 kB
build/assets/svg/pointer-grey.svg                            4.26 kB │ gzip:   1.56 kB
build/assets/svg/markerA.svg                                 4.71 kB │ gzip:   1.66 kB
build/assets/woff2/roboto-vietnamese-400-normal.woff2        5.56 kB
build/assets/svg/markerB.svg                                 5.70 kB │ gzip:   2.12 kB
build/assets/woff2/roboto-greek-400-normal.woff2             7.11 kB
build/assets/svg/Radio-Indoor-Icon.svg                       7.43 kB │ gzip:   1.99 kB
build/assets/woff2/roboto-cyrillic-400-normal.woff2          9.63 kB
build/assets/woff2/roboto-latin-ext-400-normal.woff2        11.87 kB
build/assets/woff2/roboto-cyrillic-ext-400-normal.woff2     15.34 kB
build/assets/woff2/roboto-latin-400-normal.woff2            15.74 kB
build/assets/woff/roboto-all-400-normal.woff                65.46 kB
build/assets/css/SubscribersPanel.css                        0.22 kB │ gzip:   0.16 kB
build/assets/css/Diagnostics.css                             0.29 kB │ gzip:   0.21 kB
build/assets/css/Calibrate.css                               0.64 kB │ gzip:   0.40 kB
build/assets/css/ReactTable.css                              1.32 kB │ gzip:   0.56 kB
build/assets/css/index.css                                   1.77 kB │ gzip:   0.78 kB
build/assets/css/Dashboard.css                               4.02 kB │ gzip:   2.01 kB
build/assets/css/EditNotes.css                              17.96 kB │ gzip:   3.16 kB
build/chunks/QoS-service.c1a0ef37.js                         0.26 kB │ gzip:   0.22 kB │ map:     0.80 kB
build/chunks/LightTooltip.8f38a796.js                        0.34 kB │ gzip:   0.28 kB │ map:     1.06 kB
build/chunks/ArrowForwardIosSharp.72a6c434.js                0.36 kB │ gzip:   0.29 kB │ map:     1.12 kB
build/chunks/hardwareInventory-service.87399b16.js           0.38 kB │ gzip:   0.30 kB │ map:     1.14 kB
build/chunks/RestartAlt.59064b0d.js                          0.38 kB │ gzip:   0.30 kB │ map:     0.71 kB
build/chunks/NotImplemented.a222642d.js                      0.55 kB │ gzip:   0.40 kB │ map:     1.39 kB
build/chunks/AccordianSummary.4a81c6ac.js                    0.63 kB │ gzip:   0.44 kB │ map:     1.72 kB
build/chunks/Card.1e4e3c20.js                                0.63 kB │ gzip:   0.43 kB │ map:     4.60 kB
build/chunks/useInterval.9e7855c3.js                         0.71 kB │ gzip:   0.41 kB │ map:     3.67 kB
build/chunks/TimeDateInput.8f07e366.js                       0.88 kB │ gzip:   0.50 kB │ map:     3.03 kB
build/chunks/LineChart.41fa0464.js                           1.05 kB │ gzip:   0.66 kB │ map:     3.88 kB
build/chunks/TabPanel.a0562c9d.js                            1.14 kB │ gzip:   0.63 kB │ map:     4.33 kB
build/chunks/ModalDialogComponent.856e14c7.js                1.28 kB │ gzip:   0.70 kB │ map:     4.53 kB
build/chunks/index.f130b8d3.js                               1.96 kB │ gzip:   0.65 kB │ map:     5.81 kB
build/chunks/HealthGauge.80aa68c6.js                         2.37 kB │ gzip:   1.29 kB │ map:     8.47 kB
build/chunks/useSupport.e03051ac.js                          2.45 kB │ gzip:   1.08 kB │ map:    10.12 kB
build/chunks/Checkbox.a40454ca.js                            2.46 kB │ gzip:   1.15 kB │ map:    13.67 kB
build/chunks/radioHelper.032bdd5a.js                         2.58 kB │ gzip:   1.17 kB │ map:     8.50 kB
build/chunks/AuditLog.b3bb940d.js                            3.79 kB │ gzip:   1.59 kB │ map:    14.10 kB
build/chunks/SlideUpTransition.dbe7fab5.js                   4.03 kB │ gzip:   1.61 kB │ map:    19.76 kB
build/chunks/index.381d80d0.js                               4.17 kB │ gzip:   1.50 kB │ map:    13.68 kB
build/chunks/Logs.3e078e33.js                                4.79 kB │ gzip:   2.11 kB │ map:    20.72 kB
build/chunks/AccordionSummary.afc8c19a.js                    5.73 kB │ gzip:   1.97 kB │ map:    27.76 kB
build/chunks/ContextMenu.f760b0d9.js                         6.23 kB │ gzip:   2.03 kB │ map:    22.48 kB
build/chunks/useStyles.09795f0d.js                           6.39 kB │ gzip:   2.38 kB │ map:    26.35 kB
build/chunks/web-vitals.dfcc5b9a.js                          6.98 kB │ gzip:   2.58 kB │ map:    16.56 kB
build/chunks/TablePagination.32b378f3.js                     8.27 kB │ gzip:   3.16 kB │ map:    42.12 kB
build/chunks/DnnPanel.6eec6102.js                            9.64 kB │ gzip:   3.65 kB │ map:    37.84 kB
build/chunks/GMap.964b236a.js                               16.54 kB │ gzip:   5.29 kB │ map:    51.13 kB
build/chunks/Diagnostics.5f1eb7a1.js                        23.17 kB │ gzip:   7.51 kB │ map:    88.62 kB
build/chunks/index.11cb74e0.js                              41.18 kB │ gzip:  10.56 kB │ map:   154.16 kB
build/chunks/AuditLogDetails.4e569417.js                    41.88 kB │ gzip:  13.90 kB │ map:   315.56 kB
build/chunks/RadioForm.f72bfdee.js                          52.34 kB │ gzip:  14.59 kB │ map:   222.41 kB
build/chunks/System.b1872f50.js                             67.04 kB │ gzip:  15.51 kB │ map:   253.45 kB
build/chunks/Calibrate.814b4d28.js                          71.72 kB │ gzip:  23.80 kB │ map:   251.10 kB
build/chunks/ReactTable.e5597725.js                         88.65 kB │ gzip:  27.02 kB │ map:   277.12 kB
build/chunks/Dashboard.b275707b.js                          90.51 kB │ gzip:  21.82 kB │ map:   520.70 kB
build/chunks/EdgesPanel.594a6cc6.js                        144.90 kB │ gzip:  33.50 kB │ map:   525.73 kB
build/chunks/RadiosPanelNew.7ebfa0f2.js                    162.78 kB │ gzip:  40.63 kB │ map:   619.53 kB
build/chunks/SubscribersPanel.9e0fd3aa.js                  165.16 kB │ gzip:  53.50 kB │ map:   584.41 kB
build/chunks/DataGrid.8b200db6.js                          279.90 kB │ gzip:  84.65 kB │ map: 1,352.07 kB
build/chunks/highcharts.f6e5d942.js                        296.73 kB │ gzip: 106.33 kB │ map:   694.32 kB
build/chunks/EditNotes.d6758453.js                         487.47 kB │ gzip: 132.00 kB │ map: 1,668.42 kB
build/js/index.ed8a3d5f.js                               2,137.20 kB │ gzip: 474.29 kB │ map: 5,428.67 kB

(!) Some chunks are larger than 1000 kBs after minification. Consider:
- Using dynamic import() to code-split the application
- Use build.rollupOptions.output.manualChunks to improve chunking: https://rollupjs.org/configuration-options/#output-manualchunks
- Adjust chunk size limit for this warning via build.chunkSizeWarningLimit.
✓ built in 3m 10s
Done in 193.33s.
Compilation done...
Complete at Wed Jun 21 02:33:17 AM EDT 2023
\n ************************************************** \n
Compiling at Wed Jun 21 07:30:01 AM EDT 2023
Pulling latest changes from Git...
From https://github.com/Highway9-Networks/h9-saas
   600eab6ef..f5397ec2d  main                   -> origin/main
   1861108f6..b8be1511b  balaji/mmeretry        -> origin/balaji/mmeretry
   92877db2a..6fb4aad96  feature/airspan        -> origin/feature/airspan
   af75cd2c1..da1b810ce  imran-automation       -> origin/imran-automation
   d4328b4aa..573dea01e  private/akshay-airspan -> origin/private/akshay-airspan
 * [new branch]          private/girish/21june  -> origin/private/girish/21june
   96885f524..43aeb5611  xpJain/changes         -> origin/xpJain/changes
Updating 600eab6ef..f5397ec2d
Fast-forward
 common/Makefile                                    |  5 +-
 common/nginx/firstboot.sh                          |  9 ++-
 edge/carriergw/cmpPackage/README                   | 55 +++++++++++++++-
 edge/carriergw/mocngw/README                       | 45 +++++++------
 .../carriergw/mocngw/mocngw/common/common_mocngw.h | 11 ++++
 .../mocngw/mocngw/tasks/network/network.c          |  2 +-
 .../mocngw/mocngw/tasks/network/network_util.c     | 68 +++++++++++++++++---
 .../tests/db/configurationProcessor_test.go        | 75 ++++++++++++++++++++++
 orch/orch-common/tests/db/db_test.go               |  3 +
 saas/saas-ui/src/views/order/H9MVNOOrderDialog.jsx | 41 +-----------
 10 files changed, 238 insertions(+), 76 deletions(-)
 create mode 100644 orch/orch-common/tests/db/configurationProcessor_test.go
Compiling the orch UI code...
Deleting build...
Folder build deleted.
Folder A is unchanged.
yarn
yarn install v1.22.19
[1/4] Resolving packages...
success Already up-to-date.
Done in 1.00s.
yarn run build
yarn run v1.22.19
$ vite build
vite v4.3.9 building for production...
[plugin:vite-plugin-eslint] LintOnStart is turned on, and it will check for all matching files.
transforming...
✓ 13592 modules transformed.
rendering chunks...
computing gzip size...
build/assets/svg/pin.svg                                     0.85 kB │ gzip:   0.44 kB
build/assets/svg/current.svg                                 0.96 kB │ gzip:   0.47 kB
build/index.html                                             2.09 kB │ gzip:   1.02 kB
build/assets/svg/celltower.svg                               2.73 kB │ gzip:   1.41 kB
build/assets/svg/green-plain.svg                             3.30 kB │ gzip:   1.25 kB
build/assets/svg/pointer.svg                                 3.36 kB │ gzip:   1.27 kB
build/assets/svg/pointer-green.svg                           4.26 kB │ gzip:   1.56 kB
build/assets/svg/pointer-grey.svg                            4.26 kB │ gzip:   1.56 kB
build/assets/svg/markerA.svg                                 4.71 kB │ gzip:   1.66 kB
build/assets/woff2/roboto-vietnamese-400-normal.woff2        5.56 kB
build/assets/svg/markerB.svg                                 5.70 kB │ gzip:   2.12 kB
build/assets/woff2/roboto-greek-400-normal.woff2             7.11 kB
build/assets/svg/Radio-Indoor-Icon.svg                       7.43 kB │ gzip:   1.99 kB
build/assets/woff2/roboto-cyrillic-400-normal.woff2          9.63 kB
build/assets/woff2/roboto-latin-ext-400-normal.woff2        11.87 kB
build/assets/woff2/roboto-cyrillic-ext-400-normal.woff2     15.34 kB
build/assets/woff2/roboto-latin-400-normal.woff2            15.74 kB
build/assets/woff/roboto-all-400-normal.woff                65.46 kB
build/assets/css/SubscribersPanel.css                        0.22 kB │ gzip:   0.16 kB
build/assets/css/Diagnostics.css                             0.29 kB │ gzip:   0.21 kB
build/assets/css/Calibrate.css                               0.64 kB │ gzip:   0.40 kB
build/assets/css/ReactTable.css                              1.32 kB │ gzip:   0.56 kB
build/assets/css/index.css                                   1.77 kB │ gzip:   0.78 kB
build/assets/css/Dashboard.css                               4.02 kB │ gzip:   2.01 kB
build/assets/css/EditNotes.css                              17.96 kB │ gzip:   3.16 kB
build/chunks/QoS-service.c1a0ef37.js                         0.26 kB │ gzip:   0.22 kB │ map:     0.80 kB
build/chunks/LightTooltip.8f38a796.js                        0.34 kB │ gzip:   0.28 kB │ map:     1.06 kB
build/chunks/ArrowForwardIosSharp.72a6c434.js                0.36 kB │ gzip:   0.29 kB │ map:     1.12 kB
build/chunks/hardwareInventory-service.87399b16.js           0.38 kB │ gzip:   0.30 kB │ map:     1.14 kB
build/chunks/RestartAlt.59064b0d.js                          0.38 kB │ gzip:   0.30 kB │ map:     0.71 kB
build/chunks/NotImplemented.a222642d.js                      0.55 kB │ gzip:   0.40 kB │ map:     1.39 kB
build/chunks/AccordianSummary.4a81c6ac.js                    0.63 kB │ gzip:   0.44 kB │ map:     1.72 kB
build/chunks/Card.1e4e3c20.js                                0.63 kB │ gzip:   0.43 kB │ map:     4.60 kB
build/chunks/useInterval.9e7855c3.js                         0.71 kB │ gzip:   0.41 kB │ map:     3.67 kB
build/chunks/TimeDateInput.8f07e366.js                       0.88 kB │ gzip:   0.50 kB │ map:     3.03 kB
build/chunks/LineChart.41fa0464.js                           1.05 kB │ gzip:   0.66 kB │ map:     3.88 kB
build/chunks/TabPanel.a0562c9d.js                            1.14 kB │ gzip:   0.63 kB │ map:     4.33 kB
build/chunks/ModalDialogComponent.856e14c7.js                1.28 kB │ gzip:   0.70 kB │ map:     4.53 kB
build/chunks/index.f130b8d3.js                               1.96 kB │ gzip:   0.65 kB │ map:     5.81 kB
build/chunks/HealthGauge.80aa68c6.js                         2.37 kB │ gzip:   1.29 kB │ map:     8.47 kB
build/chunks/useSupport.e03051ac.js                          2.45 kB │ gzip:   1.08 kB │ map:    10.12 kB
build/chunks/Checkbox.a40454ca.js                            2.46 kB │ gzip:   1.15 kB │ map:    13.67 kB
build/chunks/radioHelper.032bdd5a.js                         2.58 kB │ gzip:   1.17 kB │ map:     8.50 kB
build/chunks/AuditLog.b3bb940d.js                            3.79 kB │ gzip:   1.59 kB │ map:    14.10 kB
build/chunks/SlideUpTransition.dbe7fab5.js                   4.03 kB │ gzip:   1.61 kB │ map:    19.76 kB
build/chunks/index.381d80d0.js                               4.17 kB │ gzip:   1.50 kB │ map:    13.68 kB
build/chunks/Logs.3e078e33.js                                4.79 kB │ gzip:   2.11 kB │ map:    20.72 kB
build/chunks/AccordionSummary.afc8c19a.js                    5.73 kB │ gzip:   1.97 kB │ map:    27.76 kB
build/chunks/ContextMenu.f760b0d9.js                         6.23 kB │ gzip:   2.03 kB │ map:    22.48 kB
build/chunks/useStyles.09795f0d.js                           6.39 kB │ gzip:   2.38 kB │ map:    26.35 kB
build/chunks/web-vitals.dfcc5b9a.js                          6.98 kB │ gzip:   2.58 kB │ map:    16.56 kB
build/chunks/TablePagination.32b378f3.js                     8.27 kB │ gzip:   3.16 kB │ map:    42.12 kB
build/chunks/DnnPanel.6eec6102.js                            9.64 kB │ gzip:   3.65 kB │ map:    37.84 kB
build/chunks/GMap.964b236a.js                               16.54 kB │ gzip:   5.29 kB │ map:    51.13 kB
build/chunks/Diagnostics.5f1eb7a1.js                        23.17 kB │ gzip:   7.51 kB │ map:    88.62 kB
build/chunks/index.11cb74e0.js                              41.18 kB │ gzip:  10.56 kB │ map:   154.16 kB
build/chunks/AuditLogDetails.4e569417.js                    41.88 kB │ gzip:  13.90 kB │ map:   315.56 kB
build/chunks/RadioForm.f72bfdee.js                          52.34 kB │ gzip:  14.59 kB │ map:   222.41 kB
build/chunks/System.b1872f50.js                             67.04 kB │ gzip:  15.51 kB │ map:   253.45 kB
build/chunks/Calibrate.814b4d28.js                          71.72 kB │ gzip:  23.80 kB │ map:   251.10 kB
build/chunks/ReactTable.e5597725.js                         88.65 kB │ gzip:  27.02 kB │ map:   277.12 kB
build/chunks/Dashboard.b275707b.js                          90.51 kB │ gzip:  21.82 kB │ map:   520.70 kB
build/chunks/EdgesPanel.594a6cc6.js                        144.90 kB │ gzip:  33.50 kB │ map:   525.73 kB
build/chunks/RadiosPanelNew.7ebfa0f2.js                    162.78 kB │ gzip:  40.63 kB │ map:   619.53 kB
build/chunks/SubscribersPanel.9e0fd3aa.js                  165.16 kB │ gzip:  53.50 kB │ map:   584.41 kB
build/chunks/DataGrid.8b200db6.js                          279.90 kB │ gzip:  84.65 kB │ map: 1,352.07 kB
build/chunks/highcharts.f6e5d942.js                        296.73 kB │ gzip: 106.33 kB │ map:   694.32 kB
build/chunks/EditNotes.d6758453.js                         487.47 kB │ gzip: 132.00 kB │ map: 1,668.42 kB
build/js/index.ed8a3d5f.js                               2,137.20 kB │ gzip: 474.29 kB │ map: 5,428.67 kB

(!) Some chunks are larger than 1000 kBs after minification. Consider:
- Using dynamic import() to code-split the application
- Use build.rollupOptions.output.manualChunks to improve chunking: https://rollupjs.org/configuration-options/#output-manualchunks
- Adjust chunk size limit for this warning via build.chunkSizeWarningLimit.
✓ built in 2m 41s
Done in 163.73s.
Compilation done...
Complete at Wed Jun 21 07:32:49 AM EDT 2023
\n ************************************************** \n
Compiling at Wed Jun 21 10:30:00 AM EDT 2023
Pulling latest changes from Git...
From https://github.com/Highway9-Networks/h9-saas
 * [new branch]          nidhi/mocn_simulator -> origin/nidhi/mocn_simulator
   43aeb5611..d28adc21c  xpJain/changes       -> origin/xpJain/changes
Already up to date.
Compiling the orch UI code...
Deleting build...
Folder build deleted.
Folder A is unchanged.
yarn
yarn install v1.22.19
[1/4] Resolving packages...
success Already up-to-date.
Done in 0.72s.
yarn run build
yarn run v1.22.19
$ vite build
vite v4.3.9 building for production...
[plugin:vite-plugin-eslint] LintOnStart is turned on, and it will check for all matching files.
transforming...
✓ 13592 modules transformed.
rendering chunks...
computing gzip size...
build/assets/svg/pin.svg                                     0.85 kB │ gzip:   0.44 kB
build/assets/svg/current.svg                                 0.96 kB │ gzip:   0.47 kB
build/index.html                                             2.09 kB │ gzip:   1.02 kB
build/assets/svg/celltower.svg                               2.73 kB │ gzip:   1.41 kB
build/assets/svg/green-plain.svg                             3.30 kB │ gzip:   1.25 kB
build/assets/svg/pointer.svg                                 3.36 kB │ gzip:   1.27 kB
build/assets/svg/pointer-green.svg                           4.26 kB │ gzip:   1.56 kB
build/assets/svg/pointer-grey.svg                            4.26 kB │ gzip:   1.56 kB
build/assets/svg/markerA.svg                                 4.71 kB │ gzip:   1.66 kB
build/assets/woff2/roboto-vietnamese-400-normal.woff2        5.56 kB
build/assets/svg/markerB.svg                                 5.70 kB │ gzip:   2.12 kB
build/assets/woff2/roboto-greek-400-normal.woff2             7.11 kB
build/assets/svg/Radio-Indoor-Icon.svg                       7.43 kB │ gzip:   1.99 kB
build/assets/woff2/roboto-cyrillic-400-normal.woff2          9.63 kB
build/assets/woff2/roboto-latin-ext-400-normal.woff2        11.87 kB
build/assets/woff2/roboto-cyrillic-ext-400-normal.woff2     15.34 kB
build/assets/woff2/roboto-latin-400-normal.woff2            15.74 kB
build/assets/woff/roboto-all-400-normal.woff                65.46 kB
build/assets/css/SubscribersPanel.css                        0.22 kB │ gzip:   0.16 kB
build/assets/css/Diagnostics.css                             0.29 kB │ gzip:   0.21 kB
build/assets/css/Calibrate.css                               0.64 kB │ gzip:   0.40 kB
build/assets/css/ReactTable.css                              1.32 kB │ gzip:   0.56 kB
build/assets/css/index.css                                   1.77 kB │ gzip:   0.78 kB
build/assets/css/Dashboard.css                               4.02 kB │ gzip:   2.01 kB
build/assets/css/EditNotes.css                              17.96 kB │ gzip:   3.16 kB
build/chunks/QoS-service.c1a0ef37.js                         0.26 kB │ gzip:   0.22 kB │ map:     0.80 kB
build/chunks/LightTooltip.8f38a796.js                        0.34 kB │ gzip:   0.28 kB │ map:     1.06 kB
build/chunks/ArrowForwardIosSharp.72a6c434.js                0.36 kB │ gzip:   0.29 kB │ map:     1.12 kB
build/chunks/hardwareInventory-service.87399b16.js           0.38 kB │ gzip:   0.30 kB │ map:     1.14 kB
build/chunks/RestartAlt.59064b0d.js                          0.38 kB │ gzip:   0.30 kB │ map:     0.71 kB
build/chunks/NotImplemented.a222642d.js                      0.55 kB │ gzip:   0.40 kB │ map:     1.39 kB
build/chunks/AccordianSummary.4a81c6ac.js                    0.63 kB │ gzip:   0.44 kB │ map:     1.72 kB
build/chunks/Card.1e4e3c20.js                                0.63 kB │ gzip:   0.43 kB │ map:     4.60 kB
build/chunks/useInterval.9e7855c3.js                         0.71 kB │ gzip:   0.41 kB │ map:     3.67 kB
build/chunks/TimeDateInput.8f07e366.js                       0.88 kB │ gzip:   0.50 kB │ map:     3.03 kB
build/chunks/LineChart.41fa0464.js                           1.05 kB │ gzip:   0.66 kB │ map:     3.88 kB
build/chunks/TabPanel.a0562c9d.js                            1.14 kB │ gzip:   0.63 kB │ map:     4.33 kB
build/chunks/ModalDialogComponent.856e14c7.js                1.28 kB │ gzip:   0.70 kB │ map:     4.53 kB
build/chunks/index.f130b8d3.js                               1.96 kB │ gzip:   0.65 kB │ map:     5.81 kB
build/chunks/HealthGauge.80aa68c6.js                         2.37 kB │ gzip:   1.29 kB │ map:     8.47 kB
build/chunks/useSupport.e03051ac.js                          2.45 kB │ gzip:   1.08 kB │ map:    10.12 kB
build/chunks/Checkbox.a40454ca.js                            2.46 kB │ gzip:   1.15 kB │ map:    13.67 kB
build/chunks/radioHelper.032bdd5a.js                         2.58 kB │ gzip:   1.17 kB │ map:     8.50 kB
build/chunks/AuditLog.b3bb940d.js                            3.79 kB │ gzip:   1.59 kB │ map:    14.10 kB
build/chunks/SlideUpTransition.dbe7fab5.js                   4.03 kB │ gzip:   1.61 kB │ map:    19.76 kB
build/chunks/index.381d80d0.js                               4.17 kB │ gzip:   1.50 kB │ map:    13.68 kB
build/chunks/Logs.3e078e33.js                                4.79 kB │ gzip:   2.11 kB │ map:    20.72 kB
build/chunks/AccordionSummary.afc8c19a.js                    5.73 kB │ gzip:   1.97 kB │ map:    27.76 kB
build/chunks/ContextMenu.f760b0d9.js                         6.23 kB │ gzip:   2.03 kB │ map:    22.48 kB
build/chunks/useStyles.09795f0d.js                           6.39 kB │ gzip:   2.38 kB │ map:    26.35 kB
build/chunks/web-vitals.dfcc5b9a.js                          6.98 kB │ gzip:   2.58 kB │ map:    16.56 kB
build/chunks/TablePagination.32b378f3.js                     8.27 kB │ gzip:   3.16 kB │ map:    42.12 kB
build/chunks/DnnPanel.6eec6102.js                            9.64 kB │ gzip:   3.65 kB │ map:    37.84 kB
build/chunks/GMap.964b236a.js                               16.54 kB │ gzip:   5.29 kB │ map:    51.13 kB
build/chunks/Diagnostics.5f1eb7a1.js                        23.17 kB │ gzip:   7.51 kB │ map:    88.62 kB
build/chunks/index.11cb74e0.js                              41.18 kB │ gzip:  10.56 kB │ map:   154.16 kB
build/chunks/AuditLogDetails.4e569417.js                    41.88 kB │ gzip:  13.90 kB │ map:   315.56 kB
build/chunks/RadioForm.f72bfdee.js                          52.34 kB │ gzip:  14.59 kB │ map:   222.41 kB
build/chunks/System.b1872f50.js                             67.04 kB │ gzip:  15.51 kB │ map:   253.45 kB
build/chunks/Calibrate.814b4d28.js                          71.72 kB │ gzip:  23.80 kB │ map:   251.10 kB
build/chunks/ReactTable.e5597725.js                         88.65 kB │ gzip:  27.02 kB │ map:   277.12 kB
build/chunks/Dashboard.b275707b.js                          90.51 kB │ gzip:  21.82 kB │ map:   520.70 kB
build/chunks/EdgesPanel.594a6cc6.js                        144.90 kB │ gzip:  33.50 kB │ map:   525.73 kB
build/chunks/RadiosPanelNew.7ebfa0f2.js                    162.78 kB │ gzip:  40.63 kB │ map:   619.53 kB
build/chunks/SubscribersPanel.9e0fd3aa.js                  165.16 kB │ gzip:  53.50 kB │ map:   584.41 kB
build/chunks/DataGrid.8b200db6.js                          279.90 kB │ gzip:  84.65 kB │ map: 1,352.07 kB
build/chunks/highcharts.f6e5d942.js                        296.73 kB │ gzip: 106.33 kB │ map:   694.32 kB
build/chunks/EditNotes.d6758453.js                         487.47 kB │ gzip: 132.00 kB │ map: 1,668.42 kB
build/js/index.ed8a3d5f.js                               2,137.20 kB │ gzip: 474.29 kB │ map: 5,428.67 kB

(!) Some chunks are larger than 1000 kBs after minification. Consider:
- Using dynamic import() to code-split the application
- Use build.rollupOptions.output.manualChunks to improve chunking: https://rollupjs.org/configuration-options/#output-manualchunks
- Adjust chunk size limit for this warning via build.chunkSizeWarningLimit.
✓ built in 2m 42s
Done in 164.55s.
Compilation done...
Complete at Wed Jun 21 10:32:48 AM EDT 2023
\n ************************************************** \n
Compiling at Thu Jun 22 02:30:00 AM EDT 2023
Pulling latest changes from Git...
From https://github.com/Highway9-Networks/h9-saas
   b8be1511b..f5397ec2d  balaji/mmeretry      -> origin/balaji/mmeretry
   09c54cc2f..133de6c8f  feature/ushiva_new   -> origin/feature/ushiva_new
   da1b810ce..6821dc3e2  imran-automation     -> origin/imran-automation
   8ca8827fc..eb4042d9c  nidhi/mocn_simulator -> origin/nidhi/mocn_simulator
 * [new branch]          pingmon_excel        -> origin/pingmon_excel
   e21ee933b..b4c6d1765  private/mdighe/mocn-audit-log -> origin/private/mdighe/mocn-audit-log
Already up to date.
Compiling the orch UI code...
Deleting build...
Folder build deleted.
Folder A is unchanged.
yarn
yarn install v1.22.19
[1/4] Resolving packages...
success Already up-to-date.
Done in 1.05s.
yarn run build
yarn run v1.22.19
$ vite build
vite v4.3.9 building for production...
[plugin:vite-plugin-eslint] LintOnStart is turned on, and it will check for all matching files.
transforming...
✓ 13592 modules transformed.
rendering chunks...
computing gzip size...
build/assets/svg/pin.svg                                     0.85 kB │ gzip:   0.44 kB
build/assets/svg/current.svg                                 0.96 kB │ gzip:   0.47 kB
build/index.html                                             2.09 kB │ gzip:   1.02 kB
build/assets/svg/celltower.svg                               2.73 kB │ gzip:   1.41 kB
build/assets/svg/green-plain.svg                             3.30 kB │ gzip:   1.25 kB
build/assets/svg/pointer.svg                                 3.36 kB │ gzip:   1.27 kB
build/assets/svg/pointer-grey.svg                            4.26 kB │ gzip:   1.56 kB
build/assets/svg/pointer-green.svg                           4.26 kB │ gzip:   1.56 kB
build/assets/svg/markerA.svg                                 4.71 kB │ gzip:   1.66 kB
build/assets/woff2/roboto-vietnamese-400-normal.woff2        5.56 kB
build/assets/svg/markerB.svg                                 5.70 kB │ gzip:   2.12 kB
build/assets/woff2/roboto-greek-400-normal.woff2             7.11 kB
build/assets/svg/Radio-Indoor-Icon.svg                       7.43 kB │ gzip:   1.99 kB
build/assets/woff2/roboto-cyrillic-400-normal.woff2          9.63 kB
build/assets/woff2/roboto-latin-ext-400-normal.woff2        11.87 kB
build/assets/woff2/roboto-cyrillic-ext-400-normal.woff2     15.34 kB
build/assets/woff2/roboto-latin-400-normal.woff2            15.74 kB
build/assets/woff/roboto-all-400-normal.woff                65.46 kB
build/assets/css/SubscribersPanel.css                        0.22 kB │ gzip:   0.16 kB
build/assets/css/Diagnostics.css                             0.29 kB │ gzip:   0.21 kB
build/assets/css/Calibrate.css                               0.64 kB │ gzip:   0.40 kB
build/assets/css/ReactTable.css                              1.32 kB │ gzip:   0.56 kB
build/assets/css/index.css                                   1.77 kB │ gzip:   0.78 kB
build/assets/css/Dashboard.css                               4.02 kB │ gzip:   2.01 kB
build/assets/css/EditNotes.css                              17.96 kB │ gzip:   3.16 kB
build/chunks/QoS-service.c1a0ef37.js                         0.26 kB │ gzip:   0.22 kB │ map:     0.80 kB
build/chunks/LightTooltip.8f38a796.js                        0.34 kB │ gzip:   0.28 kB │ map:     1.06 kB
build/chunks/ArrowForwardIosSharp.72a6c434.js                0.36 kB │ gzip:   0.29 kB │ map:     1.12 kB
build/chunks/hardwareInventory-service.87399b16.js           0.38 kB │ gzip:   0.30 kB │ map:     1.14 kB
build/chunks/RestartAlt.59064b0d.js                          0.38 kB │ gzip:   0.30 kB │ map:     0.71 kB
build/chunks/NotImplemented.a222642d.js                      0.55 kB │ gzip:   0.40 kB │ map:     1.39 kB
build/chunks/AccordianSummary.4a81c6ac.js                    0.63 kB │ gzip:   0.44 kB │ map:     1.72 kB
build/chunks/Card.1e4e3c20.js                                0.63 kB │ gzip:   0.43 kB │ map:     4.60 kB
build/chunks/useInterval.9e7855c3.js                         0.71 kB │ gzip:   0.41 kB │ map:     3.67 kB
build/chunks/TimeDateInput.8f07e366.js                       0.88 kB │ gzip:   0.50 kB │ map:     3.03 kB
build/chunks/LineChart.41fa0464.js                           1.05 kB │ gzip:   0.66 kB │ map:     3.88 kB
build/chunks/TabPanel.a0562c9d.js                            1.14 kB │ gzip:   0.63 kB │ map:     4.33 kB
build/chunks/ModalDialogComponent.856e14c7.js                1.28 kB │ gzip:   0.70 kB │ map:     4.53 kB
build/chunks/index.f130b8d3.js                               1.96 kB │ gzip:   0.65 kB │ map:     5.81 kB
build/chunks/HealthGauge.80aa68c6.js                         2.37 kB │ gzip:   1.29 kB │ map:     8.47 kB
build/chunks/useSupport.e03051ac.js                          2.45 kB │ gzip:   1.08 kB │ map:    10.12 kB
build/chunks/Checkbox.a40454ca.js                            2.46 kB │ gzip:   1.15 kB │ map:    13.67 kB
build/chunks/radioHelper.032bdd5a.js                         2.58 kB │ gzip:   1.17 kB │ map:     8.50 kB
build/chunks/AuditLog.b3bb940d.js                            3.79 kB │ gzip:   1.59 kB │ map:    14.10 kB
build/chunks/SlideUpTransition.dbe7fab5.js                   4.03 kB │ gzip:   1.61 kB │ map:    19.76 kB
build/chunks/index.381d80d0.js                               4.17 kB │ gzip:   1.50 kB │ map:    13.68 kB
build/chunks/Logs.3e078e33.js                                4.79 kB │ gzip:   2.11 kB │ map:    20.72 kB
build/chunks/AccordionSummary.afc8c19a.js                    5.73 kB │ gzip:   1.97 kB │ map:    27.76 kB
build/chunks/ContextMenu.f760b0d9.js                         6.23 kB │ gzip:   2.03 kB │ map:    22.48 kB
build/chunks/useStyles.09795f0d.js                           6.39 kB │ gzip:   2.38 kB │ map:    26.35 kB
build/chunks/web-vitals.dfcc5b9a.js                          6.98 kB │ gzip:   2.58 kB │ map:    16.56 kB
build/chunks/TablePagination.32b378f3.js                     8.27 kB │ gzip:   3.16 kB │ map:    42.12 kB
build/chunks/DnnPanel.6eec6102.js                            9.64 kB │ gzip:   3.65 kB │ map:    37.84 kB
build/chunks/GMap.964b236a.js                               16.54 kB │ gzip:   5.29 kB │ map:    51.13 kB
build/chunks/Diagnostics.5f1eb7a1.js                        23.17 kB │ gzip:   7.51 kB │ map:    88.62 kB
build/chunks/index.11cb74e0.js                              41.18 kB │ gzip:  10.56 kB │ map:   154.16 kB
build/chunks/AuditLogDetails.4e569417.js                    41.88 kB │ gzip:  13.90 kB │ map:   315.56 kB
build/chunks/RadioForm.f72bfdee.js                          52.34 kB │ gzip:  14.59 kB │ map:   222.41 kB
build/chunks/System.b1872f50.js                             67.04 kB │ gzip:  15.51 kB │ map:   253.45 kB
build/chunks/Calibrate.814b4d28.js                          71.72 kB │ gzip:  23.80 kB │ map:   251.10 kB
build/chunks/ReactTable.e5597725.js                         88.65 kB │ gzip:  27.02 kB │ map:   277.12 kB
build/chunks/Dashboard.b275707b.js                          90.51 kB │ gzip:  21.82 kB │ map:   520.70 kB
build/chunks/EdgesPanel.594a6cc6.js                        144.90 kB │ gzip:  33.50 kB │ map:   525.73 kB
build/chunks/RadiosPanelNew.7ebfa0f2.js                    162.78 kB │ gzip:  40.63 kB │ map:   619.53 kB
build/chunks/SubscribersPanel.9e0fd3aa.js                  165.16 kB │ gzip:  53.50 kB │ map:   584.41 kB
build/chunks/DataGrid.8b200db6.js                          279.90 kB │ gzip:  84.65 kB │ map: 1,352.07 kB
build/chunks/highcharts.f6e5d942.js                        296.73 kB │ gzip: 106.33 kB │ map:   694.32 kB
build/chunks/EditNotes.d6758453.js                         487.47 kB │ gzip: 132.00 kB │ map: 1,668.42 kB
build/js/index.ed8a3d5f.js                               2,137.20 kB │ gzip: 474.29 kB │ map: 5,428.67 kB

(!) Some chunks are larger than 1000 kBs after minification. Consider:
- Using dynamic import() to code-split the application
- Use build.rollupOptions.output.manualChunks to improve chunking: https://rollupjs.org/configuration-options/#output-manualchunks
- Adjust chunk size limit for this warning via build.chunkSizeWarningLimit.
✓ built in 2m 59s
Done in 182.73s.
Compilation done...
Complete at Thu Jun 22 02:33:08 AM EDT 2023
\n ************************************************** \n
Compiling at Thu Jun 22 07:30:01 AM EDT 2023
Pulling latest changes from Git...
From https://github.com/Highway9-Networks/h9-saas
   f5397ec2d..8b3cc589b  main                  -> origin/main
   f5397ec2d..560ee8395  balaji/mmeretry       -> origin/balaji/mmeretry
   133de6c8f..d09d43c56  feature/ushiva_new    -> origin/feature/ushiva_new
   d137c5e91..c35c3e2fc  fix/Summary_Template  -> origin/fix/Summary_Template
   6821dc3e2..d0ee9cb7b  imran-automation      -> origin/imran-automation
   17ab10c0a..6800be3d1  main-prod             -> origin/main-prod
   2f55c88a8..290e0e962  private/akshay-new-27 -> origin/private/akshay-new-27
   76a484eae..23927f233  private/akshay-new-28 -> origin/private/akshay-new-28
   b4c6d1765..2fbdc467c  private/mdighe/mocn-audit-log -> origin/private/mdighe/mocn-audit-log
 * [new branch]          private/mdighe/rsyslog-fix -> origin/private/mdighe/rsyslog-fix
 * [new branch]          private/rel-prod-sync -> origin/private/rel-prod-sync
   8730d37e5..86006e2b0  vikram_mocngw         -> origin/vikram_mocngw
Updating f5397ec2d..8b3cc589b
Fast-forward
 common/adapters/baicells/baicells.go               |  37 ++++++++-
 common/common.mk                                   |   2 +-
 .../carriergw/mocngw/mocngw/common/common_mocngw.h |  10 ++-
 edge/carriergw/mocngw/mocngw/inc/mme_config.h      |   1 +
 edge/carriergw/mocngw/mocngw/tasks/access/access.c |  47 +++++++-----
 .../mocngw/mocngw/tasks/access/access_encoder.c    |  40 ++++++----
 edge/carriergw/mocngw/mocngw/tasks/config/config.c |  32 +++-----
 .../mocngw/mocngw/tasks/network/network.c          |  20 ++++-
 .../mocngw/mocngw/tasks/network/network_encoder.c  |  53 ++++++++-----
 .../mocngw/mocngw/tasks/s1ap/s1ap_dummy.c          |  57 +++++++++++---
 .../mocngw/mocngw/tasks/s1ap/s1ap_mme_handlers.c   |  37 ++++++---
 orch/orch-common/constants/timers.go               |   2 +-
 .../roles/agw-ami-configure/tasks/main.yaml        |   9 +++
 .../pingmon/build_pingmon_report_excel.py          |  68 +++++++++++++++++
 .../scripts/edge-scripts/pingmon/ping_log.py       |  84 +++++++++++++++++++--
 .../edge-scripts/pingmon/pingmon_template.xlsx.gz  | Bin 0 -> 1472805 bytes
 .../edge-scripts/pingmon/print_pingmon_excel.py    |  24 ++++++
 17 files changed, 417 insertions(+), 106 deletions(-)
 create mode 100644 orch/orch-service/scripts/edge-scripts/pingmon/build_pingmon_report_excel.py
 create mode 100644 orch/orch-service/scripts/edge-scripts/pingmon/pingmon_template.xlsx.gz
 create mode 100644 orch/orch-service/scripts/edge-scripts/pingmon/print_pingmon_excel.py
Compiling the orch UI code...
Deleting build...
Folder build deleted.
Folder A is unchanged.
yarn
yarn install v1.22.19
[1/4] Resolving packages...
success Already up-to-date.
Done in 0.76s.
yarn run build
yarn run v1.22.19
$ vite build
vite v4.3.9 building for production...
[plugin:vite-plugin-eslint] LintOnStart is turned on, and it will check for all matching files.
transforming...
✓ 13592 modules transformed.
rendering chunks...
computing gzip size...
build/assets/svg/pin.svg                                     0.85 kB │ gzip:   0.44 kB
build/assets/svg/current.svg                                 0.96 kB │ gzip:   0.47 kB
build/index.html                                             2.09 kB │ gzip:   1.02 kB
build/assets/svg/celltower.svg                               2.73 kB │ gzip:   1.41 kB
build/assets/svg/green-plain.svg                             3.30 kB │ gzip:   1.25 kB
build/assets/svg/pointer.svg                                 3.36 kB │ gzip:   1.27 kB
build/assets/svg/pointer-green.svg                           4.26 kB │ gzip:   1.56 kB
build/assets/svg/pointer-grey.svg                            4.26 kB │ gzip:   1.56 kB
build/assets/svg/markerA.svg                                 4.71 kB │ gzip:   1.66 kB
build/assets/woff2/roboto-vietnamese-400-normal.woff2        5.56 kB
build/assets/svg/markerB.svg                                 5.70 kB │ gzip:   2.12 kB
build/assets/woff2/roboto-greek-400-normal.woff2             7.11 kB
build/assets/svg/Radio-Indoor-Icon.svg                       7.43 kB │ gzip:   1.99 kB
build/assets/woff2/roboto-cyrillic-400-normal.woff2          9.63 kB
build/assets/woff2/roboto-latin-ext-400-normal.woff2        11.87 kB
build/assets/woff2/roboto-cyrillic-ext-400-normal.woff2     15.34 kB
build/assets/woff2/roboto-latin-400-normal.woff2            15.74 kB
build/assets/woff/roboto-all-400-normal.woff                65.46 kB
build/assets/css/SubscribersPanel.css                        0.22 kB │ gzip:   0.16 kB
build/assets/css/Diagnostics.css                             0.29 kB │ gzip:   0.21 kB
build/assets/css/Calibrate.css                               0.64 kB │ gzip:   0.40 kB
build/assets/css/ReactTable.css                              1.32 kB │ gzip:   0.56 kB
build/assets/css/index.css                                   1.77 kB │ gzip:   0.78 kB
build/assets/css/Dashboard.css                               4.02 kB │ gzip:   2.01 kB
build/assets/css/EditNotes.css                              17.96 kB │ gzip:   3.16 kB
build/chunks/QoS-service.c1a0ef37.js                         0.26 kB │ gzip:   0.22 kB │ map:     0.80 kB
build/chunks/LightTooltip.8f38a796.js                        0.34 kB │ gzip:   0.28 kB │ map:     1.06 kB
build/chunks/ArrowForwardIosSharp.72a6c434.js                0.36 kB │ gzip:   0.29 kB │ map:     1.12 kB
build/chunks/hardwareInventory-service.87399b16.js           0.38 kB │ gzip:   0.30 kB │ map:     1.14 kB
build/chunks/RestartAlt.59064b0d.js                          0.38 kB │ gzip:   0.30 kB │ map:     0.71 kB
build/chunks/NotImplemented.a222642d.js                      0.55 kB │ gzip:   0.40 kB │ map:     1.39 kB
build/chunks/AccordianSummary.4a81c6ac.js                    0.63 kB │ gzip:   0.44 kB │ map:     1.72 kB
build/chunks/Card.1e4e3c20.js                                0.63 kB │ gzip:   0.43 kB │ map:     4.60 kB
build/chunks/useInterval.9e7855c3.js                         0.71 kB │ gzip:   0.41 kB │ map:     3.67 kB
build/chunks/TimeDateInput.8f07e366.js                       0.88 kB │ gzip:   0.50 kB │ map:     3.03 kB
build/chunks/LineChart.41fa0464.js                           1.05 kB │ gzip:   0.66 kB │ map:     3.88 kB
build/chunks/TabPanel.a0562c9d.js                            1.14 kB │ gzip:   0.63 kB │ map:     4.33 kB
build/chunks/ModalDialogComponent.856e14c7.js                1.28 kB │ gzip:   0.70 kB │ map:     4.53 kB
build/chunks/index.f130b8d3.js                               1.96 kB │ gzip:   0.65 kB │ map:     5.81 kB
build/chunks/HealthGauge.80aa68c6.js                         2.37 kB │ gzip:   1.29 kB │ map:     8.47 kB
build/chunks/useSupport.e03051ac.js                          2.45 kB │ gzip:   1.08 kB │ map:    10.12 kB
build/chunks/Checkbox.a40454ca.js                            2.46 kB │ gzip:   1.15 kB │ map:    13.67 kB
build/chunks/radioHelper.032bdd5a.js                         2.58 kB │ gzip:   1.17 kB │ map:     8.50 kB
build/chunks/AuditLog.b3bb940d.js                            3.79 kB │ gzip:   1.59 kB │ map:    14.10 kB
build/chunks/SlideUpTransition.dbe7fab5.js                   4.03 kB │ gzip:   1.61 kB │ map:    19.76 kB
build/chunks/index.381d80d0.js                               4.17 kB │ gzip:   1.50 kB │ map:    13.68 kB
build/chunks/Logs.3e078e33.js                                4.79 kB │ gzip:   2.11 kB │ map:    20.72 kB
build/chunks/AccordionSummary.afc8c19a.js                    5.73 kB │ gzip:   1.97 kB │ map:    27.76 kB
build/chunks/ContextMenu.f760b0d9.js                         6.23 kB │ gzip:   2.03 kB │ map:    22.48 kB
build/chunks/useStyles.09795f0d.js                           6.39 kB │ gzip:   2.38 kB │ map:    26.35 kB
build/chunks/web-vitals.dfcc5b9a.js                          6.98 kB │ gzip:   2.58 kB │ map:    16.56 kB
build/chunks/TablePagination.32b378f3.js                     8.27 kB │ gzip:   3.16 kB │ map:    42.12 kB
build/chunks/DnnPanel.6eec6102.js                            9.64 kB │ gzip:   3.65 kB │ map:    37.84 kB
build/chunks/GMap.964b236a.js                               16.54 kB │ gzip:   5.29 kB │ map:    51.13 kB
build/chunks/Diagnostics.5f1eb7a1.js                        23.17 kB │ gzip:   7.51 kB │ map:    88.62 kB
build/chunks/index.11cb74e0.js                              41.18 kB │ gzip:  10.56 kB │ map:   154.16 kB
build/chunks/AuditLogDetails.4e569417.js                    41.88 kB │ gzip:  13.90 kB │ map:   315.56 kB
build/chunks/RadioForm.f72bfdee.js                          52.34 kB │ gzip:  14.59 kB │ map:   222.41 kB
build/chunks/System.b1872f50.js                             67.04 kB │ gzip:  15.51 kB │ map:   253.45 kB
build/chunks/Calibrate.814b4d28.js                          71.72 kB │ gzip:  23.80 kB │ map:   251.10 kB
build/chunks/ReactTable.e5597725.js                         88.65 kB │ gzip:  27.02 kB │ map:   277.12 kB
build/chunks/Dashboard.b275707b.js                          90.51 kB │ gzip:  21.82 kB │ map:   520.70 kB
build/chunks/EdgesPanel.594a6cc6.js                        144.90 kB │ gzip:  33.50 kB │ map:   525.73 kB
build/chunks/RadiosPanelNew.7ebfa0f2.js                    162.78 kB │ gzip:  40.63 kB │ map:   619.53 kB
build/chunks/SubscribersPanel.9e0fd3aa.js                  165.16 kB │ gzip:  53.50 kB │ map:   584.41 kB
build/chunks/DataGrid.8b200db6.js                          279.90 kB │ gzip:  84.65 kB │ map: 1,352.07 kB
build/chunks/highcharts.f6e5d942.js                        296.73 kB │ gzip: 106.33 kB │ map:   694.32 kB
build/chunks/EditNotes.d6758453.js                         487.47 kB │ gzip: 132.00 kB │ map: 1,668.42 kB
build/js/index.ed8a3d5f.js                               2,137.20 kB │ gzip: 474.29 kB │ map: 5,428.67 kB

(!) Some chunks are larger than 1000 kBs after minification. Consider:
- Using dynamic import() to code-split the application
- Use build.rollupOptions.output.manualChunks to improve chunking: https://rollupjs.org/configuration-options/#output-manualchunks
- Adjust chunk size limit for this warning via build.chunkSizeWarningLimit.
✓ built in 2m 58s
Done in 180.40s.
Compilation done...
Complete at Thu Jun 22 07:33:08 AM EDT 2023
\n ************************************************** \n
Compiling at Thu Jun 22 10:30:00 AM EDT 2023
Pulling latest changes from Git...
From https://github.com/Highway9-Networks/h9-saas
   8b3cc589b..24a0367b4  main                  -> origin/main
   290e0e962..ccc8ebee6  private/akshay-new-27 -> origin/private/akshay-new-27
   23927f233..ac6099fda  private/akshay-new-28 -> origin/private/akshay-new-28
   b8424bab3..c76fb909c  private/dileep/fixingIssues_17_05_23 -> origin/private/dileep/fixingIssues_17_05_23
   f5397ec2d..bf6a3875f  private/mdighe/rsyslog-fix -> origin/private/mdighe/rsyslog-fix
Updating 8b3cc589b..24a0367b4
Fast-forward
 common/c2cUpgrade/controller/scripts/edge.js       |  25 ++
 common/c2cUpgrade/controller/scripts/upgrade.js    |   6 +-
 common/c2cUpgrade/controller/upgrade-flow.json     |   3 +-
 go.work.sum                                        | 314 ---------------------
 orch/orch-api/apihandler/EdgesRestHandler.go       |  19 +-
 orch/orch-common/db/baseJsonColumnSchemaDao.go     |   4 +-
 .../swagger-api/swagger/definitions/Edge.yaml      |   9 +
 orch/orch-service/adapters/magma/magma_agw.go      |   4 +-
 .../services/edgeService/edgeInterfaceCheck.go     |   4 +-
 .../services/edgeService/edgeService.go            |   6 +-
 .../services/edgeService/edgeUpgrade.go            |   2 +-
 .../services/operations/edgeOperations.go          |  10 +-
 12 files changed, 71 insertions(+), 335 deletions(-)
 delete mode 100644 go.work.sum
Compiling the orch UI code...
Deleting build...
Folder build deleted.
Folder A is unchanged.
yarn
yarn install v1.22.19
[1/4] Resolving packages...
success Already up-to-date.
Done in 1.02s.
yarn run build
yarn run v1.22.19
$ vite build
vite v4.3.9 building for production...
[plugin:vite-plugin-eslint] LintOnStart is turned on, and it will check for all matching files.
transforming...
✓ 13592 modules transformed.
rendering chunks...
computing gzip size...
build/assets/svg/pin.svg                                     0.85 kB │ gzip:   0.44 kB
build/assets/svg/current.svg                                 0.96 kB │ gzip:   0.47 kB
build/index.html                                             2.09 kB │ gzip:   1.02 kB
build/assets/svg/celltower.svg                               2.73 kB │ gzip:   1.41 kB
build/assets/svg/green-plain.svg                             3.30 kB │ gzip:   1.25 kB
build/assets/svg/pointer.svg                                 3.36 kB │ gzip:   1.27 kB
build/assets/svg/pointer-green.svg                           4.26 kB │ gzip:   1.56 kB
build/assets/svg/pointer-grey.svg                            4.26 kB │ gzip:   1.56 kB
build/assets/svg/markerA.svg                                 4.71 kB │ gzip:   1.66 kB
build/assets/woff2/roboto-vietnamese-400-normal.woff2        5.56 kB
build/assets/svg/markerB.svg                                 5.70 kB │ gzip:   2.12 kB
build/assets/woff2/roboto-greek-400-normal.woff2             7.11 kB
build/assets/svg/Radio-Indoor-Icon.svg                       7.43 kB │ gzip:   1.99 kB
build/assets/woff2/roboto-cyrillic-400-normal.woff2          9.63 kB
build/assets/woff2/roboto-latin-ext-400-normal.woff2        11.87 kB
build/assets/woff2/roboto-cyrillic-ext-400-normal.woff2     15.34 kB
build/assets/woff2/roboto-latin-400-normal.woff2            15.74 kB
build/assets/woff/roboto-all-400-normal.woff                65.46 kB
build/assets/css/SubscribersPanel.css                        0.22 kB │ gzip:   0.16 kB
build/assets/css/Diagnostics.css                             0.29 kB │ gzip:   0.21 kB
build/assets/css/Calibrate.css                               0.64 kB │ gzip:   0.40 kB
build/assets/css/ReactTable.css                              1.32 kB │ gzip:   0.56 kB
build/assets/css/index.css                                   1.77 kB │ gzip:   0.78 kB
build/assets/css/Dashboard.css                               4.02 kB │ gzip:   2.01 kB
build/assets/css/EditNotes.css                              17.96 kB │ gzip:   3.16 kB
build/chunks/QoS-service.c1a0ef37.js                         0.26 kB │ gzip:   0.22 kB │ map:     0.80 kB
build/chunks/LightTooltip.8f38a796.js                        0.34 kB │ gzip:   0.28 kB │ map:     1.06 kB
build/chunks/ArrowForwardIosSharp.72a6c434.js                0.36 kB │ gzip:   0.29 kB │ map:     1.12 kB
build/chunks/hardwareInventory-service.87399b16.js           0.38 kB │ gzip:   0.30 kB │ map:     1.14 kB
build/chunks/RestartAlt.59064b0d.js                          0.38 kB │ gzip:   0.30 kB │ map:     0.71 kB
build/chunks/NotImplemented.a222642d.js                      0.55 kB │ gzip:   0.40 kB │ map:     1.39 kB
build/chunks/AccordianSummary.4a81c6ac.js                    0.63 kB │ gzip:   0.44 kB │ map:     1.72 kB
build/chunks/Card.1e4e3c20.js                                0.63 kB │ gzip:   0.43 kB │ map:     4.60 kB
build/chunks/useInterval.9e7855c3.js                         0.71 kB │ gzip:   0.41 kB │ map:     3.67 kB
build/chunks/TimeDateInput.8f07e366.js                       0.88 kB │ gzip:   0.50 kB │ map:     3.03 kB
build/chunks/LineChart.41fa0464.js                           1.05 kB │ gzip:   0.66 kB │ map:     3.88 kB
build/chunks/TabPanel.a0562c9d.js                            1.14 kB │ gzip:   0.63 kB │ map:     4.33 kB
build/chunks/ModalDialogComponent.856e14c7.js                1.28 kB │ gzip:   0.70 kB │ map:     4.53 kB
build/chunks/index.f130b8d3.js                               1.96 kB │ gzip:   0.65 kB │ map:     5.81 kB
build/chunks/HealthGauge.80aa68c6.js                         2.37 kB │ gzip:   1.29 kB │ map:     8.47 kB
build/chunks/useSupport.e03051ac.js                          2.45 kB │ gzip:   1.08 kB │ map:    10.12 kB
build/chunks/Checkbox.a40454ca.js                            2.46 kB │ gzip:   1.15 kB │ map:    13.67 kB
build/chunks/radioHelper.032bdd5a.js                         2.58 kB │ gzip:   1.17 kB │ map:     8.50 kB
build/chunks/AuditLog.b3bb940d.js                            3.79 kB │ gzip:   1.59 kB │ map:    14.10 kB
build/chunks/SlideUpTransition.dbe7fab5.js                   4.03 kB │ gzip:   1.61 kB │ map:    19.76 kB
build/chunks/index.381d80d0.js                               4.17 kB │ gzip:   1.50 kB │ map:    13.68 kB
build/chunks/Logs.3e078e33.js                                4.79 kB │ gzip:   2.11 kB │ map:    20.72 kB
build/chunks/AccordionSummary.afc8c19a.js                    5.73 kB │ gzip:   1.97 kB │ map:    27.76 kB
build/chunks/ContextMenu.f760b0d9.js                         6.23 kB │ gzip:   2.03 kB │ map:    22.48 kB
build/chunks/useStyles.09795f0d.js                           6.39 kB │ gzip:   2.38 kB │ map:    26.35 kB
build/chunks/web-vitals.dfcc5b9a.js                          6.98 kB │ gzip:   2.58 kB │ map:    16.56 kB
build/chunks/TablePagination.32b378f3.js                     8.27 kB │ gzip:   3.16 kB │ map:    42.12 kB
build/chunks/DnnPanel.6eec6102.js                            9.64 kB │ gzip:   3.65 kB │ map:    37.84 kB
build/chunks/GMap.964b236a.js                               16.54 kB │ gzip:   5.29 kB │ map:    51.13 kB
build/chunks/Diagnostics.5f1eb7a1.js                        23.17 kB │ gzip:   7.51 kB │ map:    88.62 kB
build/chunks/index.11cb74e0.js                              41.18 kB │ gzip:  10.56 kB │ map:   154.16 kB
build/chunks/AuditLogDetails.4e569417.js                    41.88 kB │ gzip:  13.90 kB │ map:   315.56 kB
build/chunks/RadioForm.f72bfdee.js                          52.34 kB │ gzip:  14.59 kB │ map:   222.41 kB
build/chunks/System.b1872f50.js                             67.04 kB │ gzip:  15.51 kB │ map:   253.45 kB
build/chunks/Calibrate.814b4d28.js                          71.72 kB │ gzip:  23.80 kB │ map:   251.10 kB
build/chunks/ReactTable.e5597725.js                         88.65 kB │ gzip:  27.02 kB │ map:   277.12 kB
build/chunks/Dashboard.b275707b.js                          90.51 kB │ gzip:  21.82 kB │ map:   520.70 kB
build/chunks/EdgesPanel.594a6cc6.js                        144.90 kB │ gzip:  33.50 kB │ map:   525.73 kB
build/chunks/RadiosPanelNew.7ebfa0f2.js                    162.78 kB │ gzip:  40.63 kB │ map:   619.53 kB
build/chunks/SubscribersPanel.9e0fd3aa.js                  165.16 kB │ gzip:  53.50 kB │ map:   584.41 kB
build/chunks/DataGrid.8b200db6.js                          279.90 kB │ gzip:  84.65 kB │ map: 1,352.07 kB
build/chunks/highcharts.f6e5d942.js                        296.73 kB │ gzip: 106.33 kB │ map:   694.32 kB
build/chunks/EditNotes.d6758453.js                         487.47 kB │ gzip: 132.00 kB │ map: 1,668.42 kB
build/js/index.ed8a3d5f.js                               2,137.20 kB │ gzip: 474.29 kB │ map: 5,428.67 kB

(!) Some chunks are larger than 1000 kBs after minification. Consider:
- Using dynamic import() to code-split the application
- Use build.rollupOptions.output.manualChunks to improve chunking: https://rollupjs.org/configuration-options/#output-manualchunks
- Adjust chunk size limit for this warning via build.chunkSizeWarningLimit.
✓ built in 2m 43s
Done in 166.08s.
Compilation done...
Complete at Thu Jun 22 10:32:50 AM EDT 2023
\n ************************************************** \n
Compiling at Fri Jun 23 02:30:00 AM EDT 2023
Pulling latest changes from Git...
From https://github.com/Highway9-Networks/h9-saas
   24a0367b4..862586331  main                 -> origin/main
 * [new branch]          Grpcs_In_Client      -> origin/Grpcs_In_Client
 * [new branch]          bhuvaneshne_mocn_warningfixes -> origin/bhuvaneshne_mocn_warningfixes
   c35c3e2fc..a5a85b835  fix/Summary_Template -> origin/fix/Summary_Template
   d0ee9cb7b..859375178  imran-automation     -> origin/imran-automation
 + eb4042d9c...258e043dc nidhi/mocn_simulator -> origin/nidhi/mocn_simulator  (forced update)
 * [new branch]          nidhi/pcap           -> origin/nidhi/pcap
 * [new branch]          pingmon_excel_rel    -> origin/pingmon_excel_rel
   bf6a3875f..9366dd4a6  private/mdighe/rsyslog-fix -> origin/private/mdighe/rsyslog-fix
Updating 24a0367b4..862586331
Fast-forward
 common/common.mk                                   |  2 +-
 .../services/edgeService/edgeService.go            | 41 ++++++++++++++++++++++
 .../src/components/ReactTable/ReactTable.jsx       | 14 +++++---
 .../src/components/ReactTable/ReactTable.jsx       | 37 ++++++++++---------
 .../hardwareInventory/hardwareInventoryPanel.jsx   |  4 +--
 5 files changed, 73 insertions(+), 25 deletions(-)
Compiling the orch UI code...
Deleting build...
Folder build deleted.
Folder A is unchanged.
yarn
yarn install v1.22.19
[1/4] Resolving packages...
success Already up-to-date.
Done in 1.10s.
yarn run build
yarn run v1.22.19
$ vite build
vite v4.3.9 building for production...
[plugin:vite-plugin-eslint] LintOnStart is turned on, and it will check for all matching files.
transforming...
✓ 13592 modules transformed.
rendering chunks...
computing gzip size...
build/assets/svg/pin.svg                                     0.85 kB │ gzip:   0.44 kB
build/assets/svg/current.svg                                 0.96 kB │ gzip:   0.47 kB
build/index.html                                             2.09 kB │ gzip:   1.02 kB
build/assets/svg/celltower.svg                               2.73 kB │ gzip:   1.41 kB
build/assets/svg/green-plain.svg                             3.30 kB │ gzip:   1.25 kB
build/assets/svg/pointer.svg                                 3.36 kB │ gzip:   1.27 kB
build/assets/svg/pointer-grey.svg                            4.26 kB │ gzip:   1.56 kB
build/assets/svg/pointer-green.svg                           4.26 kB │ gzip:   1.56 kB
build/assets/svg/markerA.svg                                 4.71 kB │ gzip:   1.66 kB
build/assets/woff2/roboto-vietnamese-400-normal.woff2        5.56 kB
build/assets/svg/markerB.svg                                 5.70 kB │ gzip:   2.12 kB
build/assets/woff2/roboto-greek-400-normal.woff2             7.11 kB
build/assets/svg/Radio-Indoor-Icon.svg                       7.43 kB │ gzip:   1.99 kB
build/assets/woff2/roboto-cyrillic-400-normal.woff2          9.63 kB
build/assets/woff2/roboto-latin-ext-400-normal.woff2        11.87 kB
build/assets/woff2/roboto-cyrillic-ext-400-normal.woff2     15.34 kB
build/assets/woff2/roboto-latin-400-normal.woff2            15.74 kB
build/assets/woff/roboto-all-400-normal.woff                65.46 kB
build/assets/css/SubscribersPanel.css                        0.22 kB │ gzip:   0.16 kB
build/assets/css/Diagnostics.css                             0.29 kB │ gzip:   0.21 kB
build/assets/css/Calibrate.css                               0.64 kB │ gzip:   0.40 kB
build/assets/css/ReactTable.css                              1.32 kB │ gzip:   0.56 kB
build/assets/css/index.css                                   1.77 kB │ gzip:   0.78 kB
build/assets/css/Dashboard.css                               4.02 kB │ gzip:   2.01 kB
build/assets/css/EditNotes.css                              17.96 kB │ gzip:   3.16 kB
build/chunks/QoS-service.3bd89655.js                         0.26 kB │ gzip:   0.22 kB │ map:     0.80 kB
build/chunks/LightTooltip.29e1a938.js                        0.34 kB │ gzip:   0.28 kB │ map:     1.06 kB
build/chunks/ArrowForwardIosSharp.95774868.js                0.36 kB │ gzip:   0.29 kB │ map:     1.12 kB
build/chunks/hardwareInventory-service.1767d702.js           0.38 kB │ gzip:   0.30 kB │ map:     1.14 kB
build/chunks/RestartAlt.032014c1.js                          0.38 kB │ gzip:   0.30 kB │ map:     0.71 kB
build/chunks/NotImplemented.6d676a47.js                      0.55 kB │ gzip:   0.40 kB │ map:     1.39 kB
build/chunks/AccordianSummary.e2c08162.js                    0.63 kB │ gzip:   0.44 kB │ map:     1.72 kB
build/chunks/Card.0fca4fc5.js                                0.63 kB │ gzip:   0.43 kB │ map:     4.60 kB
build/chunks/useInterval.59a8fe98.js                         0.71 kB │ gzip:   0.41 kB │ map:     3.67 kB
build/chunks/TimeDateInput.ce5dd75b.js                       0.88 kB │ gzip:   0.50 kB │ map:     3.03 kB
build/chunks/LineChart.8bd5d915.js                           1.05 kB │ gzip:   0.66 kB │ map:     3.88 kB
build/chunks/TabPanel.be65be7d.js                            1.14 kB │ gzip:   0.63 kB │ map:     4.33 kB
build/chunks/ModalDialogComponent.a4a7b977.js                1.28 kB │ gzip:   0.71 kB │ map:     4.53 kB
build/chunks/index.5fa8ba1b.js                               1.96 kB │ gzip:   0.65 kB │ map:     5.81 kB
build/chunks/HealthGauge.8e88487f.js                         2.37 kB │ gzip:   1.29 kB │ map:     8.47 kB
build/chunks/useSupport.cfbf7ae0.js                          2.45 kB │ gzip:   1.08 kB │ map:    10.12 kB
build/chunks/Checkbox.d74f7897.js                            2.46 kB │ gzip:   1.16 kB │ map:    13.67 kB
build/chunks/radioHelper.9d20e5e0.js                         2.58 kB │ gzip:   1.17 kB │ map:     8.50 kB
build/chunks/AuditLog.fbf1b9eb.js                            3.79 kB │ gzip:   1.59 kB │ map:    14.10 kB
build/chunks/SlideUpTransition.94e900ba.js                   4.03 kB │ gzip:   1.61 kB │ map:    19.76 kB
build/chunks/index.b5c5fb98.js                               4.17 kB │ gzip:   1.50 kB │ map:    13.68 kB
build/chunks/Logs.0f012e7c.js                                4.79 kB │ gzip:   2.11 kB │ map:    20.72 kB
build/chunks/AccordionSummary.fcca089b.js                    5.73 kB │ gzip:   1.97 kB │ map:    27.76 kB
build/chunks/ContextMenu.7bde5108.js                         6.23 kB │ gzip:   2.03 kB │ map:    22.48 kB
build/chunks/useStyles.ef16c843.js                           6.39 kB │ gzip:   2.38 kB │ map:    26.35 kB
build/chunks/web-vitals.dfcc5b9a.js                          6.98 kB │ gzip:   2.58 kB │ map:    16.56 kB
build/chunks/TablePagination.286c74f5.js                     8.27 kB │ gzip:   3.16 kB │ map:    42.12 kB
build/chunks/DnnPanel.0a796b19.js                            9.64 kB │ gzip:   3.65 kB │ map:    37.84 kB
build/chunks/GMap.db00af9d.js                               16.54 kB │ gzip:   5.28 kB │ map:    51.13 kB
build/chunks/Diagnostics.67d0e793.js                        23.17 kB │ gzip:   7.51 kB │ map:    88.62 kB
build/chunks/index.3f9a129d.js                              41.18 kB │ gzip:  10.56 kB │ map:   154.16 kB
build/chunks/AuditLogDetails.205e9fc9.js                    41.88 kB │ gzip:  13.90 kB │ map:   315.56 kB
build/chunks/RadioForm.208f4f6d.js                          52.34 kB │ gzip:  14.59 kB │ map:   222.41 kB
build/chunks/System.cbd548ba.js                             67.04 kB │ gzip:  15.51 kB │ map:   253.45 kB
build/chunks/Calibrate.a1e2e5cc.js                          71.72 kB │ gzip:  23.80 kB │ map:   251.10 kB
build/chunks/ReactTable.d93613ac.js                         88.75 kB │ gzip:  27.05 kB │ map:   277.40 kB
build/chunks/Dashboard.f442b0af.js                          90.51 kB │ gzip:  21.81 kB │ map:   520.70 kB
build/chunks/EdgesPanel.6d80e212.js                        144.90 kB │ gzip:  33.50 kB │ map:   525.73 kB
build/chunks/RadiosPanelNew.165d53c4.js                    162.78 kB │ gzip:  40.63 kB │ map:   619.53 kB
build/chunks/SubscribersPanel.dc9adef0.js                  165.16 kB │ gzip:  53.50 kB │ map:   584.41 kB
build/chunks/DataGrid.8e42637f.js                          279.90 kB │ gzip:  84.65 kB │ map: 1,352.07 kB
build/chunks/highcharts.29d48b09.js                        296.73 kB │ gzip: 106.33 kB │ map:   694.32 kB
build/chunks/EditNotes.93ccebd2.js                         487.47 kB │ gzip: 131.99 kB │ map: 1,668.42 kB
build/js/index.694e8bb1.js                               2,137.20 kB │ gzip: 474.29 kB │ map: 5,428.67 kB

(!) Some chunks are larger than 1000 kBs after minification. Consider:
- Using dynamic import() to code-split the application
- Use build.rollupOptions.output.manualChunks to improve chunking: https://rollupjs.org/configuration-options/#output-manualchunks
- Adjust chunk size limit for this warning via build.chunkSizeWarningLimit.
✓ built in 2m 60s
Done in 182.72s.
Compilation done...
Complete at Fri Jun 23 02:33:09 AM EDT 2023
\n ************************************************** \n
Compiling at Fri Jun 23 07:30:00 AM EDT 2023
Pulling latest changes from Git...
From https://github.com/Highway9-Networks/h9-saas
   862586331..9d6e94ed5  main                  -> origin/main
 + cfab943f0...7ef9afc9c Grpcs_In_Client       -> origin/Grpcs_In_Client  (forced update)
   560ee8395..2450bf5d4  balaji/mmeretry       -> origin/balaji/mmeretry
   d09d43c56..0df06f846  feature/ushiva_new    -> origin/feature/ushiva_new
   a5a85b835..c1bddc5c8  fix/Summary_Template  -> origin/fix/Summary_Template
   ccc8ebee6..21d19e3c8  private/akshay-new-27 -> origin/private/akshay-new-27
 * [new branch]          private/mdighe/ci-golint -> origin/private/mdighe/ci-golint
   9366dd4a6..d10965c4b  private/mdighe/rsyslog-fix -> origin/private/mdighe/rsyslog-fix
 * [new branch]          surya_mocn_8953_dump_flows_fix -> origin/surya_mocn_8953_dump_flows_fix
 * [new branch]          surya_mocn_8972_upgrade_fix -> origin/surya_mocn_8972_upgrade_fix
Updating 862586331..9d6e94ed5
Fast-forward
 common/common.mk                                   | 14 ++---
 edge/carriergw/mocngw/mocngw/tasks/config/config.c |  1 +
 .../mocngw/tasks/config/mocn_state_client.cc       |  6 +--
 .../mocngw/mocngw/tasks/network/network_encoder.c  |  7 ++-
 .../mocngw/mocngw/tasks/network/network_util.c     |  2 +-
 .../mocngw/mocngw/tasks/s1ap/s1ap_dummy.c          | 16 +++---
 orch/helm-orch/values.yaml                         |  4 +-
 orch/orch-api/apihandler/DiagnosticsRestHandler.go | 28 +++++++++-
 orch/orch-api/go.mod                               |  2 +-
 orch/orch-common/constants/constants.go            |  2 +-
 orch/orch-common/db/dbDiagnosticsUe.go             |  5 ++
 orch/orch-common/go.mod                            |  6 +--
 .../swagger/definitions/DiagnosticsUe.yaml         |  3 ++
 .../adapters/simulator/radio_simulator_adapter.go  | 58 +++++++++++++++++++--
 .../roles/agw-ami-configure/files/rsyslog.conf     | 27 +++-------
 .../roles/agw-ami-configure/tasks/main.yaml        | 24 ++++++---
 orch/orch-service/go.mod                           |  4 +-
 .../scripts/edge-scripts/activate_agw.sh           | 43 +++++++---------
 .../diagnosticsUeService/diagnosticsUeService.go   |  4 +-
 .../services/radioService/radioService.go          |  4 +-
 orch/orch-ui/src/types/radio.ts                    |  1 +
 orch/orch-ui/src/types/ueSimulator.ts              |  1 +
 .../UESimulator/Simulator/DeviceSimulator.tsx      | 60 ++++++++++++----------
 .../UESimulator/Simulator/SimulatorContext.tsx     |  5 ++
 saas/saas-api/apihandler/SummaryHandler.go         | 32 ++++++++----
 saas/saas-api/go.mod                               |  2 +-
 .../serviceInstanceManagerService.go               | 21 ++------
 utility/agw-image-creation/create_agw_image.sh     |  6 ++-
 .../create_simulator_image.sh                      |  4 ++
 29 files changed, 250 insertions(+), 142 deletions(-)
Compiling the orch UI code...
Deleting build...
Folder build deleted.
Folder A is unchanged.
yarn
yarn install v1.22.19
[1/4] Resolving packages...
success Already up-to-date.
Done in 0.88s.
yarn run build
yarn run v1.22.19
$ vite build
vite v4.3.9 building for production...
[plugin:vite-plugin-eslint] LintOnStart is turned on, and it will check for all matching files.
transforming...
✓ 13592 modules transformed.
rendering chunks...
computing gzip size...
build/assets/svg/pin.svg                                     0.85 kB │ gzip:   0.44 kB
build/assets/svg/current.svg                                 0.96 kB │ gzip:   0.47 kB
build/index.html                                             2.09 kB │ gzip:   1.02 kB
build/assets/svg/celltower.svg                               2.73 kB │ gzip:   1.41 kB
build/assets/svg/green-plain.svg                             3.30 kB │ gzip:   1.25 kB
build/assets/svg/pointer.svg                                 3.36 kB │ gzip:   1.27 kB
build/assets/svg/pointer-green.svg                           4.26 kB │ gzip:   1.56 kB
build/assets/svg/pointer-grey.svg                            4.26 kB │ gzip:   1.56 kB
build/assets/svg/markerA.svg                                 4.71 kB │ gzip:   1.66 kB
build/assets/woff2/roboto-vietnamese-400-normal.woff2        5.56 kB
build/assets/svg/markerB.svg                                 5.70 kB │ gzip:   2.12 kB
build/assets/woff2/roboto-greek-400-normal.woff2             7.11 kB
build/assets/svg/Radio-Indoor-Icon.svg                       7.43 kB │ gzip:   1.99 kB
build/assets/woff2/roboto-cyrillic-400-normal.woff2          9.63 kB
build/assets/woff2/roboto-latin-ext-400-normal.woff2        11.87 kB
build/assets/woff2/roboto-cyrillic-ext-400-normal.woff2     15.34 kB
build/assets/woff2/roboto-latin-400-normal.woff2            15.74 kB
build/assets/woff/roboto-all-400-normal.woff                65.46 kB
build/assets/css/SubscribersPanel.css                        0.22 kB │ gzip:   0.16 kB
build/assets/css/Diagnostics.css                             0.29 kB │ gzip:   0.21 kB
build/assets/css/Calibrate.css                               0.64 kB │ gzip:   0.40 kB
build/assets/css/ReactTable.css                              1.32 kB │ gzip:   0.56 kB
build/assets/css/index.css                                   1.77 kB │ gzip:   0.78 kB
build/assets/css/Dashboard.css                               4.02 kB │ gzip:   2.01 kB
build/assets/css/EditNotes.css                              17.96 kB │ gzip:   3.16 kB
build/chunks/QoS-service.8510bb67.js                         0.26 kB │ gzip:   0.22 kB │ map:     0.80 kB
build/chunks/LightTooltip.a517dcc1.js                        0.34 kB │ gzip:   0.28 kB │ map:     1.06 kB
build/chunks/ArrowForwardIosSharp.0c9d277f.js                0.36 kB │ gzip:   0.29 kB │ map:     1.12 kB
build/chunks/hardwareInventory-service.5bbd213f.js           0.38 kB │ gzip:   0.30 kB │ map:     1.14 kB
build/chunks/RestartAlt.8caf93eb.js                          0.38 kB │ gzip:   0.30 kB │ map:     0.71 kB
build/chunks/NotImplemented.f7735b61.js                      0.55 kB │ gzip:   0.40 kB │ map:     1.39 kB
build/chunks/AccordianSummary.d69740b1.js                    0.63 kB │ gzip:   0.44 kB │ map:     1.72 kB
build/chunks/Card.863cab7f.js                                0.63 kB │ gzip:   0.43 kB │ map:     4.60 kB
build/chunks/useInterval.09cf4675.js                         0.71 kB │ gzip:   0.41 kB │ map:     3.67 kB
build/chunks/TimeDateInput.53efddd2.js                       0.88 kB │ gzip:   0.50 kB │ map:     3.03 kB
build/chunks/LineChart.8014af32.js                           1.05 kB │ gzip:   0.66 kB │ map:     3.88 kB
build/chunks/TabPanel.fd5fe4df.js                            1.14 kB │ gzip:   0.63 kB │ map:     4.33 kB
build/chunks/ModalDialogComponent.1db32669.js                1.28 kB │ gzip:   0.71 kB │ map:     4.53 kB
build/chunks/index.1504f163.js                               1.96 kB │ gzip:   0.65 kB │ map:     5.81 kB
build/chunks/HealthGauge.9e8f7fba.js                         2.37 kB │ gzip:   1.29 kB │ map:     8.47 kB
build/chunks/useSupport.c9cec143.js                          2.45 kB │ gzip:   1.08 kB │ map:    10.12 kB
build/chunks/Checkbox.a7a5ba9a.js                            2.46 kB │ gzip:   1.15 kB │ map:    13.67 kB
build/chunks/radioHelper.70860d6e.js                         2.58 kB │ gzip:   1.17 kB │ map:     8.50 kB
build/chunks/AuditLog.58c2fd24.js                            3.79 kB │ gzip:   1.59 kB │ map:    14.10 kB
build/chunks/SlideUpTransition.29a78db0.js                   4.03 kB │ gzip:   1.61 kB │ map:    19.76 kB
build/chunks/index.e4baea61.js                               4.17 kB │ gzip:   1.50 kB │ map:    13.68 kB
build/chunks/Logs.27579487.js                                4.79 kB │ gzip:   2.12 kB │ map:    20.72 kB
build/chunks/AccordionSummary.a212f81e.js                    5.73 kB │ gzip:   1.97 kB │ map:    27.76 kB
build/chunks/ContextMenu.0833a346.js                         6.23 kB │ gzip:   2.03 kB │ map:    22.48 kB
build/chunks/useStyles.73283905.js                           6.39 kB │ gzip:   2.38 kB │ map:    26.35 kB
build/chunks/web-vitals.dfcc5b9a.js                          6.98 kB │ gzip:   2.58 kB │ map:    16.56 kB
build/chunks/TablePagination.a300de78.js                     8.27 kB │ gzip:   3.16 kB │ map:    42.12 kB
build/chunks/DnnPanel.286105c6.js                            9.64 kB │ gzip:   3.65 kB │ map:    37.84 kB
build/chunks/GMap.f11a8fd0.js                               16.54 kB │ gzip:   5.28 kB │ map:    51.13 kB
build/chunks/Diagnostics.c3fc22ce.js                        23.89 kB │ gzip:   7.68 kB │ map:    90.28 kB
build/chunks/index.09a48f0e.js                              41.18 kB │ gzip:  10.55 kB │ map:   154.16 kB
build/chunks/AuditLogDetails.c32a3b8f.js                    41.88 kB │ gzip:  13.90 kB │ map:   315.56 kB
build/chunks/RadioForm.ba931af3.js                          52.34 kB │ gzip:  14.59 kB │ map:   222.41 kB
build/chunks/System.37349471.js                             67.04 kB │ gzip:  15.51 kB │ map:   253.45 kB
build/chunks/Calibrate.d120ee93.js                          71.72 kB │ gzip:  23.80 kB │ map:   251.10 kB
build/chunks/ReactTable.c0797b45.js                         88.75 kB │ gzip:  27.05 kB │ map:   277.40 kB
build/chunks/Dashboard.b9f7f81d.js                          90.51 kB │ gzip:  21.81 kB │ map:   520.70 kB
build/chunks/EdgesPanel.e1216aaf.js                        144.90 kB │ gzip:  33.50 kB │ map:   525.73 kB
build/chunks/RadiosPanelNew.52af5875.js                    162.78 kB │ gzip:  40.63 kB │ map:   619.53 kB
build/chunks/SubscribersPanel.c4db62c5.js                  165.16 kB │ gzip:  53.50 kB │ map:   584.41 kB
build/chunks/DataGrid.94ed8004.js                          279.90 kB │ gzip:  84.65 kB │ map: 1,352.07 kB
build/chunks/highcharts.46bd61d3.js                        296.73 kB │ gzip: 106.33 kB │ map:   694.32 kB
build/chunks/EditNotes.f93e18f8.js                         487.47 kB │ gzip: 131.99 kB │ map: 1,668.42 kB
build/js/index.eecd7400.js                               2,137.20 kB │ gzip: 474.28 kB │ map: 5,428.70 kB

(!) Some chunks are larger than 1000 kBs after minification. Consider:
- Using dynamic import() to code-split the application
- Use build.rollupOptions.output.manualChunks to improve chunking: https://rollupjs.org/configuration-options/#output-manualchunks
- Adjust chunk size limit for this warning via build.chunkSizeWarningLimit.
✓ built in 2m 57s
Done in 180.22s.
Compilation done...
Complete at Fri Jun 23 07:33:06 AM EDT 2023
\n ************************************************** \n
Compiling at Fri Jun 23 10:30:00 AM EDT 2023
Pulling latest changes from Git...
From https://github.com/Highway9-Networks/h9-saas
   9d6e94ed5..3b9166b81  main                  -> origin/main
 + 7ef9afc9c...f23a89eea Grpcs_In_Client       -> origin/Grpcs_In_Client  (forced update)
 * [new branch]          bhuvaneshne_8916      -> origin/bhuvaneshne_8916
   c1bddc5c8..de55a60cc  fix/Summary_Template  -> origin/fix/Summary_Template
   18bc23fda..df2edb6f1  private/girish/21june -> origin/private/girish/21june
Updating 9d6e94ed5..3b9166b81
Fast-forward
 .../mocngw_datapath/mocn_datapathd/h9_ofc_app.py   |  2 +-
 .../mocn_datapathd/h9_ofc_server.py                |  1 +
 .../mocngw_datapath/mocn_datapathd/main.py         |  2 +
 .../mocngw_datapath/mocn_datapathd_cli.py          | 48 ++++++++++++----------
 .../roles/agw-ami-configure/files/rsyslog.conf     |  2 +
 5 files changed, 33 insertions(+), 22 deletions(-)
Compiling the orch UI code...
Deleting build...
Folder build deleted.
Folder A is unchanged.
yarn
yarn install v1.22.19
[1/4] Resolving packages...
success Already up-to-date.
Done in 0.85s.
yarn run build
yarn run v1.22.19
$ vite build
vite v4.3.9 building for production...
[plugin:vite-plugin-eslint] LintOnStart is turned on, and it will check for all matching files.
transforming...
✓ 13592 modules transformed.
rendering chunks...
computing gzip size...
build/assets/svg/pin.svg                                     0.85 kB │ gzip:   0.44 kB
build/assets/svg/current.svg                                 0.96 kB │ gzip:   0.47 kB
build/index.html                                             2.09 kB │ gzip:   1.02 kB
build/assets/svg/celltower.svg                               2.73 kB │ gzip:   1.41 kB
build/assets/svg/green-plain.svg                             3.30 kB │ gzip:   1.25 kB
build/assets/svg/pointer.svg                                 3.36 kB │ gzip:   1.27 kB
build/assets/svg/pointer-green.svg                           4.26 kB │ gzip:   1.56 kB
build/assets/svg/pointer-grey.svg                            4.26 kB │ gzip:   1.56 kB
build/assets/svg/markerA.svg                                 4.71 kB │ gzip:   1.66 kB
build/assets/woff2/roboto-vietnamese-400-normal.woff2        5.56 kB
build/assets/svg/markerB.svg                                 5.70 kB │ gzip:   2.12 kB
build/assets/woff2/roboto-greek-400-normal.woff2             7.11 kB
build/assets/svg/Radio-Indoor-Icon.svg                       7.43 kB │ gzip:   1.99 kB
build/assets/woff2/roboto-cyrillic-400-normal.woff2          9.63 kB
build/assets/woff2/roboto-latin-ext-400-normal.woff2        11.87 kB
build/assets/woff2/roboto-cyrillic-ext-400-normal.woff2     15.34 kB
build/assets/woff2/roboto-latin-400-normal.woff2            15.74 kB
build/assets/woff/roboto-all-400-normal.woff                65.46 kB
build/assets/css/SubscribersPanel.css                        0.22 kB │ gzip:   0.16 kB
build/assets/css/Diagnostics.css                             0.29 kB │ gzip:   0.21 kB
build/assets/css/Calibrate.css                               0.64 kB │ gzip:   0.40 kB
build/assets/css/ReactTable.css                              1.32 kB │ gzip:   0.56 kB
build/assets/css/index.css                                   1.77 kB │ gzip:   0.78 kB
build/assets/css/Dashboard.css                               4.02 kB │ gzip:   2.01 kB
build/assets/css/EditNotes.css                              17.96 kB │ gzip:   3.16 kB
build/chunks/QoS-service.8510bb67.js                         0.26 kB │ gzip:   0.22 kB │ map:     0.80 kB
build/chunks/LightTooltip.a517dcc1.js                        0.34 kB │ gzip:   0.28 kB │ map:     1.06 kB
build/chunks/ArrowForwardIosSharp.0c9d277f.js                0.36 kB │ gzip:   0.29 kB │ map:     1.12 kB
build/chunks/hardwareInventory-service.5bbd213f.js           0.38 kB │ gzip:   0.30 kB │ map:     1.14 kB
build/chunks/RestartAlt.8caf93eb.js                          0.38 kB │ gzip:   0.30 kB │ map:     0.71 kB
build/chunks/NotImplemented.f7735b61.js                      0.55 kB │ gzip:   0.40 kB │ map:     1.39 kB
build/chunks/AccordianSummary.d69740b1.js                    0.63 kB │ gzip:   0.44 kB │ map:     1.72 kB
build/chunks/Card.863cab7f.js                                0.63 kB │ gzip:   0.43 kB │ map:     4.60 kB
build/chunks/useInterval.09cf4675.js                         0.71 kB │ gzip:   0.41 kB │ map:     3.67 kB
build/chunks/TimeDateInput.53efddd2.js                       0.88 kB │ gzip:   0.50 kB │ map:     3.03 kB
build/chunks/LineChart.8014af32.js                           1.05 kB │ gzip:   0.66 kB │ map:     3.88 kB
build/chunks/TabPanel.fd5fe4df.js                            1.14 kB │ gzip:   0.63 kB │ map:     4.33 kB
build/chunks/ModalDialogComponent.1db32669.js                1.28 kB │ gzip:   0.71 kB │ map:     4.53 kB
build/chunks/index.1504f163.js                               1.96 kB │ gzip:   0.65 kB │ map:     5.81 kB
build/chunks/HealthGauge.9e8f7fba.js                         2.37 kB │ gzip:   1.29 kB │ map:     8.47 kB
build/chunks/useSupport.c9cec143.js                          2.45 kB │ gzip:   1.08 kB │ map:    10.12 kB
build/chunks/Checkbox.a7a5ba9a.js                            2.46 kB │ gzip:   1.15 kB │ map:    13.67 kB
build/chunks/radioHelper.70860d6e.js                         2.58 kB │ gzip:   1.17 kB │ map:     8.50 kB
build/chunks/AuditLog.58c2fd24.js                            3.79 kB │ gzip:   1.59 kB │ map:    14.10 kB
build/chunks/SlideUpTransition.29a78db0.js                   4.03 kB │ gzip:   1.61 kB │ map:    19.76 kB
build/chunks/index.e4baea61.js                               4.17 kB │ gzip:   1.50 kB │ map:    13.68 kB
build/chunks/Logs.27579487.js                                4.79 kB │ gzip:   2.12 kB │ map:    20.72 kB
build/chunks/AccordionSummary.a212f81e.js                    5.73 kB │ gzip:   1.97 kB │ map:    27.76 kB
build/chunks/ContextMenu.0833a346.js                         6.23 kB │ gzip:   2.03 kB │ map:    22.48 kB
build/chunks/useStyles.73283905.js                           6.39 kB │ gzip:   2.38 kB │ map:    26.35 kB
build/chunks/web-vitals.dfcc5b9a.js                          6.98 kB │ gzip:   2.58 kB │ map:    16.56 kB
build/chunks/TablePagination.a300de78.js                     8.27 kB │ gzip:   3.16 kB │ map:    42.12 kB
build/chunks/DnnPanel.286105c6.js                            9.64 kB │ gzip:   3.65 kB │ map:    37.84 kB
build/chunks/GMap.f11a8fd0.js                               16.54 kB │ gzip:   5.28 kB │ map:    51.13 kB
build/chunks/Diagnostics.c3fc22ce.js                        23.89 kB │ gzip:   7.68 kB │ map:    90.28 kB
build/chunks/index.09a48f0e.js                              41.18 kB │ gzip:  10.55 kB │ map:   154.16 kB
build/chunks/AuditLogDetails.c32a3b8f.js                    41.88 kB │ gzip:  13.90 kB │ map:   315.56 kB
build/chunks/RadioForm.ba931af3.js                          52.34 kB │ gzip:  14.59 kB │ map:   222.41 kB
build/chunks/System.37349471.js                             67.04 kB │ gzip:  15.51 kB │ map:   253.45 kB
build/chunks/Calibrate.d120ee93.js                          71.72 kB │ gzip:  23.80 kB │ map:   251.10 kB
build/chunks/ReactTable.c0797b45.js                         88.75 kB │ gzip:  27.05 kB │ map:   277.40 kB
build/chunks/Dashboard.b9f7f81d.js                          90.51 kB │ gzip:  21.81 kB │ map:   520.70 kB
build/chunks/EdgesPanel.e1216aaf.js                        144.90 kB │ gzip:  33.50 kB │ map:   525.73 kB
build/chunks/RadiosPanelNew.52af5875.js                    162.78 kB │ gzip:  40.63 kB │ map:   619.53 kB
build/chunks/SubscribersPanel.c4db62c5.js                  165.16 kB │ gzip:  53.50 kB │ map:   584.41 kB
build/chunks/DataGrid.94ed8004.js                          279.90 kB │ gzip:  84.65 kB │ map: 1,352.07 kB
build/chunks/highcharts.46bd61d3.js                        296.73 kB │ gzip: 106.33 kB │ map:   694.32 kB
build/chunks/EditNotes.f93e18f8.js                         487.47 kB │ gzip: 131.99 kB │ map: 1,668.42 kB
build/js/index.eecd7400.js                               2,137.20 kB │ gzip: 474.28 kB │ map: 5,428.70 kB

(!) Some chunks are larger than 1000 kBs after minification. Consider:
- Using dynamic import() to code-split the application
- Use build.rollupOptions.output.manualChunks to improve chunking: https://rollupjs.org/configuration-options/#output-manualchunks
- Adjust chunk size limit for this warning via build.chunkSizeWarningLimit.
✓ built in 2m 57s
Done in 178.57s.
Compilation done...
Complete at Fri Jun 23 10:33:03 AM EDT 2023
\n ************************************************** \n
Compiling at Sat Jun 24 02:30:00 AM EDT 2023
Pulling latest changes from Git...
Already up to date.
Compiling the orch UI code...
Deleting build...
Folder build deleted.
Folder A is unchanged.
yarn
yarn install v1.22.19
[1/4] Resolving packages...
success Already up-to-date.
Done in 0.84s.
yarn run build
yarn run v1.22.19
$ vite build
vite v4.3.9 building for production...
[plugin:vite-plugin-eslint] LintOnStart is turned on, and it will check for all matching files.
transforming...
✓ 13592 modules transformed.
rendering chunks...
computing gzip size...
build/assets/svg/pin.svg                                     0.85 kB │ gzip:   0.44 kB
build/assets/svg/current.svg                                 0.96 kB │ gzip:   0.47 kB
build/index.html                                             2.09 kB │ gzip:   1.02 kB
build/assets/svg/celltower.svg                               2.73 kB │ gzip:   1.41 kB
build/assets/svg/green-plain.svg                             3.30 kB │ gzip:   1.25 kB
build/assets/svg/pointer.svg                                 3.36 kB │ gzip:   1.27 kB
build/assets/svg/pointer-green.svg                           4.26 kB │ gzip:   1.56 kB
build/assets/svg/pointer-grey.svg                            4.26 kB │ gzip:   1.56 kB
build/assets/svg/markerA.svg                                 4.71 kB │ gzip:   1.66 kB
build/assets/woff2/roboto-vietnamese-400-normal.woff2        5.56 kB
build/assets/svg/markerB.svg                                 5.70 kB │ gzip:   2.12 kB
build/assets/woff2/roboto-greek-400-normal.woff2             7.11 kB
build/assets/svg/Radio-Indoor-Icon.svg                       7.43 kB │ gzip:   1.99 kB
build/assets/woff2/roboto-cyrillic-400-normal.woff2          9.63 kB
build/assets/woff2/roboto-latin-ext-400-normal.woff2        11.87 kB
build/assets/woff2/roboto-cyrillic-ext-400-normal.woff2     15.34 kB
build/assets/woff2/roboto-latin-400-normal.woff2            15.74 kB
build/assets/woff/roboto-all-400-normal.woff                65.46 kB
build/assets/css/SubscribersPanel.css                        0.22 kB │ gzip:   0.16 kB
build/assets/css/Diagnostics.css                             0.29 kB │ gzip:   0.21 kB
build/assets/css/Calibrate.css                               0.64 kB │ gzip:   0.40 kB
build/assets/css/ReactTable.css                              1.32 kB │ gzip:   0.56 kB
build/assets/css/index.css                                   1.77 kB │ gzip:   0.78 kB
build/assets/css/Dashboard.css                               4.02 kB │ gzip:   2.01 kB
build/assets/css/EditNotes.css                              17.96 kB │ gzip:   3.16 kB
build/chunks/QoS-service.8510bb67.js                         0.26 kB │ gzip:   0.22 kB │ map:     0.80 kB
build/chunks/LightTooltip.a517dcc1.js                        0.34 kB │ gzip:   0.28 kB │ map:     1.06 kB
build/chunks/ArrowForwardIosSharp.0c9d277f.js                0.36 kB │ gzip:   0.29 kB │ map:     1.12 kB
build/chunks/hardwareInventory-service.5bbd213f.js           0.38 kB │ gzip:   0.30 kB │ map:     1.14 kB
build/chunks/RestartAlt.8caf93eb.js                          0.38 kB │ gzip:   0.30 kB │ map:     0.71 kB
build/chunks/NotImplemented.f7735b61.js                      0.55 kB │ gzip:   0.40 kB │ map:     1.39 kB
build/chunks/AccordianSummary.d69740b1.js                    0.63 kB │ gzip:   0.44 kB │ map:     1.72 kB
build/chunks/Card.863cab7f.js                                0.63 kB │ gzip:   0.43 kB │ map:     4.60 kB
build/chunks/useInterval.09cf4675.js                         0.71 kB │ gzip:   0.41 kB │ map:     3.67 kB
build/chunks/TimeDateInput.53efddd2.js                       0.88 kB │ gzip:   0.50 kB │ map:     3.03 kB
build/chunks/LineChart.8014af32.js                           1.05 kB │ gzip:   0.66 kB │ map:     3.88 kB
build/chunks/TabPanel.fd5fe4df.js                            1.14 kB │ gzip:   0.63 kB │ map:     4.33 kB
build/chunks/ModalDialogComponent.1db32669.js                1.28 kB │ gzip:   0.71 kB │ map:     4.53 kB
build/chunks/index.1504f163.js                               1.96 kB │ gzip:   0.65 kB │ map:     5.81 kB
build/chunks/HealthGauge.9e8f7fba.js                         2.37 kB │ gzip:   1.29 kB │ map:     8.47 kB
build/chunks/useSupport.c9cec143.js                          2.45 kB │ gzip:   1.08 kB │ map:    10.12 kB
build/chunks/Checkbox.a7a5ba9a.js                            2.46 kB │ gzip:   1.15 kB │ map:    13.67 kB
build/chunks/radioHelper.70860d6e.js                         2.58 kB │ gzip:   1.17 kB │ map:     8.50 kB
build/chunks/AuditLog.58c2fd24.js                            3.79 kB │ gzip:   1.59 kB │ map:    14.10 kB
build/chunks/SlideUpTransition.29a78db0.js                   4.03 kB │ gzip:   1.61 kB │ map:    19.76 kB
build/chunks/index.e4baea61.js                               4.17 kB │ gzip:   1.50 kB │ map:    13.68 kB
build/chunks/Logs.27579487.js                                4.79 kB │ gzip:   2.12 kB │ map:    20.72 kB
build/chunks/AccordionSummary.a212f81e.js                    5.73 kB │ gzip:   1.97 kB │ map:    27.76 kB
build/chunks/ContextMenu.0833a346.js                         6.23 kB │ gzip:   2.03 kB │ map:    22.48 kB
build/chunks/useStyles.73283905.js                           6.39 kB │ gzip:   2.38 kB │ map:    26.35 kB
build/chunks/web-vitals.dfcc5b9a.js                          6.98 kB │ gzip:   2.58 kB │ map:    16.56 kB
build/chunks/TablePagination.a300de78.js                     8.27 kB │ gzip:   3.16 kB │ map:    42.12 kB
build/chunks/DnnPanel.286105c6.js                            9.64 kB │ gzip:   3.65 kB │ map:    37.84 kB
build/chunks/GMap.f11a8fd0.js                               16.54 kB │ gzip:   5.28 kB │ map:    51.13 kB
build/chunks/Diagnostics.c3fc22ce.js                        23.89 kB │ gzip:   7.68 kB │ map:    90.28 kB
build/chunks/index.09a48f0e.js                              41.18 kB │ gzip:  10.55 kB │ map:   154.16 kB
build/chunks/AuditLogDetails.c32a3b8f.js                    41.88 kB │ gzip:  13.90 kB │ map:   315.56 kB
build/chunks/RadioForm.ba931af3.js                          52.34 kB │ gzip:  14.59 kB │ map:   222.41 kB
build/chunks/System.37349471.js                             67.04 kB │ gzip:  15.51 kB │ map:   253.45 kB
build/chunks/Calibrate.d120ee93.js                          71.72 kB │ gzip:  23.80 kB │ map:   251.10 kB
build/chunks/ReactTable.c0797b45.js                         88.75 kB │ gzip:  27.05 kB │ map:   277.40 kB
build/chunks/Dashboard.b9f7f81d.js                          90.51 kB │ gzip:  21.81 kB │ map:   520.70 kB
build/chunks/EdgesPanel.e1216aaf.js                        144.90 kB │ gzip:  33.50 kB │ map:   525.73 kB
build/chunks/RadiosPanelNew.52af5875.js                    162.78 kB │ gzip:  40.63 kB │ map:   619.53 kB
build/chunks/SubscribersPanel.c4db62c5.js                  165.16 kB │ gzip:  53.50 kB │ map:   584.41 kB
build/chunks/DataGrid.94ed8004.js                          279.90 kB │ gzip:  84.65 kB │ map: 1,352.07 kB
build/chunks/highcharts.46bd61d3.js                        296.73 kB │ gzip: 106.33 kB │ map:   694.32 kB
build/chunks/EditNotes.f93e18f8.js                         487.47 kB │ gzip: 131.99 kB │ map: 1,668.42 kB
build/js/index.eecd7400.js                               2,137.20 kB │ gzip: 474.28 kB │ map: 5,428.70 kB

(!) Some chunks are larger than 1000 kBs after minification. Consider:
- Using dynamic import() to code-split the application
- Use build.rollupOptions.output.manualChunks to improve chunking: https://rollupjs.org/configuration-options/#output-manualchunks
- Adjust chunk size limit for this warning via build.chunkSizeWarningLimit.
✓ built in 2m 29s
Done in 151.85s.
Compilation done...
Complete at Sat Jun 24 02:32:35 AM EDT 2023
\n ************************************************** \n
Compiling at Sat Jun 24 07:30:00 AM EDT 2023
Pulling latest changes from Git...
Already up to date.
Compiling the orch UI code...
Deleting build...
Folder build deleted.
Folder A is unchanged.
yarn
yarn install v1.22.19
[1/4] Resolving packages...
success Already up-to-date.
Done in 1.25s.
yarn run build
yarn run v1.22.19
$ vite build
vite v4.3.9 building for production...
[plugin:vite-plugin-eslint] LintOnStart is turned on, and it will check for all matching files.
transforming...
✓ 13592 modules transformed.
rendering chunks...
computing gzip size...
build/assets/svg/pin.svg                                     0.85 kB │ gzip:   0.44 kB
build/assets/svg/current.svg                                 0.96 kB │ gzip:   0.47 kB
build/index.html                                             2.09 kB │ gzip:   1.02 kB
build/assets/svg/celltower.svg                               2.73 kB │ gzip:   1.41 kB
build/assets/svg/green-plain.svg                             3.30 kB │ gzip:   1.25 kB
build/assets/svg/pointer.svg                                 3.36 kB │ gzip:   1.27 kB
build/assets/svg/pointer-green.svg                           4.26 kB │ gzip:   1.56 kB
build/assets/svg/pointer-grey.svg                            4.26 kB │ gzip:   1.56 kB
build/assets/svg/markerA.svg                                 4.71 kB │ gzip:   1.66 kB
build/assets/woff2/roboto-vietnamese-400-normal.woff2        5.56 kB
build/assets/svg/markerB.svg                                 5.70 kB │ gzip:   2.12 kB
build/assets/woff2/roboto-greek-400-normal.woff2             7.11 kB
build/assets/svg/Radio-Indoor-Icon.svg                       7.43 kB │ gzip:   1.99 kB
build/assets/woff2/roboto-cyrillic-400-normal.woff2          9.63 kB
build/assets/woff2/roboto-latin-ext-400-normal.woff2        11.87 kB
build/assets/woff2/roboto-cyrillic-ext-400-normal.woff2     15.34 kB
build/assets/woff2/roboto-latin-400-normal.woff2            15.74 kB
build/assets/woff/roboto-all-400-normal.woff                65.46 kB
build/assets/css/SubscribersPanel.css                        0.22 kB │ gzip:   0.16 kB
build/assets/css/Diagnostics.css                             0.29 kB │ gzip:   0.21 kB
build/assets/css/Calibrate.css                               0.64 kB │ gzip:   0.40 kB
build/assets/css/ReactTable.css                              1.32 kB │ gzip:   0.56 kB
build/assets/css/index.css                                   1.77 kB │ gzip:   0.78 kB
build/assets/css/Dashboard.css                               4.02 kB │ gzip:   2.01 kB
build/assets/css/EditNotes.css                              17.96 kB │ gzip:   3.16 kB
build/chunks/QoS-service.8510bb67.js                         0.26 kB │ gzip:   0.22 kB │ map:     0.80 kB
build/chunks/LightTooltip.a517dcc1.js                        0.34 kB │ gzip:   0.28 kB │ map:     1.06 kB
build/chunks/ArrowForwardIosSharp.0c9d277f.js                0.36 kB │ gzip:   0.29 kB │ map:     1.12 kB
build/chunks/hardwareInventory-service.5bbd213f.js           0.38 kB │ gzip:   0.30 kB │ map:     1.14 kB
build/chunks/RestartAlt.8caf93eb.js                          0.38 kB │ gzip:   0.30 kB │ map:     0.71 kB
build/chunks/NotImplemented.f7735b61.js                      0.55 kB │ gzip:   0.40 kB │ map:     1.39 kB
build/chunks/AccordianSummary.d69740b1.js                    0.63 kB │ gzip:   0.44 kB │ map:     1.72 kB
build/chunks/Card.863cab7f.js                                0.63 kB │ gzip:   0.43 kB │ map:     4.60 kB
build/chunks/useInterval.09cf4675.js                         0.71 kB │ gzip:   0.41 kB │ map:     3.67 kB
build/chunks/TimeDateInput.53efddd2.js                       0.88 kB │ gzip:   0.50 kB │ map:     3.03 kB
build/chunks/LineChart.8014af32.js                           1.05 kB │ gzip:   0.66 kB │ map:     3.88 kB
build/chunks/TabPanel.fd5fe4df.js                            1.14 kB │ gzip:   0.63 kB │ map:     4.33 kB
build/chunks/ModalDialogComponent.1db32669.js                1.28 kB │ gzip:   0.71 kB │ map:     4.53 kB
build/chunks/index.1504f163.js                               1.96 kB │ gzip:   0.65 kB │ map:     5.81 kB
build/chunks/HealthGauge.9e8f7fba.js                         2.37 kB │ gzip:   1.29 kB │ map:     8.47 kB
build/chunks/useSupport.c9cec143.js                          2.45 kB │ gzip:   1.08 kB │ map:    10.12 kB
build/chunks/Checkbox.a7a5ba9a.js                            2.46 kB │ gzip:   1.15 kB │ map:    13.67 kB
build/chunks/radioHelper.70860d6e.js                         2.58 kB │ gzip:   1.17 kB │ map:     8.50 kB
build/chunks/AuditLog.58c2fd24.js                            3.79 kB │ gzip:   1.59 kB │ map:    14.10 kB
build/chunks/SlideUpTransition.29a78db0.js                   4.03 kB │ gzip:   1.61 kB │ map:    19.76 kB
build/chunks/index.e4baea61.js                               4.17 kB │ gzip:   1.50 kB │ map:    13.68 kB
build/chunks/Logs.27579487.js                                4.79 kB │ gzip:   2.12 kB │ map:    20.72 kB
build/chunks/AccordionSummary.a212f81e.js                    5.73 kB │ gzip:   1.97 kB │ map:    27.76 kB
build/chunks/ContextMenu.0833a346.js                         6.23 kB │ gzip:   2.03 kB │ map:    22.48 kB
build/chunks/useStyles.73283905.js                           6.39 kB │ gzip:   2.38 kB │ map:    26.35 kB
build/chunks/web-vitals.dfcc5b9a.js                          6.98 kB │ gzip:   2.58 kB │ map:    16.56 kB
build/chunks/TablePagination.a300de78.js                     8.27 kB │ gzip:   3.16 kB │ map:    42.12 kB
build/chunks/DnnPanel.286105c6.js                            9.64 kB │ gzip:   3.65 kB │ map:    37.84 kB
build/chunks/GMap.f11a8fd0.js                               16.54 kB │ gzip:   5.28 kB │ map:    51.13 kB
build/chunks/Diagnostics.c3fc22ce.js                        23.89 kB │ gzip:   7.68 kB │ map:    90.28 kB
build/chunks/index.09a48f0e.js                              41.18 kB │ gzip:  10.55 kB │ map:   154.16 kB
build/chunks/AuditLogDetails.c32a3b8f.js                    41.88 kB │ gzip:  13.90 kB │ map:   315.56 kB
build/chunks/RadioForm.ba931af3.js                          52.34 kB │ gzip:  14.59 kB │ map:   222.41 kB
build/chunks/System.37349471.js                             67.04 kB │ gzip:  15.51 kB │ map:   253.45 kB
build/chunks/Calibrate.d120ee93.js                          71.72 kB │ gzip:  23.80 kB │ map:   251.10 kB
build/chunks/ReactTable.c0797b45.js                         88.75 kB │ gzip:  27.05 kB │ map:   277.40 kB
build/chunks/Dashboard.b9f7f81d.js                          90.51 kB │ gzip:  21.81 kB │ map:   520.70 kB
build/chunks/EdgesPanel.e1216aaf.js                        144.90 kB │ gzip:  33.50 kB │ map:   525.73 kB
build/chunks/RadiosPanelNew.52af5875.js                    162.78 kB │ gzip:  40.63 kB │ map:   619.53 kB
build/chunks/SubscribersPanel.c4db62c5.js                  165.16 kB │ gzip:  53.50 kB │ map:   584.41 kB
build/chunks/DataGrid.94ed8004.js                          279.90 kB │ gzip:  84.65 kB │ map: 1,352.07 kB
build/chunks/highcharts.46bd61d3.js                        296.73 kB │ gzip: 106.33 kB │ map:   694.32 kB
build/chunks/EditNotes.f93e18f8.js                         487.47 kB │ gzip: 131.99 kB │ map: 1,668.42 kB
build/js/index.eecd7400.js                               2,137.20 kB │ gzip: 474.28 kB │ map: 5,428.70 kB

(!) Some chunks are larger than 1000 kBs after minification. Consider:
- Using dynamic import() to code-split the application
- Use build.rollupOptions.output.manualChunks to improve chunking: https://rollupjs.org/configuration-options/#output-manualchunks
- Adjust chunk size limit for this warning via build.chunkSizeWarningLimit.
✓ built in 2m 40s
Done in 162.72s.
Compilation done...
Complete at Sat Jun 24 07:32:47 AM EDT 2023
\n ************************************************** \n
Compiling at Sat Jun 24 10:30:00 AM EDT 2023
Pulling latest changes from Git...
Already up to date.
Compiling the orch UI code...
Deleting build...
Folder build deleted.
Folder A is unchanged.
yarn
yarn install v1.22.19
[1/4] Resolving packages...
success Already up-to-date.
Done in 1.00s.
yarn run build
yarn run v1.22.19
$ vite build
vite v4.3.9 building for production...
[plugin:vite-plugin-eslint] LintOnStart is turned on, and it will check for all matching files.
transforming...
✓ 13592 modules transformed.
rendering chunks...
computing gzip size...
build/assets/svg/pin.svg                                     0.85 kB │ gzip:   0.44 kB
build/assets/svg/current.svg                                 0.96 kB │ gzip:   0.47 kB
build/index.html                                             2.09 kB │ gzip:   1.02 kB
build/assets/svg/celltower.svg                               2.73 kB │ gzip:   1.41 kB
build/assets/svg/green-plain.svg                             3.30 kB │ gzip:   1.25 kB
build/assets/svg/pointer.svg                                 3.36 kB │ gzip:   1.27 kB
build/assets/svg/pointer-green.svg                           4.26 kB │ gzip:   1.56 kB
build/assets/svg/pointer-grey.svg                            4.26 kB │ gzip:   1.56 kB
build/assets/svg/markerA.svg                                 4.71 kB │ gzip:   1.66 kB
build/assets/woff2/roboto-vietnamese-400-normal.woff2        5.56 kB
build/assets/svg/markerB.svg                                 5.70 kB │ gzip:   2.12 kB
build/assets/woff2/roboto-greek-400-normal.woff2             7.11 kB
build/assets/svg/Radio-Indoor-Icon.svg                       7.43 kB │ gzip:   1.99 kB
build/assets/woff2/roboto-cyrillic-400-normal.woff2          9.63 kB
build/assets/woff2/roboto-latin-ext-400-normal.woff2        11.87 kB
build/assets/woff2/roboto-cyrillic-ext-400-normal.woff2     15.34 kB
build/assets/woff2/roboto-latin-400-normal.woff2            15.74 kB
build/assets/woff/roboto-all-400-normal.woff                65.46 kB
build/assets/css/SubscribersPanel.css                        0.22 kB │ gzip:   0.16 kB
build/assets/css/Diagnostics.css                             0.29 kB │ gzip:   0.21 kB
build/assets/css/Calibrate.css                               0.64 kB │ gzip:   0.40 kB
build/assets/css/ReactTable.css                              1.32 kB │ gzip:   0.56 kB
build/assets/css/index.css                                   1.77 kB │ gzip:   0.78 kB
build/assets/css/Dashboard.css                               4.02 kB │ gzip:   2.01 kB
build/assets/css/EditNotes.css                              17.96 kB │ gzip:   3.16 kB
build/chunks/QoS-service.8510bb67.js                         0.26 kB │ gzip:   0.22 kB │ map:     0.80 kB
build/chunks/LightTooltip.a517dcc1.js                        0.34 kB │ gzip:   0.28 kB │ map:     1.06 kB
build/chunks/ArrowForwardIosSharp.0c9d277f.js                0.36 kB │ gzip:   0.29 kB │ map:     1.12 kB
build/chunks/hardwareInventory-service.5bbd213f.js           0.38 kB │ gzip:   0.30 kB │ map:     1.14 kB
build/chunks/RestartAlt.8caf93eb.js                          0.38 kB │ gzip:   0.30 kB │ map:     0.71 kB
build/chunks/NotImplemented.f7735b61.js                      0.55 kB │ gzip:   0.40 kB │ map:     1.39 kB
build/chunks/AccordianSummary.d69740b1.js                    0.63 kB │ gzip:   0.44 kB │ map:     1.72 kB
build/chunks/Card.863cab7f.js                                0.63 kB │ gzip:   0.43 kB │ map:     4.60 kB
build/chunks/useInterval.09cf4675.js                         0.71 kB │ gzip:   0.41 kB │ map:     3.67 kB
build/chunks/TimeDateInput.53efddd2.js                       0.88 kB │ gzip:   0.50 kB │ map:     3.03 kB
build/chunks/LineChart.8014af32.js                           1.05 kB │ gzip:   0.66 kB │ map:     3.88 kB
build/chunks/TabPanel.fd5fe4df.js                            1.14 kB │ gzip:   0.63 kB │ map:     4.33 kB
build/chunks/ModalDialogComponent.1db32669.js                1.28 kB │ gzip:   0.71 kB │ map:     4.53 kB
build/chunks/index.1504f163.js                               1.96 kB │ gzip:   0.65 kB │ map:     5.81 kB
build/chunks/HealthGauge.9e8f7fba.js                         2.37 kB │ gzip:   1.29 kB │ map:     8.47 kB
build/chunks/useSupport.c9cec143.js                          2.45 kB │ gzip:   1.08 kB │ map:    10.12 kB
build/chunks/Checkbox.a7a5ba9a.js                            2.46 kB │ gzip:   1.15 kB │ map:    13.67 kB
build/chunks/radioHelper.70860d6e.js                         2.58 kB │ gzip:   1.17 kB │ map:     8.50 kB
build/chunks/AuditLog.58c2fd24.js                            3.79 kB │ gzip:   1.59 kB │ map:    14.10 kB
build/chunks/SlideUpTransition.29a78db0.js                   4.03 kB │ gzip:   1.61 kB │ map:    19.76 kB
build/chunks/index.e4baea61.js                               4.17 kB │ gzip:   1.50 kB │ map:    13.68 kB
build/chunks/Logs.27579487.js                                4.79 kB │ gzip:   2.12 kB │ map:    20.72 kB
build/chunks/AccordionSummary.a212f81e.js                    5.73 kB │ gzip:   1.97 kB │ map:    27.76 kB
build/chunks/ContextMenu.0833a346.js                         6.23 kB │ gzip:   2.03 kB │ map:    22.48 kB
build/chunks/useStyles.73283905.js                           6.39 kB │ gzip:   2.38 kB │ map:    26.35 kB
build/chunks/web-vitals.dfcc5b9a.js                          6.98 kB │ gzip:   2.58 kB │ map:    16.56 kB
build/chunks/TablePagination.a300de78.js                     8.27 kB │ gzip:   3.16 kB │ map:    42.12 kB
build/chunks/DnnPanel.286105c6.js                            9.64 kB │ gzip:   3.65 kB │ map:    37.84 kB
build/chunks/GMap.f11a8fd0.js                               16.54 kB │ gzip:   5.28 kB │ map:    51.13 kB
build/chunks/Diagnostics.c3fc22ce.js                        23.89 kB │ gzip:   7.68 kB │ map:    90.28 kB
build/chunks/index.09a48f0e.js                              41.18 kB │ gzip:  10.55 kB │ map:   154.16 kB
build/chunks/AuditLogDetails.c32a3b8f.js                    41.88 kB │ gzip:  13.90 kB │ map:   315.56 kB
build/chunks/RadioForm.ba931af3.js                          52.34 kB │ gzip:  14.59 kB │ map:   222.41 kB
build/chunks/System.37349471.js                             67.04 kB │ gzip:  15.51 kB │ map:   253.45 kB
build/chunks/Calibrate.d120ee93.js                          71.72 kB │ gzip:  23.80 kB │ map:   251.10 kB
build/chunks/ReactTable.c0797b45.js                         88.75 kB │ gzip:  27.05 kB │ map:   277.40 kB
build/chunks/Dashboard.b9f7f81d.js                          90.51 kB │ gzip:  21.81 kB │ map:   520.70 kB
build/chunks/EdgesPanel.e1216aaf.js                        144.90 kB │ gzip:  33.50 kB │ map:   525.73 kB
build/chunks/RadiosPanelNew.52af5875.js                    162.78 kB │ gzip:  40.63 kB │ map:   619.53 kB
build/chunks/SubscribersPanel.c4db62c5.js                  165.16 kB │ gzip:  53.50 kB │ map:   584.41 kB
build/chunks/DataGrid.94ed8004.js                          279.90 kB │ gzip:  84.65 kB │ map: 1,352.07 kB
build/chunks/highcharts.46bd61d3.js                        296.73 kB │ gzip: 106.33 kB │ map:   694.32 kB
build/chunks/EditNotes.f93e18f8.js                         487.47 kB │ gzip: 131.99 kB │ map: 1,668.42 kB
build/js/index.eecd7400.js                               2,137.20 kB │ gzip: 474.28 kB │ map: 5,428.70 kB

(!) Some chunks are larger than 1000 kBs after minification. Consider:
- Using dynamic import() to code-split the application
- Use build.rollupOptions.output.manualChunks to improve chunking: https://rollupjs.org/configuration-options/#output-manualchunks
- Adjust chunk size limit for this warning via build.chunkSizeWarningLimit.
✓ built in 2m 37s
Done in 159.50s.
Compilation done...
Complete at Sat Jun 24 10:32:42 AM EDT 2023
\n ************************************************** \n
Compiling at Sun Jun 25 02:30:00 AM EDT 2023
Pulling latest changes from Git...
From https://github.com/Highway9-Networks/h9-saas
   3b9166b81..98d2d0dd6  main       -> origin/main
Updating 3b9166b81..98d2d0dd6
Fast-forward
 edge/carriergw/mocngw/mocngw/tasks/network/network_util.c | 6 +++++-
 1 file changed, 5 insertions(+), 1 deletion(-)
Compiling the orch UI code...
Deleting build...
Folder build deleted.
Folder A is unchanged.
yarn
yarn install v1.22.19
[1/4] Resolving packages...
success Already up-to-date.
Done in 0.74s.
yarn run build
yarn run v1.22.19
$ vite build
vite v4.3.9 building for production...
[plugin:vite-plugin-eslint] LintOnStart is turned on, and it will check for all matching files.
transforming...
✓ 13592 modules transformed.
rendering chunks...
computing gzip size...
build/assets/svg/pin.svg                                     0.85 kB │ gzip:   0.44 kB
build/assets/svg/current.svg                                 0.96 kB │ gzip:   0.47 kB
build/index.html                                             2.09 kB │ gzip:   1.02 kB
build/assets/svg/celltower.svg                               2.73 kB │ gzip:   1.41 kB
build/assets/svg/green-plain.svg                             3.30 kB │ gzip:   1.25 kB
build/assets/svg/pointer.svg                                 3.36 kB │ gzip:   1.27 kB
build/assets/svg/pointer-green.svg                           4.26 kB │ gzip:   1.56 kB
build/assets/svg/pointer-grey.svg                            4.26 kB │ gzip:   1.56 kB
build/assets/svg/markerA.svg                                 4.71 kB │ gzip:   1.66 kB
build/assets/woff2/roboto-vietnamese-400-normal.woff2        5.56 kB
build/assets/svg/markerB.svg                                 5.70 kB │ gzip:   2.12 kB
build/assets/woff2/roboto-greek-400-normal.woff2             7.11 kB
build/assets/svg/Radio-Indoor-Icon.svg                       7.43 kB │ gzip:   1.99 kB
build/assets/woff2/roboto-cyrillic-400-normal.woff2          9.63 kB
build/assets/woff2/roboto-latin-ext-400-normal.woff2        11.87 kB
build/assets/woff2/roboto-cyrillic-ext-400-normal.woff2     15.34 kB
build/assets/woff2/roboto-latin-400-normal.woff2            15.74 kB
build/assets/woff/roboto-all-400-normal.woff                65.46 kB
build/assets/css/SubscribersPanel.css                        0.22 kB │ gzip:   0.16 kB
build/assets/css/Diagnostics.css                             0.29 kB │ gzip:   0.21 kB
build/assets/css/Calibrate.css                               0.64 kB │ gzip:   0.40 kB
build/assets/css/ReactTable.css                              1.32 kB │ gzip:   0.56 kB
build/assets/css/index.css                                   1.77 kB │ gzip:   0.78 kB
build/assets/css/Dashboard.css                               4.02 kB │ gzip:   2.01 kB
build/assets/css/EditNotes.css                              17.96 kB │ gzip:   3.16 kB
build/chunks/QoS-service.8510bb67.js                         0.26 kB │ gzip:   0.22 kB │ map:     0.80 kB
build/chunks/LightTooltip.a517dcc1.js                        0.34 kB │ gzip:   0.28 kB │ map:     1.06 kB
build/chunks/ArrowForwardIosSharp.0c9d277f.js                0.36 kB │ gzip:   0.29 kB │ map:     1.12 kB
build/chunks/hardwareInventory-service.5bbd213f.js           0.38 kB │ gzip:   0.30 kB │ map:     1.14 kB
build/chunks/RestartAlt.8caf93eb.js                          0.38 kB │ gzip:   0.30 kB │ map:     0.71 kB
build/chunks/NotImplemented.f7735b61.js                      0.55 kB │ gzip:   0.40 kB │ map:     1.39 kB
build/chunks/AccordianSummary.d69740b1.js                    0.63 kB │ gzip:   0.44 kB │ map:     1.72 kB
build/chunks/Card.863cab7f.js                                0.63 kB │ gzip:   0.43 kB │ map:     4.60 kB
build/chunks/useInterval.09cf4675.js                         0.71 kB │ gzip:   0.41 kB │ map:     3.67 kB
build/chunks/TimeDateInput.53efddd2.js                       0.88 kB │ gzip:   0.50 kB │ map:     3.03 kB
build/chunks/LineChart.8014af32.js                           1.05 kB │ gzip:   0.66 kB │ map:     3.88 kB
build/chunks/TabPanel.fd5fe4df.js                            1.14 kB │ gzip:   0.63 kB │ map:     4.33 kB
build/chunks/ModalDialogComponent.1db32669.js                1.28 kB │ gzip:   0.71 kB │ map:     4.53 kB
build/chunks/index.1504f163.js                               1.96 kB │ gzip:   0.65 kB │ map:     5.81 kB
build/chunks/HealthGauge.9e8f7fba.js                         2.37 kB │ gzip:   1.29 kB │ map:     8.47 kB
build/chunks/useSupport.c9cec143.js                          2.45 kB │ gzip:   1.08 kB │ map:    10.12 kB
build/chunks/Checkbox.a7a5ba9a.js                            2.46 kB │ gzip:   1.15 kB │ map:    13.67 kB
build/chunks/radioHelper.70860d6e.js                         2.58 kB │ gzip:   1.17 kB │ map:     8.50 kB
build/chunks/AuditLog.58c2fd24.js                            3.79 kB │ gzip:   1.59 kB │ map:    14.10 kB
build/chunks/SlideUpTransition.29a78db0.js                   4.03 kB │ gzip:   1.61 kB │ map:    19.76 kB
build/chunks/index.e4baea61.js                               4.17 kB │ gzip:   1.50 kB │ map:    13.68 kB
build/chunks/Logs.27579487.js                                4.79 kB │ gzip:   2.12 kB │ map:    20.72 kB
build/chunks/AccordionSummary.a212f81e.js                    5.73 kB │ gzip:   1.97 kB │ map:    27.76 kB
build/chunks/ContextMenu.0833a346.js                         6.23 kB │ gzip:   2.03 kB │ map:    22.48 kB
build/chunks/useStyles.73283905.js                           6.39 kB │ gzip:   2.38 kB │ map:    26.35 kB
build/chunks/web-vitals.dfcc5b9a.js                          6.98 kB │ gzip:   2.58 kB │ map:    16.56 kB
build/chunks/TablePagination.a300de78.js                     8.27 kB │ gzip:   3.16 kB │ map:    42.12 kB
build/chunks/DnnPanel.286105c6.js                            9.64 kB │ gzip:   3.65 kB │ map:    37.84 kB
build/chunks/GMap.f11a8fd0.js                               16.54 kB │ gzip:   5.28 kB │ map:    51.13 kB
build/chunks/Diagnostics.c3fc22ce.js                        23.89 kB │ gzip:   7.68 kB │ map:    90.28 kB
build/chunks/index.09a48f0e.js                              41.18 kB │ gzip:  10.55 kB │ map:   154.16 kB
build/chunks/AuditLogDetails.c32a3b8f.js                    41.88 kB │ gzip:  13.90 kB │ map:   315.56 kB
build/chunks/RadioForm.ba931af3.js                          52.34 kB │ gzip:  14.59 kB │ map:   222.41 kB
build/chunks/System.37349471.js                             67.04 kB │ gzip:  15.51 kB │ map:   253.45 kB
build/chunks/Calibrate.d120ee93.js                          71.72 kB │ gzip:  23.80 kB │ map:   251.10 kB
build/chunks/ReactTable.c0797b45.js                         88.75 kB │ gzip:  27.05 kB │ map:   277.40 kB
build/chunks/Dashboard.b9f7f81d.js                          90.51 kB │ gzip:  21.81 kB │ map:   520.70 kB
build/chunks/EdgesPanel.e1216aaf.js                        144.90 kB │ gzip:  33.50 kB │ map:   525.73 kB
build/chunks/RadiosPanelNew.52af5875.js                    162.78 kB │ gzip:  40.63 kB │ map:   619.53 kB
build/chunks/SubscribersPanel.c4db62c5.js                  165.16 kB │ gzip:  53.50 kB │ map:   584.41 kB
build/chunks/DataGrid.94ed8004.js                          279.90 kB │ gzip:  84.65 kB │ map: 1,352.07 kB
build/chunks/highcharts.46bd61d3.js                        296.73 kB │ gzip: 106.33 kB │ map:   694.32 kB
build/chunks/EditNotes.f93e18f8.js                         487.47 kB │ gzip: 131.99 kB │ map: 1,668.42 kB
build/js/index.eecd7400.js                               2,137.20 kB │ gzip: 474.28 kB │ map: 5,428.70 kB

(!) Some chunks are larger than 1000 kBs after minification. Consider:
- Using dynamic import() to code-split the application
- Use build.rollupOptions.output.manualChunks to improve chunking: https://rollupjs.org/configuration-options/#output-manualchunks
- Adjust chunk size limit for this warning via build.chunkSizeWarningLimit.
✓ built in 2m 39s
Done in 161.48s.
Compilation done...
Complete at Sun Jun 25 02:32:45 AM EDT 2023
\n ************************************************** \n
Compiling at Sun Jun 25 07:30:00 AM EDT 2023
Pulling latest changes from Git...
Already up to date.
Compiling the orch UI code...
Deleting build...
Folder build deleted.
Folder A is unchanged.
yarn
yarn install v1.22.19
[1/4] Resolving packages...
success Already up-to-date.
Done in 0.86s.
yarn run build
yarn run v1.22.19
$ vite build
vite v4.3.9 building for production...
[plugin:vite-plugin-eslint] LintOnStart is turned on, and it will check for all matching files.
transforming...
✓ 13592 modules transformed.
rendering chunks...
computing gzip size...
build/assets/svg/pin.svg                                     0.85 kB │ gzip:   0.44 kB
build/assets/svg/current.svg                                 0.96 kB │ gzip:   0.47 kB
build/index.html                                             2.09 kB │ gzip:   1.02 kB
build/assets/svg/celltower.svg                               2.73 kB │ gzip:   1.41 kB
build/assets/svg/green-plain.svg                             3.30 kB │ gzip:   1.25 kB
build/assets/svg/pointer.svg                                 3.36 kB │ gzip:   1.27 kB
build/assets/svg/pointer-green.svg                           4.26 kB │ gzip:   1.56 kB
build/assets/svg/pointer-grey.svg                            4.26 kB │ gzip:   1.56 kB
build/assets/svg/markerA.svg                                 4.71 kB │ gzip:   1.66 kB
build/assets/woff2/roboto-vietnamese-400-normal.woff2        5.56 kB
build/assets/svg/markerB.svg                                 5.70 kB │ gzip:   2.12 kB
build/assets/woff2/roboto-greek-400-normal.woff2             7.11 kB
build/assets/svg/Radio-Indoor-Icon.svg                       7.43 kB │ gzip:   1.99 kB
build/assets/woff2/roboto-cyrillic-400-normal.woff2          9.63 kB
build/assets/woff2/roboto-latin-ext-400-normal.woff2        11.87 kB
build/assets/woff2/roboto-cyrillic-ext-400-normal.woff2     15.34 kB
build/assets/woff2/roboto-latin-400-normal.woff2            15.74 kB
build/assets/woff/roboto-all-400-normal.woff                65.46 kB
build/assets/css/SubscribersPanel.css                        0.22 kB │ gzip:   0.16 kB
build/assets/css/Diagnostics.css                             0.29 kB │ gzip:   0.21 kB
build/assets/css/Calibrate.css                               0.64 kB │ gzip:   0.40 kB
build/assets/css/ReactTable.css                              1.32 kB │ gzip:   0.56 kB
build/assets/css/index.css                                   1.77 kB │ gzip:   0.78 kB
build/assets/css/Dashboard.css                               4.02 kB │ gzip:   2.01 kB
build/assets/css/EditNotes.css                              17.96 kB │ gzip:   3.16 kB
build/chunks/QoS-service.8510bb67.js                         0.26 kB │ gzip:   0.22 kB │ map:     0.80 kB
build/chunks/LightTooltip.a517dcc1.js                        0.34 kB │ gzip:   0.28 kB │ map:     1.06 kB
build/chunks/ArrowForwardIosSharp.0c9d277f.js                0.36 kB │ gzip:   0.29 kB │ map:     1.12 kB
build/chunks/hardwareInventory-service.5bbd213f.js           0.38 kB │ gzip:   0.30 kB │ map:     1.14 kB
build/chunks/RestartAlt.8caf93eb.js                          0.38 kB │ gzip:   0.30 kB │ map:     0.71 kB
build/chunks/NotImplemented.f7735b61.js                      0.55 kB │ gzip:   0.40 kB │ map:     1.39 kB
build/chunks/AccordianSummary.d69740b1.js                    0.63 kB │ gzip:   0.44 kB │ map:     1.72 kB
build/chunks/Card.863cab7f.js                                0.63 kB │ gzip:   0.43 kB │ map:     4.60 kB
build/chunks/useInterval.09cf4675.js                         0.71 kB │ gzip:   0.41 kB │ map:     3.67 kB
build/chunks/TimeDateInput.53efddd2.js                       0.88 kB │ gzip:   0.50 kB │ map:     3.03 kB
build/chunks/LineChart.8014af32.js                           1.05 kB │ gzip:   0.66 kB │ map:     3.88 kB
build/chunks/TabPanel.fd5fe4df.js                            1.14 kB │ gzip:   0.63 kB │ map:     4.33 kB
build/chunks/ModalDialogComponent.1db32669.js                1.28 kB │ gzip:   0.71 kB │ map:     4.53 kB
build/chunks/index.1504f163.js                               1.96 kB │ gzip:   0.65 kB │ map:     5.81 kB
build/chunks/HealthGauge.9e8f7fba.js                         2.37 kB │ gzip:   1.29 kB │ map:     8.47 kB
build/chunks/useSupport.c9cec143.js                          2.45 kB │ gzip:   1.08 kB │ map:    10.12 kB
build/chunks/Checkbox.a7a5ba9a.js                            2.46 kB │ gzip:   1.15 kB │ map:    13.67 kB
build/chunks/radioHelper.70860d6e.js                         2.58 kB │ gzip:   1.17 kB │ map:     8.50 kB
build/chunks/AuditLog.58c2fd24.js                            3.79 kB │ gzip:   1.59 kB │ map:    14.10 kB
build/chunks/SlideUpTransition.29a78db0.js                   4.03 kB │ gzip:   1.61 kB │ map:    19.76 kB
build/chunks/index.e4baea61.js                               4.17 kB │ gzip:   1.50 kB │ map:    13.68 kB
build/chunks/Logs.27579487.js                                4.79 kB │ gzip:   2.12 kB │ map:    20.72 kB
build/chunks/AccordionSummary.a212f81e.js                    5.73 kB │ gzip:   1.97 kB │ map:    27.76 kB
build/chunks/ContextMenu.0833a346.js                         6.23 kB │ gzip:   2.03 kB │ map:    22.48 kB
build/chunks/useStyles.73283905.js                           6.39 kB │ gzip:   2.38 kB │ map:    26.35 kB
build/chunks/web-vitals.dfcc5b9a.js                          6.98 kB │ gzip:   2.58 kB │ map:    16.56 kB
build/chunks/TablePagination.a300de78.js                     8.27 kB │ gzip:   3.16 kB │ map:    42.12 kB
build/chunks/DnnPanel.286105c6.js                            9.64 kB │ gzip:   3.65 kB │ map:    37.84 kB
build/chunks/GMap.f11a8fd0.js                               16.54 kB │ gzip:   5.28 kB │ map:    51.13 kB
build/chunks/Diagnostics.c3fc22ce.js                        23.89 kB │ gzip:   7.68 kB │ map:    90.28 kB
build/chunks/index.09a48f0e.js                              41.18 kB │ gzip:  10.55 kB │ map:   154.16 kB
build/chunks/AuditLogDetails.c32a3b8f.js                    41.88 kB │ gzip:  13.90 kB │ map:   315.56 kB
build/chunks/RadioForm.ba931af3.js                          52.34 kB │ gzip:  14.59 kB │ map:   222.41 kB
build/chunks/System.37349471.js                             67.04 kB │ gzip:  15.51 kB │ map:   253.45 kB
build/chunks/Calibrate.d120ee93.js                          71.72 kB │ gzip:  23.80 kB │ map:   251.10 kB
build/chunks/ReactTable.c0797b45.js                         88.75 kB │ gzip:  27.05 kB │ map:   277.40 kB
build/chunks/Dashboard.b9f7f81d.js                          90.51 kB │ gzip:  21.81 kB │ map:   520.70 kB
build/chunks/EdgesPanel.e1216aaf.js                        144.90 kB │ gzip:  33.50 kB │ map:   525.73 kB
build/chunks/RadiosPanelNew.52af5875.js                    162.78 kB │ gzip:  40.63 kB │ map:   619.53 kB
build/chunks/SubscribersPanel.c4db62c5.js                  165.16 kB │ gzip:  53.50 kB │ map:   584.41 kB
build/chunks/DataGrid.94ed8004.js                          279.90 kB │ gzip:  84.65 kB │ map: 1,352.07 kB
build/chunks/highcharts.46bd61d3.js                        296.73 kB │ gzip: 106.33 kB │ map:   694.32 kB
build/chunks/EditNotes.f93e18f8.js                         487.47 kB │ gzip: 131.99 kB │ map: 1,668.42 kB
build/js/index.eecd7400.js                               2,137.20 kB │ gzip: 474.28 kB │ map: 5,428.70 kB

(!) Some chunks are larger than 1000 kBs after minification. Consider:
- Using dynamic import() to code-split the application
- Use build.rollupOptions.output.manualChunks to improve chunking: https://rollupjs.org/configuration-options/#output-manualchunks
- Adjust chunk size limit for this warning via build.chunkSizeWarningLimit.
✓ built in 2m 42s
Done in 163.86s.
Compilation done...
Complete at Sun Jun 25 07:32:48 AM EDT 2023
\n ************************************************** \n
Compiling at Sun Jun 25 10:30:00 AM EDT 2023
Pulling latest changes from Git...
From https://github.com/Highway9-Networks/h9-saas
   0df06f846..1323ff575  feature/ushiva_new -> origin/feature/ushiva_new
Already up to date.
Compiling the orch UI code...
Deleting build...
Folder build deleted.
Folder A is unchanged.
yarn
yarn install v1.22.19
[1/4] Resolving packages...
success Already up-to-date.
Done in 0.87s.
yarn run build
yarn run v1.22.19
$ vite build
vite v4.3.9 building for production...
[plugin:vite-plugin-eslint] LintOnStart is turned on, and it will check for all matching files.
transforming...
✓ 13592 modules transformed.
rendering chunks...
computing gzip size...
build/assets/svg/pin.svg                                     0.85 kB │ gzip:   0.44 kB
build/assets/svg/current.svg                                 0.96 kB │ gzip:   0.47 kB
build/index.html                                             2.09 kB │ gzip:   1.02 kB
build/assets/svg/celltower.svg                               2.73 kB │ gzip:   1.41 kB
build/assets/svg/green-plain.svg                             3.30 kB │ gzip:   1.25 kB
build/assets/svg/pointer.svg                                 3.36 kB │ gzip:   1.27 kB
build/assets/svg/pointer-green.svg                           4.26 kB │ gzip:   1.56 kB
build/assets/svg/pointer-grey.svg                            4.26 kB │ gzip:   1.56 kB
build/assets/svg/markerA.svg                                 4.71 kB │ gzip:   1.66 kB
build/assets/woff2/roboto-vietnamese-400-normal.woff2        5.56 kB
build/assets/svg/markerB.svg                                 5.70 kB │ gzip:   2.12 kB
build/assets/woff2/roboto-greek-400-normal.woff2             7.11 kB
build/assets/svg/Radio-Indoor-Icon.svg                       7.43 kB │ gzip:   1.99 kB
build/assets/woff2/roboto-cyrillic-400-normal.woff2          9.63 kB
build/assets/woff2/roboto-latin-ext-400-normal.woff2        11.87 kB
build/assets/woff2/roboto-cyrillic-ext-400-normal.woff2     15.34 kB
build/assets/woff2/roboto-latin-400-normal.woff2            15.74 kB
build/assets/woff/roboto-all-400-normal.woff                65.46 kB
build/assets/css/SubscribersPanel.css                        0.22 kB │ gzip:   0.16 kB
build/assets/css/Diagnostics.css                             0.29 kB │ gzip:   0.21 kB
build/assets/css/Calibrate.css                               0.64 kB │ gzip:   0.40 kB
build/assets/css/ReactTable.css                              1.32 kB │ gzip:   0.56 kB
build/assets/css/index.css                                   1.77 kB │ gzip:   0.78 kB
build/assets/css/Dashboard.css                               4.02 kB │ gzip:   2.01 kB
build/assets/css/EditNotes.css                              17.96 kB │ gzip:   3.16 kB
build/chunks/QoS-service.8510bb67.js                         0.26 kB │ gzip:   0.22 kB │ map:     0.80 kB
build/chunks/LightTooltip.a517dcc1.js                        0.34 kB │ gzip:   0.28 kB │ map:     1.06 kB
build/chunks/ArrowForwardIosSharp.0c9d277f.js                0.36 kB │ gzip:   0.29 kB │ map:     1.12 kB
build/chunks/hardwareInventory-service.5bbd213f.js           0.38 kB │ gzip:   0.30 kB │ map:     1.14 kB
build/chunks/RestartAlt.8caf93eb.js                          0.38 kB │ gzip:   0.30 kB │ map:     0.71 kB
build/chunks/NotImplemented.f7735b61.js                      0.55 kB │ gzip:   0.40 kB │ map:     1.39 kB
build/chunks/AccordianSummary.d69740b1.js                    0.63 kB │ gzip:   0.44 kB │ map:     1.72 kB
build/chunks/Card.863cab7f.js                                0.63 kB │ gzip:   0.43 kB │ map:     4.60 kB
build/chunks/useInterval.09cf4675.js                         0.71 kB │ gzip:   0.41 kB │ map:     3.67 kB
build/chunks/TimeDateInput.53efddd2.js                       0.88 kB │ gzip:   0.50 kB │ map:     3.03 kB
build/chunks/LineChart.8014af32.js                           1.05 kB │ gzip:   0.66 kB │ map:     3.88 kB
build/chunks/TabPanel.fd5fe4df.js                            1.14 kB │ gzip:   0.63 kB │ map:     4.33 kB
build/chunks/ModalDialogComponent.1db32669.js                1.28 kB │ gzip:   0.71 kB │ map:     4.53 kB
build/chunks/index.1504f163.js                               1.96 kB │ gzip:   0.65 kB │ map:     5.81 kB
build/chunks/HealthGauge.9e8f7fba.js                         2.37 kB │ gzip:   1.29 kB │ map:     8.47 kB
build/chunks/useSupport.c9cec143.js                          2.45 kB │ gzip:   1.08 kB │ map:    10.12 kB
build/chunks/Checkbox.a7a5ba9a.js                            2.46 kB │ gzip:   1.15 kB │ map:    13.67 kB
build/chunks/radioHelper.70860d6e.js                         2.58 kB │ gzip:   1.17 kB │ map:     8.50 kB
build/chunks/AuditLog.58c2fd24.js                            3.79 kB │ gzip:   1.59 kB │ map:    14.10 kB
build/chunks/SlideUpTransition.29a78db0.js                   4.03 kB │ gzip:   1.61 kB │ map:    19.76 kB
build/chunks/index.e4baea61.js                               4.17 kB │ gzip:   1.50 kB │ map:    13.68 kB
build/chunks/Logs.27579487.js                                4.79 kB │ gzip:   2.12 kB │ map:    20.72 kB
build/chunks/AccordionSummary.a212f81e.js                    5.73 kB │ gzip:   1.97 kB │ map:    27.76 kB
build/chunks/ContextMenu.0833a346.js                         6.23 kB │ gzip:   2.03 kB │ map:    22.48 kB
build/chunks/useStyles.73283905.js                           6.39 kB │ gzip:   2.38 kB │ map:    26.35 kB
build/chunks/web-vitals.dfcc5b9a.js                          6.98 kB │ gzip:   2.58 kB │ map:    16.56 kB
build/chunks/TablePagination.a300de78.js                     8.27 kB │ gzip:   3.16 kB │ map:    42.12 kB
build/chunks/DnnPanel.286105c6.js                            9.64 kB │ gzip:   3.65 kB │ map:    37.84 kB
build/chunks/GMap.f11a8fd0.js                               16.54 kB │ gzip:   5.28 kB │ map:    51.13 kB
build/chunks/Diagnostics.c3fc22ce.js                        23.89 kB │ gzip:   7.68 kB │ map:    90.28 kB
build/chunks/index.09a48f0e.js                              41.18 kB │ gzip:  10.55 kB │ map:   154.16 kB
build/chunks/AuditLogDetails.c32a3b8f.js                    41.88 kB │ gzip:  13.90 kB │ map:   315.56 kB
build/chunks/RadioForm.ba931af3.js                          52.34 kB │ gzip:  14.59 kB │ map:   222.41 kB
build/chunks/System.37349471.js                             67.04 kB │ gzip:  15.51 kB │ map:   253.45 kB
build/chunks/Calibrate.d120ee93.js                          71.72 kB │ gzip:  23.80 kB │ map:   251.10 kB
build/chunks/ReactTable.c0797b45.js                         88.75 kB │ gzip:  27.05 kB │ map:   277.40 kB
build/chunks/Dashboard.b9f7f81d.js                          90.51 kB │ gzip:  21.81 kB │ map:   520.70 kB
build/chunks/EdgesPanel.e1216aaf.js                        144.90 kB │ gzip:  33.50 kB │ map:   525.73 kB
build/chunks/RadiosPanelNew.52af5875.js                    162.78 kB │ gzip:  40.63 kB │ map:   619.53 kB
build/chunks/SubscribersPanel.c4db62c5.js                  165.16 kB │ gzip:  53.50 kB │ map:   584.41 kB
build/chunks/DataGrid.94ed8004.js                          279.90 kB │ gzip:  84.65 kB │ map: 1,352.07 kB
build/chunks/highcharts.46bd61d3.js                        296.73 kB │ gzip: 106.33 kB │ map:   694.32 kB
build/chunks/EditNotes.f93e18f8.js                         487.47 kB │ gzip: 131.99 kB │ map: 1,668.42 kB
build/js/index.eecd7400.js                               2,137.20 kB │ gzip: 474.28 kB │ map: 5,428.70 kB

(!) Some chunks are larger than 1000 kBs after minification. Consider:
- Using dynamic import() to code-split the application
- Use build.rollupOptions.output.manualChunks to improve chunking: https://rollupjs.org/configuration-options/#output-manualchunks
- Adjust chunk size limit for this warning via build.chunkSizeWarningLimit.
✓ built in 2m 33s
Done in 155.31s.
Compilation done...
Complete at Sun Jun 25 10:32:39 AM EDT 2023
\n ************************************************** \n
Compiling at Mon Jun 26 02:30:00 AM EDT 2023
Pulling latest changes from Git...
From https://github.com/Highway9-Networks/h9-saas
   98d2d0dd6..22bac3c48  main                  -> origin/main
   1323ff575..39fa4c5ab  feature/ushiva_new    -> origin/feature/ushiva_new
   859375178..ad9493ee6  imran-automation      -> origin/imran-automation
   ac6099fda..e6160f7ec  private/akshay-new-28 -> origin/private/akshay-new-28
Updating 98d2d0dd6..22bac3c48
Fast-forward
 common/common.mk                                       |  2 +-
 edge/carriergw/mocngw/mocngw/tasks/access/access.h     |  2 +-
 .../mocngw/mocngw/tasks/access/access_encoder.c        |  2 +-
 .../mocngw/mocngw/tasks/config/mocn_dp_client.cc       |  4 ++--
 .../mocngw/mocngw/tasks/network/network_encoder.c      | 18 ++++++++++++------
 orch/orch-api/grpchandler/scripts/config_pingmon.sh    | 18 ++++++++++++++++++
 6 files changed, 35 insertions(+), 11 deletions(-)
Compiling the orch UI code...
Deleting build...
Folder build deleted.
Folder A is unchanged.
yarn
yarn install v1.22.19
[1/4] Resolving packages...
success Already up-to-date.
Done in 0.77s.
yarn run build
yarn run v1.22.19
$ vite build
vite v4.3.9 building for production...
[plugin:vite-plugin-eslint] LintOnStart is turned on, and it will check for all matching files.
transforming...
✓ 13592 modules transformed.
rendering chunks...
computing gzip size...
build/assets/svg/pin.svg                                     0.85 kB │ gzip:   0.44 kB
build/assets/svg/current.svg                                 0.96 kB │ gzip:   0.47 kB
build/index.html                                             2.09 kB │ gzip:   1.02 kB
build/assets/svg/celltower.svg                               2.73 kB │ gzip:   1.41 kB
build/assets/svg/green-plain.svg                             3.30 kB │ gzip:   1.25 kB
build/assets/svg/pointer.svg                                 3.36 kB │ gzip:   1.27 kB
build/assets/svg/pointer-grey.svg                            4.26 kB │ gzip:   1.56 kB
build/assets/svg/pointer-green.svg                           4.26 kB │ gzip:   1.56 kB
build/assets/svg/markerA.svg                                 4.71 kB │ gzip:   1.66 kB
build/assets/woff2/roboto-vietnamese-400-normal.woff2        5.56 kB
build/assets/svg/markerB.svg                                 5.70 kB │ gzip:   2.12 kB
build/assets/woff2/roboto-greek-400-normal.woff2             7.11 kB
build/assets/svg/Radio-Indoor-Icon.svg                       7.43 kB │ gzip:   1.99 kB
build/assets/woff2/roboto-cyrillic-400-normal.woff2          9.63 kB
build/assets/woff2/roboto-latin-ext-400-normal.woff2        11.87 kB
build/assets/woff2/roboto-cyrillic-ext-400-normal.woff2     15.34 kB
build/assets/woff2/roboto-latin-400-normal.woff2            15.74 kB
build/assets/woff/roboto-all-400-normal.woff                65.46 kB
build/assets/css/SubscribersPanel.css                        0.22 kB │ gzip:   0.16 kB
build/assets/css/Diagnostics.css                             0.29 kB │ gzip:   0.21 kB
build/assets/css/Calibrate.css                               0.64 kB │ gzip:   0.40 kB
build/assets/css/ReactTable.css                              1.32 kB │ gzip:   0.56 kB
build/assets/css/index.css                                   1.77 kB │ gzip:   0.78 kB
build/assets/css/Dashboard.css                               4.02 kB │ gzip:   2.01 kB
build/assets/css/EditNotes.css                              17.96 kB │ gzip:   3.16 kB
build/chunks/QoS-service.8510bb67.js                         0.26 kB │ gzip:   0.22 kB │ map:     0.80 kB
build/chunks/LightTooltip.a517dcc1.js                        0.34 kB │ gzip:   0.28 kB │ map:     1.06 kB
build/chunks/ArrowForwardIosSharp.0c9d277f.js                0.36 kB │ gzip:   0.29 kB │ map:     1.12 kB
build/chunks/hardwareInventory-service.5bbd213f.js           0.38 kB │ gzip:   0.30 kB │ map:     1.14 kB
build/chunks/RestartAlt.8caf93eb.js                          0.38 kB │ gzip:   0.30 kB │ map:     0.71 kB
build/chunks/NotImplemented.f7735b61.js                      0.55 kB │ gzip:   0.40 kB │ map:     1.39 kB
build/chunks/AccordianSummary.d69740b1.js                    0.63 kB │ gzip:   0.44 kB │ map:     1.72 kB
build/chunks/Card.863cab7f.js                                0.63 kB │ gzip:   0.43 kB │ map:     4.60 kB
build/chunks/useInterval.09cf4675.js                         0.71 kB │ gzip:   0.41 kB │ map:     3.67 kB
build/chunks/TimeDateInput.53efddd2.js                       0.88 kB │ gzip:   0.50 kB │ map:     3.03 kB
build/chunks/LineChart.8014af32.js                           1.05 kB │ gzip:   0.66 kB │ map:     3.88 kB
build/chunks/TabPanel.fd5fe4df.js                            1.14 kB │ gzip:   0.63 kB │ map:     4.33 kB
build/chunks/ModalDialogComponent.1db32669.js                1.28 kB │ gzip:   0.71 kB │ map:     4.53 kB
build/chunks/index.1504f163.js                               1.96 kB │ gzip:   0.65 kB │ map:     5.81 kB
build/chunks/HealthGauge.9e8f7fba.js                         2.37 kB │ gzip:   1.29 kB │ map:     8.47 kB
build/chunks/useSupport.c9cec143.js                          2.45 kB │ gzip:   1.08 kB │ map:    10.12 kB
build/chunks/Checkbox.a7a5ba9a.js                            2.46 kB │ gzip:   1.15 kB │ map:    13.67 kB
build/chunks/radioHelper.70860d6e.js                         2.58 kB │ gzip:   1.17 kB │ map:     8.50 kB
build/chunks/AuditLog.58c2fd24.js                            3.79 kB │ gzip:   1.59 kB │ map:    14.10 kB
build/chunks/SlideUpTransition.29a78db0.js                   4.03 kB │ gzip:   1.61 kB │ map:    19.76 kB
build/chunks/index.e4baea61.js                               4.17 kB │ gzip:   1.50 kB │ map:    13.68 kB
build/chunks/Logs.27579487.js                                4.79 kB │ gzip:   2.12 kB │ map:    20.72 kB
build/chunks/AccordionSummary.a212f81e.js                    5.73 kB │ gzip:   1.97 kB │ map:    27.76 kB
build/chunks/ContextMenu.0833a346.js                         6.23 kB │ gzip:   2.03 kB │ map:    22.48 kB
build/chunks/useStyles.73283905.js                           6.39 kB │ gzip:   2.38 kB │ map:    26.35 kB
build/chunks/web-vitals.dfcc5b9a.js                          6.98 kB │ gzip:   2.58 kB │ map:    16.56 kB
build/chunks/TablePagination.a300de78.js                     8.27 kB │ gzip:   3.16 kB │ map:    42.12 kB
build/chunks/DnnPanel.286105c6.js                            9.64 kB │ gzip:   3.65 kB │ map:    37.84 kB
build/chunks/GMap.f11a8fd0.js                               16.54 kB │ gzip:   5.28 kB │ map:    51.13 kB
build/chunks/Diagnostics.c3fc22ce.js                        23.89 kB │ gzip:   7.68 kB │ map:    90.28 kB
build/chunks/index.09a48f0e.js                              41.18 kB │ gzip:  10.55 kB │ map:   154.16 kB
build/chunks/AuditLogDetails.c32a3b8f.js                    41.88 kB │ gzip:  13.90 kB │ map:   315.56 kB
build/chunks/RadioForm.ba931af3.js                          52.34 kB │ gzip:  14.59 kB │ map:   222.41 kB
build/chunks/System.37349471.js                             67.04 kB │ gzip:  15.51 kB │ map:   253.45 kB
build/chunks/Calibrate.d120ee93.js                          71.72 kB │ gzip:  23.80 kB │ map:   251.10 kB
build/chunks/ReactTable.c0797b45.js                         88.75 kB │ gzip:  27.05 kB │ map:   277.40 kB
build/chunks/Dashboard.b9f7f81d.js                          90.51 kB │ gzip:  21.81 kB │ map:   520.70 kB
build/chunks/EdgesPanel.e1216aaf.js                        144.90 kB │ gzip:  33.50 kB │ map:   525.73 kB
build/chunks/RadiosPanelNew.52af5875.js                    162.78 kB │ gzip:  40.63 kB │ map:   619.53 kB
build/chunks/SubscribersPanel.c4db62c5.js                  165.16 kB │ gzip:  53.50 kB │ map:   584.41 kB
build/chunks/DataGrid.94ed8004.js                          279.90 kB │ gzip:  84.65 kB │ map: 1,352.07 kB
build/chunks/highcharts.46bd61d3.js                        296.73 kB │ gzip: 106.33 kB │ map:   694.32 kB
build/chunks/EditNotes.f93e18f8.js                         487.47 kB │ gzip: 131.99 kB │ map: 1,668.42 kB
build/js/index.eecd7400.js                               2,137.20 kB │ gzip: 474.28 kB │ map: 5,428.70 kB

(!) Some chunks are larger than 1000 kBs after minification. Consider:
- Using dynamic import() to code-split the application
- Use build.rollupOptions.output.manualChunks to improve chunking: https://rollupjs.org/configuration-options/#output-manualchunks
- Adjust chunk size limit for this warning via build.chunkSizeWarningLimit.
✓ built in 2m 36s
Done in 158.58s.
Compilation done...
Complete at Mon Jun 26 02:32:42 AM EDT 2023
\n ************************************************** \n
Compiling at Mon Jun 26 07:30:00 AM EDT 2023
Pulling latest changes from Git...
From https://github.com/Highway9-Networks/h9-saas
   22bac3c48..834a5c116  main                  -> origin/main
   524fd4af2..b6f8d2a18  main-release          -> origin/main-release
   e6160f7ec..339f28f34  private/akshay-new-28 -> origin/private/akshay-new-28
   c76fb909c..834a5c116  private/dileep/fixingIssues_17_05_23 -> origin/private/dileep/fixingIssues_17_05_23
 * [new branch]          private/main-sync-to-main-rel -> origin/private/main-sync-to-main-rel
   6f82d5714..b04a89857  private/mdighe/ci-golint -> origin/private/mdighe/ci-golint
   86006e2b0..ad43f5ed9  vikram_mocngw         -> origin/vikram_mocngw
Updating 22bac3c48..834a5c116
Fast-forward
 common/cmnUtils/collectionUtils.go                 | 113 +++++++++++----------
 common/common.mk                                   |   6 +-
 orch/orch-common/db/baseJsonColumnSchemaDao.go     |  75 +++++++++++++-
 orch/orch-common/db/dao.go                         |   1 +
 orch/orch-common/db/daoHelper.go                   |  14 +++
 orch/orch-common/tests/db/user_db_test.go          |  29 +++++-
 .../playbooks/roles/ami-platform/tasks/main.yaml   |   4 +-
 saas/saas-common/constants/timers.go               |   2 +-
 .../service/edgeService/fetchEdgeRelease.go        |  51 +++++-----
 9 files changed, 203 insertions(+), 92 deletions(-)
Compiling the orch UI code...
Deleting build...
Folder build deleted.
Folder A is unchanged.
yarn
yarn install v1.22.19
[1/4] Resolving packages...
success Already up-to-date.
Done in 1.14s.
yarn run build
yarn run v1.22.19
$ vite build
vite v4.3.9 building for production...
[plugin:vite-plugin-eslint] LintOnStart is turned on, and it will check for all matching files.
transforming...
✓ 13592 modules transformed.
rendering chunks...
computing gzip size...
build/assets/svg/pin.svg                                     0.85 kB │ gzip:   0.44 kB
build/assets/svg/current.svg                                 0.96 kB │ gzip:   0.47 kB
build/index.html                                             2.09 kB │ gzip:   1.02 kB
build/assets/svg/celltower.svg                               2.73 kB │ gzip:   1.41 kB
build/assets/svg/green-plain.svg                             3.30 kB │ gzip:   1.25 kB
build/assets/svg/pointer.svg                                 3.36 kB │ gzip:   1.27 kB
build/assets/svg/pointer-green.svg                           4.26 kB │ gzip:   1.56 kB
build/assets/svg/pointer-grey.svg                            4.26 kB │ gzip:   1.56 kB
build/assets/svg/markerA.svg                                 4.71 kB │ gzip:   1.66 kB
build/assets/woff2/roboto-vietnamese-400-normal.woff2        5.56 kB
build/assets/svg/markerB.svg                                 5.70 kB │ gzip:   2.12 kB
build/assets/woff2/roboto-greek-400-normal.woff2             7.11 kB
build/assets/svg/Radio-Indoor-Icon.svg                       7.43 kB │ gzip:   1.99 kB
build/assets/woff2/roboto-cyrillic-400-normal.woff2          9.63 kB
build/assets/woff2/roboto-latin-ext-400-normal.woff2        11.87 kB
build/assets/woff2/roboto-cyrillic-ext-400-normal.woff2     15.34 kB
build/assets/woff2/roboto-latin-400-normal.woff2            15.74 kB
build/assets/woff/roboto-all-400-normal.woff                65.46 kB
build/assets/css/SubscribersPanel.css                        0.22 kB │ gzip:   0.16 kB
build/assets/css/Diagnostics.css                             0.29 kB │ gzip:   0.21 kB
build/assets/css/Calibrate.css                               0.64 kB │ gzip:   0.40 kB
build/assets/css/ReactTable.css                              1.32 kB │ gzip:   0.56 kB
build/assets/css/index.css                                   1.77 kB │ gzip:   0.78 kB
build/assets/css/Dashboard.css                               4.02 kB │ gzip:   2.01 kB
build/assets/css/EditNotes.css                              17.96 kB │ gzip:   3.16 kB
build/chunks/QoS-service.8510bb67.js                         0.26 kB │ gzip:   0.22 kB │ map:     0.80 kB
build/chunks/LightTooltip.a517dcc1.js                        0.34 kB │ gzip:   0.28 kB │ map:     1.06 kB
build/chunks/ArrowForwardIosSharp.0c9d277f.js                0.36 kB │ gzip:   0.29 kB │ map:     1.12 kB
build/chunks/hardwareInventory-service.5bbd213f.js           0.38 kB │ gzip:   0.30 kB │ map:     1.14 kB
build/chunks/RestartAlt.8caf93eb.js                          0.38 kB │ gzip:   0.30 kB │ map:     0.71 kB
build/chunks/NotImplemented.f7735b61.js                      0.55 kB │ gzip:   0.40 kB │ map:     1.39 kB
build/chunks/AccordianSummary.d69740b1.js                    0.63 kB │ gzip:   0.44 kB │ map:     1.72 kB
build/chunks/Card.863cab7f.js                                0.63 kB │ gzip:   0.43 kB │ map:     4.60 kB
build/chunks/useInterval.09cf4675.js                         0.71 kB │ gzip:   0.41 kB │ map:     3.67 kB
build/chunks/TimeDateInput.53efddd2.js                       0.88 kB │ gzip:   0.50 kB │ map:     3.03 kB
build/chunks/LineChart.8014af32.js                           1.05 kB │ gzip:   0.66 kB │ map:     3.88 kB
build/chunks/TabPanel.fd5fe4df.js                            1.14 kB │ gzip:   0.63 kB │ map:     4.33 kB
build/chunks/ModalDialogComponent.1db32669.js                1.28 kB │ gzip:   0.71 kB │ map:     4.53 kB
build/chunks/index.1504f163.js                               1.96 kB │ gzip:   0.65 kB │ map:     5.81 kB
build/chunks/HealthGauge.9e8f7fba.js                         2.37 kB │ gzip:   1.29 kB │ map:     8.47 kB
build/chunks/useSupport.c9cec143.js                          2.45 kB │ gzip:   1.08 kB │ map:    10.12 kB
build/chunks/Checkbox.a7a5ba9a.js                            2.46 kB │ gzip:   1.15 kB │ map:    13.67 kB
build/chunks/radioHelper.70860d6e.js                         2.58 kB │ gzip:   1.17 kB │ map:     8.50 kB
build/chunks/AuditLog.58c2fd24.js                            3.79 kB │ gzip:   1.59 kB │ map:    14.10 kB
build/chunks/SlideUpTransition.29a78db0.js                   4.03 kB │ gzip:   1.61 kB │ map:    19.76 kB
build/chunks/index.e4baea61.js                               4.17 kB │ gzip:   1.50 kB │ map:    13.68 kB
build/chunks/Logs.27579487.js                                4.79 kB │ gzip:   2.12 kB │ map:    20.72 kB
build/chunks/AccordionSummary.a212f81e.js                    5.73 kB │ gzip:   1.97 kB │ map:    27.76 kB
build/chunks/ContextMenu.0833a346.js                         6.23 kB │ gzip:   2.03 kB │ map:    22.48 kB
build/chunks/useStyles.73283905.js                           6.39 kB │ gzip:   2.38 kB │ map:    26.35 kB
build/chunks/web-vitals.dfcc5b9a.js                          6.98 kB │ gzip:   2.58 kB │ map:    16.56 kB
build/chunks/TablePagination.a300de78.js                     8.27 kB │ gzip:   3.16 kB │ map:    42.12 kB
build/chunks/DnnPanel.286105c6.js                            9.64 kB │ gzip:   3.65 kB │ map:    37.84 kB
build/chunks/GMap.f11a8fd0.js                               16.54 kB │ gzip:   5.28 kB │ map:    51.13 kB
build/chunks/Diagnostics.c3fc22ce.js                        23.89 kB │ gzip:   7.68 kB │ map:    90.28 kB
build/chunks/index.09a48f0e.js                              41.18 kB │ gzip:  10.55 kB │ map:   154.16 kB
build/chunks/AuditLogDetails.c32a3b8f.js                    41.88 kB │ gzip:  13.90 kB │ map:   315.56 kB
build/chunks/RadioForm.ba931af3.js                          52.34 kB │ gzip:  14.59 kB │ map:   222.41 kB
build/chunks/System.37349471.js                             67.04 kB │ gzip:  15.51 kB │ map:   253.45 kB
build/chunks/Calibrate.d120ee93.js                          71.72 kB │ gzip:  23.80 kB │ map:   251.10 kB
build/chunks/ReactTable.c0797b45.js                         88.75 kB │ gzip:  27.05 kB │ map:   277.40 kB
build/chunks/Dashboard.b9f7f81d.js                          90.51 kB │ gzip:  21.81 kB │ map:   520.70 kB
build/chunks/EdgesPanel.e1216aaf.js                        144.90 kB │ gzip:  33.50 kB │ map:   525.73 kB
build/chunks/RadiosPanelNew.52af5875.js                    162.78 kB │ gzip:  40.63 kB │ map:   619.53 kB
build/chunks/SubscribersPanel.c4db62c5.js                  165.16 kB │ gzip:  53.50 kB │ map:   584.41 kB
build/chunks/DataGrid.94ed8004.js                          279.90 kB │ gzip:  84.65 kB │ map: 1,352.07 kB
build/chunks/highcharts.46bd61d3.js                        296.73 kB │ gzip: 106.33 kB │ map:   694.32 kB
build/chunks/EditNotes.f93e18f8.js                         487.47 kB │ gzip: 131.99 kB │ map: 1,668.42 kB
build/js/index.eecd7400.js                               2,137.20 kB │ gzip: 474.28 kB │ map: 5,428.70 kB

(!) Some chunks are larger than 1000 kBs after minification. Consider:
- Using dynamic import() to code-split the application
- Use build.rollupOptions.output.manualChunks to improve chunking: https://rollupjs.org/configuration-options/#output-manualchunks
- Adjust chunk size limit for this warning via build.chunkSizeWarningLimit.
✓ built in 2m 49s
Done in 171.97s.
Compilation done...
Complete at Mon Jun 26 07:32:58 AM EDT 2023
\n ************************************************** \n
Compiling at Mon Jun 26 10:30:00 AM EDT 2023
Pulling latest changes from Git...
From https://github.com/Highway9-Networks/h9-saas
   834a5c116..93000f9f0  main             -> origin/main
   ad9493ee6..2f0467b9b  imran-automation -> origin/imran-automation
   b6f8d2a18..9a79c1d3e  main-release     -> origin/main-release
   b04a89857..651a06bcd  private/mdighe/ci-golint -> origin/private/mdighe/ci-golint
 * [new branch]          simulator/reboot -> origin/simulator/reboot
   d28adc21c..1358aca2f  xpJain/changes   -> origin/xpJain/changes
Updating 834a5c116..93000f9f0
Fast-forward
 orch/orch-common/db/daoHelper.go | 55 +++++++++++++++++++++++++---------------
 saas/saas-common/db/daoHelper.go | 17 ++++++++++++-
 2 files changed, 51 insertions(+), 21 deletions(-)
Compiling the orch UI code...
Deleting build...
Folder build deleted.
Folder A is unchanged.
yarn
yarn install v1.22.19
[1/4] Resolving packages...
success Already up-to-date.
Done in 0.74s.
yarn run build
yarn run v1.22.19
$ vite build
vite v4.3.9 building for production...
[plugin:vite-plugin-eslint] LintOnStart is turned on, and it will check for all matching files.
transforming...
✓ 13592 modules transformed.
rendering chunks...
computing gzip size...
build/assets/svg/pin.svg                                     0.85 kB │ gzip:   0.44 kB
build/assets/svg/current.svg                                 0.96 kB │ gzip:   0.47 kB
build/index.html                                             2.09 kB │ gzip:   1.02 kB
build/assets/svg/celltower.svg                               2.73 kB │ gzip:   1.41 kB
build/assets/svg/green-plain.svg                             3.30 kB │ gzip:   1.25 kB
build/assets/svg/pointer.svg                                 3.36 kB │ gzip:   1.27 kB
build/assets/svg/pointer-green.svg                           4.26 kB │ gzip:   1.56 kB
build/assets/svg/pointer-grey.svg                            4.26 kB │ gzip:   1.56 kB
build/assets/svg/markerA.svg                                 4.71 kB │ gzip:   1.66 kB
build/assets/woff2/roboto-vietnamese-400-normal.woff2        5.56 kB
build/assets/svg/markerB.svg                                 5.70 kB │ gzip:   2.12 kB
build/assets/woff2/roboto-greek-400-normal.woff2             7.11 kB
build/assets/svg/Radio-Indoor-Icon.svg                       7.43 kB │ gzip:   1.99 kB
build/assets/woff2/roboto-cyrillic-400-normal.woff2          9.63 kB
build/assets/woff2/roboto-latin-ext-400-normal.woff2        11.87 kB
build/assets/woff2/roboto-cyrillic-ext-400-normal.woff2     15.34 kB
build/assets/woff2/roboto-latin-400-normal.woff2            15.74 kB
build/assets/woff/roboto-all-400-normal.woff                65.46 kB
build/assets/css/SubscribersPanel.css                        0.22 kB │ gzip:   0.16 kB
build/assets/css/Diagnostics.css                             0.29 kB │ gzip:   0.21 kB
build/assets/css/Calibrate.css                               0.64 kB │ gzip:   0.40 kB
build/assets/css/ReactTable.css                              1.32 kB │ gzip:   0.56 kB
build/assets/css/index.css                                   1.77 kB │ gzip:   0.78 kB
build/assets/css/Dashboard.css                               4.02 kB │ gzip:   2.01 kB
build/assets/css/EditNotes.css                              17.96 kB │ gzip:   3.16 kB
build/chunks/QoS-service.8510bb67.js                         0.26 kB │ gzip:   0.22 kB │ map:     0.80 kB
build/chunks/LightTooltip.a517dcc1.js                        0.34 kB │ gzip:   0.28 kB │ map:     1.06 kB
build/chunks/ArrowForwardIosSharp.0c9d277f.js                0.36 kB │ gzip:   0.29 kB │ map:     1.12 kB
build/chunks/hardwareInventory-service.5bbd213f.js           0.38 kB │ gzip:   0.30 kB │ map:     1.14 kB
build/chunks/RestartAlt.8caf93eb.js                          0.38 kB │ gzip:   0.30 kB │ map:     0.71 kB
build/chunks/NotImplemented.f7735b61.js                      0.55 kB │ gzip:   0.40 kB │ map:     1.39 kB
build/chunks/AccordianSummary.d69740b1.js                    0.63 kB │ gzip:   0.44 kB │ map:     1.72 kB
build/chunks/Card.863cab7f.js                                0.63 kB │ gzip:   0.43 kB │ map:     4.60 kB
build/chunks/useInterval.09cf4675.js                         0.71 kB │ gzip:   0.41 kB │ map:     3.67 kB
build/chunks/TimeDateInput.53efddd2.js                       0.88 kB │ gzip:   0.50 kB │ map:     3.03 kB
build/chunks/LineChart.8014af32.js                           1.05 kB │ gzip:   0.66 kB │ map:     3.88 kB
build/chunks/TabPanel.fd5fe4df.js                            1.14 kB │ gzip:   0.63 kB │ map:     4.33 kB
build/chunks/ModalDialogComponent.1db32669.js                1.28 kB │ gzip:   0.71 kB │ map:     4.53 kB
build/chunks/index.1504f163.js                               1.96 kB │ gzip:   0.65 kB │ map:     5.81 kB
build/chunks/HealthGauge.9e8f7fba.js                         2.37 kB │ gzip:   1.29 kB │ map:     8.47 kB
build/chunks/useSupport.c9cec143.js                          2.45 kB │ gzip:   1.08 kB │ map:    10.12 kB
build/chunks/Checkbox.a7a5ba9a.js                            2.46 kB │ gzip:   1.15 kB │ map:    13.67 kB
build/chunks/radioHelper.70860d6e.js                         2.58 kB │ gzip:   1.17 kB │ map:     8.50 kB
build/chunks/AuditLog.58c2fd24.js                            3.79 kB │ gzip:   1.59 kB │ map:    14.10 kB
build/chunks/SlideUpTransition.29a78db0.js                   4.03 kB │ gzip:   1.61 kB │ map:    19.76 kB
build/chunks/index.e4baea61.js                               4.17 kB │ gzip:   1.50 kB │ map:    13.68 kB
build/chunks/Logs.27579487.js                                4.79 kB │ gzip:   2.12 kB │ map:    20.72 kB
build/chunks/AccordionSummary.a212f81e.js                    5.73 kB │ gzip:   1.97 kB │ map:    27.76 kB
build/chunks/ContextMenu.0833a346.js                         6.23 kB │ gzip:   2.03 kB │ map:    22.48 kB
build/chunks/useStyles.73283905.js                           6.39 kB │ gzip:   2.38 kB │ map:    26.35 kB
build/chunks/web-vitals.dfcc5b9a.js                          6.98 kB │ gzip:   2.58 kB │ map:    16.56 kB
build/chunks/TablePagination.a300de78.js                     8.27 kB │ gzip:   3.16 kB │ map:    42.12 kB
build/chunks/DnnPanel.286105c6.js                            9.64 kB │ gzip:   3.65 kB │ map:    37.84 kB
build/chunks/GMap.f11a8fd0.js                               16.54 kB │ gzip:   5.28 kB │ map:    51.13 kB
build/chunks/Diagnostics.c3fc22ce.js                        23.89 kB │ gzip:   7.68 kB │ map:    90.28 kB
build/chunks/index.09a48f0e.js                              41.18 kB │ gzip:  10.55 kB │ map:   154.16 kB
build/chunks/AuditLogDetails.c32a3b8f.js                    41.88 kB │ gzip:  13.90 kB │ map:   315.56 kB
build/chunks/RadioForm.ba931af3.js                          52.34 kB │ gzip:  14.59 kB │ map:   222.41 kB
build/chunks/System.37349471.js                             67.04 kB │ gzip:  15.51 kB │ map:   253.45 kB
build/chunks/Calibrate.d120ee93.js                          71.72 kB │ gzip:  23.80 kB │ map:   251.10 kB
build/chunks/ReactTable.c0797b45.js                         88.75 kB │ gzip:  27.05 kB │ map:   277.40 kB
build/chunks/Dashboard.b9f7f81d.js                          90.51 kB │ gzip:  21.81 kB │ map:   520.70 kB
build/chunks/EdgesPanel.e1216aaf.js                        144.90 kB │ gzip:  33.50 kB │ map:   525.73 kB
build/chunks/RadiosPanelNew.52af5875.js                    162.78 kB │ gzip:  40.63 kB │ map:   619.53 kB
build/chunks/SubscribersPanel.c4db62c5.js                  165.16 kB │ gzip:  53.50 kB │ map:   584.41 kB
build/chunks/DataGrid.94ed8004.js                          279.90 kB │ gzip:  84.65 kB │ map: 1,352.07 kB
build/chunks/highcharts.46bd61d3.js                        296.73 kB │ gzip: 106.33 kB │ map:   694.32 kB
build/chunks/EditNotes.f93e18f8.js                         487.47 kB │ gzip: 131.99 kB │ map: 1,668.42 kB
build/js/index.eecd7400.js                               2,137.20 kB │ gzip: 474.28 kB │ map: 5,428.70 kB

(!) Some chunks are larger than 1000 kBs after minification. Consider:
- Using dynamic import() to code-split the application
- Use build.rollupOptions.output.manualChunks to improve chunking: https://rollupjs.org/configuration-options/#output-manualchunks
- Adjust chunk size limit for this warning via build.chunkSizeWarningLimit.
✓ built in 2m 31s
Done in 153.40s.
Compilation done...
Complete at Mon Jun 26 10:32:38 AM EDT 2023
\n ************************************************** \n
Compiling at Tue Jun 27 02:30:01 AM EDT 2023
Pulling latest changes from Git...
From https://github.com/Highway9-Networks/h9-saas
   93000f9f0..f5dd43f59  main                   -> origin/main
 + 8e89c2b96...650381e3e WebSocket_Auth         -> origin/WebSocket_Auth  (forced update)
   2450bf5d4..ddef37819  balaji/mmeretry        -> origin/balaji/mmeretry
   6fb4aad96..d533e6807  feature/airspan        -> origin/feature/airspan
   573dea01e..cd6d2490d  private/akshay-airspan -> origin/private/akshay-airspan
 * [new branch]          private/ci-golanglint  -> origin/private/ci-golanglint
 * [new branch]          private/girish/27june  -> origin/private/girish/27june
   651a06bcd..ff79455f6  private/mdighe/ci-golint -> origin/private/mdighe/ci-golint
 * [new branch]          private/mdighe/issue-6176-mocn-events -> origin/private/mdighe/issue-6176-mocn-events
 * [new branch]          xpJain/change2         -> origin/xpJain/change2
Updating 93000f9f0..f5dd43f59
Fast-forward
 .github/.golint.yaml                               | 31 ++++++++++++++
 .github/workflows/golangci-lint.yaml               | 40 ++++++++++++++++++
 Makefile                                           |  6 +++
 ci_scripts/compile.sh                              | 47 ++++++++++++++++------
 orch/orch-common/db/baseJsonColumnSchemaDao.go     |  4 +-
 orch/orch-common/db/dao.go                         |  2 +-
 orch/orch-common/db/daoHelper.go                   |  8 ++--
 .../services/operations/radioOperations.go         |  6 ++-
 .../services/radioService/radioService.go          | 18 ++++++++-
 .../services/radioService/simulatedRadioService.go | 11 +++--
 10 files changed, 145 insertions(+), 28 deletions(-)
 create mode 100644 .github/.golint.yaml
 create mode 100644 .github/workflows/golangci-lint.yaml
Compiling the orch UI code...
Deleting build...
Folder build deleted.
Folder A is unchanged.
yarn
yarn install v1.22.19
[1/4] Resolving packages...
success Already up-to-date.
Done in 0.71s.
yarn run build
yarn run v1.22.19
$ vite build
vite v4.3.9 building for production...
[plugin:vite-plugin-eslint] LintOnStart is turned on, and it will check for all matching files.
transforming...
✓ 13592 modules transformed.
rendering chunks...
computing gzip size...
build/assets/svg/pin.svg                                     0.85 kB │ gzip:   0.44 kB
build/assets/svg/current.svg                                 0.96 kB │ gzip:   0.47 kB
build/index.html                                             2.09 kB │ gzip:   1.02 kB
build/assets/svg/celltower.svg                               2.73 kB │ gzip:   1.41 kB
build/assets/svg/green-plain.svg                             3.30 kB │ gzip:   1.25 kB
build/assets/svg/pointer.svg                                 3.36 kB │ gzip:   1.27 kB
build/assets/svg/pointer-green.svg                           4.26 kB │ gzip:   1.56 kB
build/assets/svg/pointer-grey.svg                            4.26 kB │ gzip:   1.56 kB
build/assets/svg/markerA.svg                                 4.71 kB │ gzip:   1.66 kB
build/assets/woff2/roboto-vietnamese-400-normal.woff2        5.56 kB
build/assets/svg/markerB.svg                                 5.70 kB │ gzip:   2.12 kB
build/assets/woff2/roboto-greek-400-normal.woff2             7.11 kB
build/assets/svg/Radio-Indoor-Icon.svg                       7.43 kB │ gzip:   1.99 kB
build/assets/woff2/roboto-cyrillic-400-normal.woff2          9.63 kB
build/assets/woff2/roboto-latin-ext-400-normal.woff2        11.87 kB
build/assets/woff2/roboto-cyrillic-ext-400-normal.woff2     15.34 kB
build/assets/woff2/roboto-latin-400-normal.woff2            15.74 kB
build/assets/woff/roboto-all-400-normal.woff                65.46 kB
build/assets/css/SubscribersPanel.css                        0.22 kB │ gzip:   0.16 kB
build/assets/css/Diagnostics.css                             0.29 kB │ gzip:   0.21 kB
build/assets/css/Calibrate.css                               0.64 kB │ gzip:   0.40 kB
build/assets/css/ReactTable.css                              1.32 kB │ gzip:   0.56 kB
build/assets/css/index.css                                   1.77 kB │ gzip:   0.78 kB
build/assets/css/Dashboard.css                               4.02 kB │ gzip:   2.01 kB
build/assets/css/EditNotes.css                              17.96 kB │ gzip:   3.16 kB
build/chunks/QoS-service.8510bb67.js                         0.26 kB │ gzip:   0.22 kB │ map:     0.80 kB
build/chunks/LightTooltip.a517dcc1.js                        0.34 kB │ gzip:   0.28 kB │ map:     1.06 kB
build/chunks/ArrowForwardIosSharp.0c9d277f.js                0.36 kB │ gzip:   0.29 kB │ map:     1.12 kB
build/chunks/hardwareInventory-service.5bbd213f.js           0.38 kB │ gzip:   0.30 kB │ map:     1.14 kB
build/chunks/RestartAlt.8caf93eb.js                          0.38 kB │ gzip:   0.30 kB │ map:     0.71 kB
build/chunks/NotImplemented.f7735b61.js                      0.55 kB │ gzip:   0.40 kB │ map:     1.39 kB
build/chunks/AccordianSummary.d69740b1.js                    0.63 kB │ gzip:   0.44 kB │ map:     1.72 kB
build/chunks/Card.863cab7f.js                                0.63 kB │ gzip:   0.43 kB │ map:     4.60 kB
build/chunks/useInterval.09cf4675.js                         0.71 kB │ gzip:   0.41 kB │ map:     3.67 kB
build/chunks/TimeDateInput.53efddd2.js                       0.88 kB │ gzip:   0.50 kB │ map:     3.03 kB
build/chunks/LineChart.8014af32.js                           1.05 kB │ gzip:   0.66 kB │ map:     3.88 kB
build/chunks/TabPanel.fd5fe4df.js                            1.14 kB │ gzip:   0.63 kB │ map:     4.33 kB
build/chunks/ModalDialogComponent.1db32669.js                1.28 kB │ gzip:   0.71 kB │ map:     4.53 kB
build/chunks/index.1504f163.js                               1.96 kB │ gzip:   0.65 kB │ map:     5.81 kB
build/chunks/HealthGauge.9e8f7fba.js                         2.37 kB │ gzip:   1.29 kB │ map:     8.47 kB
build/chunks/useSupport.c9cec143.js                          2.45 kB │ gzip:   1.08 kB │ map:    10.12 kB
build/chunks/Checkbox.a7a5ba9a.js                            2.46 kB │ gzip:   1.15 kB │ map:    13.67 kB
build/chunks/radioHelper.70860d6e.js                         2.58 kB │ gzip:   1.17 kB │ map:     8.50 kB
build/chunks/AuditLog.58c2fd24.js                            3.79 kB │ gzip:   1.59 kB │ map:    14.10 kB
build/chunks/SlideUpTransition.29a78db0.js                   4.03 kB │ gzip:   1.61 kB │ map:    19.76 kB
build/chunks/index.e4baea61.js                               4.17 kB │ gzip:   1.50 kB │ map:    13.68 kB
build/chunks/Logs.27579487.js                                4.79 kB │ gzip:   2.12 kB │ map:    20.72 kB
build/chunks/AccordionSummary.a212f81e.js                    5.73 kB │ gzip:   1.97 kB │ map:    27.76 kB
build/chunks/ContextMenu.0833a346.js                         6.23 kB │ gzip:   2.03 kB │ map:    22.48 kB
build/chunks/useStyles.73283905.js                           6.39 kB │ gzip:   2.38 kB │ map:    26.35 kB
build/chunks/web-vitals.dfcc5b9a.js                          6.98 kB │ gzip:   2.58 kB │ map:    16.56 kB
build/chunks/TablePagination.a300de78.js                     8.27 kB │ gzip:   3.16 kB │ map:    42.12 kB
build/chunks/DnnPanel.286105c6.js                            9.64 kB │ gzip:   3.65 kB │ map:    37.84 kB
build/chunks/GMap.f11a8fd0.js                               16.54 kB │ gzip:   5.28 kB │ map:    51.13 kB
build/chunks/Diagnostics.c3fc22ce.js                        23.89 kB │ gzip:   7.68 kB │ map:    90.28 kB
build/chunks/index.09a48f0e.js                              41.18 kB │ gzip:  10.55 kB │ map:   154.16 kB
build/chunks/AuditLogDetails.c32a3b8f.js                    41.88 kB │ gzip:  13.90 kB │ map:   315.56 kB
build/chunks/RadioForm.ba931af3.js                          52.34 kB │ gzip:  14.59 kB │ map:   222.41 kB
build/chunks/System.37349471.js                             67.04 kB │ gzip:  15.51 kB │ map:   253.45 kB
build/chunks/Calibrate.d120ee93.js                          71.72 kB │ gzip:  23.80 kB │ map:   251.10 kB
build/chunks/ReactTable.c0797b45.js                         88.75 kB │ gzip:  27.05 kB │ map:   277.40 kB
build/chunks/Dashboard.b9f7f81d.js                          90.51 kB │ gzip:  21.81 kB │ map:   520.70 kB
build/chunks/EdgesPanel.e1216aaf.js                        144.90 kB │ gzip:  33.50 kB │ map:   525.73 kB
build/chunks/RadiosPanelNew.52af5875.js                    162.78 kB │ gzip:  40.63 kB │ map:   619.53 kB
build/chunks/SubscribersPanel.c4db62c5.js                  165.16 kB │ gzip:  53.50 kB │ map:   584.41 kB
build/chunks/DataGrid.94ed8004.js                          279.90 kB │ gzip:  84.65 kB │ map: 1,352.07 kB
build/chunks/highcharts.46bd61d3.js                        296.73 kB │ gzip: 106.33 kB │ map:   694.32 kB
build/chunks/EditNotes.f93e18f8.js                         487.47 kB │ gzip: 131.99 kB │ map: 1,668.42 kB
build/js/index.eecd7400.js                               2,137.20 kB │ gzip: 474.28 kB │ map: 5,428.70 kB

(!) Some chunks are larger than 1000 kBs after minification. Consider:
- Using dynamic import() to code-split the application
- Use build.rollupOptions.output.manualChunks to improve chunking: https://rollupjs.org/configuration-options/#output-manualchunks
- Adjust chunk size limit for this warning via build.chunkSizeWarningLimit.
✓ built in 2m 40s
Done in 162.02s.
Compilation done...
Complete at Tue Jun 27 02:32:47 AM EDT 2023
\n ************************************************** \n
Compiling at Tue Jun 27 07:30:00 AM EDT 2023
Pulling latest changes from Git...
From https://github.com/Highway9-Networks/h9-saas
   f5dd43f59..75310495a  main                   -> origin/main
 * [new branch]          EdgeEdit_Redux/Typescript -> origin/EdgeEdit_Redux/Typescript
 + f23a89eea...3dd7911da Grpcs_In_Client        -> origin/Grpcs_In_Client  (forced update)
   d533e6807..e75fae498  feature/airspan        -> origin/feature/airspan
   cd6d2490d..105ce6d24  private/akshay-airspan -> origin/private/akshay-airspan
   21d19e3c8..7a66d61e4  private/akshay-new-27  -> origin/private/akshay-new-27
   339f28f34..29c317377  private/akshay-new-28  -> origin/private/akshay-new-28
 * [new branch]          private/akshay-new-29  -> origin/private/akshay-new-29
   834a5c116..48544b788  private/dileep/fixingIssues_17_05_23 -> origin/private/dileep/fixingIssues_17_05_23
   203ad13aa..f993bdffc  private/mdighe/issue-6176-mocn-events -> origin/private/mdighe/issue-6176-mocn-events
   ad43f5ed9..795928e3c  vikram_mocngw          -> origin/vikram_mocngw
Updating f5dd43f59..75310495a
Fast-forward
 Makefile                                           |    3 -
 clusterAgent/Makefile                              |    3 -
 .../install-cluster-agent-client.sh.template       |    2 +-
 clusterAgent/grpcServer/Makefile                   |   22 +-
 clusterAgent/grpcServer/helm-chart/.helmignore     |   23 -
 clusterAgent/grpcServer/helm-chart/Chart.yaml      |   24 -
 clusterAgent/grpcServer/helm-chart/values.yaml     |   25 -
 common/common.mk                                   |    2 +
 orch/orch-common/db/baseJsonColumnSchemaDao.go     |   27 +-
 orch/orch-common/events/events.go                  |   21 +-
 orch/orch-common/utils/eciManagement.go            |    8 +-
 orch/orch-ui/src/components/GraphicalResources.tsx |   18 +-
 orch/orch-ui/src/components/Utils.jsx              |    6 +-
 .../src/components/shared/SummaryTemplate.tsx      |   18 +-
 .../src/views/audit/{AuditLog.jsx => AuditLog.tsx} |  234 ++--
 .../CarrierGateway/CarrierGatewayEdgeInfo.jsx      |  480 ++++----
 .../views/edges/CarrierGateway/OperatorChart.jsx   |    7 +-
 orch/orch-ui/src/views/edges/EdgeEdit.jsx          |    3 -
 orch/orch-ui/src/views/edges/EdgeInfo.jsx          |  669 ++++-------
 orch/orch-ui/src/views/edges/EdgePanel.css         |    9 +
 orch/orch-ui/src/views/edges/EdgesPanel.jsx        |    2 +
 .../views/edges/Operator/OperatorCoreConfig.jsx    |    6 +-
 orch/orch-ui/src/views/edges/PacketCapture.jsx     |  186 ++-
 orch/orch-ui/src/views/edges/TechSupportBundle.jsx |   15 +-
 orch/orch-ui/src/views/hardwareInventory/index.jsx |    2 +-
 orch/orch-ui/src/views/radios/RadioSummary.tsx     | 1183 ++++++++------------
 orch/orch-ui/src/views/radios/RadiosPanel.css      |   25 +
 orch/orch-ui/src/views/radios/RadiosPanelNew.jsx   |    1 +
 .../src/views/radios/Sites/GroupSummary.tsx        |  354 +++---
 .../orch-ui/src/views/radios/Sites/SiteSummary.tsx |  287 ++---
 saas/gcp.mk                                        |    4 +-
 .../helm-saas}/files/cluster-agent/server.yaml     |    0
 .../templates/deploymentAgent}/configMap.yaml      |    2 +-
 .../templates/deploymentAgent}/deployment.yaml     |    0
 .../templates/deploymentAgent}/service.yaml        |    6 +-
 saas/helm-saas/values.yaml                         |    2 -
 saas/saas-api/apihandler/HardwareInventory.go      |    2 +-
 saas/saas-common/db/baseJsonColumnSchemaDao.go     |   39 +-
 saas/saas-common/utils/eciManagement.go            |    6 +-
 saas/saas-order-api/go.mod                         |    2 +-
 saas/saas-ui/src/helpers/constants.jsx             |    1 -
 test/framework/CSP.py                              |  200 +++-
 test/framework/radio.py                            |  143 ++-
 test/framework/testLogging.py                      |    8 +-
 test/framework/utils/remote_client.py              |   15 +
 test/framework/utils/vsphere.py                    |    4 +-
 test/scripts/keywords.py                           |  309 ++++-
 .../scripts/systemtest/edge/test_aws_edge_cases.py |  451 +++++---
 .../scripts/systemtest/edge/test_gcp_edge_cases.py |  425 ++++---
 .../edge/test_nw_extension_edge_cases.py           |  214 ++--
 .../systemtest/edge/test_private_edge_cases.py     |  526 +++++----
 .../systemtest/radio/test_radio_site_cases.py      |    3 +
 test/setup_demo.json                               |    3 +-
 test/setup_track1.json                             |    6 +-
 test/setup_track1_upgrade.json                     |   23 +-
 test/test_run_bat.sh                               |    2 +-
 test/test_run_bat_track1.sh                        |    5 +
 test/test_run_bat_upgrade.sh                       |    2 +-
 58 files changed, 3158 insertions(+), 2910 deletions(-)
 delete mode 100644 clusterAgent/grpcServer/helm-chart/.helmignore
 delete mode 100644 clusterAgent/grpcServer/helm-chart/Chart.yaml
 delete mode 100644 clusterAgent/grpcServer/helm-chart/values.yaml
 rename orch/orch-ui/src/views/audit/{AuditLog.jsx => AuditLog.tsx} (55%)
 create mode 100644 orch/orch-ui/src/views/edges/EdgePanel.css
 create mode 100644 orch/orch-ui/src/views/radios/RadiosPanel.css
 rename {clusterAgent/grpcServer/helm-chart => saas/helm-saas}/files/cluster-agent/server.yaml (100%)
 rename {clusterAgent/grpcServer/helm-chart/templates/clusterAgent => saas/helm-saas/templates/deploymentAgent}/configMap.yaml (53%)
 rename {clusterAgent/grpcServer/helm-chart/templates/clusterAgent => saas/helm-saas/templates/deploymentAgent}/deployment.yaml (100%)
 rename {clusterAgent/grpcServer/helm-chart/templates/clusterAgent => saas/helm-saas/templates/deploymentAgent}/service.yaml (52%)
 create mode 100644 test/test_run_bat_track1.sh
Compiling the orch UI code...
Deleting build...
Folder build deleted.
Folder A is unchanged.
yarn
yarn install v1.22.19
[1/4] Resolving packages...
success Already up-to-date.
Done in 0.70s.
yarn run build
yarn run v1.22.19
$ vite build
vite v4.3.9 building for production...
[plugin:vite-plugin-eslint] LintOnStart is turned on, and it will check for all matching files.
transforming...
✓ 13594 modules transformed.
rendering chunks...
computing gzip size...
build/assets/svg/pin.svg                                     0.85 kB │ gzip:   0.44 kB
build/assets/svg/current.svg                                 0.96 kB │ gzip:   0.47 kB
build/index.html                                             2.09 kB │ gzip:   1.02 kB
build/assets/svg/celltower.svg                               2.73 kB │ gzip:   1.41 kB
build/assets/svg/green-plain.svg                             3.30 kB │ gzip:   1.25 kB
build/assets/svg/pointer.svg                                 3.36 kB │ gzip:   1.27 kB
build/assets/svg/pointer-green.svg                           4.26 kB │ gzip:   1.56 kB
build/assets/svg/pointer-grey.svg                            4.26 kB │ gzip:   1.56 kB
build/assets/svg/markerA.svg                                 4.71 kB │ gzip:   1.66 kB
build/assets/woff2/roboto-vietnamese-400-normal.woff2        5.56 kB
build/assets/svg/markerB.svg                                 5.70 kB │ gzip:   2.12 kB
build/assets/woff2/roboto-greek-400-normal.woff2             7.11 kB
build/assets/svg/Radio-Indoor-Icon.svg                       7.43 kB │ gzip:   1.99 kB
build/assets/woff2/roboto-cyrillic-400-normal.woff2          9.63 kB
build/assets/woff2/roboto-latin-ext-400-normal.woff2        11.87 kB
build/assets/woff2/roboto-cyrillic-ext-400-normal.woff2     15.34 kB
build/assets/woff2/roboto-latin-400-normal.woff2            15.74 kB
build/assets/woff/roboto-all-400-normal.woff                65.46 kB
build/assets/css/EdgesPanel.css                              0.06 kB │ gzip:   0.08 kB
build/assets/css/RadiosPanelNew.css                          0.22 kB │ gzip:   0.17 kB
build/assets/css/SubscribersPanel.css                        0.22 kB │ gzip:   0.16 kB
build/assets/css/Diagnostics.css                             0.29 kB │ gzip:   0.21 kB
build/assets/css/Calibrate.css                               0.64 kB │ gzip:   0.40 kB
build/assets/css/ReactTable.css                              1.32 kB │ gzip:   0.56 kB
build/assets/css/index.css                                   1.77 kB │ gzip:   0.78 kB
build/assets/css/Dashboard.css                               4.02 kB │ gzip:   2.01 kB
build/assets/css/EditNotes.css                              17.96 kB │ gzip:   3.16 kB
build/chunks/QoS-service.52464e6a.js                         0.26 kB │ gzip:   0.22 kB │ map:     0.80 kB
build/chunks/LightTooltip.ee881e19.js                        0.34 kB │ gzip:   0.28 kB │ map:     1.06 kB
build/chunks/ArrowForwardIosSharp.d7ab970e.js                0.36 kB │ gzip:   0.29 kB │ map:     1.12 kB
build/chunks/hardwareInventory-service.90c5b685.js           0.38 kB │ gzip:   0.30 kB │ map:     1.14 kB
build/chunks/RestartAlt.f01f0765.js                          0.38 kB │ gzip:   0.30 kB │ map:     0.71 kB
build/chunks/NotImplemented.340503e9.js                      0.55 kB │ gzip:   0.40 kB │ map:     1.39 kB
build/chunks/AccordianSummary.89de316c.js                    0.63 kB │ gzip:   0.44 kB │ map:     1.72 kB
build/chunks/Card.85f640c5.js                                0.63 kB │ gzip:   0.43 kB │ map:     4.60 kB
build/chunks/useInterval.84b277ad.js                         0.71 kB │ gzip:   0.41 kB │ map:     3.67 kB
build/chunks/TimeDateInput.daf977c6.js                       0.88 kB │ gzip:   0.50 kB │ map:     3.03 kB
build/chunks/LineChart.98da21f0.js                           1.05 kB │ gzip:   0.66 kB │ map:     3.88 kB
build/chunks/TabPanel.bedf4643.js                            1.14 kB │ gzip:   0.63 kB │ map:     4.33 kB
build/chunks/ModalDialogComponent.966d4ddf.js                1.28 kB │ gzip:   0.70 kB │ map:     4.53 kB
build/chunks/index.5c5f9f28.js                               1.96 kB │ gzip:   0.65 kB │ map:     5.81 kB
build/chunks/HealthGauge.37d6899f.js                         2.37 kB │ gzip:   1.29 kB │ map:     8.47 kB
build/chunks/useSupport.ff4806ba.js                          2.45 kB │ gzip:   1.08 kB │ map:    10.12 kB
build/chunks/Checkbox.6e2b7a57.js                            2.46 kB │ gzip:   1.16 kB │ map:    13.67 kB
build/chunks/radioHelper.fdc00192.js                         2.58 kB │ gzip:   1.17 kB │ map:     8.50 kB
build/chunks/AuditLog.f7ab14cc.js                            3.68 kB │ gzip:   1.56 kB │ map:    14.03 kB
build/chunks/SlideUpTransition.391353a0.js                   4.03 kB │ gzip:   1.61 kB │ map:    19.76 kB
build/chunks/index.d6db353c.js                               4.14 kB │ gzip:   1.49 kB │ map:    13.64 kB
build/chunks/Logs.de298862.js                                4.79 kB │ gzip:   2.11 kB │ map:    20.72 kB
build/chunks/AccordionSummary.4f6249b1.js                    5.73 kB │ gzip:   1.97 kB │ map:    27.76 kB
build/chunks/ContextMenu.771dc6e0.js                         6.23 kB │ gzip:   2.03 kB │ map:    22.48 kB
build/chunks/useStyles.bf5570ef.js                           6.39 kB │ gzip:   2.38 kB │ map:    26.35 kB
build/chunks/web-vitals.dfcc5b9a.js                          6.98 kB │ gzip:   2.58 kB │ map:    16.56 kB
build/chunks/TablePagination.693ef0f5.js                     8.27 kB │ gzip:   3.16 kB │ map:    42.12 kB
build/chunks/DnnPanel.41a47d4e.js                            9.64 kB │ gzip:   3.65 kB │ map:    37.84 kB
build/chunks/GMap.5005bec8.js                               16.54 kB │ gzip:   5.28 kB │ map:    51.13 kB
build/chunks/Diagnostics.c7f4d4a4.js                        23.89 kB │ gzip:   7.69 kB │ map:    90.28 kB
build/chunks/index.7020c024.js                              41.18 kB │ gzip:  10.56 kB │ map:   154.16 kB
build/chunks/AuditLogDetails.9c4eb652.js                    41.88 kB │ gzip:  13.90 kB │ map:   315.56 kB
build/chunks/RadioForm.e3abfdfb.js                          52.34 kB │ gzip:  14.59 kB │ map:   222.41 kB
build/chunks/System.82e163e1.js                             67.04 kB │ gzip:  15.51 kB │ map:   253.45 kB
build/chunks/Calibrate.7b706710.js                          71.72 kB │ gzip:  23.80 kB │ map:   251.10 kB
build/chunks/ReactTable.2e67a692.js                         88.75 kB │ gzip:  27.05 kB │ map:   277.40 kB
build/chunks/Dashboard.04c94a83.js                          90.51 kB │ gzip:  21.82 kB │ map:   520.70 kB
build/chunks/EdgesPanel.70715aea.js                        135.04 kB │ gzip:  32.97 kB │ map:   493.76 kB
build/chunks/RadiosPanelNew.02cba1ff.js                    150.73 kB │ gzip:  39.67 kB │ map:   581.14 kB
build/chunks/SubscribersPanel.7a08a6fa.js                  164.35 kB │ gzip:  53.28 kB │ map:   581.34 kB
build/chunks/DataGrid.5e70b343.js                          279.90 kB │ gzip:  84.65 kB │ map: 1,352.07 kB
build/chunks/highcharts.ecf322e9.js                        296.73 kB │ gzip: 106.33 kB │ map:   694.32 kB
build/chunks/EditNotes.0cec7883.js                         488.40 kB │ gzip: 132.30 kB │ map: 1,671.77 kB
build/js/index.89b99994.js                               2,137.46 kB │ gzip: 474.34 kB │ map: 5,429.07 kB

(!) Some chunks are larger than 1000 kBs after minification. Consider:
- Using dynamic import() to code-split the application
- Use build.rollupOptions.output.manualChunks to improve chunking: https://rollupjs.org/configuration-options/#output-manualchunks
- Adjust chunk size limit for this warning via build.chunkSizeWarningLimit.
✓ built in 2m 36s
Done in 158.34s.
Compilation done...
Complete at Tue Jun 27 07:32:42 AM EDT 2023
\n ************************************************** \n
Compiling at Tue Jun 27 10:30:00 AM EDT 2023
Pulling latest changes from Git...
From https://github.com/Highway9-Networks/h9-saas
   75310495a..ded299a42  main                    -> origin/main
   ddef37819..33520e138  balaji/mmeretry         -> origin/balaji/mmeretry
 * [new branch]          surya_9020_mocndp_crash -> origin/surya_9020_mocndp_crash
Updating 75310495a..ded299a42
Fast-forward
 edge/carriergw/configmgr/scripts/ipsec_state.awk | 16 ++++++++++++----
 1 file changed, 12 insertions(+), 4 deletions(-)
Compiling the orch UI code...
Deleting build...
Folder build deleted.
Folder A is unchanged.
yarn
yarn install v1.22.19
[1/4] Resolving packages...
success Already up-to-date.
Done in 1.35s.
yarn run build
yarn run v1.22.19
$ vite build
vite v4.3.9 building for production...
[plugin:vite-plugin-eslint] LintOnStart is turned on, and it will check for all matching files.
transforming...
✓ 13594 modules transformed.
rendering chunks...
computing gzip size...
build/assets/svg/pin.svg                                     0.85 kB │ gzip:   0.44 kB
build/assets/svg/current.svg                                 0.96 kB │ gzip:   0.47 kB
build/index.html                                             2.09 kB │ gzip:   1.02 kB
build/assets/svg/celltower.svg                               2.73 kB │ gzip:   1.41 kB
build/assets/svg/green-plain.svg                             3.30 kB │ gzip:   1.25 kB
build/assets/svg/pointer.svg                                 3.36 kB │ gzip:   1.27 kB
build/assets/svg/pointer-green.svg                           4.26 kB │ gzip:   1.56 kB
build/assets/svg/pointer-grey.svg                            4.26 kB │ gzip:   1.56 kB
build/assets/svg/markerA.svg                                 4.71 kB │ gzip:   1.66 kB
build/assets/woff2/roboto-vietnamese-400-normal.woff2        5.56 kB
build/assets/svg/markerB.svg                                 5.70 kB │ gzip:   2.12 kB
build/assets/woff2/roboto-greek-400-normal.woff2             7.11 kB
build/assets/svg/Radio-Indoor-Icon.svg                       7.43 kB │ gzip:   1.99 kB
build/assets/woff2/roboto-cyrillic-400-normal.woff2          9.63 kB
build/assets/woff2/roboto-latin-ext-400-normal.woff2        11.87 kB
build/assets/woff2/roboto-cyrillic-ext-400-normal.woff2     15.34 kB
build/assets/woff2/roboto-latin-400-normal.woff2            15.74 kB
build/assets/woff/roboto-all-400-normal.woff                65.46 kB
build/assets/css/EdgesPanel.css                              0.06 kB │ gzip:   0.08 kB
build/assets/css/RadiosPanelNew.css                          0.22 kB │ gzip:   0.17 kB
build/assets/css/SubscribersPanel.css                        0.22 kB │ gzip:   0.16 kB
build/assets/css/Diagnostics.css                             0.29 kB │ gzip:   0.21 kB
build/assets/css/Calibrate.css                               0.64 kB │ gzip:   0.40 kB
build/assets/css/ReactTable.css                              1.32 kB │ gzip:   0.56 kB
build/assets/css/index.css                                   1.77 kB │ gzip:   0.78 kB
build/assets/css/Dashboard.css                               4.02 kB │ gzip:   2.01 kB
build/assets/css/EditNotes.css                              17.96 kB │ gzip:   3.16 kB
build/chunks/QoS-service.52464e6a.js                         0.26 kB │ gzip:   0.22 kB │ map:     0.80 kB
build/chunks/LightTooltip.ee881e19.js                        0.34 kB │ gzip:   0.28 kB │ map:     1.06 kB
build/chunks/ArrowForwardIosSharp.d7ab970e.js                0.36 kB │ gzip:   0.29 kB │ map:     1.12 kB
build/chunks/hardwareInventory-service.90c5b685.js           0.38 kB │ gzip:   0.30 kB │ map:     1.14 kB
build/chunks/RestartAlt.f01f0765.js                          0.38 kB │ gzip:   0.30 kB │ map:     0.71 kB
build/chunks/NotImplemented.340503e9.js                      0.55 kB │ gzip:   0.40 kB │ map:     1.39 kB
build/chunks/AccordianSummary.89de316c.js                    0.63 kB │ gzip:   0.44 kB │ map:     1.72 kB
build/chunks/Card.85f640c5.js                                0.63 kB │ gzip:   0.43 kB │ map:     4.60 kB
build/chunks/useInterval.84b277ad.js                         0.71 kB │ gzip:   0.41 kB │ map:     3.67 kB
build/chunks/TimeDateInput.daf977c6.js                       0.88 kB │ gzip:   0.50 kB │ map:     3.03 kB
build/chunks/LineChart.98da21f0.js                           1.05 kB │ gzip:   0.66 kB │ map:     3.88 kB
build/chunks/TabPanel.bedf4643.js                            1.14 kB │ gzip:   0.63 kB │ map:     4.33 kB
build/chunks/ModalDialogComponent.966d4ddf.js                1.28 kB │ gzip:   0.70 kB │ map:     4.53 kB
build/chunks/index.5c5f9f28.js                               1.96 kB │ gzip:   0.65 kB │ map:     5.81 kB
build/chunks/HealthGauge.37d6899f.js                         2.37 kB │ gzip:   1.29 kB │ map:     8.47 kB
build/chunks/useSupport.ff4806ba.js                          2.45 kB │ gzip:   1.08 kB │ map:    10.12 kB
build/chunks/Checkbox.6e2b7a57.js                            2.46 kB │ gzip:   1.16 kB │ map:    13.67 kB
build/chunks/radioHelper.fdc00192.js                         2.58 kB │ gzip:   1.17 kB │ map:     8.50 kB
build/chunks/AuditLog.f7ab14cc.js                            3.68 kB │ gzip:   1.56 kB │ map:    14.03 kB
build/chunks/SlideUpTransition.391353a0.js                   4.03 kB │ gzip:   1.61 kB │ map:    19.76 kB
build/chunks/index.d6db353c.js                               4.14 kB │ gzip:   1.49 kB │ map:    13.64 kB
build/chunks/Logs.de298862.js                                4.79 kB │ gzip:   2.11 kB │ map:    20.72 kB
build/chunks/AccordionSummary.4f6249b1.js                    5.73 kB │ gzip:   1.97 kB │ map:    27.76 kB
build/chunks/ContextMenu.771dc6e0.js                         6.23 kB │ gzip:   2.03 kB │ map:    22.48 kB
build/chunks/useStyles.bf5570ef.js                           6.39 kB │ gzip:   2.38 kB │ map:    26.35 kB
build/chunks/web-vitals.dfcc5b9a.js                          6.98 kB │ gzip:   2.58 kB │ map:    16.56 kB
build/chunks/TablePagination.693ef0f5.js                     8.27 kB │ gzip:   3.16 kB │ map:    42.12 kB
build/chunks/DnnPanel.41a47d4e.js                            9.64 kB │ gzip:   3.65 kB │ map:    37.84 kB
build/chunks/GMap.5005bec8.js                               16.54 kB │ gzip:   5.28 kB │ map:    51.13 kB
build/chunks/Diagnostics.c7f4d4a4.js                        23.89 kB │ gzip:   7.69 kB │ map:    90.28 kB
build/chunks/index.7020c024.js                              41.18 kB │ gzip:  10.56 kB │ map:   154.16 kB
build/chunks/AuditLogDetails.9c4eb652.js                    41.88 kB │ gzip:  13.90 kB │ map:   315.56 kB
build/chunks/RadioForm.e3abfdfb.js                          52.34 kB │ gzip:  14.59 kB │ map:   222.41 kB
build/chunks/System.82e163e1.js                             67.04 kB │ gzip:  15.51 kB │ map:   253.45 kB
build/chunks/Calibrate.7b706710.js                          71.72 kB │ gzip:  23.80 kB │ map:   251.10 kB
build/chunks/ReactTable.2e67a692.js                         88.75 kB │ gzip:  27.05 kB │ map:   277.40 kB
build/chunks/Dashboard.04c94a83.js                          90.51 kB │ gzip:  21.82 kB │ map:   520.70 kB
build/chunks/EdgesPanel.70715aea.js                        135.04 kB │ gzip:  32.97 kB │ map:   493.76 kB
build/chunks/RadiosPanelNew.02cba1ff.js                    150.73 kB │ gzip:  39.67 kB │ map:   581.14 kB
build/chunks/SubscribersPanel.7a08a6fa.js                  164.35 kB │ gzip:  53.28 kB │ map:   581.34 kB
build/chunks/DataGrid.5e70b343.js                          279.90 kB │ gzip:  84.65 kB │ map: 1,352.07 kB
build/chunks/highcharts.ecf322e9.js                        296.73 kB │ gzip: 106.33 kB │ map:   694.32 kB
build/chunks/EditNotes.0cec7883.js                         488.40 kB │ gzip: 132.30 kB │ map: 1,671.77 kB
build/js/index.89b99994.js                               2,137.46 kB │ gzip: 474.34 kB │ map: 5,429.07 kB

(!) Some chunks are larger than 1000 kBs after minification. Consider:
- Using dynamic import() to code-split the application
- Use build.rollupOptions.output.manualChunks to improve chunking: https://rollupjs.org/configuration-options/#output-manualchunks
- Adjust chunk size limit for this warning via build.chunkSizeWarningLimit.
✓ built in 2m 28s
Done in 150.45s.
Compilation done...
Complete at Tue Jun 27 10:32:35 AM EDT 2023
\n ************************************************** \n
Compiling at Wed Jun 28 02:30:00 AM EDT 2023
Pulling latest changes from Git...
From https://github.com/Highway9-Networks/h9-saas
   ded299a42..36d7bf140  main                  -> origin/main
 + 3dd7911da...d6d907108 Grpcs_In_Client       -> origin/Grpcs_In_Client  (forced update)
   33520e138..dde440541  balaji/mmeretry       -> origin/balaji/mmeretry
 * [new branch]          bhuvaneshne_mocn_9019 -> origin/bhuvaneshne_mocn_9019
 * [new branch]          local_169             -> origin/local_169
 * [new branch]          pingmon               -> origin/pingmon
   48544b788..e0a99a408  private/dileep/fixingIssues_17_05_23 -> origin/private/dileep/fixingIssues_17_05_23
   8b2c76f37..db6f643f4  rahul_local           -> origin/rahul_local
   795928e3c..1324c7a97  vikram_mocngw         -> origin/vikram_mocngw
   1358aca2f..0cb7990b1  xpJain/changes        -> origin/xpJain/changes
Updating ded299a42..36d7bf140
Fast-forward
 common/common.mk                                   |  2 +-
 .../mocngw/mocngw/tasks/network/network.c          |  3 +-
 .../mocngw/mocngw/tasks/network/network_util.c     |  8 +--
 .../mocngw/mocngw/tasks/s1ap/s1ap_dummy.c          |  1 +
 .../mocngw/tasks/sctp/sctpd_uplink_server.cpp      |  2 +-
 .../SAMPLE_TEST_SCRIPTS/mocn_datapath_pb2.py       | 49 +++++++++---------
 .../mocngw_datapath/mocn_datapathd/h9_ofc_app.py   | 24 +++++++--
 .../mocn_datapathd/h9_ofc_server.py                |  3 ++
 .../mocngw_datapath/protos/mocn_datapath.proto     |  1 +
 .../mocngw_datapath/protos/mocn_datapath_pb2.py    | 49 +++++++++---------
 .../scripts/edge-scripts/pingmon/ping_log.py       |  2 -
 orch/orch-ui/src/store/context/subscriberSlice.ts  | 60 ++++++++++++++++++----
 .../views/edges/CarrierGateway/OperatorChart.jsx   |  2 +-
 .../subscribers/graphs/ConnectionQualityGraph.tsx  | 17 +++---
 .../src/views/subscribers/graphs/PingMon.tsx       |  1 -
 .../src/views/subscribers/graphs/graphHelper.ts    |  4 +-
 16 files changed, 141 insertions(+), 87 deletions(-)
Compiling the orch UI code...
Deleting build...
Folder build deleted.
Folder A is unchanged.
yarn
yarn install v1.22.19
[1/4] Resolving packages...
success Already up-to-date.
Done in 0.70s.
yarn run build
yarn run v1.22.19
$ vite build
vite v4.3.9 building for production...
[plugin:vite-plugin-eslint] LintOnStart is turned on, and it will check for all matching files.
transforming...
✓ 13594 modules transformed.
rendering chunks...
computing gzip size...
build/assets/svg/pin.svg                                     0.85 kB │ gzip:   0.44 kB
build/assets/svg/current.svg                                 0.96 kB │ gzip:   0.47 kB
build/index.html                                             2.09 kB │ gzip:   1.02 kB
build/assets/svg/celltower.svg                               2.73 kB │ gzip:   1.41 kB
build/assets/svg/green-plain.svg                             3.30 kB │ gzip:   1.25 kB
build/assets/svg/pointer.svg                                 3.36 kB │ gzip:   1.27 kB
build/assets/svg/pointer-green.svg                           4.26 kB │ gzip:   1.56 kB
build/assets/svg/pointer-grey.svg                            4.26 kB │ gzip:   1.56 kB
build/assets/svg/markerA.svg                                 4.71 kB │ gzip:   1.66 kB
build/assets/woff2/roboto-vietnamese-400-normal.woff2        5.56 kB
build/assets/svg/markerB.svg                                 5.70 kB │ gzip:   2.12 kB
build/assets/woff2/roboto-greek-400-normal.woff2             7.11 kB
build/assets/svg/Radio-Indoor-Icon.svg                       7.43 kB │ gzip:   1.99 kB
build/assets/woff2/roboto-cyrillic-400-normal.woff2          9.63 kB
build/assets/woff2/roboto-latin-ext-400-normal.woff2        11.87 kB
build/assets/woff2/roboto-cyrillic-ext-400-normal.woff2     15.34 kB
build/assets/woff2/roboto-latin-400-normal.woff2            15.74 kB
build/assets/woff/roboto-all-400-normal.woff                65.46 kB
build/assets/css/EdgesPanel.css                              0.06 kB │ gzip:   0.08 kB
build/assets/css/RadiosPanelNew.css                          0.22 kB │ gzip:   0.17 kB
build/assets/css/SubscribersPanel.css                        0.22 kB │ gzip:   0.16 kB
build/assets/css/Diagnostics.css                             0.29 kB │ gzip:   0.21 kB
build/assets/css/Calibrate.css                               0.64 kB │ gzip:   0.40 kB
build/assets/css/ReactTable.css                              1.32 kB │ gzip:   0.56 kB
build/assets/css/index.css                                   1.77 kB │ gzip:   0.78 kB
build/assets/css/Dashboard.css                               4.02 kB │ gzip:   2.01 kB
build/assets/css/EditNotes.css                              17.96 kB │ gzip:   3.16 kB
build/chunks/QoS-service.555e4b55.js                         0.26 kB │ gzip:   0.22 kB │ map:     0.80 kB
build/chunks/LightTooltip.a892597d.js                        0.34 kB │ gzip:   0.28 kB │ map:     1.06 kB
build/chunks/ArrowForwardIosSharp.d9f654b6.js                0.36 kB │ gzip:   0.29 kB │ map:     1.12 kB
build/chunks/hardwareInventory-service.b8f914df.js           0.38 kB │ gzip:   0.30 kB │ map:     1.14 kB
build/chunks/RestartAlt.64f4bd82.js                          0.38 kB │ gzip:   0.30 kB │ map:     0.71 kB
build/chunks/NotImplemented.d8da60c3.js                      0.55 kB │ gzip:   0.40 kB │ map:     1.39 kB
build/chunks/AccordianSummary.e71504a4.js                    0.63 kB │ gzip:   0.44 kB │ map:     1.72 kB
build/chunks/Card.00b27dfe.js                                0.63 kB │ gzip:   0.43 kB │ map:     4.60 kB
build/chunks/useInterval.fb2ec883.js                         0.71 kB │ gzip:   0.41 kB │ map:     3.67 kB
build/chunks/TimeDateInput.a89b51cc.js                       0.88 kB │ gzip:   0.50 kB │ map:     3.03 kB
build/chunks/LineChart.95d1caad.js                           1.05 kB │ gzip:   0.66 kB │ map:     3.88 kB
build/chunks/TabPanel.249f717e.js                            1.14 kB │ gzip:   0.63 kB │ map:     4.33 kB
build/chunks/ModalDialogComponent.37131ef1.js                1.28 kB │ gzip:   0.70 kB │ map:     4.53 kB
build/chunks/index.64795de6.js                               1.96 kB │ gzip:   0.65 kB │ map:     5.81 kB
build/chunks/HealthGauge.4db9aaea.js                         2.37 kB │ gzip:   1.29 kB │ map:     8.47 kB
build/chunks/useSupport.1b6828b2.js                          2.45 kB │ gzip:   1.08 kB │ map:    10.12 kB
build/chunks/Checkbox.9fa60097.js                            2.46 kB │ gzip:   1.16 kB │ map:    13.67 kB
build/chunks/radioHelper.22c69bc1.js                         2.58 kB │ gzip:   1.17 kB │ map:     8.50 kB
build/chunks/AuditLog.2a430731.js                            3.68 kB │ gzip:   1.56 kB │ map:    14.03 kB
build/chunks/SlideUpTransition.510f5b55.js                   4.03 kB │ gzip:   1.61 kB │ map:    19.76 kB
build/chunks/index.cc7707c6.js                               4.14 kB │ gzip:   1.49 kB │ map:    13.64 kB
build/chunks/Logs.72f07bd6.js                                4.79 kB │ gzip:   2.11 kB │ map:    20.72 kB
build/chunks/AccordionSummary.695776ae.js                    5.73 kB │ gzip:   1.97 kB │ map:    27.76 kB
build/chunks/ContextMenu.758a95e9.js                         6.23 kB │ gzip:   2.03 kB │ map:    22.48 kB
build/chunks/useStyles.ea661479.js                           6.39 kB │ gzip:   2.38 kB │ map:    26.35 kB
build/chunks/web-vitals.dfcc5b9a.js                          6.98 kB │ gzip:   2.58 kB │ map:    16.56 kB
build/chunks/TablePagination.55cf97d8.js                     8.27 kB │ gzip:   3.16 kB │ map:    42.12 kB
build/chunks/DnnPanel.a139a8cc.js                            9.64 kB │ gzip:   3.65 kB │ map:    37.84 kB
build/chunks/GMap.9fb31c02.js                               16.54 kB │ gzip:   5.28 kB │ map:    51.13 kB
build/chunks/Diagnostics.88a71ffd.js                        23.89 kB │ gzip:   7.69 kB │ map:    90.28 kB
build/chunks/index.f349c055.js                              41.18 kB │ gzip:  10.56 kB │ map:   154.16 kB
build/chunks/AuditLogDetails.9e20c052.js                    41.88 kB │ gzip:  13.90 kB │ map:   315.56 kB
build/chunks/RadioForm.a34fcb82.js                          52.34 kB │ gzip:  14.59 kB │ map:   222.41 kB
build/chunks/System.3cdea55e.js                             67.04 kB │ gzip:  15.51 kB │ map:   253.45 kB
build/chunks/Calibrate.c511d917.js                          71.72 kB │ gzip:  23.80 kB │ map:   251.10 kB
build/chunks/ReactTable.73821611.js                         88.75 kB │ gzip:  27.05 kB │ map:   277.40 kB
build/chunks/Dashboard.6976584c.js                          90.51 kB │ gzip:  21.81 kB │ map:   520.70 kB
build/chunks/EdgesPanel.236863ac.js                        135.01 kB │ gzip:  32.96 kB │ map:   493.72 kB
build/chunks/RadiosPanelNew.2d28c4cd.js                    150.73 kB │ gzip:  39.67 kB │ map:   581.14 kB
build/chunks/SubscribersPanel.ae249f5c.js                  164.31 kB │ gzip:  53.24 kB │ map:   581.24 kB
build/chunks/DataGrid.e02edf92.js                          279.90 kB │ gzip:  84.65 kB │ map: 1,352.07 kB
build/chunks/highcharts.a942d005.js                        296.73 kB │ gzip: 106.33 kB │ map:   694.32 kB
build/chunks/EditNotes.aa0e561b.js                         488.40 kB │ gzip: 132.29 kB │ map: 1,671.77 kB
build/js/index.3dfd17cc.js                               2,137.78 kB │ gzip: 474.46 kB │ map: 5,431.09 kB

(!) Some chunks are larger than 1000 kBs after minification. Consider:
- Using dynamic import() to code-split the application
- Use build.rollupOptions.output.manualChunks to improve chunking: https://rollupjs.org/configuration-options/#output-manualchunks
- Adjust chunk size limit for this warning via build.chunkSizeWarningLimit.
✓ built in 2m 32s
Done in 155.04s.
Compilation done...
Complete at Wed Jun 28 02:32:40 AM EDT 2023
\n ************************************************** \n
Compiling at Wed Jun 28 07:30:01 AM EDT 2023
Pulling latest changes from Git...
From https://github.com/Highway9-Networks/h9-saas
   36d7bf140..2c0379c30  main                   -> origin/main
 * [new branch]          Icons_Accessibility    -> origin/Icons_Accessibility
   d31fa1b7d..d58ee8efa  bhuvaneshne_mocn_9019  -> origin/bhuvaneshne_mocn_9019
   1ea21b4b7..bc6bfd124  bhuvaneshne_mocn_warningfixes -> origin/bhuvaneshne_mocn_warningfixes
   e75fae498..c95bded01  feature/airspan        -> origin/feature/airspan
   537b82013..6ab9cef91  private/abhagwat       -> origin/private/abhagwat
   105ce6d24..91fbeb0e8  private/akshay-airspan -> origin/private/akshay-airspan
   e0a99a408..52bea080e  private/dileep/fixingIssues_17_05_23 -> origin/private/dileep/fixingIssues_17_05_23
   1324c7a97..37ffa5e3b  vikram_mocngw          -> origin/vikram_mocngw
Updating 36d7bf140..2c0379c30
Fast-forward
 edge/carriergw/mocngw/mocngw/inc/tasks_def.h       |   3 +-
 edge/carriergw/mocngw/mocngw/lib/itti/signals.c    |   4 +-
 .../mocngw/tasks/service303/service303_task.c      |  20 +-
 .../roles/agw-ami-configure/tasks/main.yaml        |  24 +++
 orch/orch-ui/src/components/GraphicalResources.tsx | 233 +++++++++++----------
 orch/orch-ui/src/components/Logs.jsx               |   8 +-
 orch/orch-ui/src/helpers/index.jsx                 |   7 +-
 .../src/views/edges/Operator/CMPV2Config.jsx       |  24 ++-
 8 files changed, 186 insertions(+), 137 deletions(-)
Compiling the orch UI code...
Deleting build...
Folder build deleted.
Folder A is unchanged.
yarn
yarn install v1.22.19
[1/4] Resolving packages...
success Already up-to-date.
Done in 1.05s.
yarn run build
yarn run v1.22.19
$ vite build
vite v4.3.9 building for production...
[plugin:vite-plugin-eslint] LintOnStart is turned on, and it will check for all matching files.
transforming...
✓ 13594 modules transformed.
rendering chunks...
computing gzip size...
build/assets/svg/pin.svg                                     0.85 kB │ gzip:   0.44 kB
build/assets/svg/current.svg                                 0.96 kB │ gzip:   0.47 kB
build/index.html                                             2.09 kB │ gzip:   1.02 kB
build/assets/svg/celltower.svg                               2.73 kB │ gzip:   1.41 kB
build/assets/svg/green-plain.svg                             3.30 kB │ gzip:   1.25 kB
build/assets/svg/pointer.svg                                 3.36 kB │ gzip:   1.27 kB
build/assets/svg/pointer-green.svg                           4.26 kB │ gzip:   1.56 kB
build/assets/svg/pointer-grey.svg                            4.26 kB │ gzip:   1.56 kB
build/assets/svg/markerA.svg                                 4.71 kB │ gzip:   1.66 kB
build/assets/woff2/roboto-vietnamese-400-normal.woff2        5.56 kB
build/assets/svg/markerB.svg                                 5.70 kB │ gzip:   2.12 kB
build/assets/woff2/roboto-greek-400-normal.woff2             7.11 kB
build/assets/svg/Radio-Indoor-Icon.svg                       7.43 kB │ gzip:   1.99 kB
build/assets/woff2/roboto-cyrillic-400-normal.woff2          9.63 kB
build/assets/woff2/roboto-latin-ext-400-normal.woff2        11.87 kB
build/assets/woff2/roboto-cyrillic-ext-400-normal.woff2     15.34 kB
build/assets/woff2/roboto-latin-400-normal.woff2            15.74 kB
build/assets/woff/roboto-all-400-normal.woff                65.46 kB
build/assets/css/EdgesPanel.css                              0.06 kB │ gzip:   0.08 kB
build/assets/css/RadiosPanelNew.css                          0.22 kB │ gzip:   0.17 kB
build/assets/css/SubscribersPanel.css                        0.22 kB │ gzip:   0.16 kB
build/assets/css/Diagnostics.css                             0.29 kB │ gzip:   0.21 kB
build/assets/css/Calibrate.css                               0.64 kB │ gzip:   0.40 kB
build/assets/css/ReactTable.css                              1.32 kB │ gzip:   0.56 kB
build/assets/css/index.css                                   1.77 kB │ gzip:   0.78 kB
build/assets/css/Dashboard.css                               4.02 kB │ gzip:   2.01 kB
build/assets/css/EditNotes.css                              17.96 kB │ gzip:   3.16 kB
build/chunks/QoS-service.7e8e9d0f.js                         0.26 kB │ gzip:   0.22 kB │ map:     0.80 kB
build/chunks/LightTooltip.c1e41e2d.js                        0.34 kB │ gzip:   0.28 kB │ map:     1.06 kB
build/chunks/ArrowForwardIosSharp.4c56da52.js                0.36 kB │ gzip:   0.29 kB │ map:     1.12 kB
build/chunks/hardwareInventory-service.257686c7.js           0.38 kB │ gzip:   0.30 kB │ map:     1.14 kB
build/chunks/RestartAlt.5667bb6a.js                          0.38 kB │ gzip:   0.30 kB │ map:     0.71 kB
build/chunks/NotImplemented.4501b886.js                      0.55 kB │ gzip:   0.40 kB │ map:     1.39 kB
build/chunks/AccordianSummary.93c7e2c5.js                    0.63 kB │ gzip:   0.44 kB │ map:     1.72 kB
build/chunks/Card.6e31b3d7.js                                0.63 kB │ gzip:   0.43 kB │ map:     4.60 kB
build/chunks/useInterval.1e54a150.js                         0.71 kB │ gzip:   0.41 kB │ map:     3.67 kB
build/chunks/TimeDateInput.fbb158c9.js                       0.88 kB │ gzip:   0.50 kB │ map:     3.03 kB
build/chunks/LineChart.48ba1172.js                           1.05 kB │ gzip:   0.66 kB │ map:     3.88 kB
build/chunks/TabPanel.57ce3f13.js                            1.14 kB │ gzip:   0.63 kB │ map:     4.33 kB
build/chunks/ModalDialogComponent.2d2f3959.js                1.28 kB │ gzip:   0.71 kB │ map:     4.53 kB
build/chunks/index.507e7261.js                               1.98 kB │ gzip:   0.66 kB │ map:     5.83 kB
build/chunks/HealthGauge.ef923bb9.js                         2.37 kB │ gzip:   1.29 kB │ map:     8.47 kB
build/chunks/useSupport.fed5cb23.js                          2.45 kB │ gzip:   1.08 kB │ map:    10.12 kB
build/chunks/Checkbox.f9149ccd.js                            2.46 kB │ gzip:   1.15 kB │ map:    13.67 kB
build/chunks/radioHelper.396b0e2b.js                         2.58 kB │ gzip:   1.17 kB │ map:     8.50 kB
build/chunks/AuditLog.abfe28ae.js                            3.68 kB │ gzip:   1.56 kB │ map:    14.03 kB
build/chunks/SlideUpTransition.74703b29.js                   4.03 kB │ gzip:   1.61 kB │ map:    19.76 kB
build/chunks/index.7fd5156e.js                               4.14 kB │ gzip:   1.48 kB │ map:    13.64 kB
build/chunks/Logs.f3f66701.js                                4.78 kB │ gzip:   2.11 kB │ map:    20.71 kB
build/chunks/AccordionSummary.7055d707.js                    5.73 kB │ gzip:   1.97 kB │ map:    27.76 kB
build/chunks/ContextMenu.1c378e36.js                         6.23 kB │ gzip:   2.03 kB │ map:    22.48 kB
build/chunks/useStyles.4405f8b1.js                           6.39 kB │ gzip:   2.38 kB │ map:    26.35 kB
build/chunks/web-vitals.dfcc5b9a.js                          6.98 kB │ gzip:   2.58 kB │ map:    16.56 kB
build/chunks/TablePagination.317ada91.js                     8.27 kB │ gzip:   3.16 kB │ map:    42.12 kB
build/chunks/DnnPanel.cde32d45.js                            9.64 kB │ gzip:   3.65 kB │ map:    37.84 kB
build/chunks/GMap.d7c68ca8.js                               16.54 kB │ gzip:   5.28 kB │ map:    51.13 kB
build/chunks/Diagnostics.f36c2ab3.js                        23.89 kB │ gzip:   7.69 kB │ map:    90.28 kB
build/chunks/index.053f3ff4.js                              41.18 kB │ gzip:  10.56 kB │ map:   154.16 kB
build/chunks/AuditLogDetails.c1290b7d.js                    41.88 kB │ gzip:  13.90 kB │ map:   315.56 kB
build/chunks/RadioForm.ac2c54db.js                          52.34 kB │ gzip:  14.60 kB │ map:   222.41 kB
build/chunks/System.258efb7c.js                             67.04 kB │ gzip:  15.51 kB │ map:   253.45 kB
build/chunks/Calibrate.72899f5c.js                          71.72 kB │ gzip:  23.80 kB │ map:   251.10 kB
build/chunks/ReactTable.9fa35e39.js                         88.75 kB │ gzip:  27.05 kB │ map:   277.40 kB
build/chunks/Dashboard.f35f8d82.js                          90.51 kB │ gzip:  21.81 kB │ map:   520.70 kB
build/chunks/EdgesPanel.cc565f3a.js                        135.17 kB │ gzip:  33.05 kB │ map:   493.99 kB
build/chunks/RadiosPanelNew.3cb01950.js                    150.73 kB │ gzip:  39.67 kB │ map:   581.14 kB
build/chunks/SubscribersPanel.17aeedb5.js                  164.31 kB │ gzip:  53.24 kB │ map:   581.24 kB
build/chunks/DataGrid.c539b136.js                          279.90 kB │ gzip:  84.65 kB │ map: 1,352.07 kB
build/chunks/highcharts.b8958c8a.js                        296.73 kB │ gzip: 106.33 kB │ map:   694.32 kB
build/chunks/EditNotes.9b38595b.js                         488.40 kB │ gzip: 132.30 kB │ map: 1,671.77 kB
build/js/index.ed894fdc.js                               2,139.97 kB │ gzip: 474.93 kB │ map: 5,435.40 kB

(!) Some chunks are larger than 1000 kBs after minification. Consider:
- Using dynamic import() to code-split the application
- Use build.rollupOptions.output.manualChunks to improve chunking: https://rollupjs.org/configuration-options/#output-manualchunks
- Adjust chunk size limit for this warning via build.chunkSizeWarningLimit.
✓ built in 2m 43s
Done in 165.92s.
Compilation done...
Complete at Wed Jun 28 07:32:52 AM EDT 2023
\n ************************************************** \n
Compiling at Wed Jun 28 10:30:01 AM EDT 2023
Pulling latest changes from Git...
From https://github.com/Highway9-Networks/h9-saas
   2c0379c30..ff2e8bc2f  main                    -> origin/main
 + d6d907108...097a77359 Grpcs_In_Client         -> origin/Grpcs_In_Client  (forced update)
   c95bded01..a35dc144c  feature/airspan         -> origin/feature/airspan
   54f6c121d..06a590bc4  feature/ushiva_cgw      -> origin/feature/ushiva_cgw
   39fa4c5ab..266805431  feature/ushiva_new      -> origin/feature/ushiva_new
 * [new branch]          nidhi/28jun             -> origin/nidhi/28jun
   91fbeb0e8..fb3c064be  private/akshay-airspan  -> origin/private/akshay-airspan
   52bea080e..64bbe81ec  private/dileep/fixingIssues_17_05_23 -> origin/private/dileep/fixingIssues_17_05_23
 * [new branch]          private/girish/28june   -> origin/private/girish/28june
 * [new branch]          private/girish/airspan2 -> origin/private/girish/airspan2
 * [new branch]          private/mdighe/proxy-support-channel -> origin/private/mdighe/proxy-support-channel
Updating 2c0379c30..ff2e8bc2f
Fast-forward
 common/c2cUpgrade/controller/scripts/radio.js      |  19 +-
 common/c2cUpgrade/controller/scripts/upgrade.js    |   3 +
 common/c2cUpgrade/controller/upgrade-flow.json     |   3 +-
 common/common.mk                                   |   2 +-
 edge/carriergw/.gitignore                          |   2 +
 edge/carriergw/mocngw/mocngw/CMakeLists.txt        |   2 +-
 edge/carriergw/mocngw/mocngw/common/common_defs.h  |   4 +
 .../carriergw/mocngw/mocngw/common/common_mocngw.h |   8 +
 edge/carriergw/mocngw/mocngw/inc/s1ap_state.h      |   2 +
 edge/carriergw/mocngw/mocngw/inc/s1ap_types.h      |   3 +
 edge/carriergw/mocngw/mocngw/src/mocngw.c          |   2 +
 edge/carriergw/mocngw/mocngw/tasks/access/access.c |   1 +
 .../mocngw/mocngw/tasks/access/access_encoder.c    |  63 +++--
 edge/carriergw/mocngw/mocngw/tasks/config/config.c |  10 +
 .../mocngw/mocngw/tasks/mme_app/mme_app_bearer.c   |   3 +-
 .../mocngw/mocngw/tasks/mme_app/mme_app_context.c  |   1 +
 .../mocngw/tasks/nas/api/network/nas_message.c     |   8 +-
 .../carriergw/mocngw/mocngw/tasks/nas/emm/Attach.c |   3 +-
 .../mocngw/mocngw/tasks/nas/emm/Authentication.c   |   5 +
 .../mocngw/mocngw/tasks/nas/emm/H9AuthZ.c          |   1 -
 .../mocngw/tasks/nas/emm/TrackingAreaUpdate.c      |   2 +-
 .../nas/esm/DedicatedEpsBearerContextActivation.c  |   1 +
 .../mocngw/mocngw/tasks/network/network.c          |  13 +-
 .../mocngw/mocngw/tasks/network/network_encoder.c  |  63 +++--
 .../mocngw/mocngw/tasks/network/network_util.c     |   2 -
 .../mocngw/mocngw/tasks/s1ap/s1ap_dummy.c          | 117 +++++++--
 .../mocngw/mocngw/tasks/s1ap/s1ap_mme_handlers.c   |   4 +-
 .../mocngw/mocngw/tasks/vmc_sync/state_sync.h      |  20 +-
 .../src/views/serviceInstance/UpgradeList.jsx      | 276 +++++++++++----------
 29 files changed, 408 insertions(+), 235 deletions(-)
 create mode 100644 edge/carriergw/.gitignore
Compiling the orch UI code...
Deleting build...
Folder build deleted.
Folder A is unchanged.
yarn
yarn install v1.22.19
[1/4] Resolving packages...
success Already up-to-date.
Done in 1.35s.
yarn run build
yarn run v1.22.19
$ vite build
vite v4.3.9 building for production...
[plugin:vite-plugin-eslint] LintOnStart is turned on, and it will check for all matching files.
transforming...
✓ 13594 modules transformed.
rendering chunks...
computing gzip size...
build/assets/svg/pin.svg                                     0.85 kB │ gzip:   0.44 kB
build/assets/svg/current.svg                                 0.96 kB │ gzip:   0.47 kB
build/index.html                                             2.09 kB │ gzip:   1.02 kB
build/assets/svg/celltower.svg                               2.73 kB │ gzip:   1.41 kB
build/assets/svg/green-plain.svg                             3.30 kB │ gzip:   1.25 kB
build/assets/svg/pointer.svg                                 3.36 kB │ gzip:   1.27 kB
build/assets/svg/pointer-green.svg                           4.26 kB │ gzip:   1.56 kB
build/assets/svg/pointer-grey.svg                            4.26 kB │ gzip:   1.56 kB
build/assets/svg/markerA.svg                                 4.71 kB │ gzip:   1.66 kB
build/assets/woff2/roboto-vietnamese-400-normal.woff2        5.56 kB
build/assets/svg/markerB.svg                                 5.70 kB │ gzip:   2.12 kB
build/assets/woff2/roboto-greek-400-normal.woff2             7.11 kB
build/assets/svg/Radio-Indoor-Icon.svg                       7.43 kB │ gzip:   1.99 kB
build/assets/woff2/roboto-cyrillic-400-normal.woff2          9.63 kB
build/assets/woff2/roboto-latin-ext-400-normal.woff2        11.87 kB
build/assets/woff2/roboto-cyrillic-ext-400-normal.woff2     15.34 kB
build/assets/woff2/roboto-latin-400-normal.woff2            15.74 kB
build/assets/woff/roboto-all-400-normal.woff                65.46 kB
build/assets/css/EdgesPanel.css                              0.06 kB │ gzip:   0.08 kB
build/assets/css/RadiosPanelNew.css                          0.22 kB │ gzip:   0.17 kB
build/assets/css/SubscribersPanel.css                        0.22 kB │ gzip:   0.16 kB
build/assets/css/Diagnostics.css                             0.29 kB │ gzip:   0.21 kB
build/assets/css/Calibrate.css                               0.64 kB │ gzip:   0.40 kB
build/assets/css/ReactTable.css                              1.32 kB │ gzip:   0.56 kB
build/assets/css/index.css                                   1.77 kB │ gzip:   0.78 kB
build/assets/css/Dashboard.css                               4.02 kB │ gzip:   2.01 kB
build/assets/css/EditNotes.css                              17.96 kB │ gzip:   3.16 kB
build/chunks/QoS-service.7e8e9d0f.js                         0.26 kB │ gzip:   0.22 kB │ map:     0.80 kB
build/chunks/LightTooltip.c1e41e2d.js                        0.34 kB │ gzip:   0.28 kB │ map:     1.06 kB
build/chunks/ArrowForwardIosSharp.4c56da52.js                0.36 kB │ gzip:   0.29 kB │ map:     1.12 kB
build/chunks/hardwareInventory-service.257686c7.js           0.38 kB │ gzip:   0.30 kB │ map:     1.14 kB
build/chunks/RestartAlt.5667bb6a.js                          0.38 kB │ gzip:   0.30 kB │ map:     0.71 kB
build/chunks/NotImplemented.4501b886.js                      0.55 kB │ gzip:   0.40 kB │ map:     1.39 kB
build/chunks/AccordianSummary.93c7e2c5.js                    0.63 kB │ gzip:   0.44 kB │ map:     1.72 kB
build/chunks/Card.6e31b3d7.js                                0.63 kB │ gzip:   0.43 kB │ map:     4.60 kB
build/chunks/useInterval.1e54a150.js                         0.71 kB │ gzip:   0.41 kB │ map:     3.67 kB
build/chunks/TimeDateInput.fbb158c9.js                       0.88 kB │ gzip:   0.50 kB │ map:     3.03 kB
build/chunks/LineChart.48ba1172.js                           1.05 kB │ gzip:   0.66 kB │ map:     3.88 kB
build/chunks/TabPanel.57ce3f13.js                            1.14 kB │ gzip:   0.63 kB │ map:     4.33 kB
build/chunks/ModalDialogComponent.2d2f3959.js                1.28 kB │ gzip:   0.71 kB │ map:     4.53 kB
build/chunks/index.507e7261.js                               1.98 kB │ gzip:   0.66 kB │ map:     5.83 kB
build/chunks/HealthGauge.ef923bb9.js                         2.37 kB │ gzip:   1.29 kB │ map:     8.47 kB
build/chunks/useSupport.fed5cb23.js                          2.45 kB │ gzip:   1.08 kB │ map:    10.12 kB
build/chunks/Checkbox.f9149ccd.js                            2.46 kB │ gzip:   1.15 kB │ map:    13.67 kB
build/chunks/radioHelper.396b0e2b.js                         2.58 kB │ gzip:   1.17 kB │ map:     8.50 kB
build/chunks/AuditLog.abfe28ae.js                            3.68 kB │ gzip:   1.56 kB │ map:    14.03 kB
build/chunks/SlideUpTransition.74703b29.js                   4.03 kB │ gzip:   1.61 kB │ map:    19.76 kB
build/chunks/index.7fd5156e.js                               4.14 kB │ gzip:   1.48 kB │ map:    13.64 kB
build/chunks/Logs.f3f66701.js                                4.78 kB │ gzip:   2.11 kB │ map:    20.71 kB
build/chunks/AccordionSummary.7055d707.js                    5.73 kB │ gzip:   1.97 kB │ map:    27.76 kB
build/chunks/ContextMenu.1c378e36.js                         6.23 kB │ gzip:   2.03 kB │ map:    22.48 kB
build/chunks/useStyles.4405f8b1.js                           6.39 kB │ gzip:   2.38 kB │ map:    26.35 kB
build/chunks/web-vitals.dfcc5b9a.js                          6.98 kB │ gzip:   2.58 kB │ map:    16.56 kB
build/chunks/TablePagination.317ada91.js                     8.27 kB │ gzip:   3.16 kB │ map:    42.12 kB
build/chunks/DnnPanel.cde32d45.js                            9.64 kB │ gzip:   3.65 kB │ map:    37.84 kB
build/chunks/GMap.d7c68ca8.js                               16.54 kB │ gzip:   5.28 kB │ map:    51.13 kB
build/chunks/Diagnostics.f36c2ab3.js                        23.89 kB │ gzip:   7.69 kB │ map:    90.28 kB
build/chunks/index.053f3ff4.js                              41.18 kB │ gzip:  10.56 kB │ map:   154.16 kB
build/chunks/AuditLogDetails.c1290b7d.js                    41.88 kB │ gzip:  13.90 kB │ map:   315.56 kB
build/chunks/RadioForm.ac2c54db.js                          52.34 kB │ gzip:  14.60 kB │ map:   222.41 kB
build/chunks/System.258efb7c.js                             67.04 kB │ gzip:  15.51 kB │ map:   253.45 kB
build/chunks/Calibrate.72899f5c.js                          71.72 kB │ gzip:  23.80 kB │ map:   251.10 kB
build/chunks/ReactTable.9fa35e39.js                         88.75 kB │ gzip:  27.05 kB │ map:   277.40 kB
build/chunks/Dashboard.f35f8d82.js                          90.51 kB │ gzip:  21.81 kB │ map:   520.70 kB
build/chunks/EdgesPanel.cc565f3a.js                        135.17 kB │ gzip:  33.05 kB │ map:   493.99 kB
build/chunks/RadiosPanelNew.3cb01950.js                    150.73 kB │ gzip:  39.67 kB │ map:   581.14 kB
build/chunks/SubscribersPanel.17aeedb5.js                  164.31 kB │ gzip:  53.24 kB │ map:   581.24 kB
build/chunks/DataGrid.c539b136.js                          279.90 kB │ gzip:  84.65 kB │ map: 1,352.07 kB
build/chunks/highcharts.b8958c8a.js                        296.73 kB │ gzip: 106.33 kB │ map:   694.32 kB
build/chunks/EditNotes.9b38595b.js                         488.40 kB │ gzip: 132.30 kB │ map: 1,671.77 kB
build/js/index.ed894fdc.js                               2,139.97 kB │ gzip: 474.93 kB │ map: 5,435.40 kB

(!) Some chunks are larger than 1000 kBs after minification. Consider:
- Using dynamic import() to code-split the application
- Use build.rollupOptions.output.manualChunks to improve chunking: https://rollupjs.org/configuration-options/#output-manualchunks
- Adjust chunk size limit for this warning via build.chunkSizeWarningLimit.
✓ built in 2m 42s
Done in 164.15s.
Compilation done...
Complete at Wed Jun 28 10:32:50 AM EDT 2023
\n ************************************************** \n
Compiling at Thu Jun 29 02:30:00 AM EDT 2023
Pulling latest changes from Git...
fatal: unable to access 'https://github.com/Highway9-Networks/h9-saas.git/': Could not resolve host: github.com
Compiling the orch UI code...
Deleting build...
Folder build deleted.
Folder A is unchanged.
yarn
yarn install v1.22.19
[1/4] Resolving packages...
success Already up-to-date.
Done in 0.97s.
yarn run build
yarn run v1.22.19
$ vite build
vite v4.3.9 building for production...
[plugin:vite-plugin-eslint] LintOnStart is turned on, and it will check for all matching files.
transforming...
✓ 13594 modules transformed.
rendering chunks...
computing gzip size...
build/assets/svg/pin.svg                                     0.85 kB │ gzip:   0.44 kB
build/assets/svg/current.svg                                 0.96 kB │ gzip:   0.47 kB
build/index.html                                             2.09 kB │ gzip:   1.02 kB
build/assets/svg/celltower.svg                               2.73 kB │ gzip:   1.41 kB
build/assets/svg/green-plain.svg                             3.30 kB │ gzip:   1.25 kB
build/assets/svg/pointer.svg                                 3.36 kB │ gzip:   1.27 kB
build/assets/svg/pointer-green.svg                           4.26 kB │ gzip:   1.56 kB
build/assets/svg/pointer-grey.svg                            4.26 kB │ gzip:   1.56 kB
build/assets/svg/markerA.svg                                 4.71 kB │ gzip:   1.66 kB
build/assets/woff2/roboto-vietnamese-400-normal.woff2        5.56 kB
build/assets/svg/markerB.svg                                 5.70 kB │ gzip:   2.12 kB
build/assets/woff2/roboto-greek-400-normal.woff2             7.11 kB
build/assets/svg/Radio-Indoor-Icon.svg                       7.43 kB │ gzip:   1.99 kB
build/assets/woff2/roboto-cyrillic-400-normal.woff2          9.63 kB
build/assets/woff2/roboto-latin-ext-400-normal.woff2        11.87 kB
build/assets/woff2/roboto-cyrillic-ext-400-normal.woff2     15.34 kB
build/assets/woff2/roboto-latin-400-normal.woff2            15.74 kB
build/assets/woff/roboto-all-400-normal.woff                65.46 kB
build/assets/css/EdgesPanel.css                              0.06 kB │ gzip:   0.08 kB
build/assets/css/RadiosPanelNew.css                          0.22 kB │ gzip:   0.17 kB
build/assets/css/SubscribersPanel.css                        0.22 kB │ gzip:   0.16 kB
build/assets/css/Diagnostics.css                             0.29 kB │ gzip:   0.21 kB
build/assets/css/Calibrate.css                               0.64 kB │ gzip:   0.40 kB
build/assets/css/ReactTable.css                              1.32 kB │ gzip:   0.56 kB
build/assets/css/index.css                                   1.77 kB │ gzip:   0.78 kB
build/assets/css/Dashboard.css                               4.02 kB │ gzip:   2.01 kB
build/assets/css/EditNotes.css                              17.96 kB │ gzip:   3.16 kB
build/chunks/QoS-service.7e8e9d0f.js                         0.26 kB │ gzip:   0.22 kB │ map:     0.80 kB
build/chunks/LightTooltip.c1e41e2d.js                        0.34 kB │ gzip:   0.28 kB │ map:     1.06 kB
build/chunks/ArrowForwardIosSharp.4c56da52.js                0.36 kB │ gzip:   0.29 kB │ map:     1.12 kB
build/chunks/hardwareInventory-service.257686c7.js           0.38 kB │ gzip:   0.30 kB │ map:     1.14 kB
build/chunks/RestartAlt.5667bb6a.js                          0.38 kB │ gzip:   0.30 kB │ map:     0.71 kB
build/chunks/NotImplemented.4501b886.js                      0.55 kB │ gzip:   0.40 kB │ map:     1.39 kB
build/chunks/AccordianSummary.93c7e2c5.js                    0.63 kB │ gzip:   0.44 kB │ map:     1.72 kB
build/chunks/Card.6e31b3d7.js                                0.63 kB │ gzip:   0.43 kB │ map:     4.60 kB
build/chunks/useInterval.1e54a150.js                         0.71 kB │ gzip:   0.41 kB │ map:     3.67 kB
build/chunks/TimeDateInput.fbb158c9.js                       0.88 kB │ gzip:   0.50 kB │ map:     3.03 kB
build/chunks/LineChart.48ba1172.js                           1.05 kB │ gzip:   0.66 kB │ map:     3.88 kB
build/chunks/TabPanel.57ce3f13.js                            1.14 kB │ gzip:   0.63 kB │ map:     4.33 kB
build/chunks/ModalDialogComponent.2d2f3959.js                1.28 kB │ gzip:   0.71 kB │ map:     4.53 kB
build/chunks/index.507e7261.js                               1.98 kB │ gzip:   0.66 kB │ map:     5.83 kB
build/chunks/HealthGauge.ef923bb9.js                         2.37 kB │ gzip:   1.29 kB │ map:     8.47 kB
build/chunks/useSupport.fed5cb23.js                          2.45 kB │ gzip:   1.08 kB │ map:    10.12 kB
build/chunks/Checkbox.f9149ccd.js                            2.46 kB │ gzip:   1.15 kB │ map:    13.67 kB
build/chunks/radioHelper.396b0e2b.js                         2.58 kB │ gzip:   1.17 kB │ map:     8.50 kB
build/chunks/AuditLog.abfe28ae.js                            3.68 kB │ gzip:   1.56 kB │ map:    14.03 kB
build/chunks/SlideUpTransition.74703b29.js                   4.03 kB │ gzip:   1.61 kB │ map:    19.76 kB
build/chunks/index.7fd5156e.js                               4.14 kB │ gzip:   1.48 kB │ map:    13.64 kB
build/chunks/Logs.f3f66701.js                                4.78 kB │ gzip:   2.11 kB │ map:    20.71 kB
build/chunks/AccordionSummary.7055d707.js                    5.73 kB │ gzip:   1.97 kB │ map:    27.76 kB
build/chunks/ContextMenu.1c378e36.js                         6.23 kB │ gzip:   2.03 kB │ map:    22.48 kB
build/chunks/useStyles.4405f8b1.js                           6.39 kB │ gzip:   2.38 kB │ map:    26.35 kB
build/chunks/web-vitals.dfcc5b9a.js                          6.98 kB │ gzip:   2.58 kB │ map:    16.56 kB
build/chunks/TablePagination.317ada91.js                     8.27 kB │ gzip:   3.16 kB │ map:    42.12 kB
build/chunks/DnnPanel.cde32d45.js                            9.64 kB │ gzip:   3.65 kB │ map:    37.84 kB
build/chunks/GMap.d7c68ca8.js                               16.54 kB │ gzip:   5.28 kB │ map:    51.13 kB
build/chunks/Diagnostics.f36c2ab3.js                        23.89 kB │ gzip:   7.69 kB │ map:    90.28 kB
build/chunks/index.053f3ff4.js                              41.18 kB │ gzip:  10.56 kB │ map:   154.16 kB
build/chunks/AuditLogDetails.c1290b7d.js                    41.88 kB │ gzip:  13.90 kB │ map:   315.56 kB
build/chunks/RadioForm.ac2c54db.js                          52.34 kB │ gzip:  14.60 kB │ map:   222.41 kB
build/chunks/System.258efb7c.js                             67.04 kB │ gzip:  15.51 kB │ map:   253.45 kB
build/chunks/Calibrate.72899f5c.js                          71.72 kB │ gzip:  23.80 kB │ map:   251.10 kB
build/chunks/ReactTable.9fa35e39.js                         88.75 kB │ gzip:  27.05 kB │ map:   277.40 kB
build/chunks/Dashboard.f35f8d82.js                          90.51 kB │ gzip:  21.81 kB │ map:   520.70 kB
build/chunks/EdgesPanel.cc565f3a.js                        135.17 kB │ gzip:  33.05 kB │ map:   493.99 kB
build/chunks/RadiosPanelNew.3cb01950.js                    150.73 kB │ gzip:  39.67 kB │ map:   581.14 kB
build/chunks/SubscribersPanel.17aeedb5.js                  164.31 kB │ gzip:  53.24 kB │ map:   581.24 kB
build/chunks/DataGrid.c539b136.js                          279.90 kB │ gzip:  84.65 kB │ map: 1,352.07 kB
build/chunks/highcharts.b8958c8a.js                        296.73 kB │ gzip: 106.33 kB │ map:   694.32 kB
build/chunks/EditNotes.9b38595b.js                         488.40 kB │ gzip: 132.30 kB │ map: 1,671.77 kB
build/js/index.ed894fdc.js                               2,139.97 kB │ gzip: 474.93 kB │ map: 5,435.40 kB

(!) Some chunks are larger than 1000 kBs after minification. Consider:
- Using dynamic import() to code-split the application
- Use build.rollupOptions.output.manualChunks to improve chunking: https://rollupjs.org/configuration-options/#output-manualchunks
- Adjust chunk size limit for this warning via build.chunkSizeWarningLimit.
✓ built in 2m 50s
Done in 172.81s.
Compilation done...
Complete at Thu Jun 29 02:32:56 AM EDT 2023
\n ************************************************** \n
Compiling at Thu Jun 29 07:30:00 AM EDT 2023
Pulling latest changes from Git...
From https://github.com/Highway9-Networks/h9-saas
   ff2e8bc2f..7d9458a52  main                    -> origin/main
   2b26db16d..980a09beb  EdgeEdit_Redux/Typescript -> origin/EdgeEdit_Redux/Typescript
 + 650381e3e...eb84e3009 WebSocket_Auth          -> origin/WebSocket_Auth  (forced update)
   74c62fe23..e2186d2c3  bhuvaneshne_edgeupgrade -> origin/bhuvaneshne_edgeupgrade
 * [new branch]          bhuvaneshne_sctperrors  -> origin/bhuvaneshne_sctperrors
   a35dc144c..131a0f0f1  feature/airspan         -> origin/feature/airspan
   06a590bc4..4760d6fb4  feature/ushiva_cgw      -> origin/feature/ushiva_cgw
 * [new branch]          fix/Icons-&-css         -> origin/fix/Icons-&-css
   d192e5ff6..7f0605be3  private/abhagwat-kafka  -> origin/private/abhagwat-kafka
   fb3c064be..e9cea7cf9  private/akshay-airspan  -> origin/private/akshay-airspan
   509cdcad0..3d532ff0b  private/akshay-new-29   -> origin/private/akshay-new-29
 * [new branch]          private/ankita/airspan-ztp -> origin/private/ankita/airspan-ztp
 * [new branch]          revert-9128-swapnilrmore-patch-1 -> origin/revert-9128-swapnilrmore-patch-1
 * [new branch]          swapnilrmore-patch-1    -> origin/swapnilrmore-patch-1
   e54bb9c09..ae8ccae33  xpJain/change2          -> origin/xpJain/change2
   2d918e8e2..201bf123d  xpJain/radioGraphs      -> origin/xpJain/radioGraphs
Updating ff2e8bc2f..7d9458a52
Fast-forward
 common/common.mk                                   |   6 +-
 common/commonGrpc/grpcConn.go                      |  20 +-
 common/commonGrpc/grpcServer/grpcServer.go         |   2 +-
 common/nginx/firstboot.sh                          |  62 +-
 common/nginx/proxy_ssl_orch.conf                   |   8 +-
 common/nginx/proxy_ssl_saas.conf                   |  12 +-
 edge/carriergw/configmgr/go.mod                    |  22 +-
 edge/carriergw/configmgr/main.go                   |   2 +-
 .../configmgr/src/cmpclient/cmpConfig/cmpConfig.go |   2 +-
 .../carriergw/configmgr/src/cmpclient/cmpclient.go |   6 +-
 .../configmgr/src/secgw/secgwConfig/secgwConfig.go |   2 +-
 .../carriergw/mocngw/mocngw/common/common_mocngw.h |  28 +
 .../mocngw/mocngw/tasks/config/mocn_config_poll.c  |   3 +-
 .../mocngw/mocngw/tasks/network/network.c          |   8 +-
 .../mocngw/mocngw/tasks/network/network_util.c     | 131 +--
 .../mocngw/mocngw/tasks/s1ap/s1ap_dummy.c          |   7 +-
 .../mocngw/tasks/service303/service303_task.c      |  10 +-
 orch/helm-orch/templates/NOTES.txt                 |   2 +-
 .../helm-orch/templates/ngnix/h9-nginx-config.yaml |   4 +-
 orch/helm-orch/templates/orch-api/deployment.yaml  |  15 +-
 orch/helm-orch/templates/orch-api/service.yaml     |   4 -
 .../templates/postgres/postgres-secret.yaml        |   1 -
 .../helm-orch/templates/tests/test-connection.yaml |   2 +-
 orch/helm-orch/values.yaml                         |   1 -
 orch/orch-api/Dockerfile                           |   6 -
 orch/orch-api/Makefile                             |  17 +-
 orch/orch-api/apihandler/RadiosRestHandler.go      |   2 +-
 orch/orch-api/apiserver/apiserver.go               |   5 +-
 orch/orch-common/constants/constants.go            |   3 +-
 orch/orch-common/swagger-api/swagger/swagger.yaml  |  13 +-
 .../swagger/tmf-order-api-swagger.yaml             | 961 +--------------------
 orch/orch-service/adapters/magma/magma_agw.go      |   9 +-
 orch/orch-ui/src/components/DropDownButton.jsx     |   2 +-
 .../src/components/ReactTable/ReactTable.jsx       |  23 +-
 orch/orch-ui/src/components/Utils.jsx              |  10 +-
 .../ClusterInfoTable/ClusterDataTable.jsx          |  15 +-
 .../views/diagnostics/Simulator/SimulatorTable.tsx |   8 +-
 orch/orch-ui/src/views/edges/EdgeInfo.jsx          |  56 +-
 .../src/views/subscribers/SubscribersPanel.jsx     |   4 +-
 saas/helm-saas/templates/NOTES.txt                 |   2 +-
 .../helm-saas/templates/ngnix/h9-nginx-config.yaml |   6 +-
 .../templates/postgres/postgres-secret.yaml        |   1 -
 saas/helm-saas/templates/saas-api/deployment.yaml  |  13 +-
 saas/helm-saas/templates/saas-api/service.yaml     |   4 -
 .../templates/saas-order-api/deployment.yaml       |  13 +-
 .../templates/saas-order-api/service.yaml          |   4 +-
 saas/helm-saas/templates/saas/ingress-api.yaml     |   4 +-
 saas/helm-saas/templates/saas/ingress-ui.yaml      |   2 +-
 saas/helm-saas/templates/saas/ingress.yaml         |   4 +-
 .../helm-saas/templates/tests/test-connection.yaml |   2 +-
 saas/helm-saas/values.yaml                         |   3 +-
 saas/saas-api/Dockerfile                           |   3 -
 saas/saas-api/Makefile                             |  20 +-
 saas/saas-api/apiserver/apiserver.go               |   5 +-
 saas/saas-api/main.go                              |   2 -
 saas/saas-common/constants/constants.go            |   3 +-
 saas/saas-common/swagger-api/swagger/swagger.yaml  |   3 +-
 .../swagger/tmf-order-api-swagger.yaml             |  16 +-
 saas/saas-order-api/Dockerfile                     |   4 -
 saas/saas-order-api/Makefile                       |  18 +-
 saas/saas-order-api/apiserver/apiserver.go         |   6 +-
 saas/saas-order-api/main.go                        |   2 +-
 .../nms/ngnix/nginx-proxy-deployment.yaml          |   2 +-
 .../nms/templates/nms/ngnix/nms-nginx-config.yaml  |  12 +-
 64 files changed, 363 insertions(+), 1285 deletions(-)
Compiling the orch UI code...
Deleting build...
Folder build deleted.
Folder A is unchanged.
yarn
yarn install v1.22.19
[1/4] Resolving packages...
success Already up-to-date.
Done in 1.33s.
yarn run build
yarn run v1.22.19
$ vite build
vite v4.3.9 building for production...
[plugin:vite-plugin-eslint] LintOnStart is turned on, and it will check for all matching files.
transforming...
✓ 13594 modules transformed.
rendering chunks...
computing gzip size...
build/assets/svg/pin.svg                                     0.85 kB │ gzip:   0.44 kB
build/assets/svg/current.svg                                 0.96 kB │ gzip:   0.47 kB
build/index.html                                             2.09 kB │ gzip:   1.02 kB
build/assets/svg/celltower.svg                               2.73 kB │ gzip:   1.41 kB
build/assets/svg/green-plain.svg                             3.30 kB │ gzip:   1.25 kB
build/assets/svg/pointer.svg                                 3.36 kB │ gzip:   1.27 kB
build/assets/svg/pointer-green.svg                           4.26 kB │ gzip:   1.56 kB
build/assets/svg/pointer-grey.svg                            4.26 kB │ gzip:   1.56 kB
build/assets/svg/markerA.svg                                 4.71 kB │ gzip:   1.66 kB
build/assets/woff2/roboto-vietnamese-400-normal.woff2        5.56 kB
build/assets/svg/markerB.svg                                 5.70 kB │ gzip:   2.12 kB
build/assets/woff2/roboto-greek-400-normal.woff2             7.11 kB
build/assets/svg/Radio-Indoor-Icon.svg                       7.43 kB │ gzip:   1.99 kB
build/assets/woff2/roboto-cyrillic-400-normal.woff2          9.63 kB
build/assets/woff2/roboto-latin-ext-400-normal.woff2        11.87 kB
build/assets/woff2/roboto-cyrillic-ext-400-normal.woff2     15.34 kB
build/assets/woff2/roboto-latin-400-normal.woff2            15.74 kB
build/assets/woff/roboto-all-400-normal.woff                65.46 kB
build/assets/css/EdgesPanel.css                              0.06 kB │ gzip:   0.08 kB
build/assets/css/RadiosPanelNew.css                          0.22 kB │ gzip:   0.17 kB
build/assets/css/SubscribersPanel.css                        0.22 kB │ gzip:   0.16 kB
build/assets/css/Diagnostics.css                             0.29 kB │ gzip:   0.21 kB
build/assets/css/Calibrate.css                               0.64 kB │ gzip:   0.40 kB
build/assets/css/ReactTable.css                              1.32 kB │ gzip:   0.56 kB
build/assets/css/index.css                                   1.77 kB │ gzip:   0.78 kB
build/assets/css/Dashboard.css                               4.02 kB │ gzip:   2.01 kB
build/assets/css/EditNotes.css                              17.96 kB │ gzip:   3.16 kB
build/chunks/QoS-service.e6bba676.js                         0.26 kB │ gzip:   0.22 kB │ map:     0.80 kB
build/chunks/LightTooltip.af890000.js                        0.34 kB │ gzip:   0.28 kB │ map:     1.06 kB
build/chunks/ArrowForwardIosSharp.d8f9268f.js                0.36 kB │ gzip:   0.29 kB │ map:     1.12 kB
build/chunks/hardwareInventory-service.b4aa3e26.js           0.38 kB │ gzip:   0.30 kB │ map:     1.14 kB
build/chunks/RestartAlt.ecd9d08b.js                          0.38 kB │ gzip:   0.30 kB │ map:     0.71 kB
build/chunks/NotImplemented.fcc4a31f.js                      0.55 kB │ gzip:   0.40 kB │ map:     1.39 kB
build/chunks/AccordianSummary.94003aef.js                    0.63 kB │ gzip:   0.44 kB │ map:     1.72 kB
build/chunks/Card.e17de18e.js                                0.63 kB │ gzip:   0.43 kB │ map:     4.60 kB
build/chunks/useInterval.4384494e.js                         0.71 kB │ gzip:   0.41 kB │ map:     3.67 kB
build/chunks/TimeDateInput.fbe42d92.js                       0.88 kB │ gzip:   0.50 kB │ map:     3.03 kB
build/chunks/LineChart.ec3db265.js                           1.05 kB │ gzip:   0.66 kB │ map:     3.88 kB
build/chunks/TabPanel.d67786f0.js                            1.14 kB │ gzip:   0.63 kB │ map:     4.33 kB
build/chunks/ModalDialogComponent.a3955557.js                1.28 kB │ gzip:   0.70 kB │ map:     4.53 kB
build/chunks/index.562c1e4a.js                               1.98 kB │ gzip:   0.66 kB │ map:     5.83 kB
build/chunks/HealthGauge.d9094a3b.js                         2.37 kB │ gzip:   1.29 kB │ map:     8.47 kB
build/chunks/useSupport.8a141640.js                          2.45 kB │ gzip:   1.08 kB │ map:    10.12 kB
build/chunks/Checkbox.75b6e4e7.js                            2.46 kB │ gzip:   1.16 kB │ map:    13.67 kB
build/chunks/radioHelper.3fa8eb8a.js                         2.58 kB │ gzip:   1.17 kB │ map:     8.50 kB
build/chunks/AuditLog.8bfb65cb.js                            3.68 kB │ gzip:   1.56 kB │ map:    14.03 kB
build/chunks/SlideUpTransition.98bf2853.js                   4.03 kB │ gzip:   1.61 kB │ map:    19.76 kB
build/chunks/index.17e9633e.js                               4.14 kB │ gzip:   1.48 kB │ map:    13.64 kB
build/chunks/Logs.bf5ccc49.js                                4.78 kB │ gzip:   2.11 kB │ map:    20.71 kB
build/chunks/AccordionSummary.1143d6f8.js                    5.73 kB │ gzip:   1.97 kB │ map:    27.76 kB
build/chunks/ContextMenu.e86254c0.js                         6.23 kB │ gzip:   2.03 kB │ map:    22.48 kB
build/chunks/useStyles.cb0673a0.js                           6.39 kB │ gzip:   2.38 kB │ map:    26.35 kB
build/chunks/web-vitals.dfcc5b9a.js                          6.98 kB │ gzip:   2.58 kB │ map:    16.56 kB
build/chunks/TablePagination.8d90ed34.js                     8.27 kB │ gzip:   3.16 kB │ map:    42.12 kB
build/chunks/DnnPanel.6643cfb9.js                            9.64 kB │ gzip:   3.65 kB │ map:    37.84 kB
build/chunks/GMap.48b6e9f8.js                               16.54 kB │ gzip:   5.29 kB │ map:    51.13 kB
build/chunks/Diagnostics.4e127a91.js                        23.48 kB │ gzip:   7.48 kB │ map:    89.38 kB
build/chunks/index.a4ab21fa.js                              41.18 kB │ gzip:  10.56 kB │ map:   154.16 kB
build/chunks/AuditLogDetails.06f0e0a5.js                    41.88 kB │ gzip:  13.90 kB │ map:   315.56 kB
build/chunks/RadioForm.2e671d53.js                          52.34 kB │ gzip:  14.59 kB │ map:   222.41 kB
build/chunks/System.f024a8f6.js                             67.04 kB │ gzip:  15.51 kB │ map:   253.45 kB
build/chunks/Calibrate.775d4055.js                          71.72 kB │ gzip:  23.80 kB │ map:   251.10 kB
build/chunks/ReactTable.e32f197c.js                         88.75 kB │ gzip:  27.05 kB │ map:   276.62 kB
build/chunks/Dashboard.47239d5d.js                          90.61 kB │ gzip:  21.83 kB │ map:   520.67 kB
build/chunks/EdgesPanel.6f609be9.js                        135.19 kB │ gzip:  33.09 kB │ map:   494.00 kB
build/chunks/RadiosPanelNew.e1a03aff.js                    150.73 kB │ gzip:  39.67 kB │ map:   581.14 kB
build/chunks/SubscribersPanel.911a1239.js                  164.33 kB │ gzip:  53.24 kB │ map:   581.26 kB
build/chunks/DataGrid.fbc0f643.js                          279.90 kB │ gzip:  84.65 kB │ map: 1,352.07 kB
build/chunks/highcharts.1b78b5ec.js                        296.73 kB │ gzip: 106.33 kB │ map:   694.32 kB
build/chunks/EditNotes.fd328b0c.js                         488.40 kB │ gzip: 132.29 kB │ map: 1,671.77 kB
build/js/index.08b1a57c.js                               2,139.97 kB │ gzip: 474.91 kB │ map: 5,435.35 kB

(!) Some chunks are larger than 1000 kBs after minification. Consider:
- Using dynamic import() to code-split the application
- Use build.rollupOptions.output.manualChunks to improve chunking: https://rollupjs.org/configuration-options/#output-manualchunks
- Adjust chunk size limit for this warning via build.chunkSizeWarningLimit.
✓ built in 2m 30s
Done in 153.38s.
Compilation done...
Complete at Thu Jun 29 07:32:39 AM EDT 2023
\n ************************************************** \n
Compiling at Thu Jun 29 10:30:00 AM EDT 2023
Pulling latest changes from Git...
From https://github.com/Highway9-Networks/h9-saas
   7d9458a52..3aead885e  main                   -> origin/main
   dde440541..48923e394  balaji/mmeretry        -> origin/balaji/mmeretry
   131a0f0f1..89ec8e6c9  feature/airspan        -> origin/feature/airspan
 * [new branch]          nidhi/30jun            -> origin/nidhi/30jun
   e9cea7cf9..436c78324  private/akshay-airspan -> origin/private/akshay-airspan
   37ffa5e3b..35c66989f  vikram_mocngw          -> origin/vikram_mocngw
   201bf123d..e7316e130  xpJain/radioGraphs     -> origin/xpJain/radioGraphs
Updating 7d9458a52..3aead885e
Fast-forward
 edge/carriergw/mocngw/mocngw/common/common_mocngw.h          |  4 ++--
 edge/carriergw/mocngw/mocngw/tasks/network/network.c         |  1 -
 edge/carriergw/mocngw/mocngw/tasks/network/network_encoder.c |  8 +-------
 edge/carriergw/mocngw/mocngw/tasks/network/network_util.c    | 10 ----------
 edge/carriergw/mocngw/mocngw/tasks/s1ap/s1ap_dummy.c         |  4 +---
 5 files changed, 4 insertions(+), 23 deletions(-)
Compiling the orch UI code...
Deleting build...
Folder build deleted.
Folder A is unchanged.
yarn
yarn install v1.22.19
[1/4] Resolving packages...
success Already up-to-date.
Done in 1.29s.
yarn run build
yarn run v1.22.19
$ vite build
vite v4.3.9 building for production...
[plugin:vite-plugin-eslint] LintOnStart is turned on, and it will check for all matching files.
transforming...
✓ 13594 modules transformed.
rendering chunks...
computing gzip size...
build/assets/svg/pin.svg                                     0.85 kB │ gzip:   0.44 kB
build/assets/svg/current.svg                                 0.96 kB │ gzip:   0.47 kB
build/index.html                                             2.09 kB │ gzip:   1.02 kB
build/assets/svg/celltower.svg                               2.73 kB │ gzip:   1.41 kB
build/assets/svg/green-plain.svg                             3.30 kB │ gzip:   1.25 kB
build/assets/svg/pointer.svg                                 3.36 kB │ gzip:   1.27 kB
build/assets/svg/pointer-green.svg                           4.26 kB │ gzip:   1.56 kB
build/assets/svg/pointer-grey.svg                            4.26 kB │ gzip:   1.56 kB
build/assets/svg/markerA.svg                                 4.71 kB │ gzip:   1.66 kB
build/assets/woff2/roboto-vietnamese-400-normal.woff2        5.56 kB
build/assets/svg/markerB.svg                                 5.70 kB │ gzip:   2.12 kB
build/assets/woff2/roboto-greek-400-normal.woff2             7.11 kB
build/assets/svg/Radio-Indoor-Icon.svg                       7.43 kB │ gzip:   1.99 kB
build/assets/woff2/roboto-cyrillic-400-normal.woff2          9.63 kB
build/assets/woff2/roboto-latin-ext-400-normal.woff2        11.87 kB
build/assets/woff2/roboto-cyrillic-ext-400-normal.woff2     15.34 kB
build/assets/woff2/roboto-latin-400-normal.woff2            15.74 kB
build/assets/woff/roboto-all-400-normal.woff                65.46 kB
build/assets/css/EdgesPanel.css                              0.06 kB │ gzip:   0.08 kB
build/assets/css/RadiosPanelNew.css                          0.22 kB │ gzip:   0.17 kB
build/assets/css/SubscribersPanel.css                        0.22 kB │ gzip:   0.16 kB
build/assets/css/Diagnostics.css                             0.29 kB │ gzip:   0.21 kB
build/assets/css/Calibrate.css                               0.64 kB │ gzip:   0.40 kB
build/assets/css/ReactTable.css                              1.32 kB │ gzip:   0.56 kB
build/assets/css/index.css                                   1.77 kB │ gzip:   0.78 kB
build/assets/css/Dashboard.css                               4.02 kB │ gzip:   2.01 kB
build/assets/css/EditNotes.css                              17.96 kB │ gzip:   3.16 kB
build/chunks/QoS-service.e6bba676.js                         0.26 kB │ gzip:   0.22 kB │ map:     0.80 kB
build/chunks/LightTooltip.af890000.js                        0.34 kB │ gzip:   0.28 kB │ map:     1.06 kB
build/chunks/ArrowForwardIosSharp.d8f9268f.js                0.36 kB │ gzip:   0.29 kB │ map:     1.12 kB
build/chunks/hardwareInventory-service.b4aa3e26.js           0.38 kB │ gzip:   0.30 kB │ map:     1.14 kB
build/chunks/RestartAlt.ecd9d08b.js                          0.38 kB │ gzip:   0.30 kB │ map:     0.71 kB
build/chunks/NotImplemented.fcc4a31f.js                      0.55 kB │ gzip:   0.40 kB │ map:     1.39 kB
build/chunks/AccordianSummary.94003aef.js                    0.63 kB │ gzip:   0.44 kB │ map:     1.72 kB
build/chunks/Card.e17de18e.js                                0.63 kB │ gzip:   0.43 kB │ map:     4.60 kB
build/chunks/useInterval.4384494e.js                         0.71 kB │ gzip:   0.41 kB │ map:     3.67 kB
build/chunks/TimeDateInput.fbe42d92.js                       0.88 kB │ gzip:   0.50 kB │ map:     3.03 kB
build/chunks/LineChart.ec3db265.js                           1.05 kB │ gzip:   0.66 kB │ map:     3.88 kB
build/chunks/TabPanel.d67786f0.js                            1.14 kB │ gzip:   0.63 kB │ map:     4.33 kB
build/chunks/ModalDialogComponent.a3955557.js                1.28 kB │ gzip:   0.70 kB │ map:     4.53 kB
build/chunks/index.562c1e4a.js                               1.98 kB │ gzip:   0.66 kB │ map:     5.83 kB
build/chunks/HealthGauge.d9094a3b.js                         2.37 kB │ gzip:   1.29 kB │ map:     8.47 kB
build/chunks/useSupport.8a141640.js                          2.45 kB │ gzip:   1.08 kB │ map:    10.12 kB
build/chunks/Checkbox.75b6e4e7.js                            2.46 kB │ gzip:   1.16 kB │ map:    13.67 kB
build/chunks/radioHelper.3fa8eb8a.js                         2.58 kB │ gzip:   1.17 kB │ map:     8.50 kB
build/chunks/AuditLog.8bfb65cb.js                            3.68 kB │ gzip:   1.56 kB │ map:    14.03 kB
build/chunks/SlideUpTransition.98bf2853.js                   4.03 kB │ gzip:   1.61 kB │ map:    19.76 kB
build/chunks/index.17e9633e.js                               4.14 kB │ gzip:   1.48 kB │ map:    13.64 kB
build/chunks/Logs.bf5ccc49.js                                4.78 kB │ gzip:   2.11 kB │ map:    20.71 kB
build/chunks/AccordionSummary.1143d6f8.js                    5.73 kB │ gzip:   1.97 kB │ map:    27.76 kB
build/chunks/ContextMenu.e86254c0.js                         6.23 kB │ gzip:   2.03 kB │ map:    22.48 kB
build/chunks/useStyles.cb0673a0.js                           6.39 kB │ gzip:   2.38 kB │ map:    26.35 kB
build/chunks/web-vitals.dfcc5b9a.js                          6.98 kB │ gzip:   2.58 kB │ map:    16.56 kB
build/chunks/TablePagination.8d90ed34.js                     8.27 kB │ gzip:   3.16 kB │ map:    42.12 kB
build/chunks/DnnPanel.6643cfb9.js                            9.64 kB │ gzip:   3.65 kB │ map:    37.84 kB
build/chunks/GMap.48b6e9f8.js                               16.54 kB │ gzip:   5.29 kB │ map:    51.13 kB
build/chunks/Diagnostics.4e127a91.js                        23.48 kB │ gzip:   7.48 kB │ map:    89.38 kB
build/chunks/index.a4ab21fa.js                              41.18 kB │ gzip:  10.56 kB │ map:   154.16 kB
build/chunks/AuditLogDetails.06f0e0a5.js                    41.88 kB │ gzip:  13.90 kB │ map:   315.56 kB
build/chunks/RadioForm.2e671d53.js                          52.34 kB │ gzip:  14.59 kB │ map:   222.41 kB
build/chunks/System.f024a8f6.js                             67.04 kB │ gzip:  15.51 kB │ map:   253.45 kB
build/chunks/Calibrate.775d4055.js                          71.72 kB │ gzip:  23.80 kB │ map:   251.10 kB
build/chunks/ReactTable.e32f197c.js                         88.75 kB │ gzip:  27.05 kB │ map:   276.62 kB
build/chunks/Dashboard.47239d5d.js                          90.61 kB │ gzip:  21.83 kB │ map:   520.67 kB
build/chunks/EdgesPanel.6f609be9.js                        135.19 kB │ gzip:  33.09 kB │ map:   494.00 kB
build/chunks/RadiosPanelNew.e1a03aff.js                    150.73 kB │ gzip:  39.67 kB │ map:   581.14 kB
build/chunks/SubscribersPanel.911a1239.js                  164.33 kB │ gzip:  53.24 kB │ map:   581.26 kB
build/chunks/DataGrid.fbc0f643.js                          279.90 kB │ gzip:  84.65 kB │ map: 1,352.07 kB
build/chunks/highcharts.1b78b5ec.js                        296.73 kB │ gzip: 106.33 kB │ map:   694.32 kB
build/chunks/EditNotes.fd328b0c.js                         488.40 kB │ gzip: 132.29 kB │ map: 1,671.77 kB
build/js/index.08b1a57c.js                               2,139.97 kB │ gzip: 474.91 kB │ map: 5,435.35 kB

(!) Some chunks are larger than 1000 kBs after minification. Consider:
- Using dynamic import() to code-split the application
- Use build.rollupOptions.output.manualChunks to improve chunking: https://rollupjs.org/configuration-options/#output-manualchunks
- Adjust chunk size limit for this warning via build.chunkSizeWarningLimit.
✓ built in 2m 37s
Done in 160.68s.
Compilation done...
Complete at Thu Jun 29 10:32:45 AM EDT 2023
\n ************************************************** \n
Compiling at Fri Jun 30 02:30:00 AM EDT 2023
Pulling latest changes from Git...
From https://github.com/Highway9-Networks/h9-saas
   3aead885e..3ffc97595  main                   -> origin/main
   89ec8e6c9..e6428dc45  feature/airspan        -> origin/feature/airspan
   4760d6fb4..d71c7d103  feature/ushiva_cgw     -> origin/feature/ushiva_cgw
 + afbed7c1f...dda412c00 nidhi/30jun            -> origin/nidhi/30jun  (forced update)
 * [new branch]          pingmon2               -> origin/pingmon2
   6ab9cef91..ae5cf11a9  private/abhagwat       -> origin/private/abhagwat
   436c78324..227c15854  private/akshay-airspan -> origin/private/akshay-airspan
 * [new branch]          private/girish/30june  -> origin/private/girish/30june
 * [new branch]          surya_9103_mocn_dp_cli_ipv6_fix -> origin/surya_9103_mocn_dp_cli_ipv6_fix
   e7316e130..ef3d71f0d  xpJain/radioGraphs     -> origin/xpJain/radioGraphs
Updating 3aead885e..3ffc97595
Fast-forward
 .../queries/get_flow_records_for_imsi.json         |  4 ++--
 .../services/operations/edgeOperations.go          |  5 +++++
 orch/orch-ui/index.html                            | 25 ----------------------
 orch/orch-ui/src/components/TextResources.jsx      |  2 +-
 .../src/views/adminstration/MobilityDialog.jsx     |  3 ++-
 .../orch-ui/src/views/radios/Graphs/graphHelper.ts | 10 ++++-----
 saas/saas-ui/index.html                            | 23 +-------------------
 7 files changed, 15 insertions(+), 57 deletions(-)
Compiling the orch UI code...
Deleting build...
Folder build deleted.
Folder A is unchanged.
yarn
yarn install v1.22.19
[1/4] Resolving packages...
success Already up-to-date.
Done in 0.80s.
yarn run build
yarn run v1.22.19
$ vite build
vite v4.3.9 building for production...
[plugin:vite-plugin-eslint] LintOnStart is turned on, and it will check for all matching files.
transforming...
✓ 13594 modules transformed.
rendering chunks...
computing gzip size...
build/assets/svg/pin.svg                                     0.85 kB │ gzip:   0.44 kB
build/assets/svg/current.svg                                 0.96 kB │ gzip:   0.47 kB
build/index.html                                             1.00 kB │ gzip:   0.53 kB
build/assets/svg/celltower.svg                               2.73 kB │ gzip:   1.41 kB
build/assets/svg/green-plain.svg                             3.30 kB │ gzip:   1.25 kB
build/assets/svg/pointer.svg                                 3.36 kB │ gzip:   1.27 kB
build/assets/svg/pointer-green.svg                           4.26 kB │ gzip:   1.56 kB
build/assets/svg/pointer-grey.svg                            4.26 kB │ gzip:   1.56 kB
build/assets/svg/markerA.svg                                 4.71 kB │ gzip:   1.66 kB
build/assets/woff2/roboto-vietnamese-400-normal.woff2        5.56 kB
build/assets/svg/markerB.svg                                 5.70 kB │ gzip:   2.12 kB
build/assets/woff2/roboto-greek-400-normal.woff2             7.11 kB
build/assets/svg/Radio-Indoor-Icon.svg                       7.43 kB │ gzip:   1.99 kB
build/assets/woff2/roboto-cyrillic-400-normal.woff2          9.63 kB
build/assets/woff2/roboto-latin-ext-400-normal.woff2        11.87 kB
build/assets/woff2/roboto-cyrillic-ext-400-normal.woff2     15.34 kB
build/assets/woff2/roboto-latin-400-normal.woff2            15.74 kB
build/assets/woff/roboto-all-400-normal.woff                65.46 kB
build/assets/css/EdgesPanel.css                              0.06 kB │ gzip:   0.08 kB
build/assets/css/RadiosPanelNew.css                          0.22 kB │ gzip:   0.17 kB
build/assets/css/SubscribersPanel.css                        0.22 kB │ gzip:   0.16 kB
build/assets/css/Diagnostics.css                             0.29 kB │ gzip:   0.21 kB
build/assets/css/Calibrate.css                               0.64 kB │ gzip:   0.40 kB
build/assets/css/ReactTable.css                              1.32 kB │ gzip:   0.56 kB
build/assets/css/index.css                                   1.77 kB │ gzip:   0.78 kB
build/assets/css/Dashboard.css                               4.02 kB │ gzip:   2.01 kB
build/assets/css/EditNotes.css                              17.96 kB │ gzip:   3.16 kB
build/chunks/QoS-service.f53f2edb.js                         0.26 kB │ gzip:   0.22 kB │ map:     0.80 kB
build/chunks/LightTooltip.5f4dc906.js                        0.34 kB │ gzip:   0.28 kB │ map:     1.06 kB
build/chunks/ArrowForwardIosSharp.84b4e4db.js                0.36 kB │ gzip:   0.29 kB │ map:     1.12 kB
build/chunks/hardwareInventory-service.fb2bb9ff.js           0.38 kB │ gzip:   0.30 kB │ map:     1.14 kB
build/chunks/RestartAlt.7e65de0b.js                          0.38 kB │ gzip:   0.30 kB │ map:     0.71 kB
build/chunks/NotImplemented.8b43d9dd.js                      0.55 kB │ gzip:   0.40 kB │ map:     1.39 kB
build/chunks/AccordianSummary.77f5d670.js                    0.63 kB │ gzip:   0.44 kB │ map:     1.72 kB
build/chunks/Card.6d8d6052.js                                0.63 kB │ gzip:   0.43 kB │ map:     4.60 kB
build/chunks/useInterval.6a562c1b.js                         0.71 kB │ gzip:   0.41 kB │ map:     3.67 kB
build/chunks/TimeDateInput.bc8b2b26.js                       0.88 kB │ gzip:   0.50 kB │ map:     3.03 kB
build/chunks/LineChart.cf724eca.js                           1.05 kB │ gzip:   0.66 kB │ map:     3.88 kB
build/chunks/TabPanel.f61afce9.js                            1.14 kB │ gzip:   0.63 kB │ map:     4.33 kB
build/chunks/ModalDialogComponent.a4d14011.js                1.28 kB │ gzip:   0.71 kB │ map:     4.53 kB
build/chunks/index.84c1dc8e.js                               1.98 kB │ gzip:   0.66 kB │ map:     5.83 kB
build/chunks/HealthGauge.db212a33.js                         2.37 kB │ gzip:   1.29 kB │ map:     8.47 kB
build/chunks/useSupport.1dcc1f05.js                          2.45 kB │ gzip:   1.08 kB │ map:    10.12 kB
build/chunks/Checkbox.0b52e098.js                            2.46 kB │ gzip:   1.16 kB │ map:    13.67 kB
build/chunks/radioHelper.c33fb855.js                         2.58 kB │ gzip:   1.17 kB │ map:     8.50 kB
build/chunks/AuditLog.6cef8d88.js                            3.68 kB │ gzip:   1.56 kB │ map:    14.03 kB
build/chunks/SlideUpTransition.18aec6b3.js                   4.03 kB │ gzip:   1.61 kB │ map:    19.76 kB
build/chunks/index.1b09f60d.js                               4.14 kB │ gzip:   1.49 kB │ map:    13.64 kB
build/chunks/Logs.47dd4a03.js                                4.78 kB │ gzip:   2.12 kB │ map:    20.71 kB
build/chunks/AccordionSummary.7c77ef8b.js                    5.73 kB │ gzip:   1.97 kB │ map:    27.76 kB
build/chunks/ContextMenu.760094f1.js                         6.23 kB │ gzip:   2.03 kB │ map:    22.48 kB
build/chunks/useStyles.bbca5f3e.js                           6.39 kB │ gzip:   2.38 kB │ map:    26.35 kB
build/chunks/web-vitals.dfcc5b9a.js                          6.98 kB │ gzip:   2.58 kB │ map:    16.56 kB
build/chunks/TablePagination.ea0607dd.js                     8.27 kB │ gzip:   3.16 kB │ map:    42.12 kB
build/chunks/DnnPanel.8b63a11c.js                            9.64 kB │ gzip:   3.65 kB │ map:    37.84 kB
build/chunks/GMap.58bf5c1f.js                               16.54 kB │ gzip:   5.28 kB │ map:    51.13 kB
build/chunks/Diagnostics.a068f9d9.js                        23.48 kB │ gzip:   7.48 kB │ map:    89.38 kB
build/chunks/index.ab87f040.js                              41.18 kB │ gzip:  10.56 kB │ map:   154.16 kB
build/chunks/AuditLogDetails.06c85795.js                    41.88 kB │ gzip:  13.90 kB │ map:   315.56 kB
build/chunks/RadioForm.8afab60a.js                          52.34 kB │ gzip:  14.59 kB │ map:   222.41 kB
build/chunks/System.d9fc744e.js                             67.07 kB │ gzip:  15.51 kB │ map:   253.53 kB
build/chunks/Calibrate.d59e055b.js                          71.72 kB │ gzip:  23.80 kB │ map:   251.10 kB
build/chunks/ReactTable.777918fc.js                         88.75 kB │ gzip:  27.05 kB │ map:   276.62 kB
build/chunks/Dashboard.4a5070f5.js                          90.61 kB │ gzip:  21.83 kB │ map:   520.67 kB
build/chunks/EdgesPanel.60e34672.js                        135.19 kB │ gzip:  33.09 kB │ map:   494.00 kB
build/chunks/RadiosPanelNew.14daf4fd.js                    150.73 kB │ gzip:  39.67 kB │ map:   581.14 kB
build/chunks/SubscribersPanel.f7e72b39.js                  164.33 kB │ gzip:  53.24 kB │ map:   581.26 kB
build/chunks/DataGrid.692dd034.js                          279.90 kB │ gzip:  84.65 kB │ map: 1,352.07 kB
build/chunks/highcharts.9262e1e3.js                        296.73 kB │ gzip: 106.33 kB │ map:   694.32 kB
build/chunks/EditNotes.cb855572.js                         488.40 kB │ gzip: 132.29 kB │ map: 1,671.77 kB
build/js/index.72818384.js                               2,139.99 kB │ gzip: 474.93 kB │ map: 5,435.31 kB

(!) Some chunks are larger than 1000 kBs after minification. Consider:
- Using dynamic import() to code-split the application
- Use build.rollupOptions.output.manualChunks to improve chunking: https://rollupjs.org/configuration-options/#output-manualchunks
- Adjust chunk size limit for this warning via build.chunkSizeWarningLimit.
✓ built in 2m 53s
Done in 174.71s.
Compilation done...
Complete at Fri Jun 30 02:32:59 AM EDT 2023
\n ************************************************** \n
Compiling at Fri Jun 30 07:30:00 AM EDT 2023
Pulling latest changes from Git...
From https://github.com/Highway9-Networks/h9-saas
   3ffc97595..83a84d4dd  main                   -> origin/main
   48923e394..46fa37930  balaji/mmeretry        -> origin/balaji/mmeretry
   e6428dc45..4615b25d6  feature/airspan        -> origin/feature/airspan
 * [new branch]          fix/Device_ResetConnectionDialog -> origin/fix/Device_ResetConnectionDialog
 * [new branch]          fix/SpellingCorrection -> origin/fix/SpellingCorrection
 * [new branch]          flowd                  -> origin/flowd
   9a79c1d3e..3a53fe607  main-release           -> origin/main-release
 * [new branch]          pingmon_rel1           -> origin/pingmon_rel1
   227c15854..b7aaabdae  private/akshay-airspan -> origin/private/akshay-airspan
   3d532ff0b..66a0ab532  private/akshay-new-29  -> origin/private/akshay-new-29
   f2986531a..6ba31acdb  private/ankita/airspan-ztp -> origin/private/ankita/airspan-ztp
 * [new branch]          private/baicellKPISupport -> origin/private/baicellKPISupport
   117bb7929..dd05c33e9  private/mdighe/proxy-support-channel -> origin/private/mdighe/proxy-support-channel
 * [new branch]          sync-main-to-main-rel  -> origin/sync-main-to-main-rel
 * [new branch]          vikram_mem             -> origin/vikram_mem
   35c66989f..356108e8f  vikram_mocngw          -> origin/vikram_mocngw
   ae8ccae33..35806cdfd  xpJain/change2         -> origin/xpJain/change2
Updating 3ffc97595..83a84d4dd
Fast-forward
 common/common.mk                                   | 10 +--
 edge/carriergw/mocngw/mocngw/inc/s1ap_state.h      |  2 +-
 edge/carriergw/mocngw/mocngw/tasks/access/access.c |  2 +-
 .../mocngw/mocngw/tasks/network/network.c          |  2 +-
 .../mocngw/mocngw/tasks/s1ap/s1ap_dummy.c          | 20 ++---
 .../mocngw_datapath/mocn_datapathd_cli.py          | 18 +++--
 orch/orch-api/apihandler/RadiosRestHandler.go      | 16 +++-
 orch/orch-api/go.mod                               |  3 +-
 .../grpchandler/scripts/configureSupportChannel.py |  3 +
 .../agw-ami-configure/files/h9-edge-frpc.service   |  1 +
 .../scripts/edge-scripts/h9_flowd_main.py          | 89 +++++++++++++++++++---
 .../scripts/edge-scripts/pingmon/ping_log.py       | 23 +++---
 orch/orch-ui/src/types/radio.ts                    |  1 -
 .../src/views/adminstration/MobilityDialog.jsx     |  2 +-
 orch/orch-ui/src/views/edges/EdgeInfo.jsx          |  1 -
 orch/orch-ui/src/views/radios/RadioTable.jsx       | 41 +++++-----
 orch/orch-ui/src/views/radios/radioHelper.ts       |  3 +-
 17 files changed, 164 insertions(+), 73 deletions(-)
Compiling the orch UI code...
Deleting build...
Folder build deleted.
Folder A is unchanged.
yarn
yarn install v1.22.19
[1/4] Resolving packages...
success Already up-to-date.
Done in 1.19s.
yarn run build
yarn run v1.22.19
$ vite build
vite v4.3.9 building for production...
[plugin:vite-plugin-eslint] LintOnStart is turned on, and it will check for all matching files.
transforming...
✓ 13594 modules transformed.
rendering chunks...
computing gzip size...
build/assets/svg/pin.svg                                     0.85 kB │ gzip:   0.44 kB
build/assets/svg/current.svg                                 0.96 kB │ gzip:   0.47 kB
build/index.html                                             1.00 kB │ gzip:   0.53 kB
build/assets/svg/celltower.svg                               2.73 kB │ gzip:   1.41 kB
build/assets/svg/green-plain.svg                             3.30 kB │ gzip:   1.25 kB
build/assets/svg/pointer.svg                                 3.36 kB │ gzip:   1.27 kB
build/assets/svg/pointer-green.svg                           4.26 kB │ gzip:   1.56 kB
build/assets/svg/pointer-grey.svg                            4.26 kB │ gzip:   1.56 kB
build/assets/svg/markerA.svg                                 4.71 kB │ gzip:   1.66 kB
build/assets/woff2/roboto-vietnamese-400-normal.woff2        5.56 kB
build/assets/svg/markerB.svg                                 5.70 kB │ gzip:   2.12 kB
build/assets/woff2/roboto-greek-400-normal.woff2             7.11 kB
build/assets/svg/Radio-Indoor-Icon.svg                       7.43 kB │ gzip:   1.99 kB
build/assets/woff2/roboto-cyrillic-400-normal.woff2          9.63 kB
build/assets/woff2/roboto-latin-ext-400-normal.woff2        11.87 kB
build/assets/woff2/roboto-cyrillic-ext-400-normal.woff2     15.34 kB
build/assets/woff2/roboto-latin-400-normal.woff2            15.74 kB
build/assets/woff/roboto-all-400-normal.woff                65.46 kB
build/assets/css/EdgesPanel.css                              0.06 kB │ gzip:   0.08 kB
build/assets/css/RadiosPanelNew.css                          0.22 kB │ gzip:   0.17 kB
build/assets/css/SubscribersPanel.css                        0.22 kB │ gzip:   0.16 kB
build/assets/css/Diagnostics.css                             0.29 kB │ gzip:   0.21 kB
build/assets/css/Calibrate.css                               0.64 kB │ gzip:   0.40 kB
build/assets/css/ReactTable.css                              1.32 kB │ gzip:   0.56 kB
build/assets/css/index.css                                   1.77 kB │ gzip:   0.78 kB
build/assets/css/Dashboard.css                               4.02 kB │ gzip:   2.01 kB
build/assets/css/EditNotes.css                              17.96 kB │ gzip:   3.16 kB
build/chunks/QoS-service.d93d0ffd.js                         0.26 kB │ gzip:   0.22 kB │ map:     0.80 kB
build/chunks/LightTooltip.62a4bec1.js                        0.34 kB │ gzip:   0.28 kB │ map:     1.06 kB
build/chunks/ArrowForwardIosSharp.c21fd757.js                0.36 kB │ gzip:   0.29 kB │ map:     1.12 kB
build/chunks/hardwareInventory-service.4d8ae0ec.js           0.38 kB │ gzip:   0.30 kB │ map:     1.14 kB
build/chunks/RestartAlt.ec334eac.js                          0.38 kB │ gzip:   0.30 kB │ map:     0.71 kB
build/chunks/NotImplemented.42a08f07.js                      0.55 kB │ gzip:   0.40 kB │ map:     1.39 kB
build/chunks/AccordianSummary.c8137336.js                    0.63 kB │ gzip:   0.44 kB │ map:     1.72 kB
build/chunks/Card.3a3d38d4.js                                0.63 kB │ gzip:   0.43 kB │ map:     4.60 kB
build/chunks/useInterval.128ad922.js                         0.71 kB │ gzip:   0.41 kB │ map:     3.67 kB
build/chunks/TimeDateInput.8c7c9fb9.js                       0.88 kB │ gzip:   0.50 kB │ map:     3.03 kB
build/chunks/LineChart.dbe1ab01.js                           1.05 kB │ gzip:   0.66 kB │ map:     3.88 kB
build/chunks/TabPanel.320e6a4a.js                            1.14 kB │ gzip:   0.63 kB │ map:     4.33 kB
build/chunks/ModalDialogComponent.008b47c8.js                1.28 kB │ gzip:   0.71 kB │ map:     4.53 kB
build/chunks/index.7c714a0c.js                               1.98 kB │ gzip:   0.66 kB │ map:     5.83 kB
build/chunks/HealthGauge.77c27606.js                         2.37 kB │ gzip:   1.29 kB │ map:     8.47 kB
build/chunks/useSupport.4f5c5ca4.js                          2.45 kB │ gzip:   1.08 kB │ map:    10.12 kB
build/chunks/Checkbox.9bfc35ba.js                            2.46 kB │ gzip:   1.16 kB │ map:    13.67 kB
build/chunks/radioHelper.55118895.js                         2.58 kB │ gzip:   1.17 kB │ map:     8.50 kB
build/chunks/AuditLog.0ae963b9.js                            3.68 kB │ gzip:   1.56 kB │ map:    14.03 kB
build/chunks/SlideUpTransition.b2e85ea8.js                   4.03 kB │ gzip:   1.61 kB │ map:    19.76 kB
build/chunks/index.f37a0985.js                               4.14 kB │ gzip:   1.48 kB │ map:    13.64 kB
build/chunks/Logs.45d8ee35.js                                4.78 kB │ gzip:   2.11 kB │ map:    20.71 kB
build/chunks/AccordionSummary.e5eca933.js                    5.73 kB │ gzip:   1.97 kB │ map:    27.76 kB
build/chunks/ContextMenu.5c05624c.js                         6.23 kB │ gzip:   2.03 kB │ map:    22.48 kB
build/chunks/useStyles.fad68631.js                           6.39 kB │ gzip:   2.38 kB │ map:    26.35 kB
build/chunks/web-vitals.dfcc5b9a.js                          6.98 kB │ gzip:   2.58 kB │ map:    16.56 kB
build/chunks/TablePagination.d76fb52d.js                     8.27 kB │ gzip:   3.16 kB │ map:    42.12 kB
build/chunks/DnnPanel.5cbcf6f2.js                            9.64 kB │ gzip:   3.65 kB │ map:    37.84 kB
build/chunks/GMap.acf15c01.js                               16.54 kB │ gzip:   5.28 kB │ map:    51.13 kB
build/chunks/Diagnostics.88d617f2.js                        23.48 kB │ gzip:   7.48 kB │ map:    89.38 kB
build/chunks/index.98f24f64.js                              41.18 kB │ gzip:  10.56 kB │ map:   154.16 kB
build/chunks/AuditLogDetails.6212e173.js                    41.88 kB │ gzip:  13.90 kB │ map:   315.56 kB
build/chunks/RadioForm.0b329511.js                          52.34 kB │ gzip:  14.59 kB │ map:   222.41 kB
build/chunks/System.d8a7d19b.js                             67.07 kB │ gzip:  15.51 kB │ map:   253.53 kB
build/chunks/Calibrate.6e0e90da.js                          71.72 kB │ gzip:  23.80 kB │ map:   251.10 kB
build/chunks/ReactTable.7fd48ce2.js                         88.75 kB │ gzip:  27.05 kB │ map:   276.62 kB
build/chunks/Dashboard.b3fdac8e.js                          90.61 kB │ gzip:  21.83 kB │ map:   520.67 kB
build/chunks/EdgesPanel.66289284.js                        135.18 kB │ gzip:  33.09 kB │ map:   493.95 kB
build/chunks/RadiosPanelNew.9757c8aa.js                    150.43 kB │ gzip:  39.54 kB │ map:   580.76 kB
build/chunks/SubscribersPanel.c8a87b2c.js                  164.33 kB │ gzip:  53.24 kB │ map:   581.26 kB
build/chunks/DataGrid.e987df1c.js                          279.90 kB │ gzip:  84.66 kB │ map: 1,352.07 kB
build/chunks/highcharts.5b2e1ac5.js                        296.73 kB │ gzip: 106.33 kB │ map:   694.32 kB
build/chunks/EditNotes.d078d344.js                         488.40 kB │ gzip: 132.29 kB │ map: 1,671.77 kB
build/js/index.43165685.js                               2,139.91 kB │ gzip: 474.87 kB │ map: 5,435.11 kB

(!) Some chunks are larger than 1000 kBs after minification. Consider:
- Using dynamic import() to code-split the application
- Use build.rollupOptions.output.manualChunks to improve chunking: https://rollupjs.org/configuration-options/#output-manualchunks
- Adjust chunk size limit for this warning via build.chunkSizeWarningLimit.
✓ built in 2m 42s
Done in 165.04s.
Compilation done...
Complete at Fri Jun 30 07:32:51 AM EDT 2023
\n ************************************************** \n
Compiling at Fri Jun 30 10:30:00 AM EDT 2023
Pulling latest changes from Git...
From https://github.com/Highway9-Networks/h9-saas
   83a84d4dd..e02d3b053  main                   -> origin/main
   4615b25d6..af66e1156  feature/airspan        -> origin/feature/airspan
 * [new branch]          nidhi/RadioCount       -> origin/nidhi/RadioCount
   ae5cf11a9..a9b08176c  private/abhagwat       -> origin/private/abhagwat
   b7aaabdae..a0eedd256  private/akshay-airspan -> origin/private/akshay-airspan
 * [new branch]          private/mdighe/golint-new -> origin/private/mdighe/golint-new
 * [new branch]          private/mdighe/mocn-event-fix -> origin/private/mdighe/mocn-event-fix
Updating 83a84d4dd..e02d3b053
Fast-forward
 .github/workflows/golangci-lint.yaml               |  4 +++-
 common/nginx/firstboot.sh                          |  6 ++++--
 .../services/networkService/networkService.go      | 22 ++++++++++++++--------
 orch/orch-ui/src/components/LabelEx.jsx            |  2 +-
 .../subscribers/deviceGroups/useDeviceToolbar.tsx  | 17 ++++++++++-------
 5 files changed, 32 insertions(+), 19 deletions(-)
Compiling the orch UI code...
Deleting build...
Folder build deleted.
Folder A is unchanged.
yarn
yarn install v1.22.19
[1/4] Resolving packages...
success Already up-to-date.
Done in 0.78s.
yarn run build
yarn run v1.22.19
$ vite build
vite v4.3.9 building for production...
[plugin:vite-plugin-eslint] LintOnStart is turned on, and it will check for all matching files.
transforming...
✓ 13594 modules transformed.
rendering chunks...
computing gzip size...
build/assets/svg/pin.svg                                     0.85 kB │ gzip:   0.44 kB
build/assets/svg/current.svg                                 0.96 kB │ gzip:   0.47 kB
build/index.html                                             1.00 kB │ gzip:   0.53 kB
build/assets/svg/celltower.svg                               2.73 kB │ gzip:   1.41 kB
build/assets/svg/green-plain.svg                             3.30 kB │ gzip:   1.25 kB
build/assets/svg/pointer.svg                                 3.36 kB │ gzip:   1.27 kB
build/assets/svg/pointer-green.svg                           4.26 kB │ gzip:   1.56 kB
build/assets/svg/pointer-grey.svg                            4.26 kB │ gzip:   1.56 kB
build/assets/svg/markerA.svg                                 4.71 kB │ gzip:   1.66 kB
build/assets/woff2/roboto-vietnamese-400-normal.woff2        5.56 kB
build/assets/svg/markerB.svg                                 5.70 kB │ gzip:   2.12 kB
build/assets/woff2/roboto-greek-400-normal.woff2             7.11 kB
build/assets/svg/Radio-Indoor-Icon.svg                       7.43 kB │ gzip:   1.99 kB
build/assets/woff2/roboto-cyrillic-400-normal.woff2          9.63 kB
build/assets/woff2/roboto-latin-ext-400-normal.woff2        11.87 kB
build/assets/woff2/roboto-cyrillic-ext-400-normal.woff2     15.34 kB
build/assets/woff2/roboto-latin-400-normal.woff2            15.74 kB
build/assets/woff/roboto-all-400-normal.woff                65.46 kB
build/assets/css/EdgesPanel.css                              0.06 kB │ gzip:   0.08 kB
build/assets/css/RadiosPanelNew.css                          0.22 kB │ gzip:   0.17 kB
build/assets/css/SubscribersPanel.css                        0.22 kB │ gzip:   0.16 kB
build/assets/css/Diagnostics.css                             0.29 kB │ gzip:   0.21 kB
build/assets/css/Calibrate.css                               0.64 kB │ gzip:   0.40 kB
build/assets/css/ReactTable.css                              1.32 kB │ gzip:   0.56 kB
build/assets/css/index.css                                   1.77 kB │ gzip:   0.78 kB
build/assets/css/Dashboard.css                               4.02 kB │ gzip:   2.01 kB
build/assets/css/EditNotes.css                              17.96 kB │ gzip:   3.16 kB
build/chunks/QoS-service.51c1cb03.js                         0.26 kB │ gzip:   0.21 kB │ map:     0.80 kB
build/chunks/LightTooltip.4ee75b64.js                        0.34 kB │ gzip:   0.28 kB │ map:     1.06 kB
build/chunks/ArrowForwardIosSharp.c9d13332.js                0.36 kB │ gzip:   0.29 kB │ map:     1.12 kB
build/chunks/hardwareInventory-service.aba96f94.js           0.38 kB │ gzip:   0.30 kB │ map:     1.14 kB
build/chunks/RestartAlt.af15c48c.js                          0.38 kB │ gzip:   0.30 kB │ map:     0.71 kB
build/chunks/NotImplemented.0da2da78.js                      0.55 kB │ gzip:   0.40 kB │ map:     1.39 kB
build/chunks/AccordianSummary.7f6aa4a2.js                    0.63 kB │ gzip:   0.44 kB │ map:     1.72 kB
build/chunks/Card.ee3f33f1.js                                0.63 kB │ gzip:   0.43 kB │ map:     4.60 kB
build/chunks/useInterval.d975d72d.js                         0.71 kB │ gzip:   0.41 kB │ map:     3.67 kB
build/chunks/TimeDateInput.19b2ed14.js                       0.88 kB │ gzip:   0.50 kB │ map:     3.03 kB
build/chunks/LineChart.f7101549.js                           1.05 kB │ gzip:   0.66 kB │ map:     3.88 kB
build/chunks/TabPanel.75c0b687.js                            1.14 kB │ gzip:   0.63 kB │ map:     4.33 kB
build/chunks/ModalDialogComponent.843352ed.js                1.28 kB │ gzip:   0.71 kB │ map:     4.53 kB
build/chunks/index.f1353b67.js                               1.98 kB │ gzip:   0.66 kB │ map:     5.83 kB
build/chunks/HealthGauge.8e0a8804.js                         2.37 kB │ gzip:   1.29 kB │ map:     8.47 kB
build/chunks/useSupport.3f92aa3d.js                          2.45 kB │ gzip:   1.08 kB │ map:    10.12 kB
build/chunks/Checkbox.0d4211f3.js                            2.46 kB │ gzip:   1.16 kB │ map:    13.67 kB
build/chunks/radioHelper.1dae9335.js                         2.58 kB │ gzip:   1.17 kB │ map:     8.50 kB
build/chunks/AuditLog.681c0401.js                            3.68 kB │ gzip:   1.56 kB │ map:    14.03 kB
build/chunks/SlideUpTransition.7783f595.js                   4.03 kB │ gzip:   1.61 kB │ map:    19.76 kB
build/chunks/index.e2842d0e.js                               4.14 kB │ gzip:   1.49 kB │ map:    13.64 kB
build/chunks/Logs.85508292.js                                4.78 kB │ gzip:   2.11 kB │ map:    20.71 kB
build/chunks/AccordionSummary.cbf0db56.js                    5.73 kB │ gzip:   1.97 kB │ map:    27.76 kB
build/chunks/ContextMenu.0172809c.js                         6.23 kB │ gzip:   2.03 kB │ map:    22.48 kB
build/chunks/useStyles.4ca1a87c.js                           6.39 kB │ gzip:   2.38 kB │ map:    26.35 kB
build/chunks/web-vitals.dfcc5b9a.js                          6.98 kB │ gzip:   2.58 kB │ map:    16.56 kB
build/chunks/TablePagination.da52bd86.js                     8.27 kB │ gzip:   3.16 kB │ map:    42.12 kB
build/chunks/DnnPanel.8d121621.js                            9.64 kB │ gzip:   3.65 kB │ map:    37.84 kB
build/chunks/GMap.adfdaf47.js                               16.54 kB │ gzip:   5.29 kB │ map:    51.13 kB
build/chunks/Diagnostics.ec48bce4.js                        23.48 kB │ gzip:   7.48 kB │ map:    89.38 kB
build/chunks/index.d9a6c990.js                              41.18 kB │ gzip:  10.56 kB │ map:   154.16 kB
build/chunks/AuditLogDetails.1a105c7c.js                    41.88 kB │ gzip:  13.90 kB │ map:   315.56 kB
build/chunks/RadioForm.c342e28a.js                          52.34 kB │ gzip:  14.59 kB │ map:   222.41 kB
build/chunks/System.ed3e9a17.js                             67.07 kB │ gzip:  15.51 kB │ map:   253.53 kB
build/chunks/Calibrate.c85ab593.js                          71.72 kB │ gzip:  23.80 kB │ map:   251.10 kB
build/chunks/ReactTable.4e486335.js                         88.75 kB │ gzip:  27.05 kB │ map:   276.62 kB
build/chunks/Dashboard.a01c0163.js                          90.61 kB │ gzip:  21.83 kB │ map:   520.67 kB
build/chunks/EdgesPanel.e7a3af15.js                        135.18 kB │ gzip:  33.09 kB │ map:   493.95 kB
build/chunks/RadiosPanelNew.72af8c13.js                    150.43 kB │ gzip:  39.54 kB │ map:   580.76 kB
build/chunks/SubscribersPanel.e0917b0f.js                  164.36 kB │ gzip:  53.25 kB │ map:   581.74 kB
build/chunks/DataGrid.97bed8b6.js                          279.90 kB │ gzip:  84.65 kB │ map: 1,352.07 kB
build/chunks/highcharts.b0c1ead6.js                        296.73 kB │ gzip: 106.33 kB │ map:   694.32 kB
build/chunks/EditNotes.42130eea.js                         488.40 kB │ gzip: 132.29 kB │ map: 1,671.77 kB
build/js/index.81451e3c.js                               2,139.91 kB │ gzip: 474.87 kB │ map: 5,435.11 kB

(!) Some chunks are larger than 1000 kBs after minification. Consider:
- Using dynamic import() to code-split the application
- Use build.rollupOptions.output.manualChunks to improve chunking: https://rollupjs.org/configuration-options/#output-manualchunks
- Adjust chunk size limit for this warning via build.chunkSizeWarningLimit.
✓ built in 2m 48s
Done in 170.66s.
Compilation done...
Complete at Fri Jun 30 10:32:54 AM EDT 2023
\n ************************************************** \n
Compiling at Sat Jul  1 02:30:01 AM EDT 2023
Pulling latest changes from Git...
From https://github.com/Highway9-Networks/h9-saas
   e02d3b053..a88182aa3  main                   -> origin/main
   46fa37930..a88182aa3  balaji/mmeretry        -> origin/balaji/mmeretry
   af66e1156..c0dd03ad1  feature/airspan        -> origin/feature/airspan
   d71c7d103..68c5e2390  feature/ushiva_cgw     -> origin/feature/ushiva_cgw
   2f0467b9b..28a78500c  imran-automation       -> origin/imran-automation
   a0eedd256..d91c9da71  private/akshay-airspan -> origin/private/akshay-airspan
   6ba31acdb..90e08f53f  private/ankita/airspan-ztp -> origin/private/ankita/airspan-ztp
 * [new branch]          private/girish/1june   -> origin/private/girish/1june
   e02d3b053..0c5dc66de  private/mdighe/mocn-event-fix -> origin/private/mdighe/mocn-event-fix
   35806cdfd..301fa3141  xpJain/change2         -> origin/xpJain/change2
Updating e02d3b053..a88182aa3
Fast-forward
 orch/orch-api/apihandler/EventsRestHandler.go      |  10 +-
 orch/orch-common/events/events.go                  |   8 +-
 orch/orch-ui/src/styles/flexStyles.css             |   4 +
 .../subscribers/graphs/TimelineGraphHelper.ts      |   2 +
 .../subscribers/graphs/timeline/TimelineEvents.tsx | 133 +++++++++++++++------
 .../views/subscribers/graphs/timeline/timeline.css |   4 -
 6 files changed, 117 insertions(+), 44 deletions(-)
Compiling the orch UI code...
Deleting build...
Folder build deleted.
Folder A is unchanged.
yarn
yarn install v1.22.19
[1/4] Resolving packages...
success Already up-to-date.
Done in 1.02s.
yarn run build
yarn run v1.22.19
$ vite build
vite v4.3.9 building for production...
[plugin:vite-plugin-eslint] LintOnStart is turned on, and it will check for all matching files.
transforming...
✓ 13594 modules transformed.
rendering chunks...
computing gzip size...
build/assets/svg/pin.svg                                     0.85 kB │ gzip:   0.44 kB
build/assets/svg/current.svg                                 0.96 kB │ gzip:   0.47 kB
build/index.html                                             1.00 kB │ gzip:   0.53 kB
build/assets/svg/celltower.svg                               2.73 kB │ gzip:   1.41 kB
build/assets/svg/green-plain.svg                             3.30 kB │ gzip:   1.25 kB
build/assets/svg/pointer.svg                                 3.36 kB │ gzip:   1.27 kB
build/assets/svg/pointer-green.svg                           4.26 kB │ gzip:   1.56 kB
build/assets/svg/pointer-grey.svg                            4.26 kB │ gzip:   1.56 kB
build/assets/svg/markerA.svg                                 4.71 kB │ gzip:   1.66 kB
build/assets/woff2/roboto-vietnamese-400-normal.woff2        5.56 kB
build/assets/svg/markerB.svg                                 5.70 kB │ gzip:   2.12 kB
build/assets/woff2/roboto-greek-400-normal.woff2             7.11 kB
build/assets/svg/Radio-Indoor-Icon.svg                       7.43 kB │ gzip:   1.99 kB
build/assets/woff2/roboto-cyrillic-400-normal.woff2          9.63 kB
build/assets/woff2/roboto-latin-ext-400-normal.woff2        11.87 kB
build/assets/woff2/roboto-cyrillic-ext-400-normal.woff2     15.34 kB
build/assets/woff2/roboto-latin-400-normal.woff2            15.74 kB
build/assets/woff/roboto-all-400-normal.woff                65.46 kB
build/assets/css/EdgesPanel.css                              0.06 kB │ gzip:   0.08 kB
build/assets/css/SubscribersPanel.css                        0.18 kB │ gzip:   0.14 kB
build/assets/css/RadiosPanelNew.css                          0.22 kB │ gzip:   0.17 kB
build/assets/css/Diagnostics.css                             0.29 kB │ gzip:   0.21 kB
build/assets/css/Calibrate.css                               0.64 kB │ gzip:   0.40 kB
build/assets/css/ReactTable.css                              1.32 kB │ gzip:   0.56 kB
build/assets/css/index.css                                   1.78 kB │ gzip:   0.78 kB
build/assets/css/Dashboard.css                               4.02 kB │ gzip:   2.01 kB
build/assets/css/EditNotes.css                              17.96 kB │ gzip:   3.16 kB
build/chunks/QoS-service.23d385ca.js                         0.26 kB │ gzip:   0.22 kB │ map:     0.80 kB
build/chunks/LightTooltip.c19fb85d.js                        0.34 kB │ gzip:   0.28 kB │ map:     1.06 kB
build/chunks/ArrowForwardIosSharp.f6436d61.js                0.36 kB │ gzip:   0.29 kB │ map:     1.12 kB
build/chunks/hardwareInventory-service.20c7bc9e.js           0.38 kB │ gzip:   0.30 kB │ map:     1.14 kB
build/chunks/RestartAlt.025d0dc4.js                          0.38 kB │ gzip:   0.30 kB │ map:     0.71 kB
build/chunks/NotImplemented.302626ec.js                      0.55 kB │ gzip:   0.40 kB │ map:     1.39 kB
build/chunks/AccordianSummary.566b27d3.js                    0.63 kB │ gzip:   0.44 kB │ map:     1.72 kB
build/chunks/Card.6333f6cb.js                                0.63 kB │ gzip:   0.43 kB │ map:     4.60 kB
build/chunks/useInterval.2fbba235.js                         0.71 kB │ gzip:   0.41 kB │ map:     3.67 kB
build/chunks/TimeDateInput.af822369.js                       0.88 kB │ gzip:   0.50 kB │ map:     3.03 kB
build/chunks/LineChart.4aea8b27.js                           1.05 kB │ gzip:   0.66 kB │ map:     3.88 kB
build/chunks/TabPanel.3f03944f.js                            1.14 kB │ gzip:   0.63 kB │ map:     4.33 kB
build/chunks/ModalDialogComponent.0a12f3f7.js                1.28 kB │ gzip:   0.71 kB │ map:     4.53 kB
build/chunks/index.a370e15a.js                               1.98 kB │ gzip:   0.66 kB │ map:     5.83 kB
build/chunks/HealthGauge.7ffa3e9c.js                         2.37 kB │ gzip:   1.29 kB │ map:     8.47 kB
build/chunks/useSupport.2f33b5a9.js                          2.45 kB │ gzip:   1.08 kB │ map:    10.12 kB
build/chunks/Checkbox.4543eeb2.js                            2.46 kB │ gzip:   1.16 kB │ map:    13.67 kB
build/chunks/radioHelper.e04b0d38.js                         2.58 kB │ gzip:   1.17 kB │ map:     8.50 kB
build/chunks/AuditLog.71e55a9b.js                            3.68 kB │ gzip:   1.56 kB │ map:    14.03 kB
build/chunks/SlideUpTransition.add923f3.js                   4.03 kB │ gzip:   1.61 kB │ map:    19.76 kB
build/chunks/index.2e218bb4.js                               4.14 kB │ gzip:   1.48 kB │ map:    13.64 kB
build/chunks/Logs.71ccc497.js                                4.78 kB │ gzip:   2.11 kB │ map:    20.71 kB
build/chunks/AccordionSummary.14d865b6.js                    5.73 kB │ gzip:   1.97 kB │ map:    27.76 kB
build/chunks/ContextMenu.e590fd47.js                         6.23 kB │ gzip:   2.03 kB │ map:    22.48 kB
build/chunks/useStyles.007bc9a3.js                           6.39 kB │ gzip:   2.38 kB │ map:    26.35 kB
build/chunks/web-vitals.dfcc5b9a.js                          6.98 kB │ gzip:   2.58 kB │ map:    16.56 kB
build/chunks/TablePagination.2abae112.js                     8.27 kB │ gzip:   3.16 kB │ map:    42.12 kB
build/chunks/DnnPanel.472356b3.js                            9.64 kB │ gzip:   3.65 kB │ map:    37.84 kB
build/chunks/GMap.edd5ee70.js                               16.54 kB │ gzip:   5.28 kB │ map:    51.13 kB
build/chunks/Diagnostics.4b86e9e5.js                        23.48 kB │ gzip:   7.48 kB │ map:    89.38 kB
build/chunks/index.4f718bc9.js                              41.18 kB │ gzip:  10.56 kB │ map:   154.16 kB
build/chunks/AuditLogDetails.8475f2d9.js                    41.88 kB │ gzip:  13.90 kB │ map:   315.56 kB
build/chunks/RadioForm.8951c737.js                          52.34 kB │ gzip:  14.59 kB │ map:   222.41 kB
build/chunks/System.2d8b23b4.js                             67.07 kB │ gzip:  15.51 kB │ map:   253.53 kB
build/chunks/Calibrate.79fca231.js                          71.72 kB │ gzip:  23.80 kB │ map:   251.10 kB
build/chunks/ReactTable.9725564d.js                         88.75 kB │ gzip:  27.05 kB │ map:   276.62 kB
build/chunks/Dashboard.68137f81.js                          90.61 kB │ gzip:  21.83 kB │ map:   520.67 kB
build/chunks/EdgesPanel.5ff9e7c4.js                        135.18 kB │ gzip:  33.10 kB │ map:   493.95 kB
build/chunks/RadiosPanelNew.5ef9aa13.js                    150.43 kB │ gzip:  39.54 kB │ map:   580.76 kB
build/chunks/SubscribersPanel.7302bf1d.js                  164.95 kB │ gzip:  53.47 kB │ map:   584.33 kB
build/chunks/DataGrid.b379bb46.js                          279.90 kB │ gzip:  84.65 kB │ map: 1,352.07 kB
build/chunks/highcharts.41fbbe20.js                        296.73 kB │ gzip: 106.33 kB │ map:   694.32 kB
build/chunks/EditNotes.0d979433.js                         488.40 kB │ gzip: 132.29 kB │ map: 1,671.77 kB
build/js/index.f1b64645.js                               2,139.86 kB │ gzip: 474.87 kB │ map: 5,435.11 kB

(!) Some chunks are larger than 1000 kBs after minification. Consider:
- Using dynamic import() to code-split the application
- Use build.rollupOptions.output.manualChunks to improve chunking: https://rollupjs.org/configuration-options/#output-manualchunks
- Adjust chunk size limit for this warning via build.chunkSizeWarningLimit.
✓ built in 6m 41s
Done in 405.44s.
Compilation done...
Complete at Sat Jul  1 02:37:00 AM EDT 2023
\n ************************************************** \n
Compiling at Sat Jul  1 07:30:00 AM EDT 2023
Pulling latest changes from Git...
Already up to date.
Compiling the orch UI code...
Deleting build...
Folder build deleted.
Folder A is unchanged.
yarn
yarn install v1.22.19
[1/4] Resolving packages...
success Already up-to-date.
Done in 1.17s.
yarn run build
yarn run v1.22.19
$ vite build
vite v4.3.9 building for production...
[plugin:vite-plugin-eslint] LintOnStart is turned on, and it will check for all matching files.
transforming...
✓ 13594 modules transformed.
rendering chunks...
computing gzip size...
build/assets/svg/pin.svg                                     0.85 kB │ gzip:   0.44 kB
build/assets/svg/current.svg                                 0.96 kB │ gzip:   0.47 kB
build/index.html                                             1.00 kB │ gzip:   0.53 kB
build/assets/svg/celltower.svg                               2.73 kB │ gzip:   1.41 kB
build/assets/svg/green-plain.svg                             3.30 kB │ gzip:   1.25 kB
build/assets/svg/pointer.svg                                 3.36 kB │ gzip:   1.27 kB
build/assets/svg/pointer-green.svg                           4.26 kB │ gzip:   1.56 kB
build/assets/svg/pointer-grey.svg                            4.26 kB │ gzip:   1.56 kB
build/assets/svg/markerA.svg                                 4.71 kB │ gzip:   1.66 kB
build/assets/woff2/roboto-vietnamese-400-normal.woff2        5.56 kB
build/assets/svg/markerB.svg                                 5.70 kB │ gzip:   2.12 kB
build/assets/woff2/roboto-greek-400-normal.woff2             7.11 kB
build/assets/svg/Radio-Indoor-Icon.svg                       7.43 kB │ gzip:   1.99 kB
build/assets/woff2/roboto-cyrillic-400-normal.woff2          9.63 kB
build/assets/woff2/roboto-latin-ext-400-normal.woff2        11.87 kB
build/assets/woff2/roboto-cyrillic-ext-400-normal.woff2     15.34 kB
build/assets/woff2/roboto-latin-400-normal.woff2            15.74 kB
build/assets/woff/roboto-all-400-normal.woff                65.46 kB
build/assets/css/EdgesPanel.css                              0.06 kB │ gzip:   0.08 kB
build/assets/css/SubscribersPanel.css                        0.18 kB │ gzip:   0.14 kB
build/assets/css/RadiosPanelNew.css                          0.22 kB │ gzip:   0.17 kB
build/assets/css/Diagnostics.css                             0.29 kB │ gzip:   0.21 kB
build/assets/css/Calibrate.css                               0.64 kB │ gzip:   0.40 kB
build/assets/css/ReactTable.css                              1.32 kB │ gzip:   0.56 kB
build/assets/css/index.css                                   1.78 kB │ gzip:   0.78 kB
build/assets/css/Dashboard.css                               4.02 kB │ gzip:   2.01 kB
build/assets/css/EditNotes.css                              17.96 kB │ gzip:   3.16 kB
build/chunks/QoS-service.23d385ca.js                         0.26 kB │ gzip:   0.22 kB │ map:     0.80 kB
build/chunks/LightTooltip.c19fb85d.js                        0.34 kB │ gzip:   0.28 kB │ map:     1.06 kB
build/chunks/ArrowForwardIosSharp.f6436d61.js                0.36 kB │ gzip:   0.29 kB │ map:     1.12 kB
build/chunks/hardwareInventory-service.20c7bc9e.js           0.38 kB │ gzip:   0.30 kB │ map:     1.14 kB
build/chunks/RestartAlt.025d0dc4.js                          0.38 kB │ gzip:   0.30 kB │ map:     0.71 kB
build/chunks/NotImplemented.302626ec.js                      0.55 kB │ gzip:   0.40 kB │ map:     1.39 kB
build/chunks/AccordianSummary.566b27d3.js                    0.63 kB │ gzip:   0.44 kB │ map:     1.72 kB
build/chunks/Card.6333f6cb.js                                0.63 kB │ gzip:   0.43 kB │ map:     4.60 kB
build/chunks/useInterval.2fbba235.js                         0.71 kB │ gzip:   0.41 kB │ map:     3.67 kB
build/chunks/TimeDateInput.af822369.js                       0.88 kB │ gzip:   0.50 kB │ map:     3.03 kB
build/chunks/LineChart.4aea8b27.js                           1.05 kB │ gzip:   0.66 kB │ map:     3.88 kB
build/chunks/TabPanel.3f03944f.js                            1.14 kB │ gzip:   0.63 kB │ map:     4.33 kB
build/chunks/ModalDialogComponent.0a12f3f7.js                1.28 kB │ gzip:   0.71 kB │ map:     4.53 kB
build/chunks/index.a370e15a.js                               1.98 kB │ gzip:   0.66 kB │ map:     5.83 kB
build/chunks/HealthGauge.7ffa3e9c.js                         2.37 kB │ gzip:   1.29 kB │ map:     8.47 kB
build/chunks/useSupport.2f33b5a9.js                          2.45 kB │ gzip:   1.08 kB │ map:    10.12 kB
build/chunks/Checkbox.4543eeb2.js                            2.46 kB │ gzip:   1.16 kB │ map:    13.67 kB
build/chunks/radioHelper.e04b0d38.js                         2.58 kB │ gzip:   1.17 kB │ map:     8.50 kB
build/chunks/AuditLog.71e55a9b.js                            3.68 kB │ gzip:   1.56 kB │ map:    14.03 kB
build/chunks/SlideUpTransition.add923f3.js                   4.03 kB │ gzip:   1.61 kB │ map:    19.76 kB
build/chunks/index.2e218bb4.js                               4.14 kB │ gzip:   1.48 kB │ map:    13.64 kB
build/chunks/Logs.71ccc497.js                                4.78 kB │ gzip:   2.11 kB │ map:    20.71 kB
build/chunks/AccordionSummary.14d865b6.js                    5.73 kB │ gzip:   1.97 kB │ map:    27.76 kB
build/chunks/ContextMenu.e590fd47.js                         6.23 kB │ gzip:   2.03 kB │ map:    22.48 kB
build/chunks/useStyles.007bc9a3.js                           6.39 kB │ gzip:   2.38 kB │ map:    26.35 kB
build/chunks/web-vitals.dfcc5b9a.js                          6.98 kB │ gzip:   2.58 kB │ map:    16.56 kB
build/chunks/TablePagination.2abae112.js                     8.27 kB │ gzip:   3.16 kB │ map:    42.12 kB
build/chunks/DnnPanel.472356b3.js                            9.64 kB │ gzip:   3.65 kB │ map:    37.84 kB
build/chunks/GMap.edd5ee70.js                               16.54 kB │ gzip:   5.28 kB │ map:    51.13 kB
build/chunks/Diagnostics.4b86e9e5.js                        23.48 kB │ gzip:   7.48 kB │ map:    89.38 kB
build/chunks/index.4f718bc9.js                              41.18 kB │ gzip:  10.56 kB │ map:   154.16 kB
build/chunks/AuditLogDetails.8475f2d9.js                    41.88 kB │ gzip:  13.90 kB │ map:   315.56 kB
build/chunks/RadioForm.8951c737.js                          52.34 kB │ gzip:  14.59 kB │ map:   222.41 kB
build/chunks/System.2d8b23b4.js                             67.07 kB │ gzip:  15.51 kB │ map:   253.53 kB
build/chunks/Calibrate.79fca231.js                          71.72 kB │ gzip:  23.80 kB │ map:   251.10 kB
build/chunks/ReactTable.9725564d.js                         88.75 kB │ gzip:  27.05 kB │ map:   276.62 kB
build/chunks/Dashboard.68137f81.js                          90.61 kB │ gzip:  21.83 kB │ map:   520.67 kB
build/chunks/EdgesPanel.5ff9e7c4.js                        135.18 kB │ gzip:  33.10 kB │ map:   493.95 kB
build/chunks/RadiosPanelNew.5ef9aa13.js                    150.43 kB │ gzip:  39.54 kB │ map:   580.76 kB
build/chunks/SubscribersPanel.7302bf1d.js                  164.95 kB │ gzip:  53.47 kB │ map:   584.33 kB
build/chunks/DataGrid.b379bb46.js                          279.90 kB │ gzip:  84.65 kB │ map: 1,352.07 kB
build/chunks/highcharts.41fbbe20.js                        296.73 kB │ gzip: 106.33 kB │ map:   694.32 kB
build/chunks/EditNotes.0d979433.js                         488.40 kB │ gzip: 132.29 kB │ map: 1,671.77 kB
build/js/index.f1b64645.js                               2,139.86 kB │ gzip: 474.87 kB │ map: 5,435.11 kB

(!) Some chunks are larger than 1000 kBs after minification. Consider:
- Using dynamic import() to code-split the application
- Use build.rollupOptions.output.manualChunks to improve chunking: https://rollupjs.org/configuration-options/#output-manualchunks
- Adjust chunk size limit for this warning via build.chunkSizeWarningLimit.
✓ built in 2m 48s
Done in 170.00s.
Compilation done...
Complete at Sat Jul  1 07:32:54 AM EDT 2023
\n ************************************************** \n
Compiling at Sat Jul  1 10:30:00 AM EDT 2023
Pulling latest changes from Git...
From https://github.com/Highway9-Networks/h9-saas
   d91c9da71..e2fa7b5d4  private/akshay-airspan -> origin/private/akshay-airspan
Already up to date.
Compiling the orch UI code...
Deleting build...
Folder build deleted.
Folder A is unchanged.
yarn
yarn install v1.22.19
[1/4] Resolving packages...
success Already up-to-date.
Done in 0.83s.
yarn run build
yarn run v1.22.19
$ vite build
vite v4.3.9 building for production...
[plugin:vite-plugin-eslint] LintOnStart is turned on, and it will check for all matching files.
transforming...
✓ 13594 modules transformed.
rendering chunks...
computing gzip size...
build/assets/svg/pin.svg                                     0.85 kB │ gzip:   0.44 kB
build/assets/svg/current.svg                                 0.96 kB │ gzip:   0.47 kB
build/index.html                                             1.00 kB │ gzip:   0.53 kB
build/assets/svg/celltower.svg                               2.73 kB │ gzip:   1.41 kB
build/assets/svg/green-plain.svg                             3.30 kB │ gzip:   1.25 kB
build/assets/svg/pointer.svg                                 3.36 kB │ gzip:   1.27 kB
build/assets/svg/pointer-green.svg                           4.26 kB │ gzip:   1.56 kB
build/assets/svg/pointer-grey.svg                            4.26 kB │ gzip:   1.56 kB
build/assets/svg/markerA.svg                                 4.71 kB │ gzip:   1.66 kB
build/assets/woff2/roboto-vietnamese-400-normal.woff2        5.56 kB
build/assets/svg/markerB.svg                                 5.70 kB │ gzip:   2.12 kB
build/assets/woff2/roboto-greek-400-normal.woff2             7.11 kB
build/assets/svg/Radio-Indoor-Icon.svg                       7.43 kB │ gzip:   1.99 kB
build/assets/woff2/roboto-cyrillic-400-normal.woff2          9.63 kB
build/assets/woff2/roboto-latin-ext-400-normal.woff2        11.87 kB
build/assets/woff2/roboto-cyrillic-ext-400-normal.woff2     15.34 kB
build/assets/woff2/roboto-latin-400-normal.woff2            15.74 kB
build/assets/woff/roboto-all-400-normal.woff                65.46 kB
build/assets/css/EdgesPanel.css                              0.06 kB │ gzip:   0.08 kB
build/assets/css/SubscribersPanel.css                        0.18 kB │ gzip:   0.14 kB
build/assets/css/RadiosPanelNew.css                          0.22 kB │ gzip:   0.17 kB
build/assets/css/Diagnostics.css                             0.29 kB │ gzip:   0.21 kB
build/assets/css/Calibrate.css                               0.64 kB │ gzip:   0.40 kB
build/assets/css/ReactTable.css                              1.32 kB │ gzip:   0.56 kB
build/assets/css/index.css                                   1.78 kB │ gzip:   0.78 kB
build/assets/css/Dashboard.css                               4.02 kB │ gzip:   2.01 kB
build/assets/css/EditNotes.css                              17.96 kB │ gzip:   3.16 kB
build/chunks/QoS-service.23d385ca.js                         0.26 kB │ gzip:   0.22 kB │ map:     0.80 kB
build/chunks/LightTooltip.c19fb85d.js                        0.34 kB │ gzip:   0.28 kB │ map:     1.06 kB
build/chunks/ArrowForwardIosSharp.f6436d61.js                0.36 kB │ gzip:   0.29 kB │ map:     1.12 kB
build/chunks/hardwareInventory-service.20c7bc9e.js           0.38 kB │ gzip:   0.30 kB │ map:     1.14 kB
build/chunks/RestartAlt.025d0dc4.js                          0.38 kB │ gzip:   0.30 kB │ map:     0.71 kB
build/chunks/NotImplemented.302626ec.js                      0.55 kB │ gzip:   0.40 kB │ map:     1.39 kB
build/chunks/AccordianSummary.566b27d3.js                    0.63 kB │ gzip:   0.44 kB │ map:     1.72 kB
build/chunks/Card.6333f6cb.js                                0.63 kB │ gzip:   0.43 kB │ map:     4.60 kB
build/chunks/useInterval.2fbba235.js                         0.71 kB │ gzip:   0.41 kB │ map:     3.67 kB
build/chunks/TimeDateInput.af822369.js                       0.88 kB │ gzip:   0.50 kB │ map:     3.03 kB
build/chunks/LineChart.4aea8b27.js                           1.05 kB │ gzip:   0.66 kB │ map:     3.88 kB
build/chunks/TabPanel.3f03944f.js                            1.14 kB │ gzip:   0.63 kB │ map:     4.33 kB
build/chunks/ModalDialogComponent.0a12f3f7.js                1.28 kB │ gzip:   0.71 kB │ map:     4.53 kB
build/chunks/index.a370e15a.js                               1.98 kB │ gzip:   0.66 kB │ map:     5.83 kB
build/chunks/HealthGauge.7ffa3e9c.js                         2.37 kB │ gzip:   1.29 kB │ map:     8.47 kB
build/chunks/useSupport.2f33b5a9.js                          2.45 kB │ gzip:   1.08 kB │ map:    10.12 kB
build/chunks/Checkbox.4543eeb2.js                            2.46 kB │ gzip:   1.16 kB │ map:    13.67 kB
build/chunks/radioHelper.e04b0d38.js                         2.58 kB │ gzip:   1.17 kB │ map:     8.50 kB
build/chunks/AuditLog.71e55a9b.js                            3.68 kB │ gzip:   1.56 kB │ map:    14.03 kB
build/chunks/SlideUpTransition.add923f3.js                   4.03 kB │ gzip:   1.61 kB │ map:    19.76 kB
build/chunks/index.2e218bb4.js                               4.14 kB │ gzip:   1.48 kB │ map:    13.64 kB
build/chunks/Logs.71ccc497.js                                4.78 kB │ gzip:   2.11 kB │ map:    20.71 kB
build/chunks/AccordionSummary.14d865b6.js                    5.73 kB │ gzip:   1.97 kB │ map:    27.76 kB
build/chunks/ContextMenu.e590fd47.js                         6.23 kB │ gzip:   2.03 kB │ map:    22.48 kB
build/chunks/useStyles.007bc9a3.js                           6.39 kB │ gzip:   2.38 kB │ map:    26.35 kB
build/chunks/web-vitals.dfcc5b9a.js                          6.98 kB │ gzip:   2.58 kB │ map:    16.56 kB
build/chunks/TablePagination.2abae112.js                     8.27 kB │ gzip:   3.16 kB │ map:    42.12 kB
build/chunks/DnnPanel.472356b3.js                            9.64 kB │ gzip:   3.65 kB │ map:    37.84 kB
build/chunks/GMap.edd5ee70.js                               16.54 kB │ gzip:   5.28 kB │ map:    51.13 kB
build/chunks/Diagnostics.4b86e9e5.js                        23.48 kB │ gzip:   7.48 kB │ map:    89.38 kB
build/chunks/index.4f718bc9.js                              41.18 kB │ gzip:  10.56 kB │ map:   154.16 kB
build/chunks/AuditLogDetails.8475f2d9.js                    41.88 kB │ gzip:  13.90 kB │ map:   315.56 kB
build/chunks/RadioForm.8951c737.js                          52.34 kB │ gzip:  14.59 kB │ map:   222.41 kB
build/chunks/System.2d8b23b4.js                             67.07 kB │ gzip:  15.51 kB │ map:   253.53 kB
build/chunks/Calibrate.79fca231.js                          71.72 kB │ gzip:  23.80 kB │ map:   251.10 kB
build/chunks/ReactTable.9725564d.js                         88.75 kB │ gzip:  27.05 kB │ map:   276.62 kB
build/chunks/Dashboard.68137f81.js                          90.61 kB │ gzip:  21.83 kB │ map:   520.67 kB
build/chunks/EdgesPanel.5ff9e7c4.js                        135.18 kB │ gzip:  33.10 kB │ map:   493.95 kB
build/chunks/RadiosPanelNew.5ef9aa13.js                    150.43 kB │ gzip:  39.54 kB │ map:   580.76 kB
build/chunks/SubscribersPanel.7302bf1d.js                  164.95 kB │ gzip:  53.47 kB │ map:   584.33 kB
build/chunks/DataGrid.b379bb46.js                          279.90 kB │ gzip:  84.65 kB │ map: 1,352.07 kB
build/chunks/highcharts.41fbbe20.js                        296.73 kB │ gzip: 106.33 kB │ map:   694.32 kB
build/chunks/EditNotes.0d979433.js                         488.40 kB │ gzip: 132.29 kB │ map: 1,671.77 kB
build/js/index.f1b64645.js                               2,139.86 kB │ gzip: 474.87 kB │ map: 5,435.11 kB

(!) Some chunks are larger than 1000 kBs after minification. Consider:
- Using dynamic import() to code-split the application
- Use build.rollupOptions.output.manualChunks to improve chunking: https://rollupjs.org/configuration-options/#output-manualchunks
- Adjust chunk size limit for this warning via build.chunkSizeWarningLimit.
✓ built in 2m 41s
Done in 163.83s.
Compilation done...
Complete at Sat Jul  1 10:32:47 AM EDT 2023
\n ************************************************** \n
Compiling at Sun Jul  2 02:30:01 AM EDT 2023
Pulling latest changes from Git...
From https://github.com/Highway9-Networks/h9-saas
   28a78500c..c0f1b3c0e  imran-automation -> origin/imran-automation
Already up to date.
Compiling the orch UI code...
Deleting build...
Folder build deleted.
Folder A is unchanged.
yarn
yarn install v1.22.19
[1/4] Resolving packages...
success Already up-to-date.
Done in 0.79s.
yarn run build
yarn run v1.22.19
$ vite build
vite v4.3.9 building for production...
[plugin:vite-plugin-eslint] LintOnStart is turned on, and it will check for all matching files.
transforming...
✓ 13594 modules transformed.
rendering chunks...
computing gzip size...
build/assets/svg/pin.svg                                     0.85 kB │ gzip:   0.44 kB
build/assets/svg/current.svg                                 0.96 kB │ gzip:   0.47 kB
build/index.html                                             1.00 kB │ gzip:   0.53 kB
build/assets/svg/celltower.svg                               2.73 kB │ gzip:   1.41 kB
build/assets/svg/green-plain.svg                             3.30 kB │ gzip:   1.25 kB
build/assets/svg/pointer.svg                                 3.36 kB │ gzip:   1.27 kB
build/assets/svg/pointer-green.svg                           4.26 kB │ gzip:   1.56 kB
build/assets/svg/pointer-grey.svg                            4.26 kB │ gzip:   1.56 kB
build/assets/svg/markerA.svg                                 4.71 kB │ gzip:   1.66 kB
build/assets/woff2/roboto-vietnamese-400-normal.woff2        5.56 kB
build/assets/svg/markerB.svg                                 5.70 kB │ gzip:   2.12 kB
build/assets/woff2/roboto-greek-400-normal.woff2             7.11 kB
build/assets/svg/Radio-Indoor-Icon.svg                       7.43 kB │ gzip:   1.99 kB
build/assets/woff2/roboto-cyrillic-400-normal.woff2          9.63 kB
build/assets/woff2/roboto-latin-ext-400-normal.woff2        11.87 kB
build/assets/woff2/roboto-cyrillic-ext-400-normal.woff2     15.34 kB
build/assets/woff2/roboto-latin-400-normal.woff2            15.74 kB
build/assets/woff/roboto-all-400-normal.woff                65.46 kB
build/assets/css/EdgesPanel.css                              0.06 kB │ gzip:   0.08 kB
build/assets/css/SubscribersPanel.css                        0.18 kB │ gzip:   0.14 kB
build/assets/css/RadiosPanelNew.css                          0.22 kB │ gzip:   0.17 kB
build/assets/css/Diagnostics.css                             0.29 kB │ gzip:   0.21 kB
build/assets/css/Calibrate.css                               0.64 kB │ gzip:   0.40 kB
build/assets/css/ReactTable.css                              1.32 kB │ gzip:   0.56 kB
build/assets/css/index.css                                   1.78 kB │ gzip:   0.78 kB
build/assets/css/Dashboard.css                               4.02 kB │ gzip:   2.01 kB
build/assets/css/EditNotes.css                              17.96 kB │ gzip:   3.16 kB
build/chunks/QoS-service.23d385ca.js                         0.26 kB │ gzip:   0.22 kB │ map:     0.80 kB
build/chunks/LightTooltip.c19fb85d.js                        0.34 kB │ gzip:   0.28 kB │ map:     1.06 kB
build/chunks/ArrowForwardIosSharp.f6436d61.js                0.36 kB │ gzip:   0.29 kB │ map:     1.12 kB
build/chunks/hardwareInventory-service.20c7bc9e.js           0.38 kB │ gzip:   0.30 kB │ map:     1.14 kB
build/chunks/RestartAlt.025d0dc4.js                          0.38 kB │ gzip:   0.30 kB │ map:     0.71 kB
build/chunks/NotImplemented.302626ec.js                      0.55 kB │ gzip:   0.40 kB │ map:     1.39 kB
build/chunks/AccordianSummary.566b27d3.js                    0.63 kB │ gzip:   0.44 kB │ map:     1.72 kB
build/chunks/Card.6333f6cb.js                                0.63 kB │ gzip:   0.43 kB │ map:     4.60 kB
build/chunks/useInterval.2fbba235.js                         0.71 kB │ gzip:   0.41 kB │ map:     3.67 kB
build/chunks/TimeDateInput.af822369.js                       0.88 kB │ gzip:   0.50 kB │ map:     3.03 kB
build/chunks/LineChart.4aea8b27.js                           1.05 kB │ gzip:   0.66 kB │ map:     3.88 kB
build/chunks/TabPanel.3f03944f.js                            1.14 kB │ gzip:   0.63 kB │ map:     4.33 kB
build/chunks/ModalDialogComponent.0a12f3f7.js                1.28 kB │ gzip:   0.71 kB │ map:     4.53 kB
build/chunks/index.a370e15a.js                               1.98 kB │ gzip:   0.66 kB │ map:     5.83 kB
build/chunks/HealthGauge.7ffa3e9c.js                         2.37 kB │ gzip:   1.29 kB │ map:     8.47 kB
build/chunks/useSupport.2f33b5a9.js                          2.45 kB │ gzip:   1.08 kB │ map:    10.12 kB
build/chunks/Checkbox.4543eeb2.js                            2.46 kB │ gzip:   1.16 kB │ map:    13.67 kB
build/chunks/radioHelper.e04b0d38.js                         2.58 kB │ gzip:   1.17 kB │ map:     8.50 kB
build/chunks/AuditLog.71e55a9b.js                            3.68 kB │ gzip:   1.56 kB │ map:    14.03 kB
build/chunks/SlideUpTransition.add923f3.js                   4.03 kB │ gzip:   1.61 kB │ map:    19.76 kB
build/chunks/index.2e218bb4.js                               4.14 kB │ gzip:   1.48 kB │ map:    13.64 kB
build/chunks/Logs.71ccc497.js                                4.78 kB │ gzip:   2.11 kB │ map:    20.71 kB
build/chunks/AccordionSummary.14d865b6.js                    5.73 kB │ gzip:   1.97 kB │ map:    27.76 kB
build/chunks/ContextMenu.e590fd47.js                         6.23 kB │ gzip:   2.03 kB │ map:    22.48 kB
build/chunks/useStyles.007bc9a3.js                           6.39 kB │ gzip:   2.38 kB │ map:    26.35 kB
build/chunks/web-vitals.dfcc5b9a.js                          6.98 kB │ gzip:   2.58 kB │ map:    16.56 kB
build/chunks/TablePagination.2abae112.js                     8.27 kB │ gzip:   3.16 kB │ map:    42.12 kB
build/chunks/DnnPanel.472356b3.js                            9.64 kB │ gzip:   3.65 kB │ map:    37.84 kB
build/chunks/GMap.edd5ee70.js                               16.54 kB │ gzip:   5.28 kB │ map:    51.13 kB
build/chunks/Diagnostics.4b86e9e5.js                        23.48 kB │ gzip:   7.48 kB │ map:    89.38 kB
build/chunks/index.4f718bc9.js                              41.18 kB │ gzip:  10.56 kB │ map:   154.16 kB
build/chunks/AuditLogDetails.8475f2d9.js                    41.88 kB │ gzip:  13.90 kB │ map:   315.56 kB
build/chunks/RadioForm.8951c737.js                          52.34 kB │ gzip:  14.59 kB │ map:   222.41 kB
build/chunks/System.2d8b23b4.js                             67.07 kB │ gzip:  15.51 kB │ map:   253.53 kB
build/chunks/Calibrate.79fca231.js                          71.72 kB │ gzip:  23.80 kB │ map:   251.10 kB
build/chunks/ReactTable.9725564d.js                         88.75 kB │ gzip:  27.05 kB │ map:   276.62 kB
build/chunks/Dashboard.68137f81.js                          90.61 kB │ gzip:  21.83 kB │ map:   520.67 kB
build/chunks/EdgesPanel.5ff9e7c4.js                        135.18 kB │ gzip:  33.10 kB │ map:   493.95 kB
build/chunks/RadiosPanelNew.5ef9aa13.js                    150.43 kB │ gzip:  39.54 kB │ map:   580.76 kB
build/chunks/SubscribersPanel.7302bf1d.js                  164.95 kB │ gzip:  53.47 kB │ map:   584.33 kB
build/chunks/DataGrid.b379bb46.js                          279.90 kB │ gzip:  84.65 kB │ map: 1,352.07 kB
build/chunks/highcharts.41fbbe20.js                        296.73 kB │ gzip: 106.33 kB │ map:   694.32 kB
build/chunks/EditNotes.0d979433.js                         488.40 kB │ gzip: 132.29 kB │ map: 1,671.77 kB
build/js/index.f1b64645.js                               2,139.86 kB │ gzip: 474.87 kB │ map: 5,435.11 kB

(!) Some chunks are larger than 1000 kBs after minification. Consider:
- Using dynamic import() to code-split the application
- Use build.rollupOptions.output.manualChunks to improve chunking: https://rollupjs.org/configuration-options/#output-manualchunks
- Adjust chunk size limit for this warning via build.chunkSizeWarningLimit.
✓ built in 2m 40s
Done in 162.83s.
Compilation done...
Complete at Sun Jul  2 02:32:46 AM EDT 2023
\n ************************************************** \n
Compiling at Sun Jul  2 07:30:00 AM EDT 2023
Pulling latest changes from Git...
From https://github.com/Highway9-Networks/h9-saas
   c0f1b3c0e..f760d0ef7  imran-automation -> origin/imran-automation
Already up to date.
Compiling the orch UI code...
Deleting build...
Folder build deleted.
Folder A is unchanged.
yarn
yarn install v1.22.19
[1/4] Resolving packages...
success Already up-to-date.
Done in 0.76s.
yarn run build
yarn run v1.22.19
$ vite build
vite v4.3.9 building for production...
[plugin:vite-plugin-eslint] LintOnStart is turned on, and it will check for all matching files.
transforming...
✓ 13594 modules transformed.
rendering chunks...
computing gzip size...
build/assets/svg/pin.svg                                     0.85 kB │ gzip:   0.44 kB
build/assets/svg/current.svg                                 0.96 kB │ gzip:   0.47 kB
build/index.html                                             1.00 kB │ gzip:   0.53 kB
build/assets/svg/celltower.svg                               2.73 kB │ gzip:   1.41 kB
build/assets/svg/green-plain.svg                             3.30 kB │ gzip:   1.25 kB
build/assets/svg/pointer.svg                                 3.36 kB │ gzip:   1.27 kB
build/assets/svg/pointer-grey.svg                            4.26 kB │ gzip:   1.56 kB
build/assets/svg/pointer-green.svg                           4.26 kB │ gzip:   1.56 kB
build/assets/svg/markerA.svg                                 4.71 kB │ gzip:   1.66 kB
build/assets/woff2/roboto-vietnamese-400-normal.woff2        5.56 kB
build/assets/svg/markerB.svg                                 5.70 kB │ gzip:   2.12 kB
build/assets/woff2/roboto-greek-400-normal.woff2             7.11 kB
build/assets/svg/Radio-Indoor-Icon.svg                       7.43 kB │ gzip:   1.99 kB
build/assets/woff2/roboto-cyrillic-400-normal.woff2          9.63 kB
build/assets/woff2/roboto-latin-ext-400-normal.woff2        11.87 kB
build/assets/woff2/roboto-cyrillic-ext-400-normal.woff2     15.34 kB
build/assets/woff2/roboto-latin-400-normal.woff2            15.74 kB
build/assets/woff/roboto-all-400-normal.woff                65.46 kB
build/assets/css/EdgesPanel.css                              0.06 kB │ gzip:   0.08 kB
build/assets/css/SubscribersPanel.css                        0.18 kB │ gzip:   0.14 kB
build/assets/css/RadiosPanelNew.css                          0.22 kB │ gzip:   0.17 kB
build/assets/css/Diagnostics.css                             0.29 kB │ gzip:   0.21 kB
build/assets/css/Calibrate.css                               0.64 kB │ gzip:   0.40 kB
build/assets/css/ReactTable.css                              1.32 kB │ gzip:   0.56 kB
build/assets/css/index.css                                   1.78 kB │ gzip:   0.78 kB
build/assets/css/Dashboard.css                               4.02 kB │ gzip:   2.01 kB
build/assets/css/EditNotes.css                              17.96 kB │ gzip:   3.16 kB
build/chunks/QoS-service.23d385ca.js                         0.26 kB │ gzip:   0.22 kB │ map:     0.80 kB
build/chunks/LightTooltip.c19fb85d.js                        0.34 kB │ gzip:   0.28 kB │ map:     1.06 kB
build/chunks/ArrowForwardIosSharp.f6436d61.js                0.36 kB │ gzip:   0.29 kB │ map:     1.12 kB
build/chunks/hardwareInventory-service.20c7bc9e.js           0.38 kB │ gzip:   0.30 kB │ map:     1.14 kB
build/chunks/RestartAlt.025d0dc4.js                          0.38 kB │ gzip:   0.30 kB │ map:     0.71 kB
build/chunks/NotImplemented.302626ec.js                      0.55 kB │ gzip:   0.40 kB │ map:     1.39 kB
build/chunks/AccordianSummary.566b27d3.js                    0.63 kB │ gzip:   0.44 kB │ map:     1.72 kB
build/chunks/Card.6333f6cb.js                                0.63 kB │ gzip:   0.43 kB │ map:     4.60 kB
build/chunks/useInterval.2fbba235.js                         0.71 kB │ gzip:   0.41 kB │ map:     3.67 kB
build/chunks/TimeDateInput.af822369.js                       0.88 kB │ gzip:   0.50 kB │ map:     3.03 kB
build/chunks/LineChart.4aea8b27.js                           1.05 kB │ gzip:   0.66 kB │ map:     3.88 kB
build/chunks/TabPanel.3f03944f.js                            1.14 kB │ gzip:   0.63 kB │ map:     4.33 kB
build/chunks/ModalDialogComponent.0a12f3f7.js                1.28 kB │ gzip:   0.71 kB │ map:     4.53 kB
build/chunks/index.a370e15a.js                               1.98 kB │ gzip:   0.66 kB │ map:     5.83 kB
build/chunks/HealthGauge.7ffa3e9c.js                         2.37 kB │ gzip:   1.29 kB │ map:     8.47 kB
build/chunks/useSupport.2f33b5a9.js                          2.45 kB │ gzip:   1.08 kB │ map:    10.12 kB
build/chunks/Checkbox.4543eeb2.js                            2.46 kB │ gzip:   1.16 kB │ map:    13.67 kB
build/chunks/radioHelper.e04b0d38.js                         2.58 kB │ gzip:   1.17 kB │ map:     8.50 kB
build/chunks/AuditLog.71e55a9b.js                            3.68 kB │ gzip:   1.56 kB │ map:    14.03 kB
build/chunks/SlideUpTransition.add923f3.js                   4.03 kB │ gzip:   1.61 kB │ map:    19.76 kB
build/chunks/index.2e218bb4.js                               4.14 kB │ gzip:   1.48 kB │ map:    13.64 kB
build/chunks/Logs.71ccc497.js                                4.78 kB │ gzip:   2.11 kB │ map:    20.71 kB
build/chunks/AccordionSummary.14d865b6.js                    5.73 kB │ gzip:   1.97 kB │ map:    27.76 kB
build/chunks/ContextMenu.e590fd47.js                         6.23 kB │ gzip:   2.03 kB │ map:    22.48 kB
build/chunks/useStyles.007bc9a3.js                           6.39 kB │ gzip:   2.38 kB │ map:    26.35 kB
build/chunks/web-vitals.dfcc5b9a.js                          6.98 kB │ gzip:   2.58 kB │ map:    16.56 kB
build/chunks/TablePagination.2abae112.js                     8.27 kB │ gzip:   3.16 kB │ map:    42.12 kB
build/chunks/DnnPanel.472356b3.js                            9.64 kB │ gzip:   3.65 kB │ map:    37.84 kB
build/chunks/GMap.edd5ee70.js                               16.54 kB │ gzip:   5.28 kB │ map:    51.13 kB
build/chunks/Diagnostics.4b86e9e5.js                        23.48 kB │ gzip:   7.48 kB │ map:    89.38 kB
build/chunks/index.4f718bc9.js                              41.18 kB │ gzip:  10.56 kB │ map:   154.16 kB
build/chunks/AuditLogDetails.8475f2d9.js                    41.88 kB │ gzip:  13.90 kB │ map:   315.56 kB
build/chunks/RadioForm.8951c737.js                          52.34 kB │ gzip:  14.59 kB │ map:   222.41 kB
build/chunks/System.2d8b23b4.js                             67.07 kB │ gzip:  15.51 kB │ map:   253.53 kB
build/chunks/Calibrate.79fca231.js                          71.72 kB │ gzip:  23.80 kB │ map:   251.10 kB
build/chunks/ReactTable.9725564d.js                         88.75 kB │ gzip:  27.05 kB │ map:   276.62 kB
build/chunks/Dashboard.68137f81.js                          90.61 kB │ gzip:  21.83 kB │ map:   520.67 kB
build/chunks/EdgesPanel.5ff9e7c4.js                        135.18 kB │ gzip:  33.10 kB │ map:   493.95 kB
build/chunks/RadiosPanelNew.5ef9aa13.js                    150.43 kB │ gzip:  39.54 kB │ map:   580.76 kB
build/chunks/SubscribersPanel.7302bf1d.js                  164.95 kB │ gzip:  53.47 kB │ map:   584.33 kB
build/chunks/DataGrid.b379bb46.js                          279.90 kB │ gzip:  84.65 kB │ map: 1,352.07 kB
build/chunks/highcharts.41fbbe20.js                        296.73 kB │ gzip: 106.33 kB │ map:   694.32 kB
build/chunks/EditNotes.0d979433.js                         488.40 kB │ gzip: 132.29 kB │ map: 1,671.77 kB
build/js/index.f1b64645.js                               2,139.86 kB │ gzip: 474.87 kB │ map: 5,435.11 kB

(!) Some chunks are larger than 1000 kBs after minification. Consider:
- Using dynamic import() to code-split the application
- Use build.rollupOptions.output.manualChunks to improve chunking: https://rollupjs.org/configuration-options/#output-manualchunks
- Adjust chunk size limit for this warning via build.chunkSizeWarningLimit.
✓ built in 2m 46s
Done in 168.64s.
Compilation done...
Complete at Sun Jul  2 07:32:52 AM EDT 2023
\n ************************************************** \n
Compiling at Sun Jul  2 10:30:01 AM EDT 2023
Pulling latest changes from Git...
Already up to date.
Compiling the orch UI code...
Deleting build...
Folder build deleted.
Folder A is unchanged.
yarn
yarn install v1.22.19
[1/4] Resolving packages...
success Already up-to-date.
Done in 0.77s.
yarn run build
yarn run v1.22.19
$ vite build
vite v4.3.9 building for production...
[plugin:vite-plugin-eslint] LintOnStart is turned on, and it will check for all matching files.
transforming...
✓ 13594 modules transformed.
rendering chunks...
computing gzip size...
build/assets/svg/pin.svg                                     0.85 kB │ gzip:   0.44 kB
build/assets/svg/current.svg                                 0.96 kB │ gzip:   0.47 kB
build/index.html                                             1.00 kB │ gzip:   0.53 kB
build/assets/svg/celltower.svg                               2.73 kB │ gzip:   1.41 kB
build/assets/svg/green-plain.svg                             3.30 kB │ gzip:   1.25 kB
build/assets/svg/pointer.svg                                 3.36 kB │ gzip:   1.27 kB
build/assets/svg/pointer-green.svg                           4.26 kB │ gzip:   1.56 kB
build/assets/svg/pointer-grey.svg                            4.26 kB │ gzip:   1.56 kB
build/assets/svg/markerA.svg                                 4.71 kB │ gzip:   1.66 kB
build/assets/woff2/roboto-vietnamese-400-normal.woff2        5.56 kB
build/assets/svg/markerB.svg                                 5.70 kB │ gzip:   2.12 kB
build/assets/woff2/roboto-greek-400-normal.woff2             7.11 kB
build/assets/svg/Radio-Indoor-Icon.svg                       7.43 kB │ gzip:   1.99 kB
build/assets/woff2/roboto-cyrillic-400-normal.woff2          9.63 kB
build/assets/woff2/roboto-latin-ext-400-normal.woff2        11.87 kB
build/assets/woff2/roboto-cyrillic-ext-400-normal.woff2     15.34 kB
build/assets/woff2/roboto-latin-400-normal.woff2            15.74 kB
build/assets/woff/roboto-all-400-normal.woff                65.46 kB
build/assets/css/EdgesPanel.css                              0.06 kB │ gzip:   0.08 kB
build/assets/css/SubscribersPanel.css                        0.18 kB │ gzip:   0.14 kB
build/assets/css/RadiosPanelNew.css                          0.22 kB │ gzip:   0.17 kB
build/assets/css/Diagnostics.css                             0.29 kB │ gzip:   0.21 kB
build/assets/css/Calibrate.css                               0.64 kB │ gzip:   0.40 kB
build/assets/css/ReactTable.css                              1.32 kB │ gzip:   0.56 kB
build/assets/css/index.css                                   1.78 kB │ gzip:   0.78 kB
build/assets/css/Dashboard.css                               4.02 kB │ gzip:   2.01 kB
build/assets/css/EditNotes.css                              17.96 kB │ gzip:   3.16 kB
build/chunks/QoS-service.23d385ca.js                         0.26 kB │ gzip:   0.22 kB │ map:     0.80 kB
build/chunks/LightTooltip.c19fb85d.js                        0.34 kB │ gzip:   0.28 kB │ map:     1.06 kB
build/chunks/ArrowForwardIosSharp.f6436d61.js                0.36 kB │ gzip:   0.29 kB │ map:     1.12 kB
build/chunks/hardwareInventory-service.20c7bc9e.js           0.38 kB │ gzip:   0.30 kB │ map:     1.14 kB
build/chunks/RestartAlt.025d0dc4.js                          0.38 kB │ gzip:   0.30 kB │ map:     0.71 kB
build/chunks/NotImplemented.302626ec.js                      0.55 kB │ gzip:   0.40 kB │ map:     1.39 kB
build/chunks/AccordianSummary.566b27d3.js                    0.63 kB │ gzip:   0.44 kB │ map:     1.72 kB
build/chunks/Card.6333f6cb.js                                0.63 kB │ gzip:   0.43 kB │ map:     4.60 kB
build/chunks/useInterval.2fbba235.js                         0.71 kB │ gzip:   0.41 kB │ map:     3.67 kB
build/chunks/TimeDateInput.af822369.js                       0.88 kB │ gzip:   0.50 kB │ map:     3.03 kB
build/chunks/LineChart.4aea8b27.js                           1.05 kB │ gzip:   0.66 kB │ map:     3.88 kB
build/chunks/TabPanel.3f03944f.js                            1.14 kB │ gzip:   0.63 kB │ map:     4.33 kB
build/chunks/ModalDialogComponent.0a12f3f7.js                1.28 kB │ gzip:   0.71 kB │ map:     4.53 kB
build/chunks/index.a370e15a.js                               1.98 kB │ gzip:   0.66 kB │ map:     5.83 kB
build/chunks/HealthGauge.7ffa3e9c.js                         2.37 kB │ gzip:   1.29 kB │ map:     8.47 kB
build/chunks/useSupport.2f33b5a9.js                          2.45 kB │ gzip:   1.08 kB │ map:    10.12 kB
build/chunks/Checkbox.4543eeb2.js                            2.46 kB │ gzip:   1.16 kB │ map:    13.67 kB
build/chunks/radioHelper.e04b0d38.js                         2.58 kB │ gzip:   1.17 kB │ map:     8.50 kB
build/chunks/AuditLog.71e55a9b.js                            3.68 kB │ gzip:   1.56 kB │ map:    14.03 kB
build/chunks/SlideUpTransition.add923f3.js                   4.03 kB │ gzip:   1.61 kB │ map:    19.76 kB
build/chunks/index.2e218bb4.js                               4.14 kB │ gzip:   1.48 kB │ map:    13.64 kB
build/chunks/Logs.71ccc497.js                                4.78 kB │ gzip:   2.11 kB │ map:    20.71 kB
build/chunks/AccordionSummary.14d865b6.js                    5.73 kB │ gzip:   1.97 kB │ map:    27.76 kB
build/chunks/ContextMenu.e590fd47.js                         6.23 kB │ gzip:   2.03 kB │ map:    22.48 kB
build/chunks/useStyles.007bc9a3.js                           6.39 kB │ gzip:   2.38 kB │ map:    26.35 kB
build/chunks/web-vitals.dfcc5b9a.js                          6.98 kB │ gzip:   2.58 kB │ map:    16.56 kB
build/chunks/TablePagination.2abae112.js                     8.27 kB │ gzip:   3.16 kB │ map:    42.12 kB
build/chunks/DnnPanel.472356b3.js                            9.64 kB │ gzip:   3.65 kB │ map:    37.84 kB
build/chunks/GMap.edd5ee70.js                               16.54 kB │ gzip:   5.28 kB │ map:    51.13 kB
build/chunks/Diagnostics.4b86e9e5.js                        23.48 kB │ gzip:   7.48 kB │ map:    89.38 kB
build/chunks/index.4f718bc9.js                              41.18 kB │ gzip:  10.56 kB │ map:   154.16 kB
build/chunks/AuditLogDetails.8475f2d9.js                    41.88 kB │ gzip:  13.90 kB │ map:   315.56 kB
build/chunks/RadioForm.8951c737.js                          52.34 kB │ gzip:  14.59 kB │ map:   222.41 kB
build/chunks/System.2d8b23b4.js                             67.07 kB │ gzip:  15.51 kB │ map:   253.53 kB
build/chunks/Calibrate.79fca231.js                          71.72 kB │ gzip:  23.80 kB │ map:   251.10 kB
build/chunks/ReactTable.9725564d.js                         88.75 kB │ gzip:  27.05 kB │ map:   276.62 kB
build/chunks/Dashboard.68137f81.js                          90.61 kB │ gzip:  21.83 kB │ map:   520.67 kB
build/chunks/EdgesPanel.5ff9e7c4.js                        135.18 kB │ gzip:  33.10 kB │ map:   493.95 kB
build/chunks/RadiosPanelNew.5ef9aa13.js                    150.43 kB │ gzip:  39.54 kB │ map:   580.76 kB
build/chunks/SubscribersPanel.7302bf1d.js                  164.95 kB │ gzip:  53.47 kB │ map:   584.33 kB
build/chunks/DataGrid.b379bb46.js                          279.90 kB │ gzip:  84.65 kB │ map: 1,352.07 kB
build/chunks/highcharts.41fbbe20.js                        296.73 kB │ gzip: 106.33 kB │ map:   694.32 kB
build/chunks/EditNotes.0d979433.js                         488.40 kB │ gzip: 132.29 kB │ map: 1,671.77 kB
build/js/index.f1b64645.js                               2,139.86 kB │ gzip: 474.87 kB │ map: 5,435.11 kB

(!) Some chunks are larger than 1000 kBs after minification. Consider:
- Using dynamic import() to code-split the application
- Use build.rollupOptions.output.manualChunks to improve chunking: https://rollupjs.org/configuration-options/#output-manualchunks
- Adjust chunk size limit for this warning via build.chunkSizeWarningLimit.
✓ built in 2m 43s
Done in 165.27s.
Compilation done...
Complete at Sun Jul  2 10:32:49 AM EDT 2023
\n ************************************************** \n
Compiling at Mon Jul  3 02:30:00 AM EDT 2023
Pulling latest changes from Git...
From https://github.com/Highway9-Networks/h9-saas
   c0dd03ad1..fa934a009  feature/airspan        -> origin/feature/airspan
   f760d0ef7..d187ab405  imran-automation       -> origin/imran-automation
   e2fa7b5d4..565471929  private/akshay-airspan -> origin/private/akshay-airspan
 * [new branch]          private/akshay-airspan-1 -> origin/private/akshay-airspan-1
   83a84d4dd..f690f707c  vikram_mem             -> origin/vikram_mem
Already up to date.
Compiling the orch UI code...
Deleting build...
Folder build deleted.
Folder A is unchanged.
yarn
yarn install v1.22.19
[1/4] Resolving packages...
success Already up-to-date.
Done in 0.76s.
yarn run build
yarn run v1.22.19
$ vite build
vite v4.3.9 building for production...
[plugin:vite-plugin-eslint] LintOnStart is turned on, and it will check for all matching files.
transforming...
✓ 13594 modules transformed.
rendering chunks...
computing gzip size...
build/assets/svg/pin.svg                                     0.85 kB │ gzip:   0.44 kB
build/assets/svg/current.svg                                 0.96 kB │ gzip:   0.47 kB
build/index.html                                             1.00 kB │ gzip:   0.53 kB
build/assets/svg/celltower.svg                               2.73 kB │ gzip:   1.41 kB
build/assets/svg/green-plain.svg                             3.30 kB │ gzip:   1.25 kB
build/assets/svg/pointer.svg                                 3.36 kB │ gzip:   1.27 kB
build/assets/svg/pointer-green.svg                           4.26 kB │ gzip:   1.56 kB
build/assets/svg/pointer-grey.svg                            4.26 kB │ gzip:   1.56 kB
build/assets/svg/markerA.svg                                 4.71 kB │ gzip:   1.66 kB
build/assets/woff2/roboto-vietnamese-400-normal.woff2        5.56 kB
build/assets/svg/markerB.svg                                 5.70 kB │ gzip:   2.12 kB
build/assets/woff2/roboto-greek-400-normal.woff2             7.11 kB
build/assets/svg/Radio-Indoor-Icon.svg                       7.43 kB │ gzip:   1.99 kB
build/assets/woff2/roboto-cyrillic-400-normal.woff2          9.63 kB
build/assets/woff2/roboto-latin-ext-400-normal.woff2        11.87 kB
build/assets/woff2/roboto-cyrillic-ext-400-normal.woff2     15.34 kB
build/assets/woff2/roboto-latin-400-normal.woff2            15.74 kB
build/assets/woff/roboto-all-400-normal.woff                65.46 kB
build/assets/css/EdgesPanel.css                              0.06 kB │ gzip:   0.08 kB
build/assets/css/SubscribersPanel.css                        0.18 kB │ gzip:   0.14 kB
build/assets/css/RadiosPanelNew.css                          0.22 kB │ gzip:   0.17 kB
build/assets/css/Diagnostics.css                             0.29 kB │ gzip:   0.21 kB
build/assets/css/Calibrate.css                               0.64 kB │ gzip:   0.40 kB
build/assets/css/ReactTable.css                              1.32 kB │ gzip:   0.56 kB
build/assets/css/index.css                                   1.78 kB │ gzip:   0.78 kB
build/assets/css/Dashboard.css                               4.02 kB │ gzip:   2.01 kB
build/assets/css/EditNotes.css                              17.96 kB │ gzip:   3.16 kB
build/chunks/QoS-service.23d385ca.js                         0.26 kB │ gzip:   0.22 kB │ map:     0.80 kB
build/chunks/LightTooltip.c19fb85d.js                        0.34 kB │ gzip:   0.28 kB │ map:     1.06 kB
build/chunks/ArrowForwardIosSharp.f6436d61.js                0.36 kB │ gzip:   0.29 kB │ map:     1.12 kB
build/chunks/hardwareInventory-service.20c7bc9e.js           0.38 kB │ gzip:   0.30 kB │ map:     1.14 kB
build/chunks/RestartAlt.025d0dc4.js                          0.38 kB │ gzip:   0.30 kB │ map:     0.71 kB
build/chunks/NotImplemented.302626ec.js                      0.55 kB │ gzip:   0.40 kB │ map:     1.39 kB
build/chunks/AccordianSummary.566b27d3.js                    0.63 kB │ gzip:   0.44 kB │ map:     1.72 kB
build/chunks/Card.6333f6cb.js                                0.63 kB │ gzip:   0.43 kB │ map:     4.60 kB
build/chunks/useInterval.2fbba235.js                         0.71 kB │ gzip:   0.41 kB │ map:     3.67 kB
build/chunks/TimeDateInput.af822369.js                       0.88 kB │ gzip:   0.50 kB │ map:     3.03 kB
build/chunks/LineChart.4aea8b27.js                           1.05 kB │ gzip:   0.66 kB │ map:     3.88 kB
build/chunks/TabPanel.3f03944f.js                            1.14 kB │ gzip:   0.63 kB │ map:     4.33 kB
build/chunks/ModalDialogComponent.0a12f3f7.js                1.28 kB │ gzip:   0.71 kB │ map:     4.53 kB
build/chunks/index.a370e15a.js                               1.98 kB │ gzip:   0.66 kB │ map:     5.83 kB
build/chunks/HealthGauge.7ffa3e9c.js                         2.37 kB │ gzip:   1.29 kB │ map:     8.47 kB
build/chunks/useSupport.2f33b5a9.js                          2.45 kB │ gzip:   1.08 kB │ map:    10.12 kB
build/chunks/Checkbox.4543eeb2.js                            2.46 kB │ gzip:   1.16 kB │ map:    13.67 kB
build/chunks/radioHelper.e04b0d38.js                         2.58 kB │ gzip:   1.17 kB │ map:     8.50 kB
build/chunks/AuditLog.71e55a9b.js                            3.68 kB │ gzip:   1.56 kB │ map:    14.03 kB
build/chunks/SlideUpTransition.add923f3.js                   4.03 kB │ gzip:   1.61 kB │ map:    19.76 kB
build/chunks/index.2e218bb4.js                               4.14 kB │ gzip:   1.48 kB │ map:    13.64 kB
build/chunks/Logs.71ccc497.js                                4.78 kB │ gzip:   2.11 kB │ map:    20.71 kB
build/chunks/AccordionSummary.14d865b6.js                    5.73 kB │ gzip:   1.97 kB │ map:    27.76 kB
build/chunks/ContextMenu.e590fd47.js                         6.23 kB │ gzip:   2.03 kB │ map:    22.48 kB
build/chunks/useStyles.007bc9a3.js                           6.39 kB │ gzip:   2.38 kB │ map:    26.35 kB
build/chunks/web-vitals.dfcc5b9a.js                          6.98 kB │ gzip:   2.58 kB │ map:    16.56 kB
build/chunks/TablePagination.2abae112.js                     8.27 kB │ gzip:   3.16 kB │ map:    42.12 kB
build/chunks/DnnPanel.472356b3.js                            9.64 kB │ gzip:   3.65 kB │ map:    37.84 kB
build/chunks/GMap.edd5ee70.js                               16.54 kB │ gzip:   5.28 kB │ map:    51.13 kB
build/chunks/Diagnostics.4b86e9e5.js                        23.48 kB │ gzip:   7.48 kB │ map:    89.38 kB
build/chunks/index.4f718bc9.js                              41.18 kB │ gzip:  10.56 kB │ map:   154.16 kB
build/chunks/AuditLogDetails.8475f2d9.js                    41.88 kB │ gzip:  13.90 kB │ map:   315.56 kB
build/chunks/RadioForm.8951c737.js                          52.34 kB │ gzip:  14.59 kB │ map:   222.41 kB
build/chunks/System.2d8b23b4.js                             67.07 kB │ gzip:  15.51 kB │ map:   253.53 kB
build/chunks/Calibrate.79fca231.js                          71.72 kB │ gzip:  23.80 kB │ map:   251.10 kB
build/chunks/ReactTable.9725564d.js                         88.75 kB │ gzip:  27.05 kB │ map:   276.62 kB
build/chunks/Dashboard.68137f81.js                          90.61 kB │ gzip:  21.83 kB │ map:   520.67 kB
build/chunks/EdgesPanel.5ff9e7c4.js                        135.18 kB │ gzip:  33.10 kB │ map:   493.95 kB
build/chunks/RadiosPanelNew.5ef9aa13.js                    150.43 kB │ gzip:  39.54 kB │ map:   580.76 kB
build/chunks/SubscribersPanel.7302bf1d.js                  164.95 kB │ gzip:  53.47 kB │ map:   584.33 kB
build/chunks/DataGrid.b379bb46.js                          279.90 kB │ gzip:  84.65 kB │ map: 1,352.07 kB
build/chunks/highcharts.41fbbe20.js                        296.73 kB │ gzip: 106.33 kB │ map:   694.32 kB
build/chunks/EditNotes.0d979433.js                         488.40 kB │ gzip: 132.29 kB │ map: 1,671.77 kB
build/js/index.f1b64645.js                               2,139.86 kB │ gzip: 474.87 kB │ map: 5,435.11 kB

(!) Some chunks are larger than 1000 kBs after minification. Consider:
- Using dynamic import() to code-split the application
- Use build.rollupOptions.output.manualChunks to improve chunking: https://rollupjs.org/configuration-options/#output-manualchunks
- Adjust chunk size limit for this warning via build.chunkSizeWarningLimit.
✓ built in 2m 35s
Done in 158.00s.
Compilation done...
Complete at Mon Jul  3 02:32:41 AM EDT 2023
\n ************************************************** \n
Compiling at Mon Jul  3 07:30:00 AM EDT 2023
Pulling latest changes from Git...
From https://github.com/Highway9-Networks/h9-saas
   a88182aa3..8e8d58e7a  main                   -> origin/main
   a88182aa3..816062c60  balaji/mmeretry        -> origin/balaji/mmeretry
   fa934a009..86d7f0a1a  feature/airspan        -> origin/feature/airspan
   a9b08176c..e6ac6b0d1  private/abhagwat       -> origin/private/abhagwat
   ca458c14f..a4514c7f8  private/abhagwat-release -> origin/private/abhagwat-release
   565471929..4a2d041ac  private/akshay-airspan -> origin/private/akshay-airspan
   051be30d5..51b53b769  private/akshay-airspan-1 -> origin/private/akshay-airspan-1
 * [new branch]          private/dileep/airspan -> origin/private/dileep/airspan
 * [new branch]          private/omc-v10.1.5-support-fix -> origin/private/omc-v10.1.5-support-fix
   f690f707c..b5c6f1c2d  vikram_mem             -> origin/vikram_mem
   ef3d71f0d..b291b38ee  xpJain/radioGraphs     -> origin/xpJain/radioGraphs
Updating a88182aa3..8e8d58e7a
Fast-forward
 common/adapters/baicells/baicells.go | 21 ++++++++++++++++++--
 common/go.mod                        |  5 ++++-
 common/utils/AesEncrypt.go           | 38 ++++++++++++++++++++++++++++++++++++
 3 files changed, 61 insertions(+), 3 deletions(-)
 create mode 100644 common/utils/AesEncrypt.go
Compiling the orch UI code...
Deleting build...
Folder build deleted.
Folder A is unchanged.
yarn
yarn install v1.22.19
[1/4] Resolving packages...
success Already up-to-date.
Done in 0.87s.
yarn run build
yarn run v1.22.19
$ vite build
vite v4.3.9 building for production...
[plugin:vite-plugin-eslint] LintOnStart is turned on, and it will check for all matching files.
transforming...
✓ 13594 modules transformed.
rendering chunks...
computing gzip size...
build/assets/svg/pin.svg                                     0.85 kB │ gzip:   0.44 kB
build/assets/svg/current.svg                                 0.96 kB │ gzip:   0.47 kB
build/index.html                                             1.00 kB │ gzip:   0.53 kB
build/assets/svg/celltower.svg                               2.73 kB │ gzip:   1.41 kB
build/assets/svg/green-plain.svg                             3.30 kB │ gzip:   1.25 kB
build/assets/svg/pointer.svg                                 3.36 kB │ gzip:   1.27 kB
build/assets/svg/pointer-green.svg                           4.26 kB │ gzip:   1.56 kB
build/assets/svg/pointer-grey.svg                            4.26 kB │ gzip:   1.56 kB
build/assets/svg/markerA.svg                                 4.71 kB │ gzip:   1.66 kB
build/assets/woff2/roboto-vietnamese-400-normal.woff2        5.56 kB
build/assets/svg/markerB.svg                                 5.70 kB │ gzip:   2.12 kB
build/assets/woff2/roboto-greek-400-normal.woff2             7.11 kB
build/assets/svg/Radio-Indoor-Icon.svg                       7.43 kB │ gzip:   1.99 kB
build/assets/woff2/roboto-cyrillic-400-normal.woff2          9.63 kB
build/assets/woff2/roboto-latin-ext-400-normal.woff2        11.87 kB
build/assets/woff2/roboto-cyrillic-ext-400-normal.woff2     15.34 kB
build/assets/woff2/roboto-latin-400-normal.woff2            15.74 kB
build/assets/woff/roboto-all-400-normal.woff                65.46 kB
build/assets/css/EdgesPanel.css                              0.06 kB │ gzip:   0.08 kB
build/assets/css/SubscribersPanel.css                        0.18 kB │ gzip:   0.14 kB
build/assets/css/RadiosPanelNew.css                          0.22 kB │ gzip:   0.17 kB
build/assets/css/Diagnostics.css                             0.29 kB │ gzip:   0.21 kB
build/assets/css/Calibrate.css                               0.64 kB │ gzip:   0.40 kB
build/assets/css/ReactTable.css                              1.32 kB │ gzip:   0.56 kB
build/assets/css/index.css                                   1.78 kB │ gzip:   0.78 kB
build/assets/css/Dashboard.css                               4.02 kB │ gzip:   2.01 kB
build/assets/css/EditNotes.css                              17.96 kB │ gzip:   3.16 kB
build/chunks/QoS-service.23d385ca.js                         0.26 kB │ gzip:   0.22 kB │ map:     0.80 kB
build/chunks/LightTooltip.c19fb85d.js                        0.34 kB │ gzip:   0.28 kB │ map:     1.06 kB
build/chunks/ArrowForwardIosSharp.f6436d61.js                0.36 kB │ gzip:   0.29 kB │ map:     1.12 kB
build/chunks/hardwareInventory-service.20c7bc9e.js           0.38 kB │ gzip:   0.30 kB │ map:     1.14 kB
build/chunks/RestartAlt.025d0dc4.js                          0.38 kB │ gzip:   0.30 kB │ map:     0.71 kB
build/chunks/NotImplemented.302626ec.js                      0.55 kB │ gzip:   0.40 kB │ map:     1.39 kB
build/chunks/AccordianSummary.566b27d3.js                    0.63 kB │ gzip:   0.44 kB │ map:     1.72 kB
build/chunks/Card.6333f6cb.js                                0.63 kB │ gzip:   0.43 kB │ map:     4.60 kB
build/chunks/useInterval.2fbba235.js                         0.71 kB │ gzip:   0.41 kB │ map:     3.67 kB
build/chunks/TimeDateInput.af822369.js                       0.88 kB │ gzip:   0.50 kB │ map:     3.03 kB
build/chunks/LineChart.4aea8b27.js                           1.05 kB │ gzip:   0.66 kB │ map:     3.88 kB
build/chunks/TabPanel.3f03944f.js                            1.14 kB │ gzip:   0.63 kB │ map:     4.33 kB
build/chunks/ModalDialogComponent.0a12f3f7.js                1.28 kB │ gzip:   0.71 kB │ map:     4.53 kB
build/chunks/index.a370e15a.js                               1.98 kB │ gzip:   0.66 kB │ map:     5.83 kB
build/chunks/HealthGauge.7ffa3e9c.js                         2.37 kB │ gzip:   1.29 kB │ map:     8.47 kB
build/chunks/useSupport.2f33b5a9.js                          2.45 kB │ gzip:   1.08 kB │ map:    10.12 kB
build/chunks/Checkbox.4543eeb2.js                            2.46 kB │ gzip:   1.16 kB │ map:    13.67 kB
build/chunks/radioHelper.e04b0d38.js                         2.58 kB │ gzip:   1.17 kB │ map:     8.50 kB
build/chunks/AuditLog.71e55a9b.js                            3.68 kB │ gzip:   1.56 kB │ map:    14.03 kB
build/chunks/SlideUpTransition.add923f3.js                   4.03 kB │ gzip:   1.61 kB │ map:    19.76 kB
build/chunks/index.2e218bb4.js                               4.14 kB │ gzip:   1.48 kB │ map:    13.64 kB
build/chunks/Logs.71ccc497.js                                4.78 kB │ gzip:   2.11 kB │ map:    20.71 kB
build/chunks/AccordionSummary.14d865b6.js                    5.73 kB │ gzip:   1.97 kB │ map:    27.76 kB
build/chunks/ContextMenu.e590fd47.js                         6.23 kB │ gzip:   2.03 kB │ map:    22.48 kB
build/chunks/useStyles.007bc9a3.js                           6.39 kB │ gzip:   2.38 kB │ map:    26.35 kB
build/chunks/web-vitals.dfcc5b9a.js                          6.98 kB │ gzip:   2.58 kB │ map:    16.56 kB
build/chunks/TablePagination.2abae112.js                     8.27 kB │ gzip:   3.16 kB │ map:    42.12 kB
build/chunks/DnnPanel.472356b3.js                            9.64 kB │ gzip:   3.65 kB │ map:    37.84 kB
build/chunks/GMap.edd5ee70.js                               16.54 kB │ gzip:   5.28 kB │ map:    51.13 kB
build/chunks/Diagnostics.4b86e9e5.js                        23.48 kB │ gzip:   7.48 kB │ map:    89.38 kB
build/chunks/index.4f718bc9.js                              41.18 kB │ gzip:  10.56 kB │ map:   154.16 kB
build/chunks/AuditLogDetails.8475f2d9.js                    41.88 kB │ gzip:  13.90 kB │ map:   315.56 kB
build/chunks/RadioForm.8951c737.js                          52.34 kB │ gzip:  14.59 kB │ map:   222.41 kB
build/chunks/System.2d8b23b4.js                             67.07 kB │ gzip:  15.51 kB │ map:   253.53 kB
build/chunks/Calibrate.79fca231.js                          71.72 kB │ gzip:  23.80 kB │ map:   251.10 kB
build/chunks/ReactTable.9725564d.js                         88.75 kB │ gzip:  27.05 kB │ map:   276.62 kB
build/chunks/Dashboard.68137f81.js                          90.61 kB │ gzip:  21.83 kB │ map:   520.67 kB
build/chunks/EdgesPanel.5ff9e7c4.js                        135.18 kB │ gzip:  33.10 kB │ map:   493.95 kB
build/chunks/RadiosPanelNew.5ef9aa13.js                    150.43 kB │ gzip:  39.54 kB │ map:   580.76 kB
build/chunks/SubscribersPanel.7302bf1d.js                  164.95 kB │ gzip:  53.47 kB │ map:   584.33 kB
build/chunks/DataGrid.b379bb46.js                          279.90 kB │ gzip:  84.65 kB │ map: 1,352.07 kB
build/chunks/highcharts.41fbbe20.js                        296.73 kB │ gzip: 106.33 kB │ map:   694.32 kB
build/chunks/EditNotes.0d979433.js                         488.40 kB │ gzip: 132.29 kB │ map: 1,671.77 kB
build/js/index.f1b64645.js                               2,139.86 kB │ gzip: 474.87 kB │ map: 5,435.11 kB

(!) Some chunks are larger than 1000 kBs after minification. Consider:
- Using dynamic import() to code-split the application
- Use build.rollupOptions.output.manualChunks to improve chunking: https://rollupjs.org/configuration-options/#output-manualchunks
- Adjust chunk size limit for this warning via build.chunkSizeWarningLimit.
✓ built in 2m 46s
Done in 168.75s.
Compilation done...
Complete at Mon Jul  3 07:32:56 AM EDT 2023
\n ************************************************** \n
Compiling at Mon Jul  3 10:30:00 AM EDT 2023
Pulling latest changes from Git...
From https://github.com/Highway9-Networks/h9-saas
   8e8d58e7a..2c349482c  main                   -> origin/main
   93686626c..60c2bc01d  bhuvaneshne_sctperrors -> origin/bhuvaneshne_sctperrors
   68c5e2390..0bede4b57  feature/ushiva_cgw     -> origin/feature/ushiva_cgw
 * [new branch]          fix/DeleteDialog_CancelButton -> origin/fix/DeleteDialog_CancelButton
 * [new branch]          fix/Greying-InstallationSteps -> origin/fix/Greying-InstallationSteps
 * [new branch]          fix/PingMon/FlowsMon_Icon -> origin/fix/PingMon/FlowsMon_Icon
   d187ab405..8e38fefae  imran-automation       -> origin/imran-automation
   3a53fe607..9975d9359  main-release           -> origin/main-release
   4a2d041ac..804e98b34  private/akshay-airspan -> origin/private/akshay-airspan
   90e08f53f..d79fe0b32  private/ankita/airspan-ztp -> origin/private/ankita/airspan-ztp
 * [new branch]          surya_9198_upgrade_issue -> origin/surya_9198_upgrade_issue
 * [new branch]          surya_tmp_edge_release -> origin/surya_tmp_edge_release
Updating 8e8d58e7a..2c349482c
Fast-forward
 common/common.mk                                   |   8 +-
 .../carriergw/mocngw/mocngw/common/common_mocngw.h |   2 +-
 .../mocngw/mocngw/tasks/access/access_encoder.c    |  55 +++---
 .../mocngw/mocngw/tasks/config/mocn_config_poll.c  |   3 +-
 .../mocngw/mocngw/tasks/network/network_encoder.c  | 214 ++++++++++++---------
 .../mocngw/mocngw/tasks/s1ap/s1ap_dummy.c          |  14 +-
 .../roles/agw-ami-configure/tasks/main.yaml        |   2 -
 .../scripts/edge-scripts/activate_agw.sh           |   5 +
 utility/edge_uprade/upgrade_edge.sh.template       |   8 +-
 9 files changed, 178 insertions(+), 133 deletions(-)
Compiling the orch UI code...
Deleting build...
Folder build deleted.
Folder A is unchanged.
yarn
yarn install v1.22.19
[1/4] Resolving packages...
success Already up-to-date.
Done in 0.90s.
yarn run build
yarn run v1.22.19
$ vite build
vite v4.3.9 building for production...
[plugin:vite-plugin-eslint] LintOnStart is turned on, and it will check for all matching files.
transforming...
✓ 13594 modules transformed.
rendering chunks...
computing gzip size...
build/assets/svg/pin.svg                                     0.85 kB │ gzip:   0.44 kB
build/assets/svg/current.svg                                 0.96 kB │ gzip:   0.47 kB
build/index.html                                             1.00 kB │ gzip:   0.53 kB
build/assets/svg/celltower.svg                               2.73 kB │ gzip:   1.41 kB
build/assets/svg/green-plain.svg                             3.30 kB │ gzip:   1.25 kB
build/assets/svg/pointer.svg                                 3.36 kB │ gzip:   1.27 kB
build/assets/svg/pointer-green.svg                           4.26 kB │ gzip:   1.56 kB
build/assets/svg/pointer-grey.svg                            4.26 kB │ gzip:   1.56 kB
build/assets/svg/markerA.svg                                 4.71 kB │ gzip:   1.66 kB
build/assets/woff2/roboto-vietnamese-400-normal.woff2        5.56 kB
build/assets/svg/markerB.svg                                 5.70 kB │ gzip:   2.12 kB
build/assets/woff2/roboto-greek-400-normal.woff2             7.11 kB
build/assets/svg/Radio-Indoor-Icon.svg                       7.43 kB │ gzip:   1.99 kB
build/assets/woff2/roboto-cyrillic-400-normal.woff2          9.63 kB
build/assets/woff2/roboto-latin-ext-400-normal.woff2        11.87 kB
build/assets/woff2/roboto-cyrillic-ext-400-normal.woff2     15.34 kB
build/assets/woff2/roboto-latin-400-normal.woff2            15.74 kB
build/assets/woff/roboto-all-400-normal.woff                65.46 kB
build/assets/css/EdgesPanel.css                              0.06 kB │ gzip:   0.08 kB
build/assets/css/SubscribersPanel.css                        0.18 kB │ gzip:   0.14 kB
build/assets/css/RadiosPanelNew.css                          0.22 kB │ gzip:   0.17 kB
build/assets/css/Diagnostics.css                             0.29 kB │ gzip:   0.21 kB
build/assets/css/Calibrate.css                               0.64 kB │ gzip:   0.40 kB
build/assets/css/ReactTable.css                              1.32 kB │ gzip:   0.56 kB
build/assets/css/index.css                                   1.78 kB │ gzip:   0.78 kB
build/assets/css/Dashboard.css                               4.02 kB │ gzip:   2.01 kB
build/assets/css/EditNotes.css                              17.96 kB │ gzip:   3.16 kB
build/chunks/QoS-service.23d385ca.js                         0.26 kB │ gzip:   0.22 kB │ map:     0.80 kB
build/chunks/LightTooltip.c19fb85d.js                        0.34 kB │ gzip:   0.28 kB │ map:     1.06 kB
build/chunks/ArrowForwardIosSharp.f6436d61.js                0.36 kB │ gzip:   0.29 kB │ map:     1.12 kB
build/chunks/hardwareInventory-service.20c7bc9e.js           0.38 kB │ gzip:   0.30 kB │ map:     1.14 kB
build/chunks/RestartAlt.025d0dc4.js                          0.38 kB │ gzip:   0.30 kB │ map:     0.71 kB
build/chunks/NotImplemented.302626ec.js                      0.55 kB │ gzip:   0.40 kB │ map:     1.39 kB
build/chunks/AccordianSummary.566b27d3.js                    0.63 kB │ gzip:   0.44 kB │ map:     1.72 kB
build/chunks/Card.6333f6cb.js                                0.63 kB │ gzip:   0.43 kB │ map:     4.60 kB
build/chunks/useInterval.2fbba235.js                         0.71 kB │ gzip:   0.41 kB │ map:     3.67 kB
build/chunks/TimeDateInput.af822369.js                       0.88 kB │ gzip:   0.50 kB │ map:     3.03 kB
build/chunks/LineChart.4aea8b27.js                           1.05 kB │ gzip:   0.66 kB │ map:     3.88 kB
build/chunks/TabPanel.3f03944f.js                            1.14 kB │ gzip:   0.63 kB │ map:     4.33 kB
build/chunks/ModalDialogComponent.0a12f3f7.js                1.28 kB │ gzip:   0.71 kB │ map:     4.53 kB
build/chunks/index.a370e15a.js                               1.98 kB │ gzip:   0.66 kB │ map:     5.83 kB
build/chunks/HealthGauge.7ffa3e9c.js                         2.37 kB │ gzip:   1.29 kB │ map:     8.47 kB
build/chunks/useSupport.2f33b5a9.js                          2.45 kB │ gzip:   1.08 kB │ map:    10.12 kB
build/chunks/Checkbox.4543eeb2.js                            2.46 kB │ gzip:   1.16 kB │ map:    13.67 kB
build/chunks/radioHelper.e04b0d38.js                         2.58 kB │ gzip:   1.17 kB │ map:     8.50 kB
build/chunks/AuditLog.71e55a9b.js                            3.68 kB │ gzip:   1.56 kB │ map:    14.03 kB
build/chunks/SlideUpTransition.add923f3.js                   4.03 kB │ gzip:   1.61 kB │ map:    19.76 kB
build/chunks/index.2e218bb4.js                               4.14 kB │ gzip:   1.48 kB │ map:    13.64 kB
build/chunks/Logs.71ccc497.js                                4.78 kB │ gzip:   2.11 kB │ map:    20.71 kB
build/chunks/AccordionSummary.14d865b6.js                    5.73 kB │ gzip:   1.97 kB │ map:    27.76 kB
build/chunks/ContextMenu.e590fd47.js                         6.23 kB │ gzip:   2.03 kB │ map:    22.48 kB
build/chunks/useStyles.007bc9a3.js                           6.39 kB │ gzip:   2.38 kB │ map:    26.35 kB
build/chunks/web-vitals.dfcc5b9a.js                          6.98 kB │ gzip:   2.58 kB │ map:    16.56 kB
build/chunks/TablePagination.2abae112.js                     8.27 kB │ gzip:   3.16 kB │ map:    42.12 kB
build/chunks/DnnPanel.472356b3.js                            9.64 kB │ gzip:   3.65 kB │ map:    37.84 kB
build/chunks/GMap.edd5ee70.js                               16.54 kB │ gzip:   5.28 kB │ map:    51.13 kB
build/chunks/Diagnostics.4b86e9e5.js                        23.48 kB │ gzip:   7.48 kB │ map:    89.38 kB
build/chunks/index.4f718bc9.js                              41.18 kB │ gzip:  10.56 kB │ map:   154.16 kB
build/chunks/AuditLogDetails.8475f2d9.js                    41.88 kB │ gzip:  13.90 kB │ map:   315.56 kB
build/chunks/RadioForm.8951c737.js                          52.34 kB │ gzip:  14.59 kB │ map:   222.41 kB
build/chunks/System.2d8b23b4.js                             67.07 kB │ gzip:  15.51 kB │ map:   253.53 kB
build/chunks/Calibrate.79fca231.js                          71.72 kB │ gzip:  23.80 kB │ map:   251.10 kB
build/chunks/ReactTable.9725564d.js                         88.75 kB │ gzip:  27.05 kB │ map:   276.62 kB
build/chunks/Dashboard.68137f81.js                          90.61 kB │ gzip:  21.83 kB │ map:   520.67 kB
build/chunks/EdgesPanel.5ff9e7c4.js                        135.18 kB │ gzip:  33.10 kB │ map:   493.95 kB
build/chunks/RadiosPanelNew.5ef9aa13.js                    150.43 kB │ gzip:  39.54 kB │ map:   580.76 kB
build/chunks/SubscribersPanel.7302bf1d.js                  164.95 kB │ gzip:  53.47 kB │ map:   584.33 kB
build/chunks/DataGrid.b379bb46.js                          279.90 kB │ gzip:  84.65 kB │ map: 1,352.07 kB
build/chunks/highcharts.41fbbe20.js                        296.73 kB │ gzip: 106.33 kB │ map:   694.32 kB
build/chunks/EditNotes.0d979433.js                         488.40 kB │ gzip: 132.29 kB │ map: 1,671.77 kB
build/js/index.f1b64645.js                               2,139.86 kB │ gzip: 474.87 kB │ map: 5,435.11 kB

(!) Some chunks are larger than 1000 kBs after minification. Consider:
- Using dynamic import() to code-split the application
- Use build.rollupOptions.output.manualChunks to improve chunking: https://rollupjs.org/configuration-options/#output-manualchunks
- Adjust chunk size limit for this warning via build.chunkSizeWarningLimit.
✓ built in 2m 51s
Done in 174.36s.
Compilation done...
Complete at Mon Jul  3 10:33:00 AM EDT 2023
\n ************************************************** \n
Compiling at Tue Jul  4 02:30:00 AM EDT 2023
Pulling latest changes from Git...
From https://github.com/Highway9-Networks/h9-saas
   2c349482c..b78b71673  main                   -> origin/main
   816062c60..e186147f4  balaji/mmeretry        -> origin/balaji/mmeretry
 * [new branch]          bhuvaneshne_s1setup_leak -> origin/bhuvaneshne_s1setup_leak
   60c2bc01d..5cb187ded  bhuvaneshne_sctperrors -> origin/bhuvaneshne_sctperrors
   86d7f0a1a..0d44e2137  feature/airspan        -> origin/feature/airspan
   8e38fefae..20be9b8e6  imran-automation       -> origin/imran-automation
   804e98b34..21919cb78  private/akshay-airspan -> origin/private/akshay-airspan
   d79fe0b32..c945bb059  private/ankita/airspan-ztp -> origin/private/ankita/airspan-ztp
 * [new branch]          private/ankita/errUpdate -> origin/private/ankita/errUpdate
Updating 2c349482c..b78b71673
Fast-forward
 .../mocngw/mocngw/tasks/access/access_encoder.c    | 77 +++++++++++-----------
 edge/carriergw/mocngw/mocngw/tasks/s1ap/s1ap_mme.c |  1 +
 orch/orch-ui/src/components/GraphicalResources.tsx |  4 +-
 .../src/views/adminstration/Tabs/Monitoring.jsx    |  2 +-
 .../src/views/adminstration/Tabs/RifConfig.jsx     |  2 +-
 .../src/views/diagnostics/Simulator/Simulator.tsx  |  6 +-
 orch/orch-ui/src/views/subscribers/DeviceTable.jsx | 13 ++--
 7 files changed, 55 insertions(+), 50 deletions(-)
Compiling the orch UI code...
Deleting build...
Folder build deleted.
Folder A is unchanged.
yarn
yarn install v1.22.19
[1/4] Resolving packages...
success Already up-to-date.
Done in 0.73s.
yarn run build
yarn run v1.22.19
$ vite build
vite v4.3.9 building for production...
[plugin:vite-plugin-eslint] LintOnStart is turned on, and it will check for all matching files.
transforming...
✓ 13594 modules transformed.
rendering chunks...
computing gzip size...
build/assets/svg/pin.svg                                     0.85 kB │ gzip:   0.44 kB
build/assets/svg/current.svg                                 0.96 kB │ gzip:   0.47 kB
build/index.html                                             1.00 kB │ gzip:   0.53 kB
build/assets/svg/celltower.svg                               2.73 kB │ gzip:   1.41 kB
build/assets/svg/green-plain.svg                             3.30 kB │ gzip:   1.25 kB
build/assets/svg/pointer.svg                                 3.36 kB │ gzip:   1.27 kB
build/assets/svg/pointer-green.svg                           4.26 kB │ gzip:   1.56 kB
build/assets/svg/pointer-grey.svg                            4.26 kB │ gzip:   1.56 kB
build/assets/svg/markerA.svg                                 4.71 kB │ gzip:   1.66 kB
build/assets/woff2/roboto-vietnamese-400-normal.woff2        5.56 kB
build/assets/svg/markerB.svg                                 5.70 kB │ gzip:   2.12 kB
build/assets/woff2/roboto-greek-400-normal.woff2             7.11 kB
build/assets/svg/Radio-Indoor-Icon.svg                       7.43 kB │ gzip:   1.99 kB
build/assets/woff2/roboto-cyrillic-400-normal.woff2          9.63 kB
build/assets/woff2/roboto-latin-ext-400-normal.woff2        11.87 kB
build/assets/woff2/roboto-cyrillic-ext-400-normal.woff2     15.34 kB
build/assets/woff2/roboto-latin-400-normal.woff2            15.74 kB
build/assets/woff/roboto-all-400-normal.woff                65.46 kB
build/assets/css/EdgesPanel.css                              0.06 kB │ gzip:   0.08 kB
build/assets/css/SubscribersPanel.css                        0.18 kB │ gzip:   0.14 kB
build/assets/css/RadiosPanelNew.css                          0.22 kB │ gzip:   0.17 kB
build/assets/css/Diagnostics.css                             0.29 kB │ gzip:   0.21 kB
build/assets/css/Calibrate.css                               0.64 kB │ gzip:   0.40 kB
build/assets/css/ReactTable.css                              1.32 kB │ gzip:   0.56 kB
build/assets/css/index.css                                   1.78 kB │ gzip:   0.78 kB
build/assets/css/Dashboard.css                               4.02 kB │ gzip:   2.01 kB
build/assets/css/EditNotes.css                              17.96 kB │ gzip:   3.16 kB
build/chunks/QoS-service.de48728f.js                         0.26 kB │ gzip:   0.21 kB │ map:     0.80 kB
build/chunks/LightTooltip.43b28c62.js                        0.34 kB │ gzip:   0.28 kB │ map:     1.06 kB
build/chunks/ArrowForwardIosSharp.019b5bb1.js                0.36 kB │ gzip:   0.29 kB │ map:     1.12 kB
build/chunks/hardwareInventory-service.c893557a.js           0.38 kB │ gzip:   0.30 kB │ map:     1.14 kB
build/chunks/RestartAlt.5262fe76.js                          0.38 kB │ gzip:   0.30 kB │ map:     0.71 kB
build/chunks/NotImplemented.05d90263.js                      0.55 kB │ gzip:   0.40 kB │ map:     1.39 kB
build/chunks/AccordianSummary.f75983b6.js                    0.63 kB │ gzip:   0.44 kB │ map:     1.72 kB
build/chunks/Card.760b872e.js                                0.63 kB │ gzip:   0.43 kB │ map:     4.60 kB
build/chunks/useInterval.4dd00379.js                         0.71 kB │ gzip:   0.41 kB │ map:     3.67 kB
build/chunks/TimeDateInput.e69e0abe.js                       0.88 kB │ gzip:   0.50 kB │ map:     3.03 kB
build/chunks/LineChart.81a1dfed.js                           1.05 kB │ gzip:   0.66 kB │ map:     3.88 kB
build/chunks/TabPanel.d5f4d745.js                            1.14 kB │ gzip:   0.63 kB │ map:     4.33 kB
build/chunks/ModalDialogComponent.2ae19eb5.js                1.28 kB │ gzip:   0.70 kB │ map:     4.53 kB
build/chunks/index.b2a08ae6.js                               1.98 kB │ gzip:   0.66 kB │ map:     5.83 kB
build/chunks/HealthGauge.d856d98d.js                         2.37 kB │ gzip:   1.29 kB │ map:     8.47 kB
build/chunks/useSupport.2ea6bf4c.js                          2.45 kB │ gzip:   1.08 kB │ map:    10.12 kB
build/chunks/Checkbox.b97dba3a.js                            2.46 kB │ gzip:   1.16 kB │ map:    13.67 kB
build/chunks/radioHelper.429ddab9.js                         2.58 kB │ gzip:   1.17 kB │ map:     8.50 kB
build/chunks/AuditLog.9a95107e.js                            3.68 kB │ gzip:   1.56 kB │ map:    14.03 kB
build/chunks/SlideUpTransition.becb287a.js                   4.03 kB │ gzip:   1.61 kB │ map:    19.76 kB
build/chunks/index.3f1c2fa9.js                               4.14 kB │ gzip:   1.49 kB │ map:    13.64 kB
build/chunks/Logs.be746514.js                                4.78 kB │ gzip:   2.11 kB │ map:    20.71 kB
build/chunks/AccordionSummary.90e41547.js                    5.73 kB │ gzip:   1.97 kB │ map:    27.76 kB
build/chunks/ContextMenu.b82b6e43.js                         6.23 kB │ gzip:   2.03 kB │ map:    22.48 kB
build/chunks/useStyles.860314cf.js                           6.39 kB │ gzip:   2.38 kB │ map:    26.35 kB
build/chunks/web-vitals.dfcc5b9a.js                          6.98 kB │ gzip:   2.58 kB │ map:    16.56 kB
build/chunks/TablePagination.c3b9e71d.js                     8.27 kB │ gzip:   3.16 kB │ map:    42.12 kB
build/chunks/DnnPanel.9f5166e7.js                            9.64 kB │ gzip:   3.65 kB │ map:    37.84 kB
build/chunks/GMap.0e84699d.js                               16.54 kB │ gzip:   5.29 kB │ map:    51.13 kB
build/chunks/Diagnostics.0a31e8b8.js                        23.58 kB │ gzip:   7.53 kB │ map:    89.63 kB
build/chunks/index.e5962973.js                              41.18 kB │ gzip:  10.56 kB │ map:   154.16 kB
build/chunks/AuditLogDetails.1fb51551.js                    41.88 kB │ gzip:  13.90 kB │ map:   315.56 kB
build/chunks/RadioForm.075b1527.js                          52.34 kB │ gzip:  14.60 kB │ map:   222.41 kB
build/chunks/System.cdff53cd.js                             67.07 kB │ gzip:  15.51 kB │ map:   253.53 kB
build/chunks/Calibrate.5b911172.js                          71.72 kB │ gzip:  23.80 kB │ map:   251.10 kB
build/chunks/ReactTable.623061f8.js                         88.75 kB │ gzip:  27.05 kB │ map:   276.62 kB
build/chunks/Dashboard.a5dd34c2.js                          90.61 kB │ gzip:  21.83 kB │ map:   520.67 kB
build/chunks/EdgesPanel.ac183d77.js                        135.18 kB │ gzip:  33.10 kB │ map:   493.95 kB
build/chunks/RadiosPanelNew.d74149b0.js                    150.43 kB │ gzip:  39.54 kB │ map:   580.76 kB
build/chunks/SubscribersPanel.d36c7980.js                  164.92 kB │ gzip:  53.47 kB │ map:   584.34 kB
build/chunks/DataGrid.3836221b.js                          279.90 kB │ gzip:  84.65 kB │ map: 1,352.07 kB
build/chunks/highcharts.a7830537.js                        296.73 kB │ gzip: 106.33 kB │ map:   694.32 kB
build/chunks/EditNotes.2031a672.js                         488.40 kB │ gzip: 132.30 kB │ map: 1,671.77 kB
build/js/index.f22b2c6d.js                               2,139.87 kB │ gzip: 474.88 kB │ map: 5,435.12 kB

(!) Some chunks are larger than 1000 kBs after minification. Consider:
- Using dynamic import() to code-split the application
- Use build.rollupOptions.output.manualChunks to improve chunking: https://rollupjs.org/configuration-options/#output-manualchunks
- Adjust chunk size limit for this warning via build.chunkSizeWarningLimit.
✓ built in 2m 55s
Done in 177.98s.
Compilation done...
Complete at Tue Jul  4 02:33:02 AM EDT 2023
\n ************************************************** \n
Compiling at Tue Jul  4 07:30:00 AM EDT 2023
Pulling latest changes from Git...
From https://github.com/Highway9-Networks/h9-saas
   b78b71673..965daa541  main                   -> origin/main
   e186147f4..771a75b21  balaji/mmeretry        -> origin/balaji/mmeretry
   0d44e2137..2cee1ebcf  feature/airspan        -> origin/feature/airspan
   53cf00c80..55cdcb436  nidhi/RadioCount       -> origin/nidhi/RadioCount
 + 889607cb1...c89ed9e52 nidhi/fixes            -> origin/nidhi/fixes  (forced update)
 * [new branch]          private/aditya/bugFix/9197 -> origin/private/aditya/bugFix/9197
   21919cb78..e3695e8d2  private/akshay-airspan -> origin/private/akshay-airspan
   c945bb059..abacc946f  private/ankita/airspan-ztp -> origin/private/ankita/airspan-ztp
   cf88ca894..97e6a9059  private/ankita/errUpdate -> origin/private/ankita/errUpdate
 * [new branch]          private/dileep/FixingIssues_04_07_23 -> origin/private/dileep/FixingIssues_04_07_23
   d1140d092..a964aaeef  private/dileep/airspan -> origin/private/dileep/airspan
   b5c6f1c2d..a2833c6d8  vikram_mem             -> origin/vikram_mem
Updating b78b71673..965daa541
Fast-forward
 common/common.mk                                   |   2 +-
 .../localizer/messages/controller/active.en.json   |   2 +-
 common/localizer/messages/csp/active.en.json       |   2 +-
 edge/carriergw/mocngw/mocngw/inc/s1ap_state.h      |  16 +-
 edge/carriergw/mocngw/mocngw/inc/s1ap_types.h      |  49 +--
 .../mocngw/mocngw/tasks/access/access_encoder.c    | 261 +++++++++------
 .../mocngw/mocngw/tasks/network/network_encoder.c  | 356 ++++++++++-----------
 .../mocngw/mocngw/tasks/s1ap/s1ap_dummy.c          | 154 +++++----
 .../mocngw/mocngw/tasks/s1ap/s1ap_mme_handlers.c   |  53 +--
 .../mocngw/mocngw/tasks/vmc_sync/vmc_sync.c        |  10 +
 .../orch-api/apihandler/AAAServerProfileHandler.go |   2 +-
 orch/orch-api/apihandler/ApplicationRestHandler.go |   2 +-
 orch/orch-api/apihandler/MnoOperatorHandler.go     |   2 +-
 orch/orch-api/apihandler/QosProfilesRestHandler.go |   2 +-
 orch/orch-api/apihandler/RadiosRestHandler.go      |   6 -
 orch/orch-api/go.mod                               |   1 +
 orch/orch-common/go.mod                            |   2 +-
 orch/orch-common/validator/baseValidator.go        |   8 +-
 orch/orch-service/go.mod                           |   1 +
 .../diagnosticsUeService/diagnosticsUeService.go   |   4 +-
 orch/orch-ui/src/views/subscribers/DeviceTable.jsx |  11 +-
 saas/saas-common/validator/baseValidator.go        |   2 +-
 22 files changed, 493 insertions(+), 455 deletions(-)
Compiling the orch UI code...
Deleting build...
Folder build deleted.
Folder A is unchanged.
yarn
yarn install v1.22.19
[1/4] Resolving packages...
success Already up-to-date.
Done in 0.84s.
yarn run build
yarn run v1.22.19
$ vite build
vite v4.3.9 building for production...
[plugin:vite-plugin-eslint] LintOnStart is turned on, and it will check for all matching files.
transforming...
✓ 13594 modules transformed.
rendering chunks...
computing gzip size...
build/assets/svg/pin.svg                                     0.85 kB │ gzip:   0.44 kB
build/assets/svg/current.svg                                 0.96 kB │ gzip:   0.47 kB
build/index.html                                             1.00 kB │ gzip:   0.53 kB
build/assets/svg/celltower.svg                               2.73 kB │ gzip:   1.41 kB
build/assets/svg/green-plain.svg                             3.30 kB │ gzip:   1.25 kB
build/assets/svg/pointer.svg                                 3.36 kB │ gzip:   1.27 kB
build/assets/svg/pointer-grey.svg                            4.26 kB │ gzip:   1.56 kB
build/assets/svg/pointer-green.svg                           4.26 kB │ gzip:   1.56 kB
build/assets/svg/markerA.svg                                 4.71 kB │ gzip:   1.66 kB
build/assets/woff2/roboto-vietnamese-400-normal.woff2        5.56 kB
build/assets/svg/markerB.svg                                 5.70 kB │ gzip:   2.12 kB
build/assets/woff2/roboto-greek-400-normal.woff2             7.11 kB
build/assets/svg/Radio-Indoor-Icon.svg                       7.43 kB │ gzip:   1.99 kB
build/assets/woff2/roboto-cyrillic-400-normal.woff2          9.63 kB
build/assets/woff2/roboto-latin-ext-400-normal.woff2        11.87 kB
build/assets/woff2/roboto-cyrillic-ext-400-normal.woff2     15.34 kB
build/assets/woff2/roboto-latin-400-normal.woff2            15.74 kB
build/assets/woff/roboto-all-400-normal.woff                65.46 kB
build/assets/css/EdgesPanel.css                              0.06 kB │ gzip:   0.08 kB
build/assets/css/SubscribersPanel.css                        0.18 kB │ gzip:   0.14 kB
build/assets/css/RadiosPanelNew.css                          0.22 kB │ gzip:   0.17 kB
build/assets/css/Diagnostics.css                             0.29 kB │ gzip:   0.21 kB
build/assets/css/Calibrate.css                               0.64 kB │ gzip:   0.40 kB
build/assets/css/ReactTable.css                              1.32 kB │ gzip:   0.56 kB
build/assets/css/index.css                                   1.78 kB │ gzip:   0.78 kB
build/assets/css/Dashboard.css                               4.02 kB │ gzip:   2.01 kB
build/assets/css/EditNotes.css                              17.96 kB │ gzip:   3.16 kB
build/chunks/QoS-service.22a4cd88.js                         0.26 kB │ gzip:   0.21 kB │ map:     0.80 kB
build/chunks/LightTooltip.fdac5db4.js                        0.34 kB │ gzip:   0.28 kB │ map:     1.06 kB
build/chunks/ArrowForwardIosSharp.c3778ffd.js                0.36 kB │ gzip:   0.29 kB │ map:     1.12 kB
build/chunks/hardwareInventory-service.0b90eaa0.js           0.38 kB │ gzip:   0.30 kB │ map:     1.14 kB
build/chunks/RestartAlt.fdeb1e7b.js                          0.38 kB │ gzip:   0.30 kB │ map:     0.71 kB
build/chunks/NotImplemented.e75bcf39.js                      0.55 kB │ gzip:   0.40 kB │ map:     1.39 kB
build/chunks/AccordianSummary.4017b164.js                    0.63 kB │ gzip:   0.44 kB │ map:     1.72 kB
build/chunks/Card.e50d15aa.js                                0.63 kB │ gzip:   0.43 kB │ map:     4.60 kB
build/chunks/useInterval.8f3aa6ff.js                         0.71 kB │ gzip:   0.41 kB │ map:     3.67 kB
build/chunks/TimeDateInput.25e57a23.js                       0.88 kB │ gzip:   0.50 kB │ map:     3.03 kB
build/chunks/LineChart.a812c3b6.js                           1.05 kB │ gzip:   0.66 kB │ map:     3.88 kB
build/chunks/TabPanel.c44cb4c1.js                            1.14 kB │ gzip:   0.63 kB │ map:     4.33 kB
build/chunks/ModalDialogComponent.62e28182.js                1.28 kB │ gzip:   0.71 kB │ map:     4.53 kB
build/chunks/index.cbdabbd1.js                               1.98 kB │ gzip:   0.66 kB │ map:     5.83 kB
build/chunks/HealthGauge.d8b619dd.js                         2.37 kB │ gzip:   1.29 kB │ map:     8.47 kB
build/chunks/useSupport.502be1d7.js                          2.45 kB │ gzip:   1.08 kB │ map:    10.12 kB
build/chunks/Checkbox.9a784ce7.js                            2.46 kB │ gzip:   1.16 kB │ map:    13.67 kB
build/chunks/radioHelper.bbfe37f6.js                         2.58 kB │ gzip:   1.17 kB │ map:     8.50 kB
build/chunks/AuditLog.0f589e9f.js                            3.68 kB │ gzip:   1.56 kB │ map:    14.03 kB
build/chunks/SlideUpTransition.b6609bb3.js                   4.03 kB │ gzip:   1.61 kB │ map:    19.76 kB
build/chunks/index.4fa90673.js                               4.14 kB │ gzip:   1.49 kB │ map:    13.64 kB
build/chunks/Logs.3ab4afd7.js                                4.78 kB │ gzip:   2.11 kB │ map:    20.71 kB
build/chunks/AccordionSummary.8553a985.js                    5.73 kB │ gzip:   1.97 kB │ map:    27.76 kB
build/chunks/ContextMenu.8f8d878f.js                         6.23 kB │ gzip:   2.03 kB │ map:    22.48 kB
build/chunks/useStyles.d76a95f2.js                           6.39 kB │ gzip:   2.38 kB │ map:    26.35 kB
build/chunks/web-vitals.dfcc5b9a.js                          6.98 kB │ gzip:   2.58 kB │ map:    16.56 kB
build/chunks/TablePagination.9c84a7d2.js                     8.27 kB │ gzip:   3.16 kB │ map:    42.12 kB
build/chunks/DnnPanel.720dd99d.js                            9.64 kB │ gzip:   3.65 kB │ map:    37.84 kB
build/chunks/GMap.d479e13c.js                               16.54 kB │ gzip:   5.28 kB │ map:    51.13 kB
build/chunks/Diagnostics.d48bab78.js                        23.58 kB │ gzip:   7.53 kB │ map:    89.63 kB
build/chunks/index.dba1ae3f.js                              41.18 kB │ gzip:  10.56 kB │ map:   154.16 kB
build/chunks/AuditLogDetails.2f947c78.js                    41.88 kB │ gzip:  13.90 kB │ map:   315.56 kB
build/chunks/RadioForm.8eb27b34.js                          52.34 kB │ gzip:  14.59 kB │ map:   222.41 kB
build/chunks/System.dda74905.js                             67.07 kB │ gzip:  15.51 kB │ map:   253.53 kB
build/chunks/Calibrate.7a126350.js                          71.72 kB │ gzip:  23.80 kB │ map:   251.10 kB
build/chunks/ReactTable.2e536198.js                         88.75 kB │ gzip:  27.05 kB │ map:   276.62 kB
build/chunks/Dashboard.d7b0491d.js                          90.61 kB │ gzip:  21.83 kB │ map:   520.67 kB
build/chunks/EdgesPanel.45a8810c.js                        135.18 kB │ gzip:  33.10 kB │ map:   493.95 kB
build/chunks/RadiosPanelNew.d11fdd33.js                    150.43 kB │ gzip:  39.54 kB │ map:   580.76 kB
build/chunks/SubscribersPanel.7be230de.js                  164.94 kB │ gzip:  53.46 kB │ map:   584.49 kB
build/chunks/DataGrid.297204d2.js                          279.90 kB │ gzip:  84.65 kB │ map: 1,352.07 kB
build/chunks/highcharts.a6a69044.js                        296.73 kB │ gzip: 106.33 kB │ map:   694.32 kB
build/chunks/EditNotes.aca55d12.js                         488.40 kB │ gzip: 132.29 kB │ map: 1,671.77 kB
build/js/index.405c4fb0.js                               2,139.87 kB │ gzip: 474.88 kB │ map: 5,435.12 kB

(!) Some chunks are larger than 1000 kBs after minification. Consider:
- Using dynamic import() to code-split the application
- Use build.rollupOptions.output.manualChunks to improve chunking: https://rollupjs.org/configuration-options/#output-manualchunks
- Adjust chunk size limit for this warning via build.chunkSizeWarningLimit.
✓ built in 2m 49s
Done in 171.87s.
Compilation done...
Complete at Tue Jul  4 07:32:57 AM EDT 2023
\n ************************************************** \n
Compiling at Tue Jul  4 10:30:00 AM EDT 2023
Pulling latest changes from Git...
From https://github.com/Highway9-Networks/h9-saas
   965daa541..43269054c  main                   -> origin/main
   2cee1ebcf..bf4ba27e5  feature/airspan        -> origin/feature/airspan
   20be9b8e6..01bc82562  imran-automation       -> origin/imran-automation
 * [new branch]          nidhi/4july            -> origin/nidhi/4july
   e3695e8d2..87c0587ae  private/akshay-airspan -> origin/private/akshay-airspan
   66a0ab532..77ecf6c54  private/akshay-new-29  -> origin/private/akshay-new-29
Updating 965daa541..43269054c
Fast-forward
 .../apihandler/ServiceControllerRestHandler.go     | 27 ----------------------
 .../swagger/definitions/ServiceController.yaml     | 14 -----------
 .../adapters/simulator/radio_simulator_adapter.go  |  1 +
 .../hardwareInventory/hardwareList.yaml            |  2 ++
 4 files changed, 3 insertions(+), 41 deletions(-)
Compiling the orch UI code...
Deleting build...
Folder build deleted.
Folder A is unchanged.
yarn
yarn install v1.22.19
[1/4] Resolving packages...
success Already up-to-date.
Done in 0.76s.
yarn run build
yarn run v1.22.19
$ vite build
vite v4.3.9 building for production...
[plugin:vite-plugin-eslint] LintOnStart is turned on, and it will check for all matching files.
transforming...
✓ 13594 modules transformed.
rendering chunks...
computing gzip size...
build/assets/svg/pin.svg                                     0.85 kB │ gzip:   0.44 kB
build/assets/svg/current.svg                                 0.96 kB │ gzip:   0.47 kB
build/index.html                                             1.00 kB │ gzip:   0.53 kB
build/assets/svg/celltower.svg                               2.73 kB │ gzip:   1.41 kB
build/assets/svg/green-plain.svg                             3.30 kB │ gzip:   1.25 kB
build/assets/svg/pointer.svg                                 3.36 kB │ gzip:   1.27 kB
build/assets/svg/pointer-green.svg                           4.26 kB │ gzip:   1.56 kB
build/assets/svg/pointer-grey.svg                            4.26 kB │ gzip:   1.56 kB
build/assets/svg/markerA.svg                                 4.71 kB │ gzip:   1.66 kB
build/assets/woff2/roboto-vietnamese-400-normal.woff2        5.56 kB
build/assets/svg/markerB.svg                                 5.70 kB │ gzip:   2.12 kB
build/assets/woff2/roboto-greek-400-normal.woff2             7.11 kB
build/assets/svg/Radio-Indoor-Icon.svg                       7.43 kB │ gzip:   1.99 kB
build/assets/woff2/roboto-cyrillic-400-normal.woff2          9.63 kB
build/assets/woff2/roboto-latin-ext-400-normal.woff2        11.87 kB
build/assets/woff2/roboto-cyrillic-ext-400-normal.woff2     15.34 kB
build/assets/woff2/roboto-latin-400-normal.woff2            15.74 kB
build/assets/woff/roboto-all-400-normal.woff                65.46 kB
build/assets/css/EdgesPanel.css                              0.06 kB │ gzip:   0.08 kB
build/assets/css/SubscribersPanel.css                        0.18 kB │ gzip:   0.14 kB
build/assets/css/RadiosPanelNew.css                          0.22 kB │ gzip:   0.17 kB
build/assets/css/Diagnostics.css                             0.29 kB │ gzip:   0.21 kB
build/assets/css/Calibrate.css                               0.64 kB │ gzip:   0.40 kB
build/assets/css/ReactTable.css                              1.32 kB │ gzip:   0.56 kB
build/assets/css/index.css                                   1.78 kB │ gzip:   0.78 kB
build/assets/css/Dashboard.css                               4.02 kB │ gzip:   2.01 kB
build/assets/css/EditNotes.css                              17.96 kB │ gzip:   3.16 kB
build/chunks/QoS-service.22a4cd88.js                         0.26 kB │ gzip:   0.21 kB │ map:     0.80 kB
build/chunks/LightTooltip.fdac5db4.js                        0.34 kB │ gzip:   0.28 kB │ map:     1.06 kB
build/chunks/ArrowForwardIosSharp.c3778ffd.js                0.36 kB │ gzip:   0.29 kB │ map:     1.12 kB
build/chunks/hardwareInventory-service.0b90eaa0.js           0.38 kB │ gzip:   0.30 kB │ map:     1.14 kB
build/chunks/RestartAlt.fdeb1e7b.js                          0.38 kB │ gzip:   0.30 kB │ map:     0.71 kB
build/chunks/NotImplemented.e75bcf39.js                      0.55 kB │ gzip:   0.40 kB │ map:     1.39 kB
build/chunks/AccordianSummary.4017b164.js                    0.63 kB │ gzip:   0.44 kB │ map:     1.72 kB
build/chunks/Card.e50d15aa.js                                0.63 kB │ gzip:   0.43 kB │ map:     4.60 kB
build/chunks/useInterval.8f3aa6ff.js                         0.71 kB │ gzip:   0.41 kB │ map:     3.67 kB
build/chunks/TimeDateInput.25e57a23.js                       0.88 kB │ gzip:   0.50 kB │ map:     3.03 kB
build/chunks/LineChart.a812c3b6.js                           1.05 kB │ gzip:   0.66 kB │ map:     3.88 kB
build/chunks/TabPanel.c44cb4c1.js                            1.14 kB │ gzip:   0.63 kB │ map:     4.33 kB
build/chunks/ModalDialogComponent.62e28182.js                1.28 kB │ gzip:   0.71 kB │ map:     4.53 kB
build/chunks/index.cbdabbd1.js                               1.98 kB │ gzip:   0.66 kB │ map:     5.83 kB
build/chunks/HealthGauge.d8b619dd.js                         2.37 kB │ gzip:   1.29 kB │ map:     8.47 kB
build/chunks/useSupport.502be1d7.js                          2.45 kB │ gzip:   1.08 kB │ map:    10.12 kB
build/chunks/Checkbox.9a784ce7.js                            2.46 kB │ gzip:   1.16 kB │ map:    13.67 kB
build/chunks/radioHelper.bbfe37f6.js                         2.58 kB │ gzip:   1.17 kB │ map:     8.50 kB
build/chunks/AuditLog.0f589e9f.js                            3.68 kB │ gzip:   1.56 kB │ map:    14.03 kB
build/chunks/SlideUpTransition.b6609bb3.js                   4.03 kB │ gzip:   1.61 kB │ map:    19.76 kB
build/chunks/index.4fa90673.js                               4.14 kB │ gzip:   1.49 kB │ map:    13.64 kB
build/chunks/Logs.3ab4afd7.js                                4.78 kB │ gzip:   2.11 kB │ map:    20.71 kB
build/chunks/AccordionSummary.8553a985.js                    5.73 kB │ gzip:   1.97 kB │ map:    27.76 kB
build/chunks/ContextMenu.8f8d878f.js                         6.23 kB │ gzip:   2.03 kB │ map:    22.48 kB
build/chunks/useStyles.d76a95f2.js                           6.39 kB │ gzip:   2.38 kB │ map:    26.35 kB
build/chunks/web-vitals.dfcc5b9a.js                          6.98 kB │ gzip:   2.58 kB │ map:    16.56 kB
build/chunks/TablePagination.9c84a7d2.js                     8.27 kB │ gzip:   3.16 kB │ map:    42.12 kB
build/chunks/DnnPanel.720dd99d.js                            9.64 kB │ gzip:   3.65 kB │ map:    37.84 kB
build/chunks/GMap.d479e13c.js                               16.54 kB │ gzip:   5.28 kB │ map:    51.13 kB
build/chunks/Diagnostics.d48bab78.js                        23.58 kB │ gzip:   7.53 kB │ map:    89.63 kB
build/chunks/index.dba1ae3f.js                              41.18 kB │ gzip:  10.56 kB │ map:   154.16 kB
build/chunks/AuditLogDetails.2f947c78.js                    41.88 kB │ gzip:  13.90 kB │ map:   315.56 kB
build/chunks/RadioForm.8eb27b34.js                          52.34 kB │ gzip:  14.59 kB │ map:   222.41 kB
build/chunks/System.dda74905.js                             67.07 kB │ gzip:  15.51 kB │ map:   253.53 kB
build/chunks/Calibrate.7a126350.js                          71.72 kB │ gzip:  23.80 kB │ map:   251.10 kB
build/chunks/ReactTable.2e536198.js                         88.75 kB │ gzip:  27.05 kB │ map:   276.62 kB
build/chunks/Dashboard.d7b0491d.js                          90.61 kB │ gzip:  21.83 kB │ map:   520.67 kB
build/chunks/EdgesPanel.45a8810c.js                        135.18 kB │ gzip:  33.10 kB │ map:   493.95 kB
build/chunks/RadiosPanelNew.d11fdd33.js                    150.43 kB │ gzip:  39.54 kB │ map:   580.76 kB
build/chunks/SubscribersPanel.7be230de.js                  164.94 kB │ gzip:  53.46 kB │ map:   584.49 kB
build/chunks/DataGrid.297204d2.js                          279.90 kB │ gzip:  84.65 kB │ map: 1,352.07 kB
build/chunks/highcharts.a6a69044.js                        296.73 kB │ gzip: 106.33 kB │ map:   694.32 kB
build/chunks/EditNotes.aca55d12.js                         488.40 kB │ gzip: 132.29 kB │ map: 1,671.77 kB
build/js/index.405c4fb0.js                               2,139.87 kB │ gzip: 474.88 kB │ map: 5,435.12 kB

(!) Some chunks are larger than 1000 kBs after minification. Consider:
- Using dynamic import() to code-split the application
- Use build.rollupOptions.output.manualChunks to improve chunking: https://rollupjs.org/configuration-options/#output-manualchunks
- Adjust chunk size limit for this warning via build.chunkSizeWarningLimit.
✓ built in 2m 40s
Done in 161.77s.
Compilation done...
Complete at Tue Jul  4 10:32:46 AM EDT 2023
\n ************************************************** \n
Compiling at Wed Jul  5 02:30:00 AM EDT 2023
Pulling latest changes from Git...
From https://github.com/Highway9-Networks/h9-saas
   43269054c..939dc0684  main                   -> origin/main
   980a09beb..7ffaaff30  EdgeEdit_Redux/Typescript -> origin/EdgeEdit_Redux/Typescript
   bf4ba27e5..8ae10ac8b  feature/airspan        -> origin/feature/airspan
   0bede4b57..3f416ace1  feature/ushiva_cgw     -> origin/feature/ushiva_cgw
   01bc82562..772a6bce1  imran-automation       -> origin/imran-automation
   87c0587ae..6f1818294  private/akshay-airspan -> origin/private/akshay-airspan
   abacc946f..931e86d3a  private/ankita/airspan-ztp -> origin/private/ankita/airspan-ztp
 * [new branch]          private/girish/airspan -> origin/private/girish/airspan
 * [new branch]          xpJain/newTableTS      -> origin/xpJain/newTableTS
Updating 43269054c..939dc0684
Fast-forward
 common/commonGrpc/grpcConn.go                  | 17 +++++++++++++++--
 common/commonGrpc/grpcHelper/grpcHelper.go     |  2 +-
 common/commonGrpc/grpcServer/grpcServer.go     |  8 +-------
 common/errors/commonErrors.go                  |  1 +
 orch/orch-common/db/baseJsonColumnSchemaDao.go |  2 +-
 saas/saas-common/db/baseJsonColumnSchemaDao.go |  2 +-
 6 files changed, 20 insertions(+), 12 deletions(-)
Compiling the orch UI code...
Deleting build...
Folder build deleted.
Folder A is unchanged.
yarn
yarn install v1.22.19
[1/4] Resolving packages...
success Already up-to-date.
Done in 0.77s.
yarn run build
yarn run v1.22.19
$ vite build
vite v4.3.9 building for production...
[plugin:vite-plugin-eslint] LintOnStart is turned on, and it will check for all matching files.
transforming...
✓ 13594 modules transformed.
rendering chunks...
computing gzip size...
build/assets/svg/pin.svg                                     0.85 kB │ gzip:   0.44 kB
build/assets/svg/current.svg                                 0.96 kB │ gzip:   0.47 kB
build/index.html                                             1.00 kB │ gzip:   0.53 kB
build/assets/svg/celltower.svg                               2.73 kB │ gzip:   1.41 kB
build/assets/svg/green-plain.svg                             3.30 kB │ gzip:   1.25 kB
build/assets/svg/pointer.svg                                 3.36 kB │ gzip:   1.27 kB
build/assets/svg/pointer-green.svg                           4.26 kB │ gzip:   1.56 kB
build/assets/svg/pointer-grey.svg                            4.26 kB │ gzip:   1.56 kB
build/assets/svg/markerA.svg                                 4.71 kB │ gzip:   1.66 kB
build/assets/woff2/roboto-vietnamese-400-normal.woff2        5.56 kB
build/assets/svg/markerB.svg                                 5.70 kB │ gzip:   2.12 kB
build/assets/woff2/roboto-greek-400-normal.woff2             7.11 kB
build/assets/svg/Radio-Indoor-Icon.svg                       7.43 kB │ gzip:   1.99 kB
build/assets/woff2/roboto-cyrillic-400-normal.woff2          9.63 kB
build/assets/woff2/roboto-latin-ext-400-normal.woff2        11.87 kB
build/assets/woff2/roboto-cyrillic-ext-400-normal.woff2     15.34 kB
build/assets/woff2/roboto-latin-400-normal.woff2            15.74 kB
build/assets/woff/roboto-all-400-normal.woff                65.46 kB
build/assets/css/EdgesPanel.css                              0.06 kB │ gzip:   0.08 kB
build/assets/css/SubscribersPanel.css                        0.18 kB │ gzip:   0.14 kB
build/assets/css/RadiosPanelNew.css                          0.22 kB │ gzip:   0.17 kB
build/assets/css/Diagnostics.css                             0.29 kB │ gzip:   0.21 kB
build/assets/css/Calibrate.css                               0.64 kB │ gzip:   0.40 kB
build/assets/css/ReactTable.css                              1.32 kB │ gzip:   0.56 kB
build/assets/css/index.css                                   1.78 kB │ gzip:   0.78 kB
build/assets/css/Dashboard.css                               4.02 kB │ gzip:   2.01 kB
build/assets/css/EditNotes.css                              17.96 kB │ gzip:   3.16 kB
build/chunks/QoS-service.22a4cd88.js                         0.26 kB │ gzip:   0.21 kB │ map:     0.80 kB
build/chunks/LightTooltip.fdac5db4.js                        0.34 kB │ gzip:   0.28 kB │ map:     1.06 kB
build/chunks/ArrowForwardIosSharp.c3778ffd.js                0.36 kB │ gzip:   0.29 kB │ map:     1.12 kB
build/chunks/hardwareInventory-service.0b90eaa0.js           0.38 kB │ gzip:   0.30 kB │ map:     1.14 kB
build/chunks/RestartAlt.fdeb1e7b.js                          0.38 kB │ gzip:   0.30 kB │ map:     0.71 kB
build/chunks/NotImplemented.e75bcf39.js                      0.55 kB │ gzip:   0.40 kB │ map:     1.39 kB
build/chunks/AccordianSummary.4017b164.js                    0.63 kB │ gzip:   0.44 kB │ map:     1.72 kB
build/chunks/Card.e50d15aa.js                                0.63 kB │ gzip:   0.43 kB │ map:     4.60 kB
build/chunks/useInterval.8f3aa6ff.js                         0.71 kB │ gzip:   0.41 kB │ map:     3.67 kB
build/chunks/TimeDateInput.25e57a23.js                       0.88 kB │ gzip:   0.50 kB │ map:     3.03 kB
build/chunks/LineChart.a812c3b6.js                           1.05 kB │ gzip:   0.66 kB │ map:     3.88 kB
build/chunks/TabPanel.c44cb4c1.js                            1.14 kB │ gzip:   0.63 kB │ map:     4.33 kB
build/chunks/ModalDialogComponent.62e28182.js                1.28 kB │ gzip:   0.71 kB │ map:     4.53 kB
build/chunks/index.cbdabbd1.js                               1.98 kB │ gzip:   0.66 kB │ map:     5.83 kB
build/chunks/HealthGauge.d8b619dd.js                         2.37 kB │ gzip:   1.29 kB │ map:     8.47 kB
build/chunks/useSupport.502be1d7.js                          2.45 kB │ gzip:   1.08 kB │ map:    10.12 kB
build/chunks/Checkbox.9a784ce7.js                            2.46 kB │ gzip:   1.16 kB │ map:    13.67 kB
build/chunks/radioHelper.bbfe37f6.js                         2.58 kB │ gzip:   1.17 kB │ map:     8.50 kB
build/chunks/AuditLog.0f589e9f.js                            3.68 kB │ gzip:   1.56 kB │ map:    14.03 kB
build/chunks/SlideUpTransition.b6609bb3.js                   4.03 kB │ gzip:   1.61 kB │ map:    19.76 kB
build/chunks/index.4fa90673.js                               4.14 kB │ gzip:   1.49 kB │ map:    13.64 kB
build/chunks/Logs.3ab4afd7.js                                4.78 kB │ gzip:   2.11 kB │ map:    20.71 kB
build/chunks/AccordionSummary.8553a985.js                    5.73 kB │ gzip:   1.97 kB │ map:    27.76 kB
build/chunks/ContextMenu.8f8d878f.js                         6.23 kB │ gzip:   2.03 kB │ map:    22.48 kB
build/chunks/useStyles.d76a95f2.js                           6.39 kB │ gzip:   2.38 kB │ map:    26.35 kB
build/chunks/web-vitals.dfcc5b9a.js                          6.98 kB │ gzip:   2.58 kB │ map:    16.56 kB
build/chunks/TablePagination.9c84a7d2.js                     8.27 kB │ gzip:   3.16 kB │ map:    42.12 kB
build/chunks/DnnPanel.720dd99d.js                            9.64 kB │ gzip:   3.65 kB │ map:    37.84 kB
build/chunks/GMap.d479e13c.js                               16.54 kB │ gzip:   5.28 kB │ map:    51.13 kB
build/chunks/Diagnostics.d48bab78.js                        23.58 kB │ gzip:   7.53 kB │ map:    89.63 kB
build/chunks/index.dba1ae3f.js                              41.18 kB │ gzip:  10.56 kB │ map:   154.16 kB
build/chunks/AuditLogDetails.2f947c78.js                    41.88 kB │ gzip:  13.90 kB │ map:   315.56 kB
build/chunks/RadioForm.8eb27b34.js                          52.34 kB │ gzip:  14.59 kB │ map:   222.41 kB
build/chunks/System.dda74905.js                             67.07 kB │ gzip:  15.51 kB │ map:   253.53 kB
build/chunks/Calibrate.7a126350.js                          71.72 kB │ gzip:  23.80 kB │ map:   251.10 kB
build/chunks/ReactTable.2e536198.js                         88.75 kB │ gzip:  27.05 kB │ map:   276.62 kB
build/chunks/Dashboard.d7b0491d.js                          90.61 kB │ gzip:  21.83 kB │ map:   520.67 kB
build/chunks/EdgesPanel.45a8810c.js                        135.18 kB │ gzip:  33.10 kB │ map:   493.95 kB
build/chunks/RadiosPanelNew.d11fdd33.js                    150.43 kB │ gzip:  39.54 kB │ map:   580.76 kB
build/chunks/SubscribersPanel.7be230de.js                  164.94 kB │ gzip:  53.46 kB │ map:   584.49 kB
build/chunks/DataGrid.297204d2.js                          279.90 kB │ gzip:  84.65 kB │ map: 1,352.07 kB
build/chunks/highcharts.a6a69044.js                        296.73 kB │ gzip: 106.33 kB │ map:   694.32 kB
build/chunks/EditNotes.aca55d12.js                         488.40 kB │ gzip: 132.29 kB │ map: 1,671.77 kB
build/js/index.405c4fb0.js                               2,139.87 kB │ gzip: 474.88 kB │ map: 5,435.12 kB

(!) Some chunks are larger than 1000 kBs after minification. Consider:
- Using dynamic import() to code-split the application
- Use build.rollupOptions.output.manualChunks to improve chunking: https://rollupjs.org/configuration-options/#output-manualchunks
- Adjust chunk size limit for this warning via build.chunkSizeWarningLimit.
✓ built in 2m 50s
Done in 173.29s.
Compilation done...
Complete at Wed Jul  5 02:32:59 AM EDT 2023
\n ************************************************** \n
Compiling at Wed Jul  5 07:30:01 AM EDT 2023
Pulling latest changes from Git...
From https://github.com/Highway9-Networks/h9-saas
   939dc0684..2e5b8a46a  main                   -> origin/main
   771a75b21..627fa38a9  balaji/mmeretry        -> origin/balaji/mmeretry
   8ae10ac8b..f12c6eb3f  feature/airspan        -> origin/feature/airspan
   6f1818294..21b4718e1  private/akshay-airspan -> origin/private/akshay-airspan
 * [new branch]          private/ishika/issue9249 -> origin/private/ishika/issue9249
 * [new branch]          private/mdighe/issue-9305-events -> origin/private/mdighe/issue-9305-events
   301fa3141..bfcad0e32  xpJain/change2         -> origin/xpJain/change2
Updating 939dc0684..2e5b8a46a
Fast-forward
 common/common.mk                                   |   2 +-
 .../carriergw/mocngw/mocngw/common/common_mocngw.h |   2 +-
 edge/carriergw/mocngw/mocngw/inc/s1ap_types.h      |   1 +
 edge/carriergw/mocngw/mocngw/tasks/config/config.c |   9 +-
 .../mocngw/mocngw/tasks/network/network_encoder.c  |   3 +-
 .../mocngw/mocngw/tasks/s1ap/s1ap_dummy.c          |   2 +-
 .../mocngw/mocngw/tasks/s1ap/s1ap_mme_handlers.c   |   4 +-
 orch/orch-ui/src/views/audit/AuditLog.tsx          |   3 +-
 .../src/components/ReactTable/ReactTable.jsx       | 199 ++++++-----------
 saas/saas-ui/src/hooks/useInterval.jsx             |   2 +-
 saas/saas-ui/src/services/user-service.jsx         |  23 +-
 saas/saas-ui/src/types/auditLog.ts                 |  42 ++++
 saas/saas-ui/src/views/audit/AuditLog.jsx          | 221 -------------------
 saas/saas-ui/src/views/audit/AuditLog.tsx          | 239 +++++++++++++++++++++
 14 files changed, 383 insertions(+), 369 deletions(-)
 create mode 100644 saas/saas-ui/src/types/auditLog.ts
 delete mode 100644 saas/saas-ui/src/views/audit/AuditLog.jsx
 create mode 100644 saas/saas-ui/src/views/audit/AuditLog.tsx
Compiling the orch UI code...
Deleting build...
Folder build deleted.
Folder A is unchanged.
yarn
yarn install v1.22.19
[1/4] Resolving packages...
success Already up-to-date.
Done in 1.20s.
yarn run build
yarn run v1.22.19
$ vite build
vite v4.3.9 building for production...
[plugin:vite-plugin-eslint] LintOnStart is turned on, and it will check for all matching files.
transforming...
✓ 13594 modules transformed.
rendering chunks...
computing gzip size...
build/assets/svg/pin.svg                                     0.85 kB │ gzip:   0.44 kB
build/assets/svg/current.svg                                 0.96 kB │ gzip:   0.47 kB
build/index.html                                             1.00 kB │ gzip:   0.53 kB
build/assets/svg/celltower.svg                               2.73 kB │ gzip:   1.41 kB
build/assets/svg/green-plain.svg                             3.30 kB │ gzip:   1.25 kB
build/assets/svg/pointer.svg                                 3.36 kB │ gzip:   1.27 kB
build/assets/svg/pointer-green.svg                           4.26 kB │ gzip:   1.56 kB
build/assets/svg/pointer-grey.svg                            4.26 kB │ gzip:   1.56 kB
build/assets/svg/markerA.svg                                 4.71 kB │ gzip:   1.66 kB
build/assets/woff2/roboto-vietnamese-400-normal.woff2        5.56 kB
build/assets/svg/markerB.svg                                 5.70 kB │ gzip:   2.12 kB
build/assets/woff2/roboto-greek-400-normal.woff2             7.11 kB
build/assets/svg/Radio-Indoor-Icon.svg                       7.43 kB │ gzip:   1.99 kB
build/assets/woff2/roboto-cyrillic-400-normal.woff2          9.63 kB
build/assets/woff2/roboto-latin-ext-400-normal.woff2        11.87 kB
build/assets/woff2/roboto-cyrillic-ext-400-normal.woff2     15.34 kB
build/assets/woff2/roboto-latin-400-normal.woff2            15.74 kB
build/assets/woff/roboto-all-400-normal.woff                65.46 kB
build/assets/css/EdgesPanel.css                              0.06 kB │ gzip:   0.08 kB
build/assets/css/SubscribersPanel.css                        0.18 kB │ gzip:   0.14 kB
build/assets/css/RadiosPanelNew.css                          0.22 kB │ gzip:   0.17 kB
build/assets/css/Diagnostics.css                             0.29 kB │ gzip:   0.21 kB
build/assets/css/Calibrate.css                               0.64 kB │ gzip:   0.40 kB
build/assets/css/ReactTable.css                              1.32 kB │ gzip:   0.56 kB
build/assets/css/index.css                                   1.78 kB │ gzip:   0.78 kB
build/assets/css/Dashboard.css                               4.02 kB │ gzip:   2.01 kB
build/assets/css/EditNotes.css                              17.96 kB │ gzip:   3.16 kB
build/chunks/QoS-service.e853365a.js                         0.26 kB │ gzip:   0.22 kB │ map:     0.80 kB
build/chunks/LightTooltip.58fcfcfa.js                        0.34 kB │ gzip:   0.28 kB │ map:     1.06 kB
build/chunks/ArrowForwardIosSharp.52e1e1a0.js                0.36 kB │ gzip:   0.29 kB │ map:     1.12 kB
build/chunks/hardwareInventory-service.f713cb27.js           0.38 kB │ gzip:   0.30 kB │ map:     1.14 kB
build/chunks/RestartAlt.55cc1dbc.js                          0.38 kB │ gzip:   0.30 kB │ map:     0.71 kB
build/chunks/NotImplemented.248cc0b2.js                      0.55 kB │ gzip:   0.40 kB │ map:     1.39 kB
build/chunks/AccordianSummary.9441aec5.js                    0.63 kB │ gzip:   0.44 kB │ map:     1.72 kB
build/chunks/Card.ccd9f86c.js                                0.63 kB │ gzip:   0.43 kB │ map:     4.60 kB
build/chunks/useInterval.f135083a.js                         0.71 kB │ gzip:   0.41 kB │ map:     3.67 kB
build/chunks/TimeDateInput.4aacf2c7.js                       0.88 kB │ gzip:   0.50 kB │ map:     3.03 kB
build/chunks/LineChart.1dc48e97.js                           1.05 kB │ gzip:   0.66 kB │ map:     3.88 kB
build/chunks/TabPanel.04d27abe.js                            1.14 kB │ gzip:   0.63 kB │ map:     4.33 kB
build/chunks/ModalDialogComponent.deeb3ea8.js                1.28 kB │ gzip:   0.70 kB │ map:     4.53 kB
build/chunks/index.8552f39b.js                               1.98 kB │ gzip:   0.66 kB │ map:     5.83 kB
build/chunks/HealthGauge.83118bad.js                         2.37 kB │ gzip:   1.29 kB │ map:     8.47 kB
build/chunks/useSupport.01efd8f7.js                          2.45 kB │ gzip:   1.08 kB │ map:    10.12 kB
build/chunks/Checkbox.6ab97eaf.js                            2.46 kB │ gzip:   1.16 kB │ map:    13.67 kB
build/chunks/radioHelper.0ea7214e.js                         2.58 kB │ gzip:   1.17 kB │ map:     8.50 kB
build/chunks/AuditLog.c8cc7d79.js                            3.71 kB │ gzip:   1.58 kB │ map:    14.13 kB
build/chunks/SlideUpTransition.357cdea4.js                   4.03 kB │ gzip:   1.61 kB │ map:    19.76 kB
build/chunks/index.0ba1abad.js                               4.14 kB │ gzip:   1.48 kB │ map:    13.64 kB
build/chunks/Logs.acd61576.js                                4.78 kB │ gzip:   2.11 kB │ map:    20.71 kB
build/chunks/AccordionSummary.41f054a2.js                    5.73 kB │ gzip:   1.97 kB │ map:    27.76 kB
build/chunks/ContextMenu.a42a1c45.js                         6.23 kB │ gzip:   2.03 kB │ map:    22.48 kB
build/chunks/useStyles.d26712d4.js                           6.39 kB │ gzip:   2.38 kB │ map:    26.35 kB
build/chunks/web-vitals.dfcc5b9a.js                          6.98 kB │ gzip:   2.58 kB │ map:    16.56 kB
build/chunks/TablePagination.a84003bd.js                     8.27 kB │ gzip:   3.16 kB │ map:    42.12 kB
build/chunks/DnnPanel.8b8aeba0.js                            9.64 kB │ gzip:   3.65 kB │ map:    37.84 kB
build/chunks/GMap.9fd24a00.js                               16.54 kB │ gzip:   5.28 kB │ map:    51.13 kB
build/chunks/Diagnostics.72776ea4.js                        23.58 kB │ gzip:   7.53 kB │ map:    89.63 kB
build/chunks/index.ab359d6d.js                              41.18 kB │ gzip:  10.55 kB │ map:   154.16 kB
build/chunks/AuditLogDetails.a23d9356.js                    41.88 kB │ gzip:  13.90 kB │ map:   315.56 kB
build/chunks/RadioForm.d54c0d9c.js                          52.34 kB │ gzip:  14.59 kB │ map:   222.41 kB
build/chunks/System.4cf1c072.js                             67.07 kB │ gzip:  15.51 kB │ map:   253.53 kB
build/chunks/Calibrate.01aa9854.js                          71.72 kB │ gzip:  23.80 kB │ map:   251.10 kB
build/chunks/ReactTable.a990feb7.js                         88.75 kB │ gzip:  27.05 kB │ map:   276.62 kB
build/chunks/Dashboard.8a530a86.js                          90.61 kB │ gzip:  21.83 kB │ map:   520.67 kB
build/chunks/EdgesPanel.b91df192.js                        135.18 kB │ gzip:  33.09 kB │ map:   493.95 kB
build/chunks/RadiosPanelNew.274f6043.js                    150.43 kB │ gzip:  39.54 kB │ map:   580.76 kB
build/chunks/SubscribersPanel.1818b594.js                  164.94 kB │ gzip:  53.46 kB │ map:   584.49 kB
build/chunks/DataGrid.66934049.js                          279.90 kB │ gzip:  84.65 kB │ map: 1,352.07 kB
build/chunks/highcharts.233bb22b.js                        296.73 kB │ gzip: 106.33 kB │ map:   694.32 kB
build/chunks/EditNotes.82bd3f3c.js                         488.40 kB │ gzip: 132.29 kB │ map: 1,671.77 kB
build/js/index.037e0cc7.js                               2,139.87 kB │ gzip: 474.88 kB │ map: 5,435.12 kB

(!) Some chunks are larger than 1000 kBs after minification. Consider:
- Using dynamic import() to code-split the application
- Use build.rollupOptions.output.manualChunks to improve chunking: https://rollupjs.org/configuration-options/#output-manualchunks
- Adjust chunk size limit for this warning via build.chunkSizeWarningLimit.
✓ built in 2m 38s
Done in 161.17s.
Compilation done...
Complete at Wed Jul  5 07:32:47 AM EDT 2023
\n ************************************************** \n
Compiling at Wed Jul  5 10:30:00 AM EDT 2023
Pulling latest changes from Git...
From https://github.com/Highway9-Networks/h9-saas
   2e5b8a46a..f8f2a0103  main            -> origin/main
   f12c6eb3f..d346824c8  feature/airspan -> origin/feature/airspan
   931e86d3a..ee351a8fa  private/ankita/airspan-ztp -> origin/private/ankita/airspan-ztp
 * [new branch]          private/ishika/issue_9249 -> origin/private/ishika/issue_9249
Updating 2e5b8a46a..f8f2a0103
Fast-forward
 orch/orch-ui/src/views/subscribers/graphs/timeline/TimelineEvents.tsx | 2 ++
 1 file changed, 2 insertions(+)
Compiling the orch UI code...
Deleting build...
Folder build deleted.
Folder A is unchanged.
yarn
yarn install v1.22.19
[1/4] Resolving packages...
success Already up-to-date.
Done in 1.11s.
yarn run build
yarn run v1.22.19
$ vite build
vite v4.3.9 building for production...
[plugin:vite-plugin-eslint] LintOnStart is turned on, and it will check for all matching files.
transforming...
✓ 13594 modules transformed.
rendering chunks...
computing gzip size...
build/assets/svg/pin.svg                                     0.85 kB │ gzip:   0.44 kB
build/assets/svg/current.svg                                 0.96 kB │ gzip:   0.47 kB
build/index.html                                             1.00 kB │ gzip:   0.53 kB
build/assets/svg/celltower.svg                               2.73 kB │ gzip:   1.41 kB
build/assets/svg/green-plain.svg                             3.30 kB │ gzip:   1.25 kB
build/assets/svg/pointer.svg                                 3.36 kB │ gzip:   1.27 kB
build/assets/svg/pointer-green.svg                           4.26 kB │ gzip:   1.56 kB
build/assets/svg/pointer-grey.svg                            4.26 kB │ gzip:   1.56 kB
build/assets/svg/markerA.svg                                 4.71 kB │ gzip:   1.66 kB
build/assets/woff2/roboto-vietnamese-400-normal.woff2        5.56 kB
build/assets/svg/markerB.svg                                 5.70 kB │ gzip:   2.12 kB
build/assets/woff2/roboto-greek-400-normal.woff2             7.11 kB
build/assets/svg/Radio-Indoor-Icon.svg                       7.43 kB │ gzip:   1.99 kB
build/assets/woff2/roboto-cyrillic-400-normal.woff2          9.63 kB
build/assets/woff2/roboto-latin-ext-400-normal.woff2        11.87 kB
build/assets/woff2/roboto-cyrillic-ext-400-normal.woff2     15.34 kB
build/assets/woff2/roboto-latin-400-normal.woff2            15.74 kB
build/assets/woff/roboto-all-400-normal.woff                65.46 kB
build/assets/css/EdgesPanel.css                              0.06 kB │ gzip:   0.08 kB
build/assets/css/SubscribersPanel.css                        0.18 kB │ gzip:   0.14 kB
build/assets/css/RadiosPanelNew.css                          0.22 kB │ gzip:   0.17 kB
build/assets/css/Diagnostics.css                             0.29 kB │ gzip:   0.21 kB
build/assets/css/Calibrate.css                               0.64 kB │ gzip:   0.40 kB
build/assets/css/ReactTable.css                              1.32 kB │ gzip:   0.56 kB
build/assets/css/index.css                                   1.78 kB │ gzip:   0.78 kB
build/assets/css/Dashboard.css                               4.02 kB │ gzip:   2.01 kB
build/assets/css/EditNotes.css                              17.96 kB │ gzip:   3.16 kB
build/chunks/QoS-service.379c113c.js                         0.26 kB │ gzip:   0.21 kB │ map:     0.80 kB
build/chunks/LightTooltip.9015e1ea.js                        0.34 kB │ gzip:   0.28 kB │ map:     1.06 kB
build/chunks/ArrowForwardIosSharp.ed396c65.js                0.36 kB │ gzip:   0.29 kB │ map:     1.12 kB
build/chunks/hardwareInventory-service.40e01451.js           0.38 kB │ gzip:   0.30 kB │ map:     1.14 kB
build/chunks/RestartAlt.24f878fb.js                          0.38 kB │ gzip:   0.30 kB │ map:     0.71 kB
build/chunks/NotImplemented.abbbd349.js                      0.55 kB │ gzip:   0.40 kB │ map:     1.39 kB
build/chunks/AccordianSummary.9f58ca35.js                    0.63 kB │ gzip:   0.44 kB │ map:     1.72 kB
build/chunks/Card.605c5f45.js                                0.63 kB │ gzip:   0.43 kB │ map:     4.60 kB
build/chunks/useInterval.70389244.js                         0.71 kB │ gzip:   0.41 kB │ map:     3.67 kB
build/chunks/TimeDateInput.7feb950f.js                       0.88 kB │ gzip:   0.50 kB │ map:     3.03 kB
build/chunks/LineChart.c023cc52.js                           1.05 kB │ gzip:   0.66 kB │ map:     3.88 kB
build/chunks/TabPanel.2e7c21cd.js                            1.14 kB │ gzip:   0.63 kB │ map:     4.33 kB
build/chunks/ModalDialogComponent.663e225a.js                1.28 kB │ gzip:   0.71 kB │ map:     4.53 kB
build/chunks/index.7eada3cf.js                               1.98 kB │ gzip:   0.66 kB │ map:     5.83 kB
build/chunks/HealthGauge.c606cd6c.js                         2.37 kB │ gzip:   1.29 kB │ map:     8.47 kB
build/chunks/useSupport.6ce8a4c1.js                          2.45 kB │ gzip:   1.08 kB │ map:    10.12 kB
build/chunks/Checkbox.0800a5d7.js                            2.46 kB │ gzip:   1.15 kB │ map:    13.67 kB
build/chunks/radioHelper.1fe8fdfe.js                         2.58 kB │ gzip:   1.17 kB │ map:     8.50 kB
build/chunks/AuditLog.9d010c55.js                            3.71 kB │ gzip:   1.58 kB │ map:    14.13 kB
build/chunks/SlideUpTransition.737b5b77.js                   4.03 kB │ gzip:   1.61 kB │ map:    19.76 kB
build/chunks/index.92d37f61.js                               4.14 kB │ gzip:   1.49 kB │ map:    13.64 kB
build/chunks/Logs.d8d9a217.js                                4.78 kB │ gzip:   2.11 kB │ map:    20.71 kB
build/chunks/AccordionSummary.d822246f.js                    5.73 kB │ gzip:   1.97 kB │ map:    27.76 kB
build/chunks/ContextMenu.1e40c45b.js                         6.23 kB │ gzip:   2.03 kB │ map:    22.48 kB
build/chunks/useStyles.b3157f2a.js                           6.39 kB │ gzip:   2.38 kB │ map:    26.35 kB
build/chunks/web-vitals.dfcc5b9a.js                          6.98 kB │ gzip:   2.58 kB │ map:    16.56 kB
build/chunks/TablePagination.16d28f03.js                     8.27 kB │ gzip:   3.16 kB │ map:    42.12 kB
build/chunks/DnnPanel.edfc2ba1.js                            9.64 kB │ gzip:   3.65 kB │ map:    37.84 kB
build/chunks/GMap.1a74f64e.js                               16.54 kB │ gzip:   5.28 kB │ map:    51.13 kB
build/chunks/Diagnostics.8b8e09a7.js                        23.58 kB │ gzip:   7.53 kB │ map:    89.63 kB
build/chunks/index.655f1846.js                              41.18 kB │ gzip:  10.56 kB │ map:   154.16 kB
build/chunks/AuditLogDetails.9a3233e8.js                    41.88 kB │ gzip:  13.90 kB │ map:   315.56 kB
build/chunks/RadioForm.959588f7.js                          52.34 kB │ gzip:  14.60 kB │ map:   222.41 kB
build/chunks/System.1425854a.js                             67.07 kB │ gzip:  15.51 kB │ map:   253.53 kB
build/chunks/Calibrate.c63b278e.js                          71.72 kB │ gzip:  23.80 kB │ map:   251.10 kB
build/chunks/ReactTable.5aa31c2c.js                         88.75 kB │ gzip:  27.05 kB │ map:   276.62 kB
build/chunks/Dashboard.fee3879e.js                          90.61 kB │ gzip:  21.83 kB │ map:   520.67 kB
build/chunks/EdgesPanel.cbcd7814.js                        135.18 kB │ gzip:  33.10 kB │ map:   493.95 kB
build/chunks/RadiosPanelNew.ad1cceac.js                    150.43 kB │ gzip:  39.54 kB │ map:   580.76 kB
build/chunks/SubscribersPanel.6fa02ed3.js                  165.00 kB │ gzip:  53.48 kB │ map:   584.66 kB
build/chunks/DataGrid.1d25772b.js                          279.90 kB │ gzip:  84.65 kB │ map: 1,352.07 kB
build/chunks/highcharts.35d73f8d.js                        296.73 kB │ gzip: 106.33 kB │ map:   694.32 kB
build/chunks/EditNotes.0dc18b81.js                         488.40 kB │ gzip: 132.30 kB │ map: 1,671.77 kB
build/js/index.51fe09f0.js                               2,139.87 kB │ gzip: 474.88 kB │ map: 5,435.12 kB

(!) Some chunks are larger than 1000 kBs after minification. Consider:
- Using dynamic import() to code-split the application
- Use build.rollupOptions.output.manualChunks to improve chunking: https://rollupjs.org/configuration-options/#output-manualchunks
- Adjust chunk size limit for this warning via build.chunkSizeWarningLimit.
✓ built in 2m 38s
Done in 161.47s.
Compilation done...
Complete at Wed Jul  5 10:32:47 AM EDT 2023
\n ************************************************** \n
Compiling at Thu Jul  6 02:30:00 AM EDT 2023
Pulling latest changes from Git...
From https://github.com/Highway9-Networks/h9-saas
   f8f2a0103..a0058e1e7  main                   -> origin/main
 * [new branch]          Timeout_For_Grpc_Send  -> origin/Timeout_For_Grpc_Send
   627fa38a9..e751a4f6d  balaji/mmeretry        -> origin/balaji/mmeretry
   d346824c8..27fa77a77  feature/airspan        -> origin/feature/airspan
   9975d9359..752891bb5  main-release           -> origin/main-release
   686c06b40..13ee2ee1b  nidhi/auditLog         -> origin/nidhi/auditLog
   cfba2346f..0e7495e33  omc-upgrade            -> origin/omc-upgrade
   21b4718e1..caad35cb6  private/akshay-airspan -> origin/private/akshay-airspan
   77ecf6c54..593a5428c  private/akshay-new-29  -> origin/private/akshay-new-29
 * [new branch]          private/akshay-sync5   -> origin/private/akshay-sync5
   bfcad0e32..e0e0f1f01  xpJain/change2         -> origin/xpJain/change2
Updating f8f2a0103..a0058e1e7
Fast-forward
 clusterAgent/grpcServer/go.mod                     |  3 +-
 common/adapters/baicells/baicells.go               | 11 ++++-
 common/common.mk                                   |  2 +-
 orch/orch-common/auditing/auditing.go              | 52 ++++++++++++++++++++++
 .../deviceOrderFullfillmentService.go              | 21 ++++++---
 .../edgeOrderFullfilmentService.go                 |  5 +++
 .../radioOrderFullfilmentService.go                |  5 +++
 orch/orch-ui/src/components/EventsComponent.tsx    |  8 ++--
 orch/orch-ui/src/components/Logs.jsx               | 46 +++++--------------
 saas/saas-order-api/apihandler/OrderHandler.go     | 10 ++++-
 saas/saas-order-api/go.mod                         |  5 ++-
 11 files changed, 116 insertions(+), 52 deletions(-)
Compiling the orch UI code...
Deleting build...
Folder build deleted.
Folder A is unchanged.
yarn
yarn install v1.22.19
[1/4] Resolving packages...
success Already up-to-date.
Done in 1.12s.
yarn run build
yarn run v1.22.19
$ vite build
vite v4.3.9 building for production...
[plugin:vite-plugin-eslint] LintOnStart is turned on, and it will check for all matching files.
transforming...
✓ 13594 modules transformed.
rendering chunks...
computing gzip size...
build/assets/svg/pin.svg                                     0.85 kB │ gzip:   0.44 kB
build/assets/svg/current.svg                                 0.96 kB │ gzip:   0.47 kB
build/index.html                                             1.00 kB │ gzip:   0.53 kB
build/assets/svg/celltower.svg                               2.73 kB │ gzip:   1.41 kB
build/assets/svg/green-plain.svg                             3.30 kB │ gzip:   1.25 kB
build/assets/svg/pointer.svg                                 3.36 kB │ gzip:   1.27 kB
build/assets/svg/pointer-green.svg                           4.26 kB │ gzip:   1.56 kB
build/assets/svg/pointer-grey.svg                            4.26 kB │ gzip:   1.56 kB
build/assets/svg/markerA.svg                                 4.71 kB │ gzip:   1.66 kB
build/assets/woff2/roboto-vietnamese-400-normal.woff2        5.56 kB
build/assets/svg/markerB.svg                                 5.70 kB │ gzip:   2.12 kB
build/assets/woff2/roboto-greek-400-normal.woff2             7.11 kB
build/assets/svg/Radio-Indoor-Icon.svg                       7.43 kB │ gzip:   1.99 kB
build/assets/woff2/roboto-cyrillic-400-normal.woff2          9.63 kB
build/assets/woff2/roboto-latin-ext-400-normal.woff2        11.87 kB
build/assets/woff2/roboto-cyrillic-ext-400-normal.woff2     15.34 kB
build/assets/woff2/roboto-latin-400-normal.woff2            15.74 kB
build/assets/woff/roboto-all-400-normal.woff                65.46 kB
build/assets/css/EdgesPanel.css                              0.06 kB │ gzip:   0.08 kB
build/assets/css/SubscribersPanel.css                        0.18 kB │ gzip:   0.14 kB
build/assets/css/RadiosPanelNew.css                          0.22 kB │ gzip:   0.17 kB
build/assets/css/Diagnostics.css                             0.29 kB │ gzip:   0.21 kB
build/assets/css/Calibrate.css                               0.64 kB │ gzip:   0.40 kB
build/assets/css/ReactTable.css                              1.32 kB │ gzip:   0.56 kB
build/assets/css/index.css                                   1.78 kB │ gzip:   0.78 kB
build/assets/css/Dashboard.css                               4.02 kB │ gzip:   2.01 kB
build/assets/css/EditNotes.css                              17.96 kB │ gzip:   3.16 kB
build/chunks/QoS-service.a652d57d.js                         0.26 kB │ gzip:   0.22 kB │ map:     0.80 kB
build/chunks/LightTooltip.39fbcda0.js                        0.34 kB │ gzip:   0.28 kB │ map:     1.06 kB
build/chunks/ArrowForwardIosSharp.380df753.js                0.36 kB │ gzip:   0.29 kB │ map:     1.12 kB
build/chunks/hardwareInventory-service.a3e820ae.js           0.38 kB │ gzip:   0.30 kB │ map:     1.14 kB
build/chunks/RestartAlt.a773af78.js                          0.38 kB │ gzip:   0.30 kB │ map:     0.71 kB
build/chunks/NotImplemented.8ea6d2cf.js                      0.55 kB │ gzip:   0.40 kB │ map:     1.39 kB
build/chunks/AccordianSummary.b48ef511.js                    0.63 kB │ gzip:   0.44 kB │ map:     1.72 kB
build/chunks/Card.d0530031.js                                0.63 kB │ gzip:   0.43 kB │ map:     4.60 kB
build/chunks/useInterval.1ef357c4.js                         0.71 kB │ gzip:   0.41 kB │ map:     3.67 kB
build/chunks/TimeDateInput.3f34e250.js                       0.88 kB │ gzip:   0.50 kB │ map:     3.03 kB
build/chunks/LineChart.15a6bb30.js                           1.05 kB │ gzip:   0.66 kB │ map:     3.88 kB
build/chunks/TabPanel.dc7c3231.js                            1.14 kB │ gzip:   0.63 kB │ map:     4.33 kB
build/chunks/ModalDialogComponent.32666dab.js                1.28 kB │ gzip:   0.71 kB │ map:     4.53 kB
build/chunks/index.ac87b7a3.js                               1.98 kB │ gzip:   0.66 kB │ map:     5.83 kB
build/chunks/HealthGauge.5e21d9dc.js                         2.37 kB │ gzip:   1.29 kB │ map:     8.47 kB
build/chunks/useSupport.f5a10591.js                          2.45 kB │ gzip:   1.08 kB │ map:    10.12 kB
build/chunks/Checkbox.8c7cbd99.js                            2.46 kB │ gzip:   1.16 kB │ map:    13.67 kB
build/chunks/radioHelper.d3fce105.js                         2.58 kB │ gzip:   1.17 kB │ map:     8.50 kB
build/chunks/AuditLog.be924d9f.js                            3.71 kB │ gzip:   1.58 kB │ map:    14.13 kB
build/chunks/SlideUpTransition.db21034f.js                   4.03 kB │ gzip:   1.61 kB │ map:    19.76 kB
build/chunks/index.21255aef.js                               4.14 kB │ gzip:   1.48 kB │ map:    13.64 kB
build/chunks/Logs.cc9ac72f.js                                4.78 kB │ gzip:   2.11 kB │ map:    19.49 kB
build/chunks/AccordionSummary.12fcd77a.js                    5.73 kB │ gzip:   1.97 kB │ map:    27.76 kB
build/chunks/ContextMenu.642423a5.js                         6.23 kB │ gzip:   2.03 kB │ map:    22.48 kB
build/chunks/useStyles.87fc108f.js                           6.39 kB │ gzip:   2.38 kB │ map:    26.35 kB
build/chunks/web-vitals.dfcc5b9a.js                          6.98 kB │ gzip:   2.58 kB │ map:    16.56 kB
build/chunks/TablePagination.e68d5c36.js                     8.27 kB │ gzip:   3.16 kB │ map:    42.12 kB
build/chunks/DnnPanel.1f0d507e.js                            9.64 kB │ gzip:   3.65 kB │ map:    37.84 kB
build/chunks/GMap.075c7318.js                               16.54 kB │ gzip:   5.28 kB │ map:    51.13 kB
build/chunks/Diagnostics.8e12cf00.js                        23.58 kB │ gzip:   7.52 kB │ map:    89.63 kB
build/chunks/index.ef3bafd2.js                              41.18 kB │ gzip:  10.55 kB │ map:   154.16 kB
build/chunks/AuditLogDetails.a1f8b0d1.js                    41.88 kB │ gzip:  13.90 kB │ map:   315.56 kB
build/chunks/RadioForm.ace90024.js                          52.34 kB │ gzip:  14.59 kB │ map:   222.41 kB
build/chunks/System.dfda32ba.js                             67.07 kB │ gzip:  15.51 kB │ map:   253.53 kB
build/chunks/Calibrate.b6140620.js                          71.72 kB │ gzip:  23.80 kB │ map:   251.10 kB
build/chunks/ReactTable.b4761e00.js                         88.75 kB │ gzip:  27.05 kB │ map:   276.62 kB
build/chunks/Dashboard.180cf258.js                          90.61 kB │ gzip:  21.83 kB │ map:   520.67 kB
build/chunks/EdgesPanel.64feaf44.js                        135.18 kB │ gzip:  33.09 kB │ map:   493.95 kB
build/chunks/RadiosPanelNew.eaaef543.js                    150.43 kB │ gzip:  39.54 kB │ map:   580.76 kB
build/chunks/SubscribersPanel.aaee1ef5.js                  165.00 kB │ gzip:  53.48 kB │ map:   584.66 kB
build/chunks/DataGrid.189e6d02.js                          279.90 kB │ gzip:  84.66 kB │ map: 1,352.07 kB
build/chunks/highcharts.24a15199.js                        296.73 kB │ gzip: 106.33 kB │ map:   694.32 kB
build/chunks/EditNotes.0dc96bdd.js                         488.40 kB │ gzip: 132.29 kB │ map: 1,671.78 kB
build/js/index.280d5153.js                               2,139.87 kB │ gzip: 474.87 kB │ map: 5,435.12 kB

(!) Some chunks are larger than 1000 kBs after minification. Consider:
- Using dynamic import() to code-split the application
- Use build.rollupOptions.output.manualChunks to improve chunking: https://rollupjs.org/configuration-options/#output-manualchunks
- Adjust chunk size limit for this warning via build.chunkSizeWarningLimit.
✓ built in 2m 37s
Done in 159.05s.
Compilation done...
Complete at Thu Jul  6 02:32:45 AM EDT 2023
\n ************************************************** \n
Compiling at Thu Jul  6 07:30:01 AM EDT 2023
Pulling latest changes from Git...
From https://github.com/Highway9-Networks/h9-saas
   a0058e1e7..0bb3deec7  main                   -> origin/main
   27fa77a77..b88f2e9f1  feature/airspan        -> origin/feature/airspan
   3f416ace1..313070f62  feature/ushiva_cgw     -> origin/feature/ushiva_cgw
   caad35cb6..c7000f60c  private/akshay-airspan -> origin/private/akshay-airspan
   593a5428c..e25097243  private/akshay-new-29  -> origin/private/akshay-new-29
   2dfc53f57..7c78b59ba  private/baicellKPISupport -> origin/private/baicellKPISupport
   c6f368ef6..e38b435a1  private/dileep/FixingIssues_04_07_23 -> origin/private/dileep/FixingIssues_04_07_23
Updating a0058e1e7..0bb3deec7
Fast-forward
 common/commonGrpc/grpcClient/grpcClient.go         | 55 +++++++++-------------
 common/commonGrpc/grpcConn.go                      | 12 ++---
 common/commonGrpc/grpcServer/grpcServer.go         | 26 ++++++++--
 orch/orch-api/apihandler/EdgesRestHandler.go       |  5 +-
 orch/orch-common/go.mod                            | 12 ++---
 .../roles/agw-ami-configure/files/journald.conf    | 14 +++---
 orch/orch-service/go.mod                           |  8 ++--
 orch/orch-service/services/common/utils.go         |  2 +-
 .../edgeOrderFullfilmentService.go                 | 17 +------
 .../CarrierGateway/CarrierGatewayEdgeInfo.jsx      |  2 +-
 .../views/edges/Operator/OperatorCoreConfig.jsx    |  3 +-
 .../views/edges/Operator/OperatorDetailsDialog.jsx | 21 ++++++---
 12 files changed, 92 insertions(+), 85 deletions(-)
Compiling the orch UI code...
Deleting build...
Folder build deleted.
Folder A is unchanged.
yarn
yarn install v1.22.19
[1/4] Resolving packages...
success Already up-to-date.
Done in 0.75s.
yarn run build
yarn run v1.22.19
$ vite build
vite v4.3.9 building for production...
[plugin:vite-plugin-eslint] LintOnStart is turned on, and it will check for all matching files.
transforming...
✓ 13594 modules transformed.
rendering chunks...
computing gzip size...
build/assets/svg/pin.svg                                     0.85 kB │ gzip:   0.44 kB
build/assets/svg/current.svg                                 0.96 kB │ gzip:   0.47 kB
build/index.html                                             1.00 kB │ gzip:   0.53 kB
build/assets/svg/celltower.svg                               2.73 kB │ gzip:   1.41 kB
build/assets/svg/green-plain.svg                             3.30 kB │ gzip:   1.25 kB
build/assets/svg/pointer.svg                                 3.36 kB │ gzip:   1.27 kB
build/assets/svg/pointer-green.svg                           4.26 kB │ gzip:   1.56 kB
build/assets/svg/pointer-grey.svg                            4.26 kB │ gzip:   1.56 kB
build/assets/svg/markerA.svg                                 4.71 kB │ gzip:   1.66 kB
build/assets/woff2/roboto-vietnamese-400-normal.woff2        5.56 kB
build/assets/svg/markerB.svg                                 5.70 kB │ gzip:   2.12 kB
build/assets/woff2/roboto-greek-400-normal.woff2             7.11 kB
build/assets/svg/Radio-Indoor-Icon.svg                       7.43 kB │ gzip:   1.99 kB
build/assets/woff2/roboto-cyrillic-400-normal.woff2          9.63 kB
build/assets/woff2/roboto-latin-ext-400-normal.woff2        11.87 kB
build/assets/woff2/roboto-cyrillic-ext-400-normal.woff2     15.34 kB
build/assets/woff2/roboto-latin-400-normal.woff2            15.74 kB
build/assets/woff/roboto-all-400-normal.woff                65.46 kB
build/assets/css/EdgesPanel.css                              0.06 kB │ gzip:   0.08 kB
build/assets/css/SubscribersPanel.css                        0.18 kB │ gzip:   0.14 kB
build/assets/css/RadiosPanelNew.css                          0.22 kB │ gzip:   0.17 kB
build/assets/css/Diagnostics.css                             0.29 kB │ gzip:   0.21 kB
build/assets/css/Calibrate.css                               0.64 kB │ gzip:   0.40 kB
build/assets/css/ReactTable.css                              1.32 kB │ gzip:   0.56 kB
build/assets/css/index.css                                   1.78 kB │ gzip:   0.78 kB
build/assets/css/Dashboard.css                               4.02 kB │ gzip:   2.01 kB
build/assets/css/EditNotes.css                              17.96 kB │ gzip:   3.16 kB
build/chunks/QoS-service.5b63e43f.js                         0.26 kB │ gzip:   0.22 kB │ map:     0.80 kB
build/chunks/LightTooltip.8e1eb2e5.js                        0.34 kB │ gzip:   0.28 kB │ map:     1.06 kB
build/chunks/ArrowForwardIosSharp.b9855e9c.js                0.36 kB │ gzip:   0.29 kB │ map:     1.12 kB
build/chunks/hardwareInventory-service.8b80b5be.js           0.38 kB │ gzip:   0.30 kB │ map:     1.14 kB
build/chunks/RestartAlt.11a7a441.js                          0.38 kB │ gzip:   0.30 kB │ map:     0.71 kB
build/chunks/NotImplemented.dbd058f9.js                      0.55 kB │ gzip:   0.40 kB │ map:     1.39 kB
build/chunks/AccordianSummary.333583f5.js                    0.63 kB │ gzip:   0.44 kB │ map:     1.72 kB
build/chunks/Card.25d0e602.js                                0.63 kB │ gzip:   0.43 kB │ map:     4.60 kB
build/chunks/useInterval.7a3d004e.js                         0.71 kB │ gzip:   0.41 kB │ map:     3.67 kB
build/chunks/TimeDateInput.89b89427.js                       0.88 kB │ gzip:   0.50 kB │ map:     3.03 kB
build/chunks/LineChart.7d709c7f.js                           1.05 kB │ gzip:   0.66 kB │ map:     3.88 kB
build/chunks/TabPanel.2ff82b34.js                            1.14 kB │ gzip:   0.63 kB │ map:     4.33 kB
build/chunks/ModalDialogComponent.35b05000.js                1.28 kB │ gzip:   0.70 kB │ map:     4.53 kB
build/chunks/index.8d19a094.js                               1.98 kB │ gzip:   0.66 kB │ map:     5.83 kB
build/chunks/HealthGauge.6d1316a0.js                         2.37 kB │ gzip:   1.29 kB │ map:     8.47 kB
build/chunks/useSupport.dbcbf654.js                          2.45 kB │ gzip:   1.08 kB │ map:    10.12 kB
build/chunks/Checkbox.423606a6.js                            2.46 kB │ gzip:   1.16 kB │ map:    13.67 kB
build/chunks/radioHelper.0804ce50.js                         2.58 kB │ gzip:   1.17 kB │ map:     8.50 kB
build/chunks/AuditLog.933604b3.js                            3.71 kB │ gzip:   1.58 kB │ map:    14.13 kB
build/chunks/SlideUpTransition.dcc90555.js                   4.03 kB │ gzip:   1.61 kB │ map:    19.76 kB
build/chunks/index.1a35e6ad.js                               4.14 kB │ gzip:   1.48 kB │ map:    13.64 kB
build/chunks/Logs.22193755.js                                4.78 kB │ gzip:   2.11 kB │ map:    19.49 kB
build/chunks/AccordionSummary.29d632de.js                    5.73 kB │ gzip:   1.97 kB │ map:    27.76 kB
build/chunks/ContextMenu.f36ce52a.js                         6.23 kB │ gzip:   2.03 kB │ map:    22.48 kB
build/chunks/useStyles.340511f7.js                           6.39 kB │ gzip:   2.38 kB │ map:    26.35 kB
build/chunks/web-vitals.dfcc5b9a.js                          6.98 kB │ gzip:   2.58 kB │ map:    16.56 kB
build/chunks/TablePagination.2deb1231.js                     8.27 kB │ gzip:   3.16 kB │ map:    42.12 kB
build/chunks/DnnPanel.72b4238a.js                            9.64 kB │ gzip:   3.65 kB │ map:    37.84 kB
build/chunks/GMap.b6d7d361.js                               16.54 kB │ gzip:   5.28 kB │ map:    51.13 kB
build/chunks/Diagnostics.f0af41fd.js                        23.58 kB │ gzip:   7.53 kB │ map:    89.63 kB
build/chunks/index.0b7eec91.js                              41.18 kB │ gzip:  10.56 kB │ map:   154.16 kB
build/chunks/AuditLogDetails.e0eaeae4.js                    41.88 kB │ gzip:  13.90 kB │ map:   315.56 kB
build/chunks/RadioForm.2747c42c.js                          52.34 kB │ gzip:  14.60 kB │ map:   222.41 kB
build/chunks/System.a2062b3d.js                             67.07 kB │ gzip:  15.51 kB │ map:   253.53 kB
build/chunks/Calibrate.ffa2ebe9.js                          71.72 kB │ gzip:  23.80 kB │ map:   251.10 kB
build/chunks/ReactTable.24477f71.js                         88.75 kB │ gzip:  27.05 kB │ map:   276.62 kB
build/chunks/Dashboard.a63575ba.js                          90.61 kB │ gzip:  21.83 kB │ map:   520.67 kB
build/chunks/EdgesPanel.8a7fa914.js                        135.26 kB │ gzip:  33.10 kB │ map:   494.44 kB
build/chunks/RadiosPanelNew.be227811.js                    150.43 kB │ gzip:  39.54 kB │ map:   580.76 kB
build/chunks/SubscribersPanel.3cb0c397.js                  165.00 kB │ gzip:  53.48 kB │ map:   584.66 kB
build/chunks/DataGrid.c174b259.js                          279.90 kB │ gzip:  84.66 kB │ map: 1,352.07 kB
build/chunks/highcharts.de9e3c4d.js                        296.73 kB │ gzip: 106.33 kB │ map:   694.32 kB
build/chunks/EditNotes.eb9be47d.js                         488.40 kB │ gzip: 132.29 kB │ map: 1,671.78 kB
build/js/index.5e588a8e.js                               2,139.87 kB │ gzip: 474.88 kB │ map: 5,435.12 kB

(!) Some chunks are larger than 1000 kBs after minification. Consider:
- Using dynamic import() to code-split the application
- Use build.rollupOptions.output.manualChunks to improve chunking: https://rollupjs.org/configuration-options/#output-manualchunks
- Adjust chunk size limit for this warning via build.chunkSizeWarningLimit.
✓ built in 2m 46s
Done in 168.18s.
Compilation done...
Complete at Thu Jul  6 07:32:53 AM EDT 2023
\n ************************************************** \n
Compiling at Thu Jul  6 10:30:00 AM EDT 2023
Pulling latest changes from Git...
From https://github.com/Highway9-Networks/h9-saas
   0bb3deec7..351287894  main                   -> origin/main
 * [new branch]          bhuvaneshne_9093       -> origin/bhuvaneshne_9093
   b88f2e9f1..fa110666a  feature/airspan        -> origin/feature/airspan
   313070f62..f266226c3  feature/ushiva_cgw     -> origin/feature/ushiva_cgw
 * [new branch]          nidhi/DNSFix           -> origin/nidhi/DNSFix
   c7000f60c..4d6974951  private/akshay-airspan -> origin/private/akshay-airspan
   7c78b59ba..4aa5f31e8  private/baicellKPISupport -> origin/private/baicellKPISupport
   ac7aaf197..81b887825  private/mdighe/issue-9305-events -> origin/private/mdighe/issue-9305-events
Updating 0bb3deec7..351287894
Fast-forward
 orch/orch-common/events/events.go | 20 +++++++++++++-------
 1 file changed, 13 insertions(+), 7 deletions(-)
Compiling the orch UI code...
Deleting build...
Folder build deleted.
Folder A is unchanged.
yarn
yarn install v1.22.19
[1/4] Resolving packages...
success Already up-to-date.
Done in 0.78s.
yarn run build
yarn run v1.22.19
$ vite build
vite v4.3.9 building for production...
[plugin:vite-plugin-eslint] LintOnStart is turned on, and it will check for all matching files.
transforming...
✓ 13594 modules transformed.
rendering chunks...
computing gzip size...
build/assets/svg/pin.svg                                     0.85 kB │ gzip:   0.44 kB
build/assets/svg/current.svg                                 0.96 kB │ gzip:   0.47 kB
build/index.html                                             1.00 kB │ gzip:   0.53 kB
build/assets/svg/celltower.svg                               2.73 kB │ gzip:   1.41 kB
build/assets/svg/green-plain.svg                             3.30 kB │ gzip:   1.25 kB
build/assets/svg/pointer.svg                                 3.36 kB │ gzip:   1.27 kB
build/assets/svg/pointer-green.svg                           4.26 kB │ gzip:   1.56 kB
build/assets/svg/pointer-grey.svg                            4.26 kB │ gzip:   1.56 kB
build/assets/svg/markerA.svg                                 4.71 kB │ gzip:   1.66 kB
build/assets/woff2/roboto-vietnamese-400-normal.woff2        5.56 kB
build/assets/svg/markerB.svg                                 5.70 kB │ gzip:   2.12 kB
build/assets/woff2/roboto-greek-400-normal.woff2             7.11 kB
build/assets/svg/Radio-Indoor-Icon.svg                       7.43 kB │ gzip:   1.99 kB
build/assets/woff2/roboto-cyrillic-400-normal.woff2          9.63 kB
build/assets/woff2/roboto-latin-ext-400-normal.woff2        11.87 kB
build/assets/woff2/roboto-cyrillic-ext-400-normal.woff2     15.34 kB
build/assets/woff2/roboto-latin-400-normal.woff2            15.74 kB
build/assets/woff/roboto-all-400-normal.woff                65.46 kB
build/assets/css/EdgesPanel.css                              0.06 kB │ gzip:   0.08 kB
build/assets/css/SubscribersPanel.css                        0.18 kB │ gzip:   0.14 kB
build/assets/css/RadiosPanelNew.css                          0.22 kB │ gzip:   0.17 kB
build/assets/css/Diagnostics.css                             0.29 kB │ gzip:   0.21 kB
build/assets/css/Calibrate.css                               0.64 kB │ gzip:   0.40 kB
build/assets/css/ReactTable.css                              1.32 kB │ gzip:   0.56 kB
build/assets/css/index.css                                   1.78 kB │ gzip:   0.78 kB
build/assets/css/Dashboard.css                               4.02 kB │ gzip:   2.01 kB
build/assets/css/EditNotes.css                              17.96 kB │ gzip:   3.16 kB
build/chunks/QoS-service.5b63e43f.js                         0.26 kB │ gzip:   0.22 kB │ map:     0.80 kB
build/chunks/LightTooltip.8e1eb2e5.js                        0.34 kB │ gzip:   0.28 kB │ map:     1.06 kB
build/chunks/ArrowForwardIosSharp.b9855e9c.js                0.36 kB │ gzip:   0.29 kB │ map:     1.12 kB
build/chunks/hardwareInventory-service.8b80b5be.js           0.38 kB │ gzip:   0.30 kB │ map:     1.14 kB
build/chunks/RestartAlt.11a7a441.js                          0.38 kB │ gzip:   0.30 kB │ map:     0.71 kB
build/chunks/NotImplemented.dbd058f9.js                      0.55 kB │ gzip:   0.40 kB │ map:     1.39 kB
build/chunks/AccordianSummary.333583f5.js                    0.63 kB │ gzip:   0.44 kB │ map:     1.72 kB
build/chunks/Card.25d0e602.js                                0.63 kB │ gzip:   0.43 kB │ map:     4.60 kB
build/chunks/useInterval.7a3d004e.js                         0.71 kB │ gzip:   0.41 kB │ map:     3.67 kB
build/chunks/TimeDateInput.89b89427.js                       0.88 kB │ gzip:   0.50 kB │ map:     3.03 kB
build/chunks/LineChart.7d709c7f.js                           1.05 kB │ gzip:   0.66 kB │ map:     3.88 kB
build/chunks/TabPanel.2ff82b34.js                            1.14 kB │ gzip:   0.63 kB │ map:     4.33 kB
build/chunks/ModalDialogComponent.35b05000.js                1.28 kB │ gzip:   0.70 kB │ map:     4.53 kB
build/chunks/index.8d19a094.js                               1.98 kB │ gzip:   0.66 kB │ map:     5.83 kB
build/chunks/HealthGauge.6d1316a0.js                         2.37 kB │ gzip:   1.29 kB │ map:     8.47 kB
build/chunks/useSupport.dbcbf654.js                          2.45 kB │ gzip:   1.08 kB │ map:    10.12 kB
build/chunks/Checkbox.423606a6.js                            2.46 kB │ gzip:   1.16 kB │ map:    13.67 kB
build/chunks/radioHelper.0804ce50.js                         2.58 kB │ gzip:   1.17 kB │ map:     8.50 kB
build/chunks/AuditLog.933604b3.js                            3.71 kB │ gzip:   1.58 kB │ map:    14.13 kB
build/chunks/SlideUpTransition.dcc90555.js                   4.03 kB │ gzip:   1.61 kB │ map:    19.76 kB
build/chunks/index.1a35e6ad.js                               4.14 kB │ gzip:   1.48 kB │ map:    13.64 kB
build/chunks/Logs.22193755.js                                4.78 kB │ gzip:   2.11 kB │ map:    19.49 kB
build/chunks/AccordionSummary.29d632de.js                    5.73 kB │ gzip:   1.97 kB │ map:    27.76 kB
build/chunks/ContextMenu.f36ce52a.js                         6.23 kB │ gzip:   2.03 kB │ map:    22.48 kB
build/chunks/useStyles.340511f7.js                           6.39 kB │ gzip:   2.38 kB │ map:    26.35 kB
build/chunks/web-vitals.dfcc5b9a.js                          6.98 kB │ gzip:   2.58 kB │ map:    16.56 kB
build/chunks/TablePagination.2deb1231.js                     8.27 kB │ gzip:   3.16 kB │ map:    42.12 kB
build/chunks/DnnPanel.72b4238a.js                            9.64 kB │ gzip:   3.65 kB │ map:    37.84 kB
build/chunks/GMap.b6d7d361.js                               16.54 kB │ gzip:   5.28 kB │ map:    51.13 kB
build/chunks/Diagnostics.f0af41fd.js                        23.58 kB │ gzip:   7.53 kB │ map:    89.63 kB
build/chunks/index.0b7eec91.js                              41.18 kB │ gzip:  10.56 kB │ map:   154.16 kB
build/chunks/AuditLogDetails.e0eaeae4.js                    41.88 kB │ gzip:  13.90 kB │ map:   315.56 kB
build/chunks/RadioForm.2747c42c.js                          52.34 kB │ gzip:  14.60 kB │ map:   222.41 kB
build/chunks/System.a2062b3d.js                             67.07 kB │ gzip:  15.51 kB │ map:   253.53 kB
build/chunks/Calibrate.ffa2ebe9.js                          71.72 kB │ gzip:  23.80 kB │ map:   251.10 kB
build/chunks/ReactTable.24477f71.js                         88.75 kB │ gzip:  27.05 kB │ map:   276.62 kB
build/chunks/Dashboard.a63575ba.js                          90.61 kB │ gzip:  21.83 kB │ map:   520.67 kB
build/chunks/EdgesPanel.8a7fa914.js                        135.26 kB │ gzip:  33.10 kB │ map:   494.44 kB
build/chunks/RadiosPanelNew.be227811.js                    150.43 kB │ gzip:  39.54 kB │ map:   580.76 kB
build/chunks/SubscribersPanel.3cb0c397.js                  165.00 kB │ gzip:  53.48 kB │ map:   584.66 kB
build/chunks/DataGrid.c174b259.js                          279.90 kB │ gzip:  84.66 kB │ map: 1,352.07 kB
build/chunks/highcharts.de9e3c4d.js                        296.73 kB │ gzip: 106.33 kB │ map:   694.32 kB
build/chunks/EditNotes.eb9be47d.js                         488.40 kB │ gzip: 132.29 kB │ map: 1,671.78 kB
build/js/index.5e588a8e.js                               2,139.87 kB │ gzip: 474.88 kB │ map: 5,435.12 kB

(!) Some chunks are larger than 1000 kBs after minification. Consider:
- Using dynamic import() to code-split the application
- Use build.rollupOptions.output.manualChunks to improve chunking: https://rollupjs.org/configuration-options/#output-manualchunks
- Adjust chunk size limit for this warning via build.chunkSizeWarningLimit.
✓ built in 2m 40s
Done in 163.02s.
Compilation done...
Complete at Thu Jul  6 10:32:47 AM EDT 2023
\n ************************************************** \n
Compiling at Fri Jul  7 02:30:00 AM EDT 2023
Pulling latest changes from Git...
From https://github.com/Highway9-Networks/h9-saas
   351287894..311047cf3  main             -> origin/main
   fa110666a..cb191159a  feature/airspan  -> origin/feature/airspan
 * [new branch]          local-5578       -> origin/local-5578
 * [new branch]          nidhi/6july      -> origin/nidhi/6july
   9c9ce8c3f..c6de94260  nidhi/DNSFix     -> origin/nidhi/DNSFix
   ee351a8fa..b50ce39f7  private/ankita/airspan-ztp -> origin/private/ankita/airspan-ztp
 * [new branch]          surya_9088_magma_cgw_optimization -> origin/surya_9088_magma_cgw_optimization
 * [new branch]          surya_test_build -> origin/surya_test_build
Updating 351287894..311047cf3
Fast-forward
 common/common.mk                                   |   2 +-
 edge/carriergw/mocngw/mocngw/tasks/access/access.c |   1 +
 edge/carriergw/mocngw/mocngw/tasks/access/access.h |   1 +
 .../mocngw/mocngw/tasks/access/access_encoder.c    | 144 +++++++++++++++++++++
 .../mocngw/mocngw/tasks/network/network.c          |   6 +-
 .../mocngw/mocngw/tasks/network/network.h          |   2 +
 .../mocngw/mocngw/tasks/network/network_encoder.c  |  94 ++++++++++++++
 .../mocngw/mocngw/tasks/s1ap/s1ap_mme_encoder.c    |   2 +
 .../roles/agw-ami-configure/tasks/main.yaml        |  12 ++
 .../roles/aio-5g-setup/tasks/aio-5g-setups.yaml    |   1 +
 .../carriergw-setup/tasks/carriergw-setups.yaml    |   1 +
 .../roles/pre-ami-configure/tasks/main.yaml        |   1 +
 .../roles/simulator-ami-configure/tasks/main.yaml  |   1 +
 .../roles/magma-agw/tasks/magma-setup.yaml         |   3 +-
 14 files changed, 268 insertions(+), 3 deletions(-)
Compiling the orch UI code...
Deleting build...
Folder build deleted.
Folder A is unchanged.
yarn
yarn install v1.22.19
[1/4] Resolving packages...
success Already up-to-date.
Done in 0.86s.
yarn run build
yarn run v1.22.19
$ vite build
vite v4.3.9 building for production...
[plugin:vite-plugin-eslint] LintOnStart is turned on, and it will check for all matching files.
transforming...
✓ 13594 modules transformed.
rendering chunks...
computing gzip size...
build/assets/svg/pin.svg                                     0.85 kB │ gzip:   0.44 kB
build/assets/svg/current.svg                                 0.96 kB │ gzip:   0.47 kB
build/index.html                                             1.00 kB │ gzip:   0.53 kB
build/assets/svg/celltower.svg                               2.73 kB │ gzip:   1.41 kB
build/assets/svg/green-plain.svg                             3.30 kB │ gzip:   1.25 kB
build/assets/svg/pointer.svg                                 3.36 kB │ gzip:   1.27 kB
build/assets/svg/pointer-green.svg                           4.26 kB │ gzip:   1.56 kB
build/assets/svg/pointer-grey.svg                            4.26 kB │ gzip:   1.56 kB
build/assets/svg/markerA.svg                                 4.71 kB │ gzip:   1.66 kB
build/assets/woff2/roboto-vietnamese-400-normal.woff2        5.56 kB
build/assets/svg/markerB.svg                                 5.70 kB │ gzip:   2.12 kB
build/assets/woff2/roboto-greek-400-normal.woff2             7.11 kB
build/assets/svg/Radio-Indoor-Icon.svg                       7.43 kB │ gzip:   1.99 kB
build/assets/woff2/roboto-cyrillic-400-normal.woff2          9.63 kB
build/assets/woff2/roboto-latin-ext-400-normal.woff2        11.87 kB
build/assets/woff2/roboto-cyrillic-ext-400-normal.woff2     15.34 kB
build/assets/woff2/roboto-latin-400-normal.woff2            15.74 kB
build/assets/woff/roboto-all-400-normal.woff                65.46 kB
build/assets/css/EdgesPanel.css                              0.06 kB │ gzip:   0.08 kB
build/assets/css/SubscribersPanel.css                        0.18 kB │ gzip:   0.14 kB
build/assets/css/RadiosPanelNew.css                          0.22 kB │ gzip:   0.17 kB
build/assets/css/Diagnostics.css                             0.29 kB │ gzip:   0.21 kB
build/assets/css/Calibrate.css                               0.64 kB │ gzip:   0.40 kB
build/assets/css/ReactTable.css                              1.32 kB │ gzip:   0.56 kB
build/assets/css/index.css                                   1.78 kB │ gzip:   0.78 kB
build/assets/css/Dashboard.css                               4.02 kB │ gzip:   2.01 kB
build/assets/css/EditNotes.css                              17.96 kB │ gzip:   3.16 kB
build/chunks/QoS-service.5b63e43f.js                         0.26 kB │ gzip:   0.22 kB │ map:     0.80 kB
build/chunks/LightTooltip.8e1eb2e5.js                        0.34 kB │ gzip:   0.28 kB │ map:     1.06 kB
build/chunks/ArrowForwardIosSharp.b9855e9c.js                0.36 kB │ gzip:   0.29 kB │ map:     1.12 kB
build/chunks/hardwareInventory-service.8b80b5be.js           0.38 kB │ gzip:   0.30 kB │ map:     1.14 kB
build/chunks/RestartAlt.11a7a441.js                          0.38 kB │ gzip:   0.30 kB │ map:     0.71 kB
build/chunks/NotImplemented.dbd058f9.js                      0.55 kB │ gzip:   0.40 kB │ map:     1.39 kB
build/chunks/AccordianSummary.333583f5.js                    0.63 kB │ gzip:   0.44 kB │ map:     1.72 kB
build/chunks/Card.25d0e602.js                                0.63 kB │ gzip:   0.43 kB │ map:     4.60 kB
build/chunks/useInterval.7a3d004e.js                         0.71 kB │ gzip:   0.41 kB │ map:     3.67 kB
build/chunks/TimeDateInput.89b89427.js                       0.88 kB │ gzip:   0.50 kB │ map:     3.03 kB
build/chunks/LineChart.7d709c7f.js                           1.05 kB │ gzip:   0.66 kB │ map:     3.88 kB
build/chunks/TabPanel.2ff82b34.js                            1.14 kB │ gzip:   0.63 kB │ map:     4.33 kB
build/chunks/ModalDialogComponent.35b05000.js                1.28 kB │ gzip:   0.70 kB │ map:     4.53 kB
build/chunks/index.8d19a094.js                               1.98 kB │ gzip:   0.66 kB │ map:     5.83 kB
build/chunks/HealthGauge.6d1316a0.js                         2.37 kB │ gzip:   1.29 kB │ map:     8.47 kB
build/chunks/useSupport.dbcbf654.js                          2.45 kB │ gzip:   1.08 kB │ map:    10.12 kB
build/chunks/Checkbox.423606a6.js                            2.46 kB │ gzip:   1.16 kB │ map:    13.67 kB
build/chunks/radioHelper.0804ce50.js                         2.58 kB │ gzip:   1.17 kB │ map:     8.50 kB
build/chunks/AuditLog.933604b3.js                            3.71 kB │ gzip:   1.58 kB │ map:    14.13 kB
build/chunks/SlideUpTransition.dcc90555.js                   4.03 kB │ gzip:   1.61 kB │ map:    19.76 kB
build/chunks/index.1a35e6ad.js                               4.14 kB │ gzip:   1.48 kB │ map:    13.64 kB
build/chunks/Logs.22193755.js                                4.78 kB │ gzip:   2.11 kB │ map:    19.49 kB
build/chunks/AccordionSummary.29d632de.js                    5.73 kB │ gzip:   1.97 kB │ map:    27.76 kB
build/chunks/ContextMenu.f36ce52a.js                         6.23 kB │ gzip:   2.03 kB │ map:    22.48 kB
build/chunks/useStyles.340511f7.js                           6.39 kB │ gzip:   2.38 kB │ map:    26.35 kB
build/chunks/web-vitals.dfcc5b9a.js                          6.98 kB │ gzip:   2.58 kB │ map:    16.56 kB
build/chunks/TablePagination.2deb1231.js                     8.27 kB │ gzip:   3.16 kB │ map:    42.12 kB
build/chunks/DnnPanel.72b4238a.js                            9.64 kB │ gzip:   3.65 kB │ map:    37.84 kB
build/chunks/GMap.b6d7d361.js                               16.54 kB │ gzip:   5.28 kB │ map:    51.13 kB
build/chunks/Diagnostics.f0af41fd.js                        23.58 kB │ gzip:   7.53 kB │ map:    89.63 kB
build/chunks/index.0b7eec91.js                              41.18 kB │ gzip:  10.56 kB │ map:   154.16 kB
build/chunks/AuditLogDetails.e0eaeae4.js                    41.88 kB │ gzip:  13.90 kB │ map:   315.56 kB
build/chunks/RadioForm.2747c42c.js                          52.34 kB │ gzip:  14.60 kB │ map:   222.41 kB
build/chunks/System.a2062b3d.js                             67.07 kB │ gzip:  15.51 kB │ map:   253.53 kB
build/chunks/Calibrate.ffa2ebe9.js                          71.72 kB │ gzip:  23.80 kB │ map:   251.10 kB
build/chunks/ReactTable.24477f71.js                         88.75 kB │ gzip:  27.05 kB │ map:   276.62 kB
build/chunks/Dashboard.a63575ba.js                          90.61 kB │ gzip:  21.83 kB │ map:   520.67 kB
build/chunks/EdgesPanel.8a7fa914.js                        135.26 kB │ gzip:  33.10 kB │ map:   494.44 kB
build/chunks/RadiosPanelNew.be227811.js                    150.43 kB │ gzip:  39.54 kB │ map:   580.76 kB
build/chunks/SubscribersPanel.3cb0c397.js                  165.00 kB │ gzip:  53.48 kB │ map:   584.66 kB
build/chunks/DataGrid.c174b259.js                          279.90 kB │ gzip:  84.66 kB │ map: 1,352.07 kB
build/chunks/highcharts.de9e3c4d.js                        296.73 kB │ gzip: 106.33 kB │ map:   694.32 kB
build/chunks/EditNotes.eb9be47d.js                         488.40 kB │ gzip: 132.29 kB │ map: 1,671.78 kB
build/js/index.5e588a8e.js                               2,139.87 kB │ gzip: 474.88 kB │ map: 5,435.12 kB

(!) Some chunks are larger than 1000 kBs after minification. Consider:
- Using dynamic import() to code-split the application
- Use build.rollupOptions.output.manualChunks to improve chunking: https://rollupjs.org/configuration-options/#output-manualchunks
- Adjust chunk size limit for this warning via build.chunkSizeWarningLimit.
✓ built in 2m 42s
Done in 164.43s.
Compilation done...
Complete at Fri Jul  7 02:32:49 AM EDT 2023
\n ************************************************** \n
Compiling at Fri Jul  7 07:30:01 AM EDT 2023
Pulling latest changes from Git...
From https://github.com/Highway9-Networks/h9-saas
   311047cf3..901f6789b  main                   -> origin/main
 * [new branch]          bhuvaneshne_9353       -> origin/bhuvaneshne_9353
   cb191159a..b524eb226  feature/airspan        -> origin/feature/airspan
   772a6bce1..08cfcf99e  imran-automation       -> origin/imran-automation
 + 9d46335a4...624cfcc8b nidhi/6july            -> origin/nidhi/6july  (forced update)
   4d6974951..b8d080561  private/akshay-airspan -> origin/private/akshay-airspan
   b50ce39f7..d8c8a04ae  private/ankita/airspan-ztp -> origin/private/ankita/airspan-ztp
   e38b435a1..e42443193  private/dileep/FixingIssues_04_07_23 -> origin/private/dileep/FixingIssues_04_07_23
   f8f2a0103..9cf37b72a  private/ishika/issue_9249 -> origin/private/ishika/issue_9249
   e0e0f1f01..153f579a7  xpJain/change2         -> origin/xpJain/change2
   12ef5ae25..61c747b6a  xpJain/newTableTS      -> origin/xpJain/newTableTS
Updating 311047cf3..901f6789b
Fast-forward
 common/common.mk                                   |  6 ++--
 orch/orch-api/apihandler/QosProfilesRestHandler.go | 17 ++++++++----
 .../scripts/edge-scripts/activate_agw.sh           | 32 ++++++++++++++++++----
 orch/orch-ui/src/components/EventsComponent.tsx    | 20 ++++++++++++--
 4 files changed, 60 insertions(+), 15 deletions(-)
Compiling the orch UI code...
Deleting build...
Folder build deleted.
Folder A is unchanged.
yarn
yarn install v1.22.19
[1/4] Resolving packages...
success Already up-to-date.
Done in 1.17s.
yarn run build
yarn run v1.22.19
$ vite build
vite v4.3.9 building for production...
[plugin:vite-plugin-eslint] LintOnStart is turned on, and it will check for all matching files.
transforming...
✓ 13594 modules transformed.
rendering chunks...
computing gzip size...
build/assets/svg/pin.svg                                     0.85 kB │ gzip:   0.44 kB
build/assets/svg/current.svg                                 0.96 kB │ gzip:   0.47 kB
build/index.html                                             1.00 kB │ gzip:   0.53 kB
build/assets/svg/celltower.svg                               2.73 kB │ gzip:   1.41 kB
build/assets/svg/green-plain.svg                             3.30 kB │ gzip:   1.25 kB
build/assets/svg/pointer.svg                                 3.36 kB │ gzip:   1.27 kB
build/assets/svg/pointer-green.svg                           4.26 kB │ gzip:   1.56 kB
build/assets/svg/pointer-grey.svg                            4.26 kB │ gzip:   1.56 kB
build/assets/svg/markerA.svg                                 4.71 kB │ gzip:   1.66 kB
build/assets/woff2/roboto-vietnamese-400-normal.woff2        5.56 kB
build/assets/svg/markerB.svg                                 5.70 kB │ gzip:   2.12 kB
build/assets/woff2/roboto-greek-400-normal.woff2             7.11 kB
build/assets/svg/Radio-Indoor-Icon.svg                       7.43 kB │ gzip:   1.99 kB
build/assets/woff2/roboto-cyrillic-400-normal.woff2          9.63 kB
build/assets/woff2/roboto-latin-ext-400-normal.woff2        11.87 kB
build/assets/woff2/roboto-cyrillic-ext-400-normal.woff2     15.34 kB
build/assets/woff2/roboto-latin-400-normal.woff2            15.74 kB
build/assets/woff/roboto-all-400-normal.woff                65.46 kB
build/assets/css/EdgesPanel.css                              0.06 kB │ gzip:   0.08 kB
build/assets/css/SubscribersPanel.css                        0.18 kB │ gzip:   0.14 kB
build/assets/css/RadiosPanelNew.css                          0.22 kB │ gzip:   0.17 kB
build/assets/css/Diagnostics.css                             0.29 kB │ gzip:   0.21 kB
build/assets/css/Calibrate.css                               0.64 kB │ gzip:   0.40 kB
build/assets/css/ReactTable.css                              1.32 kB │ gzip:   0.56 kB
build/assets/css/index.css                                   1.78 kB │ gzip:   0.78 kB
build/assets/css/Dashboard.css                               4.02 kB │ gzip:   2.01 kB
build/assets/css/EditNotes.css                              17.96 kB │ gzip:   3.16 kB
build/chunks/QoS-service.0705e84c.js                         0.26 kB │ gzip:   0.21 kB │ map:     0.80 kB
build/chunks/LightTooltip.bcc749cc.js                        0.34 kB │ gzip:   0.28 kB │ map:     1.06 kB
build/chunks/ArrowForwardIosSharp.94d260ac.js                0.36 kB │ gzip:   0.29 kB │ map:     1.12 kB
build/chunks/hardwareInventory-service.cdaff4fc.js           0.38 kB │ gzip:   0.30 kB │ map:     1.14 kB
build/chunks/RestartAlt.0f4331fb.js                          0.38 kB │ gzip:   0.30 kB │ map:     0.71 kB
build/chunks/NotImplemented.e6e832cb.js                      0.55 kB │ gzip:   0.40 kB │ map:     1.39 kB
build/chunks/AccordianSummary.51c32f64.js                    0.63 kB │ gzip:   0.44 kB │ map:     1.72 kB
build/chunks/Card.5d8e638e.js                                0.63 kB │ gzip:   0.43 kB │ map:     4.60 kB
build/chunks/useInterval.2111b6b5.js                         0.71 kB │ gzip:   0.41 kB │ map:     3.67 kB
build/chunks/TimeDateInput.3156b180.js                       0.88 kB │ gzip:   0.50 kB │ map:     3.03 kB
build/chunks/LineChart.a18bb18a.js                           1.05 kB │ gzip:   0.66 kB │ map:     3.88 kB
build/chunks/TabPanel.513e6ab0.js                            1.14 kB │ gzip:   0.63 kB │ map:     4.33 kB
build/chunks/ModalDialogComponent.ba6c7f15.js                1.28 kB │ gzip:   0.70 kB │ map:     4.53 kB
build/chunks/index.4fd8da67.js                               1.98 kB │ gzip:   0.66 kB │ map:     5.83 kB
build/chunks/HealthGauge.54bb035f.js                         2.37 kB │ gzip:   1.29 kB │ map:     8.47 kB
build/chunks/useSupport.7f4bf84d.js                          2.45 kB │ gzip:   1.08 kB │ map:    10.12 kB
build/chunks/Checkbox.acadac13.js                            2.46 kB │ gzip:   1.15 kB │ map:    13.67 kB
build/chunks/radioHelper.1dfa41d8.js                         2.58 kB │ gzip:   1.17 kB │ map:     8.50 kB
build/chunks/AuditLog.7ae1f70d.js                            3.71 kB │ gzip:   1.58 kB │ map:    14.13 kB
build/chunks/SlideUpTransition.81987345.js                   4.03 kB │ gzip:   1.61 kB │ map:    19.76 kB
build/chunks/index.9462ed3b.js                               4.14 kB │ gzip:   1.49 kB │ map:    13.64 kB
build/chunks/Logs.8633e7f4.js                                4.78 kB │ gzip:   2.11 kB │ map:    19.49 kB
build/chunks/AccordionSummary.b50f0c1a.js                    5.73 kB │ gzip:   1.97 kB │ map:    27.76 kB
build/chunks/ContextMenu.09b78343.js                         6.23 kB │ gzip:   2.03 kB │ map:    22.48 kB
build/chunks/useStyles.2c831f52.js                           6.39 kB │ gzip:   2.38 kB │ map:    26.35 kB
build/chunks/web-vitals.dfcc5b9a.js                          6.98 kB │ gzip:   2.58 kB │ map:    16.56 kB
build/chunks/TablePagination.1a3002f3.js                     8.27 kB │ gzip:   3.16 kB │ map:    42.12 kB
build/chunks/DnnPanel.0843a4a5.js                            9.64 kB │ gzip:   3.65 kB │ map:    37.84 kB
build/chunks/GMap.b71c601b.js                               16.54 kB │ gzip:   5.28 kB │ map:    51.13 kB
build/chunks/Diagnostics.c5c65575.js                        23.58 kB │ gzip:   7.52 kB │ map:    89.63 kB
build/chunks/index.504918c2.js                              41.18 kB │ gzip:  10.55 kB │ map:   154.16 kB
build/chunks/AuditLogDetails.8a6428c0.js                    41.88 kB │ gzip:  13.90 kB │ map:   315.56 kB
build/chunks/RadioForm.2a92cd59.js                          52.34 kB │ gzip:  14.59 kB │ map:   222.41 kB
build/chunks/System.bf54d0b7.js                             67.07 kB │ gzip:  15.51 kB │ map:   253.53 kB
build/chunks/Calibrate.62f64f71.js                          71.72 kB │ gzip:  23.80 kB │ map:   251.10 kB
build/chunks/ReactTable.e1c67b0c.js                         88.75 kB │ gzip:  27.05 kB │ map:   276.62 kB
build/chunks/Dashboard.a0d51f9a.js                          90.61 kB │ gzip:  21.83 kB │ map:   520.67 kB
build/chunks/EdgesPanel.055a0f75.js                        135.26 kB │ gzip:  33.09 kB │ map:   494.44 kB
build/chunks/RadiosPanelNew.af0732e5.js                    150.43 kB │ gzip:  39.54 kB │ map:   580.76 kB
build/chunks/SubscribersPanel.c0fa934f.js                  165.00 kB │ gzip:  53.49 kB │ map:   584.66 kB
build/chunks/DataGrid.05e40394.js                          279.90 kB │ gzip:  84.65 kB │ map: 1,352.07 kB
build/chunks/highcharts.bc7e4f74.js                        296.73 kB │ gzip: 106.33 kB │ map:   694.32 kB
build/chunks/EditNotes.1c85036c.js                         488.54 kB │ gzip: 132.34 kB │ map: 1,672.41 kB
build/js/index.52c7fbfb.js                               2,139.87 kB │ gzip: 474.87 kB │ map: 5,435.12 kB

(!) Some chunks are larger than 1000 kBs after minification. Consider:
- Using dynamic import() to code-split the application
- Use build.rollupOptions.output.manualChunks to improve chunking: https://rollupjs.org/configuration-options/#output-manualchunks
- Adjust chunk size limit for this warning via build.chunkSizeWarningLimit.
✓ built in 2m 39s
Done in 161.90s.
Compilation done...
Complete at Fri Jul  7 07:32:52 AM EDT 2023
\n ************************************************** \n
Compiling at Fri Jul  7 10:30:00 AM EDT 2023
Pulling latest changes from Git...
From https://github.com/Highway9-Networks/h9-saas
   901f6789b..aabff8854  main             -> origin/main
   08cfcf99e..b1f8328fb  imran-automation -> origin/imran-automation
   0e7495e33..b20d56761  omc-upgrade      -> origin/omc-upgrade
   e6ac6b0d1..a371622c8  private/abhagwat -> origin/private/abhagwat
Updating 901f6789b..aabff8854
Fast-forward
 common/common.mk                                     |  2 +-
 orch/helm-orch/values.yaml                           |  2 +-
 orch/orch-api/go.mod                                 |  8 ++++----
 orch/orch-common/constants/constants.go              |  2 +-
 .../roles/simulator-ami-configure/tasks/main.yaml    | 17 ++++++++++-------
 orch/orch-ui/src/views/radios/RadioSummary.tsx       |  2 +-
 packetstreamer/collectEsp.sh                         | 20 +++++++++++++++++---
 .../Highway9-Networks-Simulator.ovf.template         |  4 ++--
 .../create_simulator_image.sh                        |  4 +++-
 9 files changed, 40 insertions(+), 21 deletions(-)
Compiling the orch UI code...
Deleting build...
Folder build deleted.
Folder A is unchanged.
yarn
yarn install v1.22.19
[1/4] Resolving packages...
success Already up-to-date.
Done in 0.76s.
yarn run build
yarn run v1.22.19
$ vite build
vite v4.3.9 building for production...
[plugin:vite-plugin-eslint] LintOnStart is turned on, and it will check for all matching files.
transforming...
✓ 13594 modules transformed.
rendering chunks...
computing gzip size...
build/assets/svg/pin.svg                                     0.85 kB │ gzip:   0.44 kB
build/assets/svg/current.svg                                 0.96 kB │ gzip:   0.47 kB
build/index.html                                             1.00 kB │ gzip:   0.53 kB
build/assets/svg/celltower.svg                               2.73 kB │ gzip:   1.41 kB
build/assets/svg/green-plain.svg                             3.30 kB │ gzip:   1.25 kB
build/assets/svg/pointer.svg                                 3.36 kB │ gzip:   1.27 kB
build/assets/svg/pointer-green.svg                           4.26 kB │ gzip:   1.56 kB
build/assets/svg/pointer-grey.svg                            4.26 kB │ gzip:   1.56 kB
build/assets/svg/markerA.svg                                 4.71 kB │ gzip:   1.66 kB
build/assets/woff2/roboto-vietnamese-400-normal.woff2        5.56 kB
build/assets/svg/markerB.svg                                 5.70 kB │ gzip:   2.12 kB
build/assets/woff2/roboto-greek-400-normal.woff2             7.11 kB
build/assets/svg/Radio-Indoor-Icon.svg                       7.43 kB │ gzip:   1.99 kB
build/assets/woff2/roboto-cyrillic-400-normal.woff2          9.63 kB
build/assets/woff2/roboto-latin-ext-400-normal.woff2        11.87 kB
build/assets/woff2/roboto-cyrillic-ext-400-normal.woff2     15.34 kB
build/assets/woff2/roboto-latin-400-normal.woff2            15.74 kB
build/assets/woff/roboto-all-400-normal.woff                65.46 kB
build/assets/css/EdgesPanel.css                              0.06 kB │ gzip:   0.08 kB
build/assets/css/SubscribersPanel.css                        0.18 kB │ gzip:   0.14 kB
build/assets/css/RadiosPanelNew.css                          0.22 kB │ gzip:   0.17 kB
build/assets/css/Diagnostics.css                             0.29 kB │ gzip:   0.21 kB
build/assets/css/Calibrate.css                               0.64 kB │ gzip:   0.40 kB
build/assets/css/ReactTable.css                              1.32 kB │ gzip:   0.56 kB
build/assets/css/index.css                                   1.78 kB │ gzip:   0.78 kB
build/assets/css/Dashboard.css                               4.02 kB │ gzip:   2.01 kB
build/assets/css/EditNotes.css                              17.96 kB │ gzip:   3.16 kB
build/chunks/QoS-service.2c0707a3.js                         0.26 kB │ gzip:   0.22 kB │ map:     0.80 kB
build/chunks/LightTooltip.e55d3e09.js                        0.34 kB │ gzip:   0.28 kB │ map:     1.06 kB
build/chunks/ArrowForwardIosSharp.594e001c.js                0.36 kB │ gzip:   0.29 kB │ map:     1.12 kB
build/chunks/hardwareInventory-service.af42c4d8.js           0.38 kB │ gzip:   0.29 kB │ map:     1.14 kB
build/chunks/RestartAlt.daf02a6f.js                          0.38 kB │ gzip:   0.30 kB │ map:     0.71 kB
build/chunks/NotImplemented.c6617fd1.js                      0.55 kB │ gzip:   0.40 kB │ map:     1.39 kB
build/chunks/AccordianSummary.3c9d8610.js                    0.63 kB │ gzip:   0.44 kB │ map:     1.72 kB
build/chunks/Card.72208c81.js                                0.63 kB │ gzip:   0.43 kB │ map:     4.60 kB
build/chunks/useInterval.96e867d7.js                         0.71 kB │ gzip:   0.41 kB │ map:     3.67 kB
build/chunks/TimeDateInput.7ae209c9.js                       0.88 kB │ gzip:   0.50 kB │ map:     3.03 kB
build/chunks/LineChart.f1655e2e.js                           1.05 kB │ gzip:   0.66 kB │ map:     3.88 kB
build/chunks/TabPanel.8105a726.js                            1.14 kB │ gzip:   0.63 kB │ map:     4.33 kB
build/chunks/ModalDialogComponent.0ee06298.js                1.28 kB │ gzip:   0.70 kB │ map:     4.53 kB
build/chunks/index.a9b3608d.js                               1.98 kB │ gzip:   0.66 kB │ map:     5.83 kB
build/chunks/HealthGauge.f378a498.js                         2.37 kB │ gzip:   1.29 kB │ map:     8.47 kB
build/chunks/useSupport.101d72cc.js                          2.45 kB │ gzip:   1.08 kB │ map:    10.12 kB
build/chunks/Checkbox.06b5ce69.js                            2.46 kB │ gzip:   1.16 kB │ map:    13.67 kB
build/chunks/radioHelper.bfff4332.js                         2.58 kB │ gzip:   1.17 kB │ map:     8.50 kB
build/chunks/AuditLog.164bcf2c.js                            3.71 kB │ gzip:   1.58 kB │ map:    14.13 kB
build/chunks/SlideUpTransition.73af537d.js                   4.03 kB │ gzip:   1.61 kB │ map:    19.76 kB
build/chunks/index.4cea921a.js                               4.14 kB │ gzip:   1.49 kB │ map:    13.64 kB
build/chunks/Logs.95f69a1f.js                                4.78 kB │ gzip:   2.11 kB │ map:    19.49 kB
build/chunks/AccordionSummary.e86c3e30.js                    5.73 kB │ gzip:   1.97 kB │ map:    27.76 kB
build/chunks/ContextMenu.26e0c688.js                         6.23 kB │ gzip:   2.03 kB │ map:    22.48 kB
build/chunks/useStyles.0ff3b109.js                           6.39 kB │ gzip:   2.38 kB │ map:    26.35 kB
build/chunks/web-vitals.dfcc5b9a.js                          6.98 kB │ gzip:   2.58 kB │ map:    16.56 kB
build/chunks/TablePagination.6f33f4bf.js                     8.27 kB │ gzip:   3.16 kB │ map:    42.12 kB
build/chunks/DnnPanel.3e6fe2cb.js                            9.64 kB │ gzip:   3.65 kB │ map:    37.84 kB
build/chunks/GMap.3cdfebd2.js                               16.54 kB │ gzip:   5.28 kB │ map:    51.13 kB
build/chunks/Diagnostics.7bb855d6.js                        23.58 kB │ gzip:   7.53 kB │ map:    89.63 kB
build/chunks/index.172944a7.js                              41.18 kB │ gzip:  10.55 kB │ map:   154.16 kB
build/chunks/AuditLogDetails.1bcbd825.js                    41.88 kB │ gzip:  13.90 kB │ map:   315.56 kB
build/chunks/RadioForm.dd0be8ed.js                          52.34 kB │ gzip:  14.59 kB │ map:   222.41 kB
build/chunks/System.85a590ff.js                             67.07 kB │ gzip:  15.51 kB │ map:   253.53 kB
build/chunks/Calibrate.90339d27.js                          71.72 kB │ gzip:  23.80 kB │ map:   251.10 kB
build/chunks/ReactTable.59db1a78.js                         88.75 kB │ gzip:  27.05 kB │ map:   276.62 kB
build/chunks/Dashboard.ed9e9221.js                          90.61 kB │ gzip:  21.83 kB │ map:   520.67 kB
build/chunks/EdgesPanel.2f892754.js                        135.26 kB │ gzip:  33.10 kB │ map:   494.44 kB
build/chunks/RadiosPanelNew.84e80f62.js                    150.46 kB │ gzip:  39.56 kB │ map:   580.81 kB
build/chunks/SubscribersPanel.3853ceb7.js                  165.00 kB │ gzip:  53.49 kB │ map:   584.66 kB
build/chunks/DataGrid.4f202de8.js                          279.90 kB │ gzip:  84.65 kB │ map: 1,352.07 kB
build/chunks/highcharts.89f0f1f1.js                        296.73 kB │ gzip: 106.33 kB │ map:   694.32 kB
build/chunks/EditNotes.5a2160ce.js                         488.54 kB │ gzip: 132.34 kB │ map: 1,672.41 kB
build/js/index.b1dcea1d.js                               2,139.87 kB │ gzip: 474.88 kB │ map: 5,435.12 kB

(!) Some chunks are larger than 1000 kBs after minification. Consider:
- Using dynamic import() to code-split the application
- Use build.rollupOptions.output.manualChunks to improve chunking: https://rollupjs.org/configuration-options/#output-manualchunks
- Adjust chunk size limit for this warning via build.chunkSizeWarningLimit.
✓ built in 2m 45s
Done in 167.70s.
Compilation done...
Complete at Fri Jul  7 10:32:53 AM EDT 2023
\n ************************************************** \n
Compiling at Sat Jul  8 02:30:00 AM EDT 2023
Pulling latest changes from Git...
From https://github.com/Highway9-Networks/h9-saas
 * [new branch]          9266_edg_upg_scale -> origin/9266_edg_upg_scale
   a2833c6d8..9fab27dcb  vikram_mem         -> origin/vikram_mem
   61c747b6a..5aec5947e  xpJain/newTableTS  -> origin/xpJain/newTableTS
Already up to date.
Compiling the orch UI code...
Deleting build...
Folder build deleted.
Folder A is unchanged.
yarn
yarn install v1.22.19
[1/4] Resolving packages...
success Already up-to-date.
Done in 1.40s.
yarn run build
yarn run v1.22.19
$ vite build
vite v4.3.9 building for production...
[plugin:vite-plugin-eslint] LintOnStart is turned on, and it will check for all matching files.
transforming...
✓ 13594 modules transformed.
rendering chunks...
computing gzip size...
build/assets/svg/pin.svg                                     0.85 kB │ gzip:   0.44 kB
build/assets/svg/current.svg                                 0.96 kB │ gzip:   0.47 kB
build/index.html                                             1.00 kB │ gzip:   0.53 kB
build/assets/svg/celltower.svg                               2.73 kB │ gzip:   1.41 kB
build/assets/svg/green-plain.svg                             3.30 kB │ gzip:   1.25 kB
build/assets/svg/pointer.svg                                 3.36 kB │ gzip:   1.27 kB
build/assets/svg/pointer-green.svg                           4.26 kB │ gzip:   1.56 kB
build/assets/svg/pointer-grey.svg                            4.26 kB │ gzip:   1.56 kB
build/assets/svg/markerA.svg                                 4.71 kB │ gzip:   1.66 kB
build/assets/woff2/roboto-vietnamese-400-normal.woff2        5.56 kB
build/assets/svg/markerB.svg                                 5.70 kB │ gzip:   2.12 kB
build/assets/woff2/roboto-greek-400-normal.woff2             7.11 kB
build/assets/svg/Radio-Indoor-Icon.svg                       7.43 kB │ gzip:   1.99 kB
build/assets/woff2/roboto-cyrillic-400-normal.woff2          9.63 kB
build/assets/woff2/roboto-latin-ext-400-normal.woff2        11.87 kB
build/assets/woff2/roboto-cyrillic-ext-400-normal.woff2     15.34 kB
build/assets/woff2/roboto-latin-400-normal.woff2            15.74 kB
build/assets/woff/roboto-all-400-normal.woff                65.46 kB
build/assets/css/EdgesPanel.css                              0.06 kB │ gzip:   0.08 kB
build/assets/css/SubscribersPanel.css                        0.18 kB │ gzip:   0.14 kB
build/assets/css/RadiosPanelNew.css                          0.22 kB │ gzip:   0.17 kB
build/assets/css/Diagnostics.css                             0.29 kB │ gzip:   0.21 kB
build/assets/css/Calibrate.css                               0.64 kB │ gzip:   0.40 kB
build/assets/css/ReactTable.css                              1.32 kB │ gzip:   0.56 kB
build/assets/css/index.css                                   1.78 kB │ gzip:   0.78 kB
build/assets/css/Dashboard.css                               4.02 kB │ gzip:   2.01 kB
build/assets/css/EditNotes.css                              17.96 kB │ gzip:   3.16 kB
build/chunks/QoS-service.2c0707a3.js                         0.26 kB │ gzip:   0.22 kB │ map:     0.80 kB
build/chunks/LightTooltip.e55d3e09.js                        0.34 kB │ gzip:   0.28 kB │ map:     1.06 kB
build/chunks/ArrowForwardIosSharp.594e001c.js                0.36 kB │ gzip:   0.29 kB │ map:     1.12 kB
build/chunks/hardwareInventory-service.af42c4d8.js           0.38 kB │ gzip:   0.29 kB │ map:     1.14 kB
build/chunks/RestartAlt.daf02a6f.js                          0.38 kB │ gzip:   0.30 kB │ map:     0.71 kB
build/chunks/NotImplemented.c6617fd1.js                      0.55 kB │ gzip:   0.40 kB │ map:     1.39 kB
build/chunks/AccordianSummary.3c9d8610.js                    0.63 kB │ gzip:   0.44 kB │ map:     1.72 kB
build/chunks/Card.72208c81.js                                0.63 kB │ gzip:   0.43 kB │ map:     4.60 kB
build/chunks/useInterval.96e867d7.js                         0.71 kB │ gzip:   0.41 kB │ map:     3.67 kB
build/chunks/TimeDateInput.7ae209c9.js                       0.88 kB │ gzip:   0.50 kB │ map:     3.03 kB
build/chunks/LineChart.f1655e2e.js                           1.05 kB │ gzip:   0.66 kB │ map:     3.88 kB
build/chunks/TabPanel.8105a726.js                            1.14 kB │ gzip:   0.63 kB │ map:     4.33 kB
build/chunks/ModalDialogComponent.0ee06298.js                1.28 kB │ gzip:   0.70 kB │ map:     4.53 kB
build/chunks/index.a9b3608d.js                               1.98 kB │ gzip:   0.66 kB │ map:     5.83 kB
build/chunks/HealthGauge.f378a498.js                         2.37 kB │ gzip:   1.29 kB │ map:     8.47 kB
build/chunks/useSupport.101d72cc.js                          2.45 kB │ gzip:   1.08 kB │ map:    10.12 kB
build/chunks/Checkbox.06b5ce69.js                            2.46 kB │ gzip:   1.16 kB │ map:    13.67 kB
build/chunks/radioHelper.bfff4332.js                         2.58 kB │ gzip:   1.17 kB │ map:     8.50 kB
build/chunks/AuditLog.164bcf2c.js                            3.71 kB │ gzip:   1.58 kB │ map:    14.13 kB
build/chunks/SlideUpTransition.73af537d.js                   4.03 kB │ gzip:   1.61 kB │ map:    19.76 kB
build/chunks/index.4cea921a.js                               4.14 kB │ gzip:   1.49 kB │ map:    13.64 kB
build/chunks/Logs.95f69a1f.js                                4.78 kB │ gzip:   2.11 kB │ map:    19.49 kB
build/chunks/AccordionSummary.e86c3e30.js                    5.73 kB │ gzip:   1.97 kB │ map:    27.76 kB
build/chunks/ContextMenu.26e0c688.js                         6.23 kB │ gzip:   2.03 kB │ map:    22.48 kB
build/chunks/useStyles.0ff3b109.js                           6.39 kB │ gzip:   2.38 kB │ map:    26.35 kB
build/chunks/web-vitals.dfcc5b9a.js                          6.98 kB │ gzip:   2.58 kB │ map:    16.56 kB
build/chunks/TablePagination.6f33f4bf.js                     8.27 kB │ gzip:   3.16 kB │ map:    42.12 kB
build/chunks/DnnPanel.3e6fe2cb.js                            9.64 kB │ gzip:   3.65 kB │ map:    37.84 kB
build/chunks/GMap.3cdfebd2.js                               16.54 kB │ gzip:   5.28 kB │ map:    51.13 kB
build/chunks/Diagnostics.7bb855d6.js                        23.58 kB │ gzip:   7.53 kB │ map:    89.63 kB
build/chunks/index.172944a7.js                              41.18 kB │ gzip:  10.55 kB │ map:   154.16 kB
build/chunks/AuditLogDetails.1bcbd825.js                    41.88 kB │ gzip:  13.90 kB │ map:   315.56 kB
build/chunks/RadioForm.dd0be8ed.js                          52.34 kB │ gzip:  14.59 kB │ map:   222.41 kB
build/chunks/System.85a590ff.js                             67.07 kB │ gzip:  15.51 kB │ map:   253.53 kB
build/chunks/Calibrate.90339d27.js                          71.72 kB │ gzip:  23.80 kB │ map:   251.10 kB
build/chunks/ReactTable.59db1a78.js                         88.75 kB │ gzip:  27.05 kB │ map:   276.62 kB
build/chunks/Dashboard.ed9e9221.js                          90.61 kB │ gzip:  21.83 kB │ map:   520.67 kB
build/chunks/EdgesPanel.2f892754.js                        135.26 kB │ gzip:  33.10 kB │ map:   494.44 kB
build/chunks/RadiosPanelNew.84e80f62.js                    150.46 kB │ gzip:  39.56 kB │ map:   580.81 kB
build/chunks/SubscribersPanel.3853ceb7.js                  165.00 kB │ gzip:  53.49 kB │ map:   584.66 kB
build/chunks/DataGrid.4f202de8.js                          279.90 kB │ gzip:  84.65 kB │ map: 1,352.07 kB
build/chunks/highcharts.89f0f1f1.js                        296.73 kB │ gzip: 106.33 kB │ map:   694.32 kB
build/chunks/EditNotes.5a2160ce.js                         488.54 kB │ gzip: 132.34 kB │ map: 1,672.41 kB
build/js/index.b1dcea1d.js                               2,139.87 kB │ gzip: 474.88 kB │ map: 5,435.12 kB

(!) Some chunks are larger than 1000 kBs after minification. Consider:
- Using dynamic import() to code-split the application
- Use build.rollupOptions.output.manualChunks to improve chunking: https://rollupjs.org/configuration-options/#output-manualchunks
- Adjust chunk size limit for this warning via build.chunkSizeWarningLimit.
✓ built in 2m 43s
Done in 165.90s.
Compilation done...
Complete at Sat Jul  8 02:32:50 AM EDT 2023
\n ************************************************** \n
Compiling at Sat Jul  8 07:30:00 AM EDT 2023
Pulling latest changes from Git...
From https://github.com/Highway9-Networks/h9-saas
   aabff8854..b4f990675  main         -> origin/main
 * [new branch]          vsan_cluster -> origin/vsan_cluster
Updating aabff8854..b4f990675
Fast-forward
 orch/helm-orch/templates/orch/pv-pvc/nfs-pvc.yaml | 1 +
 1 file changed, 1 insertion(+)
Compiling the orch UI code...
Deleting build...
Folder build deleted.
Folder A is unchanged.
yarn
yarn install v1.22.19
[1/4] Resolving packages...
success Already up-to-date.
Done in 1.15s.
yarn run build
yarn run v1.22.19
$ vite build
vite v4.3.9 building for production...
[plugin:vite-plugin-eslint] LintOnStart is turned on, and it will check for all matching files.
transforming...
✓ 13594 modules transformed.
rendering chunks...
computing gzip size...
build/assets/svg/pin.svg                                     0.85 kB │ gzip:   0.44 kB
build/assets/svg/current.svg                                 0.96 kB │ gzip:   0.47 kB
build/index.html                                             1.00 kB │ gzip:   0.53 kB
build/assets/svg/celltower.svg                               2.73 kB │ gzip:   1.41 kB
build/assets/svg/green-plain.svg                             3.30 kB │ gzip:   1.25 kB
build/assets/svg/pointer.svg                                 3.36 kB │ gzip:   1.27 kB
build/assets/svg/pointer-green.svg                           4.26 kB │ gzip:   1.56 kB
build/assets/svg/pointer-grey.svg                            4.26 kB │ gzip:   1.56 kB
build/assets/svg/markerA.svg                                 4.71 kB │ gzip:   1.66 kB
build/assets/woff2/roboto-vietnamese-400-normal.woff2        5.56 kB
build/assets/svg/markerB.svg                                 5.70 kB │ gzip:   2.12 kB
build/assets/woff2/roboto-greek-400-normal.woff2             7.11 kB
build/assets/svg/Radio-Indoor-Icon.svg                       7.43 kB │ gzip:   1.99 kB
build/assets/woff2/roboto-cyrillic-400-normal.woff2          9.63 kB
build/assets/woff2/roboto-latin-ext-400-normal.woff2        11.87 kB
build/assets/woff2/roboto-cyrillic-ext-400-normal.woff2     15.34 kB
build/assets/woff2/roboto-latin-400-normal.woff2            15.74 kB
build/assets/woff/roboto-all-400-normal.woff                65.46 kB
build/assets/css/EdgesPanel.css                              0.06 kB │ gzip:   0.08 kB
build/assets/css/SubscribersPanel.css                        0.18 kB │ gzip:   0.14 kB
build/assets/css/RadiosPanelNew.css                          0.22 kB │ gzip:   0.17 kB
build/assets/css/Diagnostics.css                             0.29 kB │ gzip:   0.21 kB
build/assets/css/Calibrate.css                               0.64 kB │ gzip:   0.40 kB
build/assets/css/ReactTable.css                              1.32 kB │ gzip:   0.56 kB
build/assets/css/index.css                                   1.78 kB │ gzip:   0.78 kB
build/assets/css/Dashboard.css                               4.02 kB │ gzip:   2.01 kB
build/assets/css/EditNotes.css                              17.96 kB │ gzip:   3.16 kB
build/chunks/QoS-service.2c0707a3.js                         0.26 kB │ gzip:   0.22 kB │ map:     0.80 kB
build/chunks/LightTooltip.e55d3e09.js                        0.34 kB │ gzip:   0.28 kB │ map:     1.06 kB
build/chunks/ArrowForwardIosSharp.594e001c.js                0.36 kB │ gzip:   0.29 kB │ map:     1.12 kB
build/chunks/hardwareInventory-service.af42c4d8.js           0.38 kB │ gzip:   0.29 kB │ map:     1.14 kB
build/chunks/RestartAlt.daf02a6f.js                          0.38 kB │ gzip:   0.30 kB │ map:     0.71 kB
build/chunks/NotImplemented.c6617fd1.js                      0.55 kB │ gzip:   0.40 kB │ map:     1.39 kB
build/chunks/AccordianSummary.3c9d8610.js                    0.63 kB │ gzip:   0.44 kB │ map:     1.72 kB
build/chunks/Card.72208c81.js                                0.63 kB │ gzip:   0.43 kB │ map:     4.60 kB
build/chunks/useInterval.96e867d7.js                         0.71 kB │ gzip:   0.41 kB │ map:     3.67 kB
build/chunks/TimeDateInput.7ae209c9.js                       0.88 kB │ gzip:   0.50 kB │ map:     3.03 kB
build/chunks/LineChart.f1655e2e.js                           1.05 kB │ gzip:   0.66 kB │ map:     3.88 kB
build/chunks/TabPanel.8105a726.js                            1.14 kB │ gzip:   0.63 kB │ map:     4.33 kB
build/chunks/ModalDialogComponent.0ee06298.js                1.28 kB │ gzip:   0.70 kB │ map:     4.53 kB
build/chunks/index.a9b3608d.js                               1.98 kB │ gzip:   0.66 kB │ map:     5.83 kB
build/chunks/HealthGauge.f378a498.js                         2.37 kB │ gzip:   1.29 kB │ map:     8.47 kB
build/chunks/useSupport.101d72cc.js                          2.45 kB │ gzip:   1.08 kB │ map:    10.12 kB
build/chunks/Checkbox.06b5ce69.js                            2.46 kB │ gzip:   1.16 kB │ map:    13.67 kB
build/chunks/radioHelper.bfff4332.js                         2.58 kB │ gzip:   1.17 kB │ map:     8.50 kB
build/chunks/AuditLog.164bcf2c.js                            3.71 kB │ gzip:   1.58 kB │ map:    14.13 kB
build/chunks/SlideUpTransition.73af537d.js                   4.03 kB │ gzip:   1.61 kB │ map:    19.76 kB
build/chunks/index.4cea921a.js                               4.14 kB │ gzip:   1.49 kB │ map:    13.64 kB
build/chunks/Logs.95f69a1f.js                                4.78 kB │ gzip:   2.11 kB │ map:    19.49 kB
build/chunks/AccordionSummary.e86c3e30.js                    5.73 kB │ gzip:   1.97 kB │ map:    27.76 kB
build/chunks/ContextMenu.26e0c688.js                         6.23 kB │ gzip:   2.03 kB │ map:    22.48 kB
build/chunks/useStyles.0ff3b109.js                           6.39 kB │ gzip:   2.38 kB │ map:    26.35 kB
build/chunks/web-vitals.dfcc5b9a.js                          6.98 kB │ gzip:   2.58 kB │ map:    16.56 kB
build/chunks/TablePagination.6f33f4bf.js                     8.27 kB │ gzip:   3.16 kB │ map:    42.12 kB
build/chunks/DnnPanel.3e6fe2cb.js                            9.64 kB │ gzip:   3.65 kB │ map:    37.84 kB
build/chunks/GMap.3cdfebd2.js                               16.54 kB │ gzip:   5.28 kB │ map:    51.13 kB
build/chunks/Diagnostics.7bb855d6.js                        23.58 kB │ gzip:   7.53 kB │ map:    89.63 kB
build/chunks/index.172944a7.js                              41.18 kB │ gzip:  10.55 kB │ map:   154.16 kB
build/chunks/AuditLogDetails.1bcbd825.js                    41.88 kB │ gzip:  13.90 kB │ map:   315.56 kB
build/chunks/RadioForm.dd0be8ed.js                          52.34 kB │ gzip:  14.59 kB │ map:   222.41 kB
build/chunks/System.85a590ff.js                             67.07 kB │ gzip:  15.51 kB │ map:   253.53 kB
build/chunks/Calibrate.90339d27.js                          71.72 kB │ gzip:  23.80 kB │ map:   251.10 kB
build/chunks/ReactTable.59db1a78.js                         88.75 kB │ gzip:  27.05 kB │ map:   276.62 kB
build/chunks/Dashboard.ed9e9221.js                          90.61 kB │ gzip:  21.83 kB │ map:   520.67 kB
build/chunks/EdgesPanel.2f892754.js                        135.26 kB │ gzip:  33.10 kB │ map:   494.44 kB
build/chunks/RadiosPanelNew.84e80f62.js                    150.46 kB │ gzip:  39.56 kB │ map:   580.81 kB
build/chunks/SubscribersPanel.3853ceb7.js                  165.00 kB │ gzip:  53.49 kB │ map:   584.66 kB
build/chunks/DataGrid.4f202de8.js                          279.90 kB │ gzip:  84.65 kB │ map: 1,352.07 kB
build/chunks/highcharts.89f0f1f1.js                        296.73 kB │ gzip: 106.33 kB │ map:   694.32 kB
build/chunks/EditNotes.5a2160ce.js                         488.54 kB │ gzip: 132.34 kB │ map: 1,672.41 kB
build/js/index.b1dcea1d.js                               2,139.87 kB │ gzip: 474.88 kB │ map: 5,435.12 kB

(!) Some chunks are larger than 1000 kBs after minification. Consider:
- Using dynamic import() to code-split the application
- Use build.rollupOptions.output.manualChunks to improve chunking: https://rollupjs.org/configuration-options/#output-manualchunks
- Adjust chunk size limit for this warning via build.chunkSizeWarningLimit.
✓ built in 3m 1s
Done in 183.53s.
Compilation done...
Complete at Sat Jul  8 07:33:09 AM EDT 2023
\n ************************************************** \n
Compiling at Sat Jul  8 10:30:00 AM EDT 2023
Pulling latest changes from Git...
From https://github.com/Highway9-Networks/h9-saas
   b4f990675..1c33b2e65  main         -> origin/main
 * [new branch]          9266_demo_edg_rel_upg_scale -> origin/9266_demo_edg_rel_upg_scale
   752891bb5..00cf3bbe7  main-release -> origin/main-release
Updating b4f990675..1c33b2e65
Fast-forward
 common/common.mk | 6 +++---
 1 file changed, 3 insertions(+), 3 deletions(-)
Compiling the orch UI code...
Deleting build...
Folder build deleted.
Folder A is unchanged.
yarn
yarn install v1.22.19
[1/4] Resolving packages...
success Already up-to-date.
Done in 0.73s.
yarn run build
yarn run v1.22.19
$ vite build
vite v4.3.9 building for production...
[plugin:vite-plugin-eslint] LintOnStart is turned on, and it will check for all matching files.
transforming...
✓ 13594 modules transformed.
rendering chunks...
computing gzip size...
build/assets/svg/pin.svg                                     0.85 kB │ gzip:   0.44 kB
build/assets/svg/current.svg                                 0.96 kB │ gzip:   0.47 kB
build/index.html                                             1.00 kB │ gzip:   0.53 kB
build/assets/svg/celltower.svg                               2.73 kB │ gzip:   1.41 kB
build/assets/svg/green-plain.svg                             3.30 kB │ gzip:   1.25 kB
build/assets/svg/pointer.svg                                 3.36 kB │ gzip:   1.27 kB
build/assets/svg/pointer-green.svg                           4.26 kB │ gzip:   1.56 kB
build/assets/svg/pointer-grey.svg                            4.26 kB │ gzip:   1.56 kB
build/assets/svg/markerA.svg                                 4.71 kB │ gzip:   1.66 kB
build/assets/woff2/roboto-vietnamese-400-normal.woff2        5.56 kB
build/assets/svg/markerB.svg                                 5.70 kB │ gzip:   2.12 kB
build/assets/woff2/roboto-greek-400-normal.woff2             7.11 kB
build/assets/svg/Radio-Indoor-Icon.svg                       7.43 kB │ gzip:   1.99 kB
build/assets/woff2/roboto-cyrillic-400-normal.woff2          9.63 kB
build/assets/woff2/roboto-latin-ext-400-normal.woff2        11.87 kB
build/assets/woff2/roboto-cyrillic-ext-400-normal.woff2     15.34 kB
build/assets/woff2/roboto-latin-400-normal.woff2            15.74 kB
build/assets/woff/roboto-all-400-normal.woff                65.46 kB
build/assets/css/EdgesPanel.css                              0.06 kB │ gzip:   0.08 kB
build/assets/css/SubscribersPanel.css                        0.18 kB │ gzip:   0.14 kB
build/assets/css/RadiosPanelNew.css                          0.22 kB │ gzip:   0.17 kB
build/assets/css/Diagnostics.css                             0.29 kB │ gzip:   0.21 kB
build/assets/css/Calibrate.css                               0.64 kB │ gzip:   0.40 kB
build/assets/css/ReactTable.css                              1.32 kB │ gzip:   0.56 kB
build/assets/css/index.css                                   1.78 kB │ gzip:   0.78 kB
build/assets/css/Dashboard.css                               4.02 kB │ gzip:   2.01 kB
build/assets/css/EditNotes.css                              17.96 kB │ gzip:   3.16 kB
build/chunks/QoS-service.2c0707a3.js                         0.26 kB │ gzip:   0.22 kB │ map:     0.80 kB
build/chunks/LightTooltip.e55d3e09.js                        0.34 kB │ gzip:   0.28 kB │ map:     1.06 kB
build/chunks/ArrowForwardIosSharp.594e001c.js                0.36 kB │ gzip:   0.29 kB │ map:     1.12 kB
build/chunks/hardwareInventory-service.af42c4d8.js           0.38 kB │ gzip:   0.29 kB │ map:     1.14 kB
build/chunks/RestartAlt.daf02a6f.js                          0.38 kB │ gzip:   0.30 kB │ map:     0.71 kB
build/chunks/NotImplemented.c6617fd1.js                      0.55 kB │ gzip:   0.40 kB │ map:     1.39 kB
build/chunks/AccordianSummary.3c9d8610.js                    0.63 kB │ gzip:   0.44 kB │ map:     1.72 kB
build/chunks/Card.72208c81.js                                0.63 kB │ gzip:   0.43 kB │ map:     4.60 kB
build/chunks/useInterval.96e867d7.js                         0.71 kB │ gzip:   0.41 kB │ map:     3.67 kB
build/chunks/TimeDateInput.7ae209c9.js                       0.88 kB │ gzip:   0.50 kB │ map:     3.03 kB
build/chunks/LineChart.f1655e2e.js                           1.05 kB │ gzip:   0.66 kB │ map:     3.88 kB
build/chunks/TabPanel.8105a726.js                            1.14 kB │ gzip:   0.63 kB │ map:     4.33 kB
build/chunks/ModalDialogComponent.0ee06298.js                1.28 kB │ gzip:   0.70 kB │ map:     4.53 kB
build/chunks/index.a9b3608d.js                               1.98 kB │ gzip:   0.66 kB │ map:     5.83 kB
build/chunks/HealthGauge.f378a498.js                         2.37 kB │ gzip:   1.29 kB │ map:     8.47 kB
build/chunks/useSupport.101d72cc.js                          2.45 kB │ gzip:   1.08 kB │ map:    10.12 kB
build/chunks/Checkbox.06b5ce69.js                            2.46 kB │ gzip:   1.16 kB │ map:    13.67 kB
build/chunks/radioHelper.bfff4332.js                         2.58 kB │ gzip:   1.17 kB │ map:     8.50 kB
build/chunks/AuditLog.164bcf2c.js                            3.71 kB │ gzip:   1.58 kB │ map:    14.13 kB
build/chunks/SlideUpTransition.73af537d.js                   4.03 kB │ gzip:   1.61 kB │ map:    19.76 kB
build/chunks/index.4cea921a.js                               4.14 kB │ gzip:   1.49 kB │ map:    13.64 kB
build/chunks/Logs.95f69a1f.js                                4.78 kB │ gzip:   2.11 kB │ map:    19.49 kB
build/chunks/AccordionSummary.e86c3e30.js                    5.73 kB │ gzip:   1.97 kB │ map:    27.76 kB
build/chunks/ContextMenu.26e0c688.js                         6.23 kB │ gzip:   2.03 kB │ map:    22.48 kB
build/chunks/useStyles.0ff3b109.js                           6.39 kB │ gzip:   2.38 kB │ map:    26.35 kB
build/chunks/web-vitals.dfcc5b9a.js                          6.98 kB │ gzip:   2.58 kB │ map:    16.56 kB
build/chunks/TablePagination.6f33f4bf.js                     8.27 kB │ gzip:   3.16 kB │ map:    42.12 kB
build/chunks/DnnPanel.3e6fe2cb.js                            9.64 kB │ gzip:   3.65 kB │ map:    37.84 kB
build/chunks/GMap.3cdfebd2.js                               16.54 kB │ gzip:   5.28 kB │ map:    51.13 kB
build/chunks/Diagnostics.7bb855d6.js                        23.58 kB │ gzip:   7.53 kB │ map:    89.63 kB
build/chunks/index.172944a7.js                              41.18 kB │ gzip:  10.55 kB │ map:   154.16 kB
build/chunks/AuditLogDetails.1bcbd825.js                    41.88 kB │ gzip:  13.90 kB │ map:   315.56 kB
build/chunks/RadioForm.dd0be8ed.js                          52.34 kB │ gzip:  14.59 kB │ map:   222.41 kB
build/chunks/System.85a590ff.js                             67.07 kB │ gzip:  15.51 kB │ map:   253.53 kB
build/chunks/Calibrate.90339d27.js                          71.72 kB │ gzip:  23.80 kB │ map:   251.10 kB
build/chunks/ReactTable.59db1a78.js                         88.75 kB │ gzip:  27.05 kB │ map:   276.62 kB
build/chunks/Dashboard.ed9e9221.js                          90.61 kB │ gzip:  21.83 kB │ map:   520.67 kB
build/chunks/EdgesPanel.2f892754.js                        135.26 kB │ gzip:  33.10 kB │ map:   494.44 kB
build/chunks/RadiosPanelNew.84e80f62.js                    150.46 kB │ gzip:  39.56 kB │ map:   580.81 kB
build/chunks/SubscribersPanel.3853ceb7.js                  165.00 kB │ gzip:  53.49 kB │ map:   584.66 kB
build/chunks/DataGrid.4f202de8.js                          279.90 kB │ gzip:  84.65 kB │ map: 1,352.07 kB
build/chunks/highcharts.89f0f1f1.js                        296.73 kB │ gzip: 106.33 kB │ map:   694.32 kB
build/chunks/EditNotes.5a2160ce.js                         488.54 kB │ gzip: 132.34 kB │ map: 1,672.41 kB
build/js/index.b1dcea1d.js                               2,139.87 kB │ gzip: 474.88 kB │ map: 5,435.12 kB

(!) Some chunks are larger than 1000 kBs after minification. Consider:
- Using dynamic import() to code-split the application
- Use build.rollupOptions.output.manualChunks to improve chunking: https://rollupjs.org/configuration-options/#output-manualchunks
- Adjust chunk size limit for this warning via build.chunkSizeWarningLimit.
✓ built in 2m 40s
Done in 163.17s.
Compilation done...
Complete at Sat Jul  8 10:32:47 AM EDT 2023
\n ************************************************** \n
Compiling at Sun Jul  9 02:30:00 AM EDT 2023
Pulling latest changes from Git...
From https://github.com/Highway9-Networks/h9-saas
   e751a4f6d..87bdc09df  balaji/mmeretry    -> origin/balaji/mmeretry
   f266226c3..6d74fc7fb  feature/ushiva_cgw -> origin/feature/ushiva_cgw
Already up to date.
Compiling the orch UI code...
Deleting build...
Folder build deleted.
Folder A is unchanged.
yarn
yarn install v1.22.19
[1/4] Resolving packages...
success Already up-to-date.
Done in 0.75s.
yarn run build
yarn run v1.22.19
$ vite build
vite v4.3.9 building for production...
[plugin:vite-plugin-eslint] LintOnStart is turned on, and it will check for all matching files.
transforming...
✓ 13594 modules transformed.
rendering chunks...
computing gzip size...
build/assets/svg/pin.svg                                     0.85 kB │ gzip:   0.44 kB
build/assets/svg/current.svg                                 0.96 kB │ gzip:   0.47 kB
build/index.html                                             1.00 kB │ gzip:   0.53 kB
build/assets/svg/celltower.svg                               2.73 kB │ gzip:   1.41 kB
build/assets/svg/green-plain.svg                             3.30 kB │ gzip:   1.25 kB
build/assets/svg/pointer.svg                                 3.36 kB │ gzip:   1.27 kB
build/assets/svg/pointer-green.svg                           4.26 kB │ gzip:   1.56 kB
build/assets/svg/pointer-grey.svg                            4.26 kB │ gzip:   1.56 kB
build/assets/svg/markerA.svg                                 4.71 kB │ gzip:   1.66 kB
build/assets/woff2/roboto-vietnamese-400-normal.woff2        5.56 kB
build/assets/svg/markerB.svg                                 5.70 kB │ gzip:   2.12 kB
build/assets/woff2/roboto-greek-400-normal.woff2             7.11 kB
build/assets/svg/Radio-Indoor-Icon.svg                       7.43 kB │ gzip:   1.99 kB
build/assets/woff2/roboto-cyrillic-400-normal.woff2          9.63 kB
build/assets/woff2/roboto-latin-ext-400-normal.woff2        11.87 kB
build/assets/woff2/roboto-cyrillic-ext-400-normal.woff2     15.34 kB
build/assets/woff2/roboto-latin-400-normal.woff2            15.74 kB
build/assets/woff/roboto-all-400-normal.woff                65.46 kB
build/assets/css/EdgesPanel.css                              0.06 kB │ gzip:   0.08 kB
build/assets/css/SubscribersPanel.css                        0.18 kB │ gzip:   0.14 kB
build/assets/css/RadiosPanelNew.css                          0.22 kB │ gzip:   0.17 kB
build/assets/css/Diagnostics.css                             0.29 kB │ gzip:   0.21 kB
build/assets/css/Calibrate.css                               0.64 kB │ gzip:   0.40 kB
build/assets/css/ReactTable.css                              1.32 kB │ gzip:   0.56 kB
build/assets/css/index.css                                   1.78 kB │ gzip:   0.78 kB
build/assets/css/Dashboard.css                               4.02 kB │ gzip:   2.01 kB
build/assets/css/EditNotes.css                              17.96 kB │ gzip:   3.16 kB
build/chunks/QoS-service.2c0707a3.js                         0.26 kB │ gzip:   0.22 kB │ map:     0.80 kB
build/chunks/LightTooltip.e55d3e09.js                        0.34 kB │ gzip:   0.28 kB │ map:     1.06 kB
build/chunks/ArrowForwardIosSharp.594e001c.js                0.36 kB │ gzip:   0.29 kB │ map:     1.12 kB
build/chunks/hardwareInventory-service.af42c4d8.js           0.38 kB │ gzip:   0.29 kB │ map:     1.14 kB
build/chunks/RestartAlt.daf02a6f.js                          0.38 kB │ gzip:   0.30 kB │ map:     0.71 kB
build/chunks/NotImplemented.c6617fd1.js                      0.55 kB │ gzip:   0.40 kB │ map:     1.39 kB
build/chunks/AccordianSummary.3c9d8610.js                    0.63 kB │ gzip:   0.44 kB │ map:     1.72 kB
build/chunks/Card.72208c81.js                                0.63 kB │ gzip:   0.43 kB │ map:     4.60 kB
build/chunks/useInterval.96e867d7.js                         0.71 kB │ gzip:   0.41 kB │ map:     3.67 kB
build/chunks/TimeDateInput.7ae209c9.js                       0.88 kB │ gzip:   0.50 kB │ map:     3.03 kB
build/chunks/LineChart.f1655e2e.js                           1.05 kB │ gzip:   0.66 kB │ map:     3.88 kB
build/chunks/TabPanel.8105a726.js                            1.14 kB │ gzip:   0.63 kB │ map:     4.33 kB
build/chunks/ModalDialogComponent.0ee06298.js                1.28 kB │ gzip:   0.70 kB │ map:     4.53 kB
build/chunks/index.a9b3608d.js                               1.98 kB │ gzip:   0.66 kB │ map:     5.83 kB
build/chunks/HealthGauge.f378a498.js                         2.37 kB │ gzip:   1.29 kB │ map:     8.47 kB
build/chunks/useSupport.101d72cc.js                          2.45 kB │ gzip:   1.08 kB │ map:    10.12 kB
build/chunks/Checkbox.06b5ce69.js                            2.46 kB │ gzip:   1.16 kB │ map:    13.67 kB
build/chunks/radioHelper.bfff4332.js                         2.58 kB │ gzip:   1.17 kB │ map:     8.50 kB
build/chunks/AuditLog.164bcf2c.js                            3.71 kB │ gzip:   1.58 kB │ map:    14.13 kB
build/chunks/SlideUpTransition.73af537d.js                   4.03 kB │ gzip:   1.61 kB │ map:    19.76 kB
build/chunks/index.4cea921a.js                               4.14 kB │ gzip:   1.49 kB │ map:    13.64 kB
build/chunks/Logs.95f69a1f.js                                4.78 kB │ gzip:   2.11 kB │ map:    19.49 kB
build/chunks/AccordionSummary.e86c3e30.js                    5.73 kB │ gzip:   1.97 kB │ map:    27.76 kB
build/chunks/ContextMenu.26e0c688.js                         6.23 kB │ gzip:   2.03 kB │ map:    22.48 kB
build/chunks/useStyles.0ff3b109.js                           6.39 kB │ gzip:   2.38 kB │ map:    26.35 kB
build/chunks/web-vitals.dfcc5b9a.js                          6.98 kB │ gzip:   2.58 kB │ map:    16.56 kB
build/chunks/TablePagination.6f33f4bf.js                     8.27 kB │ gzip:   3.16 kB │ map:    42.12 kB
build/chunks/DnnPanel.3e6fe2cb.js                            9.64 kB │ gzip:   3.65 kB │ map:    37.84 kB
build/chunks/GMap.3cdfebd2.js                               16.54 kB │ gzip:   5.28 kB │ map:    51.13 kB
build/chunks/Diagnostics.7bb855d6.js                        23.58 kB │ gzip:   7.53 kB │ map:    89.63 kB
build/chunks/index.172944a7.js                              41.18 kB │ gzip:  10.55 kB │ map:   154.16 kB
build/chunks/AuditLogDetails.1bcbd825.js                    41.88 kB │ gzip:  13.90 kB │ map:   315.56 kB
build/chunks/RadioForm.dd0be8ed.js                          52.34 kB │ gzip:  14.59 kB │ map:   222.41 kB
build/chunks/System.85a590ff.js                             67.07 kB │ gzip:  15.51 kB │ map:   253.53 kB
build/chunks/Calibrate.90339d27.js                          71.72 kB │ gzip:  23.80 kB │ map:   251.10 kB
build/chunks/ReactTable.59db1a78.js                         88.75 kB │ gzip:  27.05 kB │ map:   276.62 kB
build/chunks/Dashboard.ed9e9221.js                          90.61 kB │ gzip:  21.83 kB │ map:   520.67 kB
build/chunks/EdgesPanel.2f892754.js                        135.26 kB │ gzip:  33.10 kB │ map:   494.44 kB
build/chunks/RadiosPanelNew.84e80f62.js                    150.46 kB │ gzip:  39.56 kB │ map:   580.81 kB
build/chunks/SubscribersPanel.3853ceb7.js                  165.00 kB │ gzip:  53.49 kB │ map:   584.66 kB
build/chunks/DataGrid.4f202de8.js                          279.90 kB │ gzip:  84.65 kB │ map: 1,352.07 kB
build/chunks/highcharts.89f0f1f1.js                        296.73 kB │ gzip: 106.33 kB │ map:   694.32 kB
build/chunks/EditNotes.5a2160ce.js                         488.54 kB │ gzip: 132.34 kB │ map: 1,672.41 kB
build/js/index.b1dcea1d.js                               2,139.87 kB │ gzip: 474.88 kB │ map: 5,435.12 kB

(!) Some chunks are larger than 1000 kBs after minification. Consider:
- Using dynamic import() to code-split the application
- Use build.rollupOptions.output.manualChunks to improve chunking: https://rollupjs.org/configuration-options/#output-manualchunks
- Adjust chunk size limit for this warning via build.chunkSizeWarningLimit.
✓ built in 2m 46s
Done in 168.28s.
Compilation done...
Complete at Sun Jul  9 02:32:53 AM EDT 2023
\n ************************************************** \n
Compiling at Sun Jul  9 07:30:00 AM EDT 2023
Pulling latest changes from Git...
From https://github.com/Highway9-Networks/h9-saas
 * [new branch]          balaji/ueid15digit -> origin/balaji/ueid15digit
Already up to date.
Compiling the orch UI code...
Deleting build...
Folder build deleted.
Folder A is unchanged.
yarn
yarn install v1.22.19
[1/4] Resolving packages...
success Already up-to-date.
Done in 1.19s.
yarn run build
yarn run v1.22.19
$ vite build
vite v4.3.9 building for production...
[plugin:vite-plugin-eslint] LintOnStart is turned on, and it will check for all matching files.
transforming...
✓ 13594 modules transformed.
rendering chunks...
computing gzip size...
build/assets/svg/pin.svg                                     0.85 kB │ gzip:   0.44 kB
build/assets/svg/current.svg                                 0.96 kB │ gzip:   0.47 kB
build/index.html                                             1.00 kB │ gzip:   0.53 kB
build/assets/svg/celltower.svg                               2.73 kB │ gzip:   1.41 kB
build/assets/svg/green-plain.svg                             3.30 kB │ gzip:   1.25 kB
build/assets/svg/pointer.svg                                 3.36 kB │ gzip:   1.27 kB
build/assets/svg/pointer-green.svg                           4.26 kB │ gzip:   1.56 kB
build/assets/svg/pointer-grey.svg                            4.26 kB │ gzip:   1.56 kB
build/assets/svg/markerA.svg                                 4.71 kB │ gzip:   1.66 kB
build/assets/woff2/roboto-vietnamese-400-normal.woff2        5.56 kB
build/assets/svg/markerB.svg                                 5.70 kB │ gzip:   2.12 kB
build/assets/woff2/roboto-greek-400-normal.woff2             7.11 kB
build/assets/svg/Radio-Indoor-Icon.svg                       7.43 kB │ gzip:   1.99 kB
build/assets/woff2/roboto-cyrillic-400-normal.woff2          9.63 kB
build/assets/woff2/roboto-latin-ext-400-normal.woff2        11.87 kB
build/assets/woff2/roboto-cyrillic-ext-400-normal.woff2     15.34 kB
build/assets/woff2/roboto-latin-400-normal.woff2            15.74 kB
build/assets/woff/roboto-all-400-normal.woff                65.46 kB
build/assets/css/EdgesPanel.css                              0.06 kB │ gzip:   0.08 kB
build/assets/css/SubscribersPanel.css                        0.18 kB │ gzip:   0.14 kB
build/assets/css/RadiosPanelNew.css                          0.22 kB │ gzip:   0.17 kB
build/assets/css/Diagnostics.css                             0.29 kB │ gzip:   0.21 kB
build/assets/css/Calibrate.css                               0.64 kB │ gzip:   0.40 kB
build/assets/css/ReactTable.css                              1.32 kB │ gzip:   0.56 kB
build/assets/css/index.css                                   1.78 kB │ gzip:   0.78 kB
build/assets/css/Dashboard.css                               4.02 kB │ gzip:   2.01 kB
build/assets/css/EditNotes.css                              17.96 kB │ gzip:   3.16 kB
build/chunks/QoS-service.2c0707a3.js                         0.26 kB │ gzip:   0.22 kB │ map:     0.80 kB
build/chunks/LightTooltip.e55d3e09.js                        0.34 kB │ gzip:   0.28 kB │ map:     1.06 kB
build/chunks/ArrowForwardIosSharp.594e001c.js                0.36 kB │ gzip:   0.29 kB │ map:     1.12 kB
build/chunks/hardwareInventory-service.af42c4d8.js           0.38 kB │ gzip:   0.29 kB │ map:     1.14 kB
build/chunks/RestartAlt.daf02a6f.js                          0.38 kB │ gzip:   0.30 kB │ map:     0.71 kB
build/chunks/NotImplemented.c6617fd1.js                      0.55 kB │ gzip:   0.40 kB │ map:     1.39 kB
build/chunks/AccordianSummary.3c9d8610.js                    0.63 kB │ gzip:   0.44 kB │ map:     1.72 kB
build/chunks/Card.72208c81.js                                0.63 kB │ gzip:   0.43 kB │ map:     4.60 kB
build/chunks/useInterval.96e867d7.js                         0.71 kB │ gzip:   0.41 kB │ map:     3.67 kB
build/chunks/TimeDateInput.7ae209c9.js                       0.88 kB │ gzip:   0.50 kB │ map:     3.03 kB
build/chunks/LineChart.f1655e2e.js                           1.05 kB │ gzip:   0.66 kB │ map:     3.88 kB
build/chunks/TabPanel.8105a726.js                            1.14 kB │ gzip:   0.63 kB │ map:     4.33 kB
build/chunks/ModalDialogComponent.0ee06298.js                1.28 kB │ gzip:   0.70 kB │ map:     4.53 kB
build/chunks/index.a9b3608d.js                               1.98 kB │ gzip:   0.66 kB │ map:     5.83 kB
build/chunks/HealthGauge.f378a498.js                         2.37 kB │ gzip:   1.29 kB │ map:     8.47 kB
build/chunks/useSupport.101d72cc.js                          2.45 kB │ gzip:   1.08 kB │ map:    10.12 kB
build/chunks/Checkbox.06b5ce69.js                            2.46 kB │ gzip:   1.16 kB │ map:    13.67 kB
build/chunks/radioHelper.bfff4332.js                         2.58 kB │ gzip:   1.17 kB │ map:     8.50 kB
build/chunks/AuditLog.164bcf2c.js                            3.71 kB │ gzip:   1.58 kB │ map:    14.13 kB
build/chunks/SlideUpTransition.73af537d.js                   4.03 kB │ gzip:   1.61 kB │ map:    19.76 kB
build/chunks/index.4cea921a.js                               4.14 kB │ gzip:   1.49 kB │ map:    13.64 kB
build/chunks/Logs.95f69a1f.js                                4.78 kB │ gzip:   2.11 kB │ map:    19.49 kB
build/chunks/AccordionSummary.e86c3e30.js                    5.73 kB │ gzip:   1.97 kB │ map:    27.76 kB
build/chunks/ContextMenu.26e0c688.js                         6.23 kB │ gzip:   2.03 kB │ map:    22.48 kB
build/chunks/useStyles.0ff3b109.js                           6.39 kB │ gzip:   2.38 kB │ map:    26.35 kB
build/chunks/web-vitals.dfcc5b9a.js                          6.98 kB │ gzip:   2.58 kB │ map:    16.56 kB
build/chunks/TablePagination.6f33f4bf.js                     8.27 kB │ gzip:   3.16 kB │ map:    42.12 kB
build/chunks/DnnPanel.3e6fe2cb.js                            9.64 kB │ gzip:   3.65 kB │ map:    37.84 kB
build/chunks/GMap.3cdfebd2.js                               16.54 kB │ gzip:   5.28 kB │ map:    51.13 kB
build/chunks/Diagnostics.7bb855d6.js                        23.58 kB │ gzip:   7.53 kB │ map:    89.63 kB
build/chunks/index.172944a7.js                              41.18 kB │ gzip:  10.55 kB │ map:   154.16 kB
build/chunks/AuditLogDetails.1bcbd825.js                    41.88 kB │ gzip:  13.90 kB │ map:   315.56 kB
build/chunks/RadioForm.dd0be8ed.js                          52.34 kB │ gzip:  14.59 kB │ map:   222.41 kB
build/chunks/System.85a590ff.js                             67.07 kB │ gzip:  15.51 kB │ map:   253.53 kB
build/chunks/Calibrate.90339d27.js                          71.72 kB │ gzip:  23.80 kB │ map:   251.10 kB
build/chunks/ReactTable.59db1a78.js                         88.75 kB │ gzip:  27.05 kB │ map:   276.62 kB
build/chunks/Dashboard.ed9e9221.js                          90.61 kB │ gzip:  21.83 kB │ map:   520.67 kB
build/chunks/EdgesPanel.2f892754.js                        135.26 kB │ gzip:  33.10 kB │ map:   494.44 kB
build/chunks/RadiosPanelNew.84e80f62.js                    150.46 kB │ gzip:  39.56 kB │ map:   580.81 kB
build/chunks/SubscribersPanel.3853ceb7.js                  165.00 kB │ gzip:  53.49 kB │ map:   584.66 kB
build/chunks/DataGrid.4f202de8.js                          279.90 kB │ gzip:  84.65 kB │ map: 1,352.07 kB
build/chunks/highcharts.89f0f1f1.js                        296.73 kB │ gzip: 106.33 kB │ map:   694.32 kB
build/chunks/EditNotes.5a2160ce.js                         488.54 kB │ gzip: 132.34 kB │ map: 1,672.41 kB
build/js/index.b1dcea1d.js                               2,139.87 kB │ gzip: 474.88 kB │ map: 5,435.12 kB

(!) Some chunks are larger than 1000 kBs after minification. Consider:
- Using dynamic import() to code-split the application
- Use build.rollupOptions.output.manualChunks to improve chunking: https://rollupjs.org/configuration-options/#output-manualchunks
- Adjust chunk size limit for this warning via build.chunkSizeWarningLimit.
✓ built in 2m 41s
Done in 164.38s.
Compilation done...
Complete at Sun Jul  9 07:32:48 AM EDT 2023
\n ************************************************** \n
Compiling at Sun Jul  9 10:30:01 AM EDT 2023
Pulling latest changes from Git...
Already up to date.
Compiling the orch UI code...
Deleting build...
Folder build deleted.
Folder A is unchanged.
yarn
yarn install v1.22.19
[1/4] Resolving packages...
success Already up-to-date.
Done in 1.10s.
yarn run build
yarn run v1.22.19
$ vite build
vite v4.3.9 building for production...
[plugin:vite-plugin-eslint] LintOnStart is turned on, and it will check for all matching files.
transforming...
✓ 13594 modules transformed.
rendering chunks...
computing gzip size...
build/assets/svg/pin.svg                                     0.85 kB │ gzip:   0.44 kB
build/assets/svg/current.svg                                 0.96 kB │ gzip:   0.47 kB
build/index.html                                             1.00 kB │ gzip:   0.53 kB
build/assets/svg/celltower.svg                               2.73 kB │ gzip:   1.41 kB
build/assets/svg/green-plain.svg                             3.30 kB │ gzip:   1.25 kB
build/assets/svg/pointer.svg                                 3.36 kB │ gzip:   1.27 kB
build/assets/svg/pointer-green.svg                           4.26 kB │ gzip:   1.56 kB
build/assets/svg/pointer-grey.svg                            4.26 kB │ gzip:   1.56 kB
build/assets/svg/markerA.svg                                 4.71 kB │ gzip:   1.66 kB
build/assets/woff2/roboto-vietnamese-400-normal.woff2        5.56 kB
build/assets/svg/markerB.svg                                 5.70 kB │ gzip:   2.12 kB
build/assets/woff2/roboto-greek-400-normal.woff2             7.11 kB
build/assets/svg/Radio-Indoor-Icon.svg                       7.43 kB │ gzip:   1.99 kB
build/assets/woff2/roboto-cyrillic-400-normal.woff2          9.63 kB
build/assets/woff2/roboto-latin-ext-400-normal.woff2        11.87 kB
build/assets/woff2/roboto-cyrillic-ext-400-normal.woff2     15.34 kB
build/assets/woff2/roboto-latin-400-normal.woff2            15.74 kB
build/assets/woff/roboto-all-400-normal.woff                65.46 kB
build/assets/css/EdgesPanel.css                              0.06 kB │ gzip:   0.08 kB
build/assets/css/SubscribersPanel.css                        0.18 kB │ gzip:   0.14 kB
build/assets/css/RadiosPanelNew.css                          0.22 kB │ gzip:   0.17 kB
build/assets/css/Diagnostics.css                             0.29 kB │ gzip:   0.21 kB
build/assets/css/Calibrate.css                               0.64 kB │ gzip:   0.40 kB
build/assets/css/ReactTable.css                              1.32 kB │ gzip:   0.56 kB
build/assets/css/index.css                                   1.78 kB │ gzip:   0.78 kB
build/assets/css/Dashboard.css                               4.02 kB │ gzip:   2.01 kB
build/assets/css/EditNotes.css                              17.96 kB │ gzip:   3.16 kB
build/chunks/QoS-service.2c0707a3.js                         0.26 kB │ gzip:   0.22 kB │ map:     0.80 kB
build/chunks/LightTooltip.e55d3e09.js                        0.34 kB │ gzip:   0.28 kB │ map:     1.06 kB
build/chunks/ArrowForwardIosSharp.594e001c.js                0.36 kB │ gzip:   0.29 kB │ map:     1.12 kB
build/chunks/hardwareInventory-service.af42c4d8.js           0.38 kB │ gzip:   0.29 kB │ map:     1.14 kB
build/chunks/RestartAlt.daf02a6f.js                          0.38 kB │ gzip:   0.30 kB │ map:     0.71 kB
build/chunks/NotImplemented.c6617fd1.js                      0.55 kB │ gzip:   0.40 kB │ map:     1.39 kB
build/chunks/AccordianSummary.3c9d8610.js                    0.63 kB │ gzip:   0.44 kB │ map:     1.72 kB
build/chunks/Card.72208c81.js                                0.63 kB │ gzip:   0.43 kB │ map:     4.60 kB
build/chunks/useInterval.96e867d7.js                         0.71 kB │ gzip:   0.41 kB │ map:     3.67 kB
build/chunks/TimeDateInput.7ae209c9.js                       0.88 kB │ gzip:   0.50 kB │ map:     3.03 kB
build/chunks/LineChart.f1655e2e.js                           1.05 kB │ gzip:   0.66 kB │ map:     3.88 kB
build/chunks/TabPanel.8105a726.js                            1.14 kB │ gzip:   0.63 kB │ map:     4.33 kB
build/chunks/ModalDialogComponent.0ee06298.js                1.28 kB │ gzip:   0.70 kB │ map:     4.53 kB
build/chunks/index.a9b3608d.js                               1.98 kB │ gzip:   0.66 kB │ map:     5.83 kB
build/chunks/HealthGauge.f378a498.js                         2.37 kB │ gzip:   1.29 kB │ map:     8.47 kB
build/chunks/useSupport.101d72cc.js                          2.45 kB │ gzip:   1.08 kB │ map:    10.12 kB
build/chunks/Checkbox.06b5ce69.js                            2.46 kB │ gzip:   1.16 kB │ map:    13.67 kB
build/chunks/radioHelper.bfff4332.js                         2.58 kB │ gzip:   1.17 kB │ map:     8.50 kB
build/chunks/AuditLog.164bcf2c.js                            3.71 kB │ gzip:   1.58 kB │ map:    14.13 kB
build/chunks/SlideUpTransition.73af537d.js                   4.03 kB │ gzip:   1.61 kB │ map:    19.76 kB
build/chunks/index.4cea921a.js                               4.14 kB │ gzip:   1.49 kB │ map:    13.64 kB
build/chunks/Logs.95f69a1f.js                                4.78 kB │ gzip:   2.11 kB │ map:    19.49 kB
build/chunks/AccordionSummary.e86c3e30.js                    5.73 kB │ gzip:   1.97 kB │ map:    27.76 kB
build/chunks/ContextMenu.26e0c688.js                         6.23 kB │ gzip:   2.03 kB │ map:    22.48 kB
build/chunks/useStyles.0ff3b109.js                           6.39 kB │ gzip:   2.38 kB │ map:    26.35 kB
build/chunks/web-vitals.dfcc5b9a.js                          6.98 kB │ gzip:   2.58 kB │ map:    16.56 kB
build/chunks/TablePagination.6f33f4bf.js                     8.27 kB │ gzip:   3.16 kB │ map:    42.12 kB
build/chunks/DnnPanel.3e6fe2cb.js                            9.64 kB │ gzip:   3.65 kB │ map:    37.84 kB
build/chunks/GMap.3cdfebd2.js                               16.54 kB │ gzip:   5.28 kB │ map:    51.13 kB
build/chunks/Diagnostics.7bb855d6.js                        23.58 kB │ gzip:   7.53 kB │ map:    89.63 kB
build/chunks/index.172944a7.js                              41.18 kB │ gzip:  10.55 kB │ map:   154.16 kB
build/chunks/AuditLogDetails.1bcbd825.js                    41.88 kB │ gzip:  13.90 kB │ map:   315.56 kB
build/chunks/RadioForm.dd0be8ed.js                          52.34 kB │ gzip:  14.59 kB │ map:   222.41 kB
build/chunks/System.85a590ff.js                             67.07 kB │ gzip:  15.51 kB │ map:   253.53 kB
build/chunks/Calibrate.90339d27.js                          71.72 kB │ gzip:  23.80 kB │ map:   251.10 kB
build/chunks/ReactTable.59db1a78.js                         88.75 kB │ gzip:  27.05 kB │ map:   276.62 kB
build/chunks/Dashboard.ed9e9221.js                          90.61 kB │ gzip:  21.83 kB │ map:   520.67 kB
build/chunks/EdgesPanel.2f892754.js                        135.26 kB │ gzip:  33.10 kB │ map:   494.44 kB
build/chunks/RadiosPanelNew.84e80f62.js                    150.46 kB │ gzip:  39.56 kB │ map:   580.81 kB
build/chunks/SubscribersPanel.3853ceb7.js                  165.00 kB │ gzip:  53.49 kB │ map:   584.66 kB
build/chunks/DataGrid.4f202de8.js                          279.90 kB │ gzip:  84.65 kB │ map: 1,352.07 kB
build/chunks/highcharts.89f0f1f1.js                        296.73 kB │ gzip: 106.33 kB │ map:   694.32 kB
build/chunks/EditNotes.5a2160ce.js                         488.54 kB │ gzip: 132.34 kB │ map: 1,672.41 kB
build/js/index.b1dcea1d.js                               2,139.87 kB │ gzip: 474.88 kB │ map: 5,435.12 kB

(!) Some chunks are larger than 1000 kBs after minification. Consider:
- Using dynamic import() to code-split the application
- Use build.rollupOptions.output.manualChunks to improve chunking: https://rollupjs.org/configuration-options/#output-manualchunks
- Adjust chunk size limit for this warning via build.chunkSizeWarningLimit.
✓ built in 2m 49s
Done in 172.45s.
Compilation done...
Complete at Sun Jul  9 10:32:57 AM EDT 2023
\n ************************************************** \n
Compiling at Mon Jul 10 02:30:00 AM EDT 2023
Pulling latest changes from Git...
From https://github.com/Highway9-Networks/h9-saas
   1c33b2e65..748da9a54  main                  -> origin/main
   87bdc09df..ed006d468  balaji/mmeretry       -> origin/balaji/mmeretry
   5e5d0dadc..ed006d468  balaji/ueid15digit    -> origin/balaji/ueid15digit
   6d74fc7fb..5d75645cd  feature/ushiva_cgw    -> origin/feature/ushiva_cgw
   e25097243..9876da5d8  private/akshay-new-29 -> origin/private/akshay-new-29
   9fab27dcb..c93dbba4c  vikram_mem            -> origin/vikram_mem
Updating 1c33b2e65..748da9a54
Fast-forward
 common/adapters/baicells/baicells.go               |  29 +++++-
 common/common.mk                                   |   2 +-
 .../carriergw/mocngw/mocngw/common/common_mocngw.h |   2 +-
 edge/carriergw/mocngw/mocngw/inc/s1ap_types.h      |   2 +-
 edge/carriergw/mocngw/mocngw/tasks/access/access.c |  29 ++++--
 edge/carriergw/mocngw/mocngw/tasks/access/access.h |   2 +
 .../mocngw/mocngw/tasks/access/access_encoder.c    | 115 ++++++++++++++++++++-
 .../mocngw/mocngw/tasks/network/network.c          |  30 ++++--
 .../mocngw/mocngw/tasks/network/network.h          |   1 +
 .../mocngw/mocngw/tasks/network/network_encoder.c  |  92 ++++++++++++++++-
 .../mocngw/mocngw/tasks/s1ap/s1ap_dummy.c          |   2 +-
 .../mocngw/mocngw/tasks/s1ap/s1ap_mme_encoder.c    |   5 +
 .../subscribers/graphs/ThroughputStatistics.tsx    |  14 +--
 .../views/subscribers/graphs/timeline/Timeline.tsx |   9 ++
 14 files changed, 293 insertions(+), 41 deletions(-)
Compiling the orch UI code...
Deleting build...
Folder build deleted.
Folder A is unchanged.
yarn
yarn install v1.22.19
[1/4] Resolving packages...
success Already up-to-date.
Done in 0.99s.
yarn run build
yarn run v1.22.19
$ vite build
vite v4.3.9 building for production...
[plugin:vite-plugin-eslint] LintOnStart is turned on, and it will check for all matching files.
transforming...
✓ 13594 modules transformed.
rendering chunks...
computing gzip size...
build/assets/svg/pin.svg                                     0.85 kB │ gzip:   0.44 kB
build/assets/svg/current.svg                                 0.96 kB │ gzip:   0.47 kB
build/index.html                                             1.00 kB │ gzip:   0.53 kB
build/assets/svg/celltower.svg                               2.73 kB │ gzip:   1.41 kB
build/assets/svg/green-plain.svg                             3.30 kB │ gzip:   1.25 kB
build/assets/svg/pointer.svg                                 3.36 kB │ gzip:   1.27 kB
build/assets/svg/pointer-green.svg                           4.26 kB │ gzip:   1.56 kB
build/assets/svg/pointer-grey.svg                            4.26 kB │ gzip:   1.56 kB
build/assets/svg/markerA.svg                                 4.71 kB │ gzip:   1.66 kB
build/assets/woff2/roboto-vietnamese-400-normal.woff2        5.56 kB
build/assets/svg/markerB.svg                                 5.70 kB │ gzip:   2.12 kB
build/assets/woff2/roboto-greek-400-normal.woff2             7.11 kB
build/assets/svg/Radio-Indoor-Icon.svg                       7.43 kB │ gzip:   1.99 kB
build/assets/woff2/roboto-cyrillic-400-normal.woff2          9.63 kB
build/assets/woff2/roboto-latin-ext-400-normal.woff2        11.87 kB
build/assets/woff2/roboto-cyrillic-ext-400-normal.woff2     15.34 kB
build/assets/woff2/roboto-latin-400-normal.woff2            15.74 kB
build/assets/woff/roboto-all-400-normal.woff                65.46 kB
build/assets/css/EdgesPanel.css                              0.06 kB │ gzip:   0.08 kB
build/assets/css/SubscribersPanel.css                        0.18 kB │ gzip:   0.14 kB
build/assets/css/RadiosPanelNew.css                          0.22 kB │ gzip:   0.17 kB
build/assets/css/Diagnostics.css                             0.29 kB │ gzip:   0.21 kB
build/assets/css/Calibrate.css                               0.64 kB │ gzip:   0.40 kB
build/assets/css/ReactTable.css                              1.32 kB │ gzip:   0.56 kB
build/assets/css/index.css                                   1.78 kB │ gzip:   0.78 kB
build/assets/css/Dashboard.css                               4.02 kB │ gzip:   2.01 kB
build/assets/css/EditNotes.css                              17.96 kB │ gzip:   3.16 kB
build/chunks/QoS-service.715009a7.js                         0.26 kB │ gzip:   0.22 kB │ map:     0.80 kB
build/chunks/LightTooltip.f7bac153.js                        0.34 kB │ gzip:   0.28 kB │ map:     1.06 kB
build/chunks/ArrowForwardIosSharp.1224baf0.js                0.36 kB │ gzip:   0.29 kB │ map:     1.12 kB
build/chunks/hardwareInventory-service.a9245e67.js           0.38 kB │ gzip:   0.30 kB │ map:     1.14 kB
build/chunks/RestartAlt.c9993167.js                          0.38 kB │ gzip:   0.30 kB │ map:     0.71 kB
build/chunks/NotImplemented.65d16ee4.js                      0.55 kB │ gzip:   0.40 kB │ map:     1.39 kB
build/chunks/AccordianSummary.a7998f4c.js                    0.63 kB │ gzip:   0.44 kB │ map:     1.72 kB
build/chunks/Card.287b6aa1.js                                0.63 kB │ gzip:   0.43 kB │ map:     4.60 kB
build/chunks/useInterval.31952365.js                         0.71 kB │ gzip:   0.41 kB │ map:     3.67 kB
build/chunks/TimeDateInput.c0b6852b.js                       0.88 kB │ gzip:   0.50 kB │ map:     3.03 kB
build/chunks/LineChart.3bc35d6e.js                           1.05 kB │ gzip:   0.66 kB │ map:     3.88 kB
build/chunks/TabPanel.396a5653.js                            1.14 kB │ gzip:   0.63 kB │ map:     4.33 kB
build/chunks/ModalDialogComponent.08858258.js                1.28 kB │ gzip:   0.71 kB │ map:     4.53 kB
build/chunks/index.8207937b.js                               1.98 kB │ gzip:   0.66 kB │ map:     5.83 kB
build/chunks/HealthGauge.8ea63279.js                         2.37 kB │ gzip:   1.29 kB │ map:     8.47 kB
build/chunks/useSupport.756abbf2.js                          2.45 kB │ gzip:   1.08 kB │ map:    10.12 kB
build/chunks/Checkbox.25ddd1df.js                            2.46 kB │ gzip:   1.16 kB │ map:    13.67 kB
build/chunks/radioHelper.f6ff1805.js                         2.58 kB │ gzip:   1.17 kB │ map:     8.50 kB
build/chunks/AuditLog.422648cd.js                            3.71 kB │ gzip:   1.59 kB │ map:    14.13 kB
build/chunks/SlideUpTransition.01a333b9.js                   4.03 kB │ gzip:   1.61 kB │ map:    19.76 kB
build/chunks/index.5a828164.js                               4.14 kB │ gzip:   1.49 kB │ map:    13.64 kB
build/chunks/Logs.75929ecf.js                                4.78 kB │ gzip:   2.11 kB │ map:    19.49 kB
build/chunks/AccordionSummary.d3c2ed2f.js                    5.73 kB │ gzip:   1.97 kB │ map:    27.76 kB
build/chunks/ContextMenu.5c7cc618.js                         6.23 kB │ gzip:   2.03 kB │ map:    22.48 kB
build/chunks/useStyles.781ed8bd.js                           6.39 kB │ gzip:   2.38 kB │ map:    26.35 kB
build/chunks/web-vitals.dfcc5b9a.js                          6.98 kB │ gzip:   2.58 kB │ map:    16.56 kB
build/chunks/TablePagination.43fc546b.js                     8.27 kB │ gzip:   3.16 kB │ map:    42.12 kB
build/chunks/DnnPanel.cbaf07e4.js                            9.64 kB │ gzip:   3.65 kB │ map:    37.84 kB
build/chunks/GMap.18e35765.js                               16.54 kB │ gzip:   5.28 kB │ map:    51.13 kB
build/chunks/Diagnostics.01a0c51f.js                        23.58 kB │ gzip:   7.52 kB │ map:    89.63 kB
build/chunks/index.4632fc3d.js                              41.18 kB │ gzip:  10.56 kB │ map:   154.16 kB
build/chunks/AuditLogDetails.23898b19.js                    41.88 kB │ gzip:  13.90 kB │ map:   315.56 kB
build/chunks/RadioForm.90f63e02.js                          52.34 kB │ gzip:  14.59 kB │ map:   222.41 kB
build/chunks/System.aeb60532.js                             67.07 kB │ gzip:  15.51 kB │ map:   253.53 kB
build/chunks/Calibrate.0cd99aa1.js                          71.72 kB │ gzip:  23.80 kB │ map:   251.10 kB
build/chunks/ReactTable.ad320c94.js                         88.75 kB │ gzip:  27.05 kB │ map:   276.62 kB
build/chunks/Dashboard.798d308e.js                          90.61 kB │ gzip:  21.83 kB │ map:   520.67 kB
build/chunks/EdgesPanel.709bfd29.js                        135.26 kB │ gzip:  33.10 kB │ map:   494.44 kB
build/chunks/RadiosPanelNew.56ee3701.js                    150.46 kB │ gzip:  39.55 kB │ map:   580.81 kB
build/chunks/SubscribersPanel.dc5b3613.js                  165.14 kB │ gzip:  53.53 kB │ map:   585.05 kB
build/chunks/DataGrid.ba03e66f.js                          279.90 kB │ gzip:  84.65 kB │ map: 1,352.07 kB
build/chunks/highcharts.29e3cb7e.js                        296.73 kB │ gzip: 106.33 kB │ map:   694.32 kB
build/chunks/EditNotes.50c0e5bf.js                         488.54 kB │ gzip: 132.34 kB │ map: 1,672.41 kB
build/js/index.7db2e645.js                               2,139.87 kB │ gzip: 474.87 kB │ map: 5,435.12 kB

(!) Some chunks are larger than 1000 kBs after minification. Consider:
- Using dynamic import() to code-split the application
- Use build.rollupOptions.output.manualChunks to improve chunking: https://rollupjs.org/configuration-options/#output-manualchunks
- Adjust chunk size limit for this warning via build.chunkSizeWarningLimit.
✓ built in 3m 1s
Done in 184.67s.
Compilation done...
Complete at Mon Jul 10 02:33:09 AM EDT 2023
\n ************************************************** \n
Compiling at Mon Jul 10 07:30:00 AM EDT 2023
Pulling latest changes from Git...
From https://github.com/Highway9-Networks/h9-saas
   748da9a54..05c93059e  main                  -> origin/main
   ed006d468..748da9a54  balaji/mmeretry       -> origin/balaji/mmeretry
   ed006d468..748da9a54  balaji/ueid15digit    -> origin/balaji/ueid15digit
   00cf3bbe7..f93660653  main-release          -> origin/main-release
   a371622c8..73aef679f  private/abhagwat      -> origin/private/abhagwat
 * [new branch]          private/aditya/bugFix/9215 -> origin/private/aditya/bugFix/9215
   9876da5d8..0fed8165f  private/akshay-new-29 -> origin/private/akshay-new-29
   e42443193..bb7aabe36  private/dileep/FixingIssues_04_07_23 -> origin/private/dileep/FixingIssues_04_07_23
 * [new branch]          private/ishika/issue_9371 -> origin/private/ishika/issue_9371
   153f579a7..850599c6f  xpJain/change2        -> origin/xpJain/change2
   5aec5947e..6e70954cf  xpJain/newTableTS     -> origin/xpJain/newTableTS
Updating 748da9a54..05c93059e
Fast-forward
 .gitignore                                         |    1 -
 clusterAgent/grpcClient/go.mod                     |    2 +-
 clusterAgent/grpcServer/go.mod                     |    2 +-
 common/adapters/baicells/baicells.go               |   24 +-
 common/common.mk                                   |    8 +-
 common/go.mod                                      |    2 +-
 orch/orch-api/apihandler/DevicesRestHandler.go     |   46 +-
 orch/orch-ui/src/constants/eventmap.json           |    8 +
 orch/orch-ui/src/views/radios/RadioSummary.tsx     |    2 +-
 .../subscribers/graphs/TimelineGraphHelper.ts      |    6 +-
 .../src/views/subscribers/useSubsciberPanel.tsx    |    2 +-
 orch/orch-ui/yarn.lock                             | 4071 ++++++++++++++++++++
 saas/saas-api/go.mod                               |    2 +-
 saas/saas-ui/yarn.lock                             | 3238 ++++++++++++++++
 shellcommandclient/go.mod                          |    2 +-
 tools/kubeconfig/pentagaon-kdm1-1                  |   18 +
 tools/kubeconfig/pentagon-track1                   |   17 -
 17 files changed, 7396 insertions(+), 55 deletions(-)
 create mode 100644 orch/orch-ui/yarn.lock
 create mode 100644 saas/saas-ui/yarn.lock
 create mode 100644 tools/kubeconfig/pentagaon-kdm1-1
 delete mode 100644 tools/kubeconfig/pentagon-track1
Compiling the orch UI code...
Deleting build...
Folder build deleted.
Folder A is unchanged.
yarn
yarn install v1.22.19
[1/4] Resolving packages...
[2/4] Fetching packages...
[3/4] Linking dependencies...
warning " > @mui/styles@5.13.2" has incorrect peer dependency "react@^17.0.0".
warning " > @mui/x-data-grid@6.8.0" has unmet peer dependency "@mui/system@^5.4.1".
warning " > @mui/x-date-pickers@6.8.0" has unmet peer dependency "@mui/base@^5.0.0-alpha.87".
warning " > @mui/x-date-pickers@6.8.0" has unmet peer dependency "@mui/system@^5.8.0".
warning " > react-draft-wysiwyg@1.15.0" has unmet peer dependency "immutable@3.x.x || 4.x.x".
warning "react-draft-wysiwyg > draftjs-utils@0.10.2" has unmet peer dependency "immutable@3.x.x || 4.x.x".
warning "react-draft-wysiwyg > html-to-draftjs@1.5.0" has unmet peer dependency "immutable@3.x.x || 4.x.x".
warning " > @testing-library/user-event@14.4.3" has unmet peer dependency "@testing-library/dom@>=7.21.4".
[4/4] Building fresh packages...
Done in 165.62s.
yarn run build
yarn run v1.22.19
$ vite build
vite v4.3.9 building for production...
[plugin:vite-plugin-eslint] LintOnStart is turned on, and it will check for all matching files.
transforming...
✓ 13538 modules transformed.
rendering chunks...
computing gzip size...
build/assets/svg/pin.svg                                     0.85 kB │ gzip:   0.44 kB
build/assets/svg/current.svg                                 0.96 kB │ gzip:   0.47 kB
build/index.html                                             1.00 kB │ gzip:   0.53 kB
build/assets/svg/celltower.svg                               2.73 kB │ gzip:   1.41 kB
build/assets/svg/green-plain.svg                             3.30 kB │ gzip:   1.25 kB
build/assets/svg/pointer.svg                                 3.36 kB │ gzip:   1.27 kB
build/assets/svg/pointer-green.svg                           4.26 kB │ gzip:   1.56 kB
build/assets/svg/pointer-grey.svg                            4.26 kB │ gzip:   1.56 kB
build/assets/svg/markerA.svg                                 4.71 kB │ gzip:   1.66 kB
build/assets/woff2/roboto-vietnamese-400-normal.woff2        5.56 kB
build/assets/svg/markerB.svg                                 5.70 kB │ gzip:   2.12 kB
build/assets/woff2/roboto-greek-400-normal.woff2             7.11 kB
build/assets/svg/Radio-Indoor-Icon.svg                       7.43 kB │ gzip:   1.99 kB
build/assets/woff2/roboto-cyrillic-400-normal.woff2          9.63 kB
build/assets/woff2/roboto-latin-ext-400-normal.woff2        11.87 kB
build/assets/woff2/roboto-cyrillic-ext-400-normal.woff2     15.34 kB
build/assets/woff2/roboto-latin-400-normal.woff2            15.74 kB
build/assets/woff/roboto-all-400-normal.woff                65.46 kB
build/assets/css/EdgesPanel.css                              0.06 kB │ gzip:   0.08 kB
build/assets/css/SubscribersPanel.css                        0.18 kB │ gzip:   0.14 kB
build/assets/css/RadiosPanelNew.css                          0.22 kB │ gzip:   0.17 kB
build/assets/css/Diagnostics.css                             0.29 kB │ gzip:   0.21 kB
build/assets/css/Calibrate.css                               0.64 kB │ gzip:   0.40 kB
build/assets/css/ReactTable.css                              1.32 kB │ gzip:   0.56 kB
build/assets/css/index.css                                   1.78 kB │ gzip:   0.78 kB
build/assets/css/Dashboard.css                               4.02 kB │ gzip:   2.01 kB
build/assets/css/EditNotes.css                              17.96 kB │ gzip:   3.16 kB
build/chunks/styled.95a123e0.js                              0.12 kB │ gzip:   0.14 kB │ map:     0.34 kB
build/chunks/QoS-service.8f77e541.js                         0.26 kB │ gzip:   0.22 kB │ map:     0.80 kB
build/chunks/LightTooltip.8ce63c3d.js                        0.34 kB │ gzip:   0.28 kB │ map:     1.06 kB
build/chunks/ArrowForwardIosSharp.190648b3.js                0.36 kB │ gzip:   0.29 kB │ map:     1.12 kB
build/chunks/hardwareInventory-service.c081f12d.js           0.38 kB │ gzip:   0.30 kB │ map:     1.14 kB
build/chunks/RestartAlt.26f593bf.js                          0.38 kB │ gzip:   0.30 kB │ map:     0.71 kB
build/chunks/NotImplemented.d70869cc.js                      0.55 kB │ gzip:   0.40 kB │ map:     1.39 kB
build/chunks/AccordianSummary.b22e2050.js                    0.63 kB │ gzip:   0.44 kB │ map:     1.72 kB
build/chunks/Card.b861465e.js                                0.63 kB │ gzip:   0.43 kB │ map:     4.60 kB
build/chunks/useInterval.fc8c8a36.js                         0.71 kB │ gzip:   0.41 kB │ map:     3.67 kB
build/chunks/TimeDateInput.5a8fb7d2.js                       0.88 kB │ gzip:   0.50 kB │ map:     3.03 kB
build/chunks/LineChart.b9992c16.js                           1.05 kB │ gzip:   0.66 kB │ map:     3.88 kB
build/chunks/TabPanel.f6cea49a.js                            1.14 kB │ gzip:   0.63 kB │ map:     4.33 kB
build/chunks/ModalDialogComponent.2d5c9a51.js                1.28 kB │ gzip:   0.71 kB │ map:     4.53 kB
build/chunks/index.73682294.js                               1.98 kB │ gzip:   0.66 kB │ map:     5.83 kB
build/chunks/HealthGauge.088d2c27.js                         2.37 kB │ gzip:   1.29 kB │ map:     8.47 kB
build/chunks/useSupport.f52ce5c3.js                          2.45 kB │ gzip:   1.08 kB │ map:    10.12 kB
build/chunks/Checkbox.22804f8f.js                            2.46 kB │ gzip:   1.16 kB │ map:    13.67 kB
build/chunks/radioHelper.fbc96366.js                         2.58 kB │ gzip:   1.17 kB │ map:     8.50 kB
build/chunks/AuditLog.11b14cd0.js                            3.71 kB │ gzip:   1.58 kB │ map:    14.13 kB
build/chunks/SlideUpTransition.46b55852.js                   4.03 kB │ gzip:   1.61 kB │ map:    19.76 kB
build/chunks/index.55480945.js                               4.14 kB │ gzip:   1.48 kB │ map:    13.64 kB
build/chunks/Logs.82adbb8c.js                                4.78 kB │ gzip:   2.11 kB │ map:    19.49 kB
build/chunks/AccordionSummary.5f9d2b1a.js                    5.73 kB │ gzip:   1.97 kB │ map:    27.76 kB
build/chunks/ContextMenu.23577d37.js                         6.23 kB │ gzip:   2.03 kB │ map:    22.48 kB
build/chunks/useStyles.f1c90914.js                           6.39 kB │ gzip:   2.38 kB │ map:    26.35 kB
build/chunks/web-vitals.dfcc5b9a.js                          6.98 kB │ gzip:   2.58 kB │ map:    16.56 kB
build/chunks/TablePagination.b2c74a36.js                     8.27 kB │ gzip:   3.16 kB │ map:    42.12 kB
build/chunks/DnnPanel.53822916.js                            9.67 kB │ gzip:   3.67 kB │ map:    37.84 kB
build/chunks/GMap.4adc2a55.js                               16.54 kB │ gzip:   5.28 kB │ map:    51.13 kB
build/chunks/Diagnostics.b1200530.js                        23.61 kB │ gzip:   7.54 kB │ map:    89.63 kB
build/chunks/index.e3cd0710.js                              41.18 kB │ gzip:  10.56 kB │ map:   154.16 kB
build/chunks/AuditLogDetails.120a18c7.js                    41.88 kB │ gzip:  13.90 kB │ map:   315.56 kB
build/chunks/RadioForm.147c7133.js                          52.34 kB │ gzip:  14.60 kB │ map:   222.41 kB
build/chunks/System.7d1e29f4.js                             67.09 kB │ gzip:  15.51 kB │ map:   253.28 kB
build/chunks/Calibrate.43ae302f.js                          71.83 kB │ gzip:  23.83 kB │ map:   251.96 kB
build/chunks/ReactTable.3f98e8dc.js                         88.75 kB │ gzip:  27.05 kB │ map:   276.61 kB
build/chunks/Dashboard.9257ad9b.js                          90.62 kB │ gzip:  21.85 kB │ map:   520.74 kB
build/chunks/EdgesPanel.4d4bf941.js                        135.29 kB │ gzip:  33.12 kB │ map:   494.44 kB
build/chunks/RadiosPanelNew.40d4efe9.js                    150.46 kB │ gzip:  39.57 kB │ map:   580.75 kB
build/chunks/SubscribersPanel.944110c2.js                  165.17 kB │ gzip:  53.55 kB │ map:   585.08 kB
build/chunks/DataGrid.0d67253b.js                          280.40 kB │ gzip:  84.81 kB │ map: 1,359.73 kB
build/chunks/highcharts.84c436dc.js                        296.73 kB │ gzip: 106.33 kB │ map:   694.32 kB
build/chunks/EditNotes.928d42be.js                         488.54 kB │ gzip: 132.34 kB │ map: 1,672.41 kB
build/js/index.2680353c.js                               2,128.27 kB │ gzip: 471.03 kB │ map: 5,378.10 kB

(!) Some chunks are larger than 1000 kBs after minification. Consider:
- Using dynamic import() to code-split the application
- Use build.rollupOptions.output.manualChunks to improve chunking: https://rollupjs.org/configuration-options/#output-manualchunks
- Adjust chunk size limit for this warning via build.chunkSizeWarningLimit.
✓ built in 2m 50s
Done in 172.16s.
Compilation done...
Complete at Mon Jul 10 07:35:41 AM EDT 2023
\n ************************************************** \n
Compiling at Mon Jul 10 10:30:00 AM EDT 2023
Pulling latest changes from Git...
From https://github.com/Highway9-Networks/h9-saas
   05c93059e..76f009bfa  main                   -> origin/main
   b524eb226..f729e4852  feature/airspan        -> origin/feature/airspan
 * [new branch]          pingmon_crashfix       -> origin/pingmon_crashfix
   73aef679f..73ca749d4  private/abhagwat       -> origin/private/abhagwat
 * [new branch]          private/akshay-9339    -> origin/private/akshay-9339
   b8d080561..8b0a66564  private/akshay-airspan -> origin/private/akshay-airspan
   bb7aabe36..c397a8325  private/dileep/FixingIssues_04_07_23 -> origin/private/dileep/FixingIssues_04_07_23
 * [new branch]          xpJain-demo/patch      -> origin/xpJain-demo/patch
Updating 05c93059e..76f009bfa
Fast-forward
 ci_scripts/compile.sh                              |  2 +-
 common/adapters/baicells/baicells.go               |  4 +---
 common/tests/baicells/baicells_test.go             | 21 +++++++++++++++++++
 orch/orch-ui/src/store/context/subscriberSlice.ts  |  8 ++++----
 .../src/views/radios/AddNeighbourListDialog.jsx    | 24 +++++++++++++---------
 5 files changed, 41 insertions(+), 18 deletions(-)
Compiling the orch UI code...
Deleting build...
Folder build deleted.
Folder A is unchanged.
yarn
yarn install v1.22.19
[1/4] Resolving packages...
success Already up-to-date.
Done in 1.07s.
yarn run build
yarn run v1.22.19
$ vite build
vite v4.3.9 building for production...
[plugin:vite-plugin-eslint] LintOnStart is turned on, and it will check for all matching files.
transforming...
✓ 13538 modules transformed.
rendering chunks...
computing gzip size...
build/assets/svg/pin.svg                                     0.85 kB │ gzip:   0.44 kB
build/assets/svg/current.svg                                 0.96 kB │ gzip:   0.47 kB
build/index.html                                             1.00 kB │ gzip:   0.53 kB
build/assets/svg/celltower.svg                               2.73 kB │ gzip:   1.41 kB
build/assets/svg/green-plain.svg                             3.30 kB │ gzip:   1.25 kB
build/assets/svg/pointer.svg                                 3.36 kB │ gzip:   1.27 kB
build/assets/svg/pointer-green.svg                           4.26 kB │ gzip:   1.56 kB
build/assets/svg/pointer-grey.svg                            4.26 kB │ gzip:   1.56 kB
build/assets/svg/markerA.svg                                 4.71 kB │ gzip:   1.66 kB
build/assets/woff2/roboto-vietnamese-400-normal.woff2        5.56 kB
build/assets/svg/markerB.svg                                 5.70 kB │ gzip:   2.12 kB
build/assets/woff2/roboto-greek-400-normal.woff2             7.11 kB
build/assets/svg/Radio-Indoor-Icon.svg                       7.43 kB │ gzip:   1.99 kB
build/assets/woff2/roboto-cyrillic-400-normal.woff2          9.63 kB
build/assets/woff2/roboto-latin-ext-400-normal.woff2        11.87 kB
build/assets/woff2/roboto-cyrillic-ext-400-normal.woff2     15.34 kB
build/assets/woff2/roboto-latin-400-normal.woff2            15.74 kB
build/assets/woff/roboto-all-400-normal.woff                65.46 kB
build/assets/css/EdgesPanel.css                              0.06 kB │ gzip:   0.08 kB
build/assets/css/SubscribersPanel.css                        0.18 kB │ gzip:   0.14 kB
build/assets/css/RadiosPanelNew.css                          0.22 kB │ gzip:   0.17 kB
build/assets/css/Diagnostics.css                             0.29 kB │ gzip:   0.21 kB
build/assets/css/Calibrate.css                               0.64 kB │ gzip:   0.40 kB
build/assets/css/ReactTable.css                              1.32 kB │ gzip:   0.56 kB
build/assets/css/index.css                                   1.78 kB │ gzip:   0.78 kB
build/assets/css/Dashboard.css                               4.02 kB │ gzip:   2.01 kB
build/assets/css/EditNotes.css                              17.96 kB │ gzip:   3.16 kB
build/chunks/styled.a5b04463.js                              0.12 kB │ gzip:   0.14 kB │ map:     0.34 kB
build/chunks/QoS-service.b959bba1.js                         0.26 kB │ gzip:   0.22 kB │ map:     0.80 kB
build/chunks/LightTooltip.4eb2b388.js                        0.34 kB │ gzip:   0.28 kB │ map:     1.06 kB
build/chunks/ArrowForwardIosSharp.d4ba92ae.js                0.36 kB │ gzip:   0.29 kB │ map:     1.12 kB
build/chunks/hardwareInventory-service.bda07e99.js           0.38 kB │ gzip:   0.30 kB │ map:     1.14 kB
build/chunks/RestartAlt.b95797c5.js                          0.38 kB │ gzip:   0.30 kB │ map:     0.71 kB
build/chunks/NotImplemented.03dd75d0.js                      0.55 kB │ gzip:   0.40 kB │ map:     1.39 kB
build/chunks/AccordianSummary.c7494e64.js                    0.63 kB │ gzip:   0.44 kB │ map:     1.72 kB
build/chunks/Card.07d0b970.js                                0.63 kB │ gzip:   0.43 kB │ map:     4.60 kB
build/chunks/useInterval.d180e5b1.js                         0.71 kB │ gzip:   0.41 kB │ map:     3.67 kB
build/chunks/TimeDateInput.5fae9c5a.js                       0.88 kB │ gzip:   0.50 kB │ map:     3.03 kB
build/chunks/LineChart.9e4e3a35.js                           1.05 kB │ gzip:   0.66 kB │ map:     3.88 kB
build/chunks/TabPanel.f9b18ece.js                            1.14 kB │ gzip:   0.63 kB │ map:     4.33 kB
build/chunks/ModalDialogComponent.526fdf31.js                1.28 kB │ gzip:   0.71 kB │ map:     4.53 kB
build/chunks/index.0c291597.js                               1.98 kB │ gzip:   0.66 kB │ map:     5.83 kB
build/chunks/HealthGauge.36e693a8.js                         2.37 kB │ gzip:   1.29 kB │ map:     8.47 kB
build/chunks/useSupport.2195ab77.js                          2.45 kB │ gzip:   1.08 kB │ map:    10.12 kB
build/chunks/Checkbox.0c7e5b1d.js                            2.46 kB │ gzip:   1.16 kB │ map:    13.67 kB
build/chunks/radioHelper.bd1e9fa9.js                         2.58 kB │ gzip:   1.17 kB │ map:     8.50 kB
build/chunks/AuditLog.4bc85bc4.js                            3.71 kB │ gzip:   1.58 kB │ map:    14.13 kB
build/chunks/SlideUpTransition.dd4c9130.js                   4.03 kB │ gzip:   1.61 kB │ map:    19.76 kB
build/chunks/index.36034f74.js                               4.14 kB │ gzip:   1.48 kB │ map:    13.64 kB
build/chunks/Logs.aa2a5f00.js                                4.78 kB │ gzip:   2.11 kB │ map:    19.49 kB
build/chunks/AccordionSummary.8a20bd33.js                    5.73 kB │ gzip:   1.97 kB │ map:    27.76 kB
build/chunks/ContextMenu.07d47f92.js                         6.23 kB │ gzip:   2.03 kB │ map:    22.48 kB
build/chunks/useStyles.b5c78de5.js                           6.39 kB │ gzip:   2.38 kB │ map:    26.35 kB
build/chunks/web-vitals.dfcc5b9a.js                          6.98 kB │ gzip:   2.58 kB │ map:    16.56 kB
build/chunks/TablePagination.861c53b2.js                     8.27 kB │ gzip:   3.16 kB │ map:    42.12 kB
build/chunks/DnnPanel.14c9ac31.js                            9.67 kB │ gzip:   3.67 kB │ map:    37.84 kB
build/chunks/GMap.2d4b322d.js                               16.54 kB │ gzip:   5.28 kB │ map:    51.13 kB
build/chunks/Diagnostics.49d6759d.js                        23.61 kB │ gzip:   7.54 kB │ map:    89.63 kB
build/chunks/index.2d00c5e4.js                              41.18 kB │ gzip:  10.55 kB │ map:   154.16 kB
build/chunks/AuditLogDetails.d32d5c40.js                    41.88 kB │ gzip:  13.90 kB │ map:   315.56 kB
build/chunks/RadioForm.5aedd7f5.js                          52.23 kB │ gzip:  14.56 kB │ map:   222.78 kB
build/chunks/System.a6738fa1.js                             67.09 kB │ gzip:  15.51 kB │ map:   253.28 kB
build/chunks/Calibrate.b555040e.js                          71.83 kB │ gzip:  23.83 kB │ map:   251.96 kB
build/chunks/ReactTable.1f6d1bd5.js                         88.75 kB │ gzip:  27.05 kB │ map:   276.61 kB
build/chunks/Dashboard.13f541b4.js                          90.62 kB │ gzip:  21.85 kB │ map:   520.74 kB
build/chunks/EdgesPanel.d8e6bae2.js                        135.29 kB │ gzip:  33.11 kB │ map:   494.44 kB
build/chunks/RadiosPanelNew.d3ed6a37.js                    150.46 kB │ gzip:  39.56 kB │ map:   580.75 kB
build/chunks/SubscribersPanel.59697d4f.js                  165.17 kB │ gzip:  53.55 kB │ map:   585.08 kB
build/chunks/DataGrid.a98e0cf3.js                          280.40 kB │ gzip:  84.80 kB │ map: 1,359.73 kB
build/chunks/highcharts.8fe1c9f2.js                        296.73 kB │ gzip: 106.33 kB │ map:   694.32 kB
build/chunks/EditNotes.795a6584.js                         488.54 kB │ gzip: 132.34 kB │ map: 1,672.41 kB
build/js/index.e0244a82.js                               2,128.27 kB │ gzip: 471.02 kB │ map: 5,378.11 kB

(!) Some chunks are larger than 1000 kBs after minification. Consider:
- Using dynamic import() to code-split the application
- Use build.rollupOptions.output.manualChunks to improve chunking: https://rollupjs.org/configuration-options/#output-manualchunks
- Adjust chunk size limit for this warning via build.chunkSizeWarningLimit.
✓ built in 2m 49s
Done in 171.67s.
Compilation done...
Complete at Mon Jul 10 10:32:57 AM EDT 2023
\n ************************************************** \n
Compiling at Tue Jul 11 02:30:00 AM EDT 2023
Pulling latest changes from Git...
From https://github.com/Highway9-Networks/h9-saas
   76f009bfa..89fe8f7ea  main                    -> origin/main
 * [new branch]          9282_track1_edg_upgd_spgw_crash -> origin/9282_track1_edg_upgd_spgw_crash
   e2186d2c3..ce144f7e6  bhuvaneshne_edgeupgrade -> origin/bhuvaneshne_edgeupgrade
 * [new branch]          bhuvaneshne_edgeupgrade_main-release -> origin/bhuvaneshne_edgeupgrade_main-release
   b1f8328fb..40b8cfd01  imran-automation        -> origin/imran-automation
   f93660653..ac0374fdf  main-release            -> origin/main-release
 * [new branch]          nidhi/10july            -> origin/nidhi/10july
   e725aceea..9e999003f  private/ishika/issue_9371 -> origin/private/ishika/issue_9371
   6e70954cf..ae44ef075  xpJain/newTableTS       -> origin/xpJain/newTableTS
Updating 76f009bfa..89fe8f7ea
Fast-forward
 common/common.mk                                   |   6 +-
 .../carriergw/mocngw/mocngw/common/common_mocngw.h |  10 +
 edge/carriergw/mocngw/mocngw/inc/s1ap_state.h      |   5 +-
 edge/carriergw/mocngw/mocngw/inc/s1ap_types.h      |  11 +-
 .../mocngw/mocngw/tasks/access/access_encoder.c    | 378 +++++++++++++--------
 edge/carriergw/mocngw/mocngw/tasks/config/config.c |   7 +-
 edge/carriergw/mocngw/mocngw/tasks/config/config.h |  15 +-
 .../mocngw/mocngw/tasks/config/mocn_config_poll.c  |  17 +-
 .../mocngw/mocngw/tasks/config/mocn_dp_client.cc   |  69 +++-
 .../mocngw/mocngw/tasks/config/mocn_dp_client.h    |   5 +-
 .../mocngw/mocngw/tasks/network/network.c          |  10 +-
 .../mocngw/mocngw/tasks/network/network_encoder.c  | 313 ++++++++++++-----
 .../mocngw/mocngw/tasks/network/network_util.c     |  10 +-
 .../mocngw/mocngw/tasks/s1ap/s1ap_dummy.c          | 244 +++++++++++--
 .../mocngw/mocngw/tasks/s1ap/s1ap_mme_handlers.c   |   4 +-
 .../roles/agw-ami-configure/tasks/main.yaml        |   3 +-
 .../scripts/edge-scripts/pingmon/ping_log.py       |  18 +-
 saas/saas-ui/src/components/TextResources.jsx      |   3 +-
 saas/saas-ui/src/constants/routes.ts               |   2 +-
 19 files changed, 816 insertions(+), 314 deletions(-)
Compiling the orch UI code...
Deleting build...
Folder build deleted.
Folder A is unchanged.
yarn
yarn install v1.22.19
[1/4] Resolving packages...
success Already up-to-date.
Done in 1.18s.
yarn run build
yarn run v1.22.19
$ vite build
vite v4.3.9 building for production...
[plugin:vite-plugin-eslint] LintOnStart is turned on, and it will check for all matching files.
transforming...
✓ 13538 modules transformed.
rendering chunks...
computing gzip size...
build/assets/svg/pin.svg                                     0.85 kB │ gzip:   0.44 kB
build/assets/svg/current.svg                                 0.96 kB │ gzip:   0.47 kB
build/index.html                                             1.00 kB │ gzip:   0.53 kB
build/assets/svg/celltower.svg                               2.73 kB │ gzip:   1.41 kB
build/assets/svg/green-plain.svg                             3.30 kB │ gzip:   1.25 kB
build/assets/svg/pointer.svg                                 3.36 kB │ gzip:   1.27 kB
build/assets/svg/pointer-grey.svg                            4.26 kB │ gzip:   1.56 kB
build/assets/svg/pointer-green.svg                           4.26 kB │ gzip:   1.56 kB
build/assets/svg/markerA.svg                                 4.71 kB │ gzip:   1.66 kB
build/assets/woff2/roboto-vietnamese-400-normal.woff2        5.56 kB
build/assets/svg/markerB.svg                                 5.70 kB │ gzip:   2.12 kB
build/assets/woff2/roboto-greek-400-normal.woff2             7.11 kB
build/assets/svg/Radio-Indoor-Icon.svg                       7.43 kB │ gzip:   1.99 kB
build/assets/woff2/roboto-cyrillic-400-normal.woff2          9.63 kB
build/assets/woff2/roboto-latin-ext-400-normal.woff2        11.87 kB
build/assets/woff2/roboto-cyrillic-ext-400-normal.woff2     15.34 kB
build/assets/woff2/roboto-latin-400-normal.woff2            15.74 kB
build/assets/woff/roboto-all-400-normal.woff                65.46 kB
build/assets/css/EdgesPanel.css                              0.06 kB │ gzip:   0.08 kB
build/assets/css/SubscribersPanel.css                        0.18 kB │ gzip:   0.14 kB
build/assets/css/RadiosPanelNew.css                          0.22 kB │ gzip:   0.17 kB
build/assets/css/Diagnostics.css                             0.29 kB │ gzip:   0.21 kB
build/assets/css/Calibrate.css                               0.64 kB │ gzip:   0.40 kB
build/assets/css/ReactTable.css                              1.32 kB │ gzip:   0.56 kB
build/assets/css/index.css                                   1.78 kB │ gzip:   0.78 kB
build/assets/css/Dashboard.css                               4.02 kB │ gzip:   2.01 kB
build/assets/css/EditNotes.css                              17.96 kB │ gzip:   3.16 kB
build/chunks/styled.a5b04463.js                              0.12 kB │ gzip:   0.14 kB │ map:     0.34 kB
build/chunks/QoS-service.b959bba1.js                         0.26 kB │ gzip:   0.22 kB │ map:     0.80 kB
build/chunks/LightTooltip.4eb2b388.js                        0.34 kB │ gzip:   0.28 kB │ map:     1.06 kB
build/chunks/ArrowForwardIosSharp.d4ba92ae.js                0.36 kB │ gzip:   0.29 kB │ map:     1.12 kB
build/chunks/hardwareInventory-service.bda07e99.js           0.38 kB │ gzip:   0.30 kB │ map:     1.14 kB
build/chunks/RestartAlt.b95797c5.js                          0.38 kB │ gzip:   0.30 kB │ map:     0.71 kB
build/chunks/NotImplemented.03dd75d0.js                      0.55 kB │ gzip:   0.40 kB │ map:     1.39 kB
build/chunks/AccordianSummary.c7494e64.js                    0.63 kB │ gzip:   0.44 kB │ map:     1.72 kB
build/chunks/Card.07d0b970.js                                0.63 kB │ gzip:   0.43 kB │ map:     4.60 kB
build/chunks/useInterval.d180e5b1.js                         0.71 kB │ gzip:   0.41 kB │ map:     3.67 kB
build/chunks/TimeDateInput.5fae9c5a.js                       0.88 kB │ gzip:   0.50 kB │ map:     3.03 kB
build/chunks/LineChart.9e4e3a35.js                           1.05 kB │ gzip:   0.66 kB │ map:     3.88 kB
build/chunks/TabPanel.f9b18ece.js                            1.14 kB │ gzip:   0.63 kB │ map:     4.33 kB
build/chunks/ModalDialogComponent.526fdf31.js                1.28 kB │ gzip:   0.71 kB │ map:     4.53 kB
build/chunks/index.0c291597.js                               1.98 kB │ gzip:   0.66 kB │ map:     5.83 kB
build/chunks/HealthGauge.36e693a8.js                         2.37 kB │ gzip:   1.29 kB │ map:     8.47 kB
build/chunks/useSupport.2195ab77.js                          2.45 kB │ gzip:   1.08 kB │ map:    10.12 kB
build/chunks/Checkbox.0c7e5b1d.js                            2.46 kB │ gzip:   1.16 kB │ map:    13.67 kB
build/chunks/radioHelper.bd1e9fa9.js                         2.58 kB │ gzip:   1.17 kB │ map:     8.50 kB
build/chunks/AuditLog.4bc85bc4.js                            3.71 kB │ gzip:   1.58 kB │ map:    14.13 kB
build/chunks/SlideUpTransition.dd4c9130.js                   4.03 kB │ gzip:   1.61 kB │ map:    19.76 kB
build/chunks/index.36034f74.js                               4.14 kB │ gzip:   1.48 kB │ map:    13.64 kB
build/chunks/Logs.aa2a5f00.js                                4.78 kB │ gzip:   2.11 kB │ map:    19.49 kB
build/chunks/AccordionSummary.8a20bd33.js                    5.73 kB │ gzip:   1.97 kB │ map:    27.76 kB
build/chunks/ContextMenu.07d47f92.js                         6.23 kB │ gzip:   2.03 kB │ map:    22.48 kB
build/chunks/useStyles.b5c78de5.js                           6.39 kB │ gzip:   2.38 kB │ map:    26.35 kB
build/chunks/web-vitals.dfcc5b9a.js                          6.98 kB │ gzip:   2.58 kB │ map:    16.56 kB
build/chunks/TablePagination.861c53b2.js                     8.27 kB │ gzip:   3.16 kB │ map:    42.12 kB
build/chunks/DnnPanel.14c9ac31.js                            9.67 kB │ gzip:   3.67 kB │ map:    37.84 kB
build/chunks/GMap.2d4b322d.js                               16.54 kB │ gzip:   5.28 kB │ map:    51.13 kB
build/chunks/Diagnostics.49d6759d.js                        23.61 kB │ gzip:   7.54 kB │ map:    89.63 kB
build/chunks/index.2d00c5e4.js                              41.18 kB │ gzip:  10.55 kB │ map:   154.16 kB
build/chunks/AuditLogDetails.d32d5c40.js                    41.88 kB │ gzip:  13.90 kB │ map:   315.56 kB
build/chunks/RadioForm.5aedd7f5.js                          52.23 kB │ gzip:  14.56 kB │ map:   222.78 kB
build/chunks/System.a6738fa1.js                             67.09 kB │ gzip:  15.51 kB │ map:   253.28 kB
build/chunks/Calibrate.b555040e.js                          71.83 kB │ gzip:  23.83 kB │ map:   251.96 kB
build/chunks/ReactTable.1f6d1bd5.js                         88.75 kB │ gzip:  27.05 kB │ map:   276.61 kB
build/chunks/Dashboard.13f541b4.js                          90.62 kB │ gzip:  21.85 kB │ map:   520.74 kB
build/chunks/EdgesPanel.d8e6bae2.js                        135.29 kB │ gzip:  33.11 kB │ map:   494.44 kB
build/chunks/RadiosPanelNew.d3ed6a37.js                    150.46 kB │ gzip:  39.56 kB │ map:   580.75 kB
build/chunks/SubscribersPanel.59697d4f.js                  165.17 kB │ gzip:  53.55 kB │ map:   585.08 kB
build/chunks/DataGrid.a98e0cf3.js                          280.40 kB │ gzip:  84.80 kB │ map: 1,359.73 kB
build/chunks/highcharts.8fe1c9f2.js                        296.73 kB │ gzip: 106.33 kB │ map:   694.32 kB
build/chunks/EditNotes.795a6584.js                         488.54 kB │ gzip: 132.34 kB │ map: 1,672.41 kB
build/js/index.e0244a82.js                               2,128.27 kB │ gzip: 471.02 kB │ map: 5,378.11 kB

(!) Some chunks are larger than 1000 kBs after minification. Consider:
- Using dynamic import() to code-split the application
- Use build.rollupOptions.output.manualChunks to improve chunking: https://rollupjs.org/configuration-options/#output-manualchunks
- Adjust chunk size limit for this warning via build.chunkSizeWarningLimit.
✓ built in 2m 52s
Done in 174.63s.
Compilation done...
Complete at Tue Jul 11 02:33:01 AM EDT 2023
\n ************************************************** \n
Compiling at Tue Jul 11 07:30:02 AM EDT 2023
Pulling latest changes from Git...
From https://github.com/Highway9-Networks/h9-saas
   89fe8f7ea..7bbf98992  main                   -> origin/main
   f729e4852..fccfb06fb  feature/airspan        -> origin/feature/airspan
   266805431..353944f35  feature/ushiva_new     -> origin/feature/ushiva_new
   ac0374fdf..0d3722e23  main-release           -> origin/main-release
 + 874a9b55c...2b61dab43 nidhi/10july           -> origin/nidhi/10july  (forced update)
   73ca749d4..f316a16e6  private/abhagwat       -> origin/private/abhagwat
   a4514c7f8..f44c6887e  private/abhagwat-release -> origin/private/abhagwat-release
   65e0cd6db..2a725305c  private/akshay-9339    -> origin/private/akshay-9339
   8b0a66564..90e1a623f  private/akshay-airspan -> origin/private/akshay-airspan
   0fed8165f..ccaa8cbf0  private/akshay-new-29  -> origin/private/akshay-new-29
   16a0f17b5..6e30f63c3  private/akshay-sync5   -> origin/private/akshay-sync5
   c397a8325..efe882b3a  private/dileep/FixingIssues_04_07_23 -> origin/private/dileep/FixingIssues_04_07_23
   9e999003f..509c9703d  private/ishika/issue_9371 -> origin/private/ishika/issue_9371
   850599c6f..1c01d6c2c  xpJain/change2         -> origin/xpJain/change2
   ae44ef075..1287bffb9  xpJain/newTableTS      -> origin/xpJain/newTableTS
Updating 89fe8f7ea..7bbf98992
Fast-forward
 common/adapters/baicells/baicells.go               | 19 ++++++-
 common/common.mk                                   |  4 +-
 orch/orch-api/apihandler/OperationRestHandler.go   | 14 ++++-
 orch/orch-common/constants/constants.go            |  2 +
 orch/orch-common/constants/timers.go               |  2 +
 .../services/radioService/radioService.go          |  8 ++-
 orch/orch-service/watcher-config/edge-watcher.json |  2 +-
 orch/orch-ui/src/App.css                           |  4 ++
 orch/orch-ui/src/components/EventsComponent.tsx    | 64 ++++++++++++++++++++--
 .../src/views/edges/Operator/OperatorDetails.jsx   |  2 +-
 .../views/edges/Operator/OperatorDetailsInfo.jsx   | 15 ++---
 11 files changed, 110 insertions(+), 26 deletions(-)
Compiling the orch UI code...
Deleting build...
Folder build deleted.
Folder A is unchanged.
yarn
yarn install v1.22.19
[1/4] Resolving packages...
success Already up-to-date.
Done in 0.97s.
yarn run build
yarn run v1.22.19
$ vite build
vite v4.3.9 building for production...
[plugin:vite-plugin-eslint] LintOnStart is turned on, and it will check for all matching files.
transforming...
✓ 13538 modules transformed.
rendering chunks...
computing gzip size...
build/assets/svg/pin.svg                                     0.85 kB │ gzip:   0.44 kB
build/assets/svg/current.svg                                 0.96 kB │ gzip:   0.47 kB
build/index.html                                             1.00 kB │ gzip:   0.53 kB
build/assets/svg/celltower.svg                               2.73 kB │ gzip:   1.41 kB
build/assets/svg/green-plain.svg                             3.30 kB │ gzip:   1.25 kB
build/assets/svg/pointer.svg                                 3.36 kB │ gzip:   1.27 kB
build/assets/svg/pointer-green.svg                           4.26 kB │ gzip:   1.56 kB
build/assets/svg/pointer-grey.svg                            4.26 kB │ gzip:   1.56 kB
build/assets/svg/markerA.svg                                 4.71 kB │ gzip:   1.66 kB
build/assets/woff2/roboto-vietnamese-400-normal.woff2        5.56 kB
build/assets/svg/markerB.svg                                 5.70 kB │ gzip:   2.12 kB
build/assets/woff2/roboto-greek-400-normal.woff2             7.11 kB
build/assets/svg/Radio-Indoor-Icon.svg                       7.43 kB │ gzip:   1.99 kB
build/assets/woff2/roboto-cyrillic-400-normal.woff2          9.63 kB
build/assets/woff2/roboto-latin-ext-400-normal.woff2        11.87 kB
build/assets/woff2/roboto-cyrillic-ext-400-normal.woff2     15.34 kB
build/assets/woff2/roboto-latin-400-normal.woff2            15.74 kB
build/assets/woff/roboto-all-400-normal.woff                65.46 kB
build/assets/css/EdgesPanel.css                              0.06 kB │ gzip:   0.08 kB
build/assets/css/SubscribersPanel.css                        0.18 kB │ gzip:   0.14 kB
build/assets/css/RadiosPanelNew.css                          0.22 kB │ gzip:   0.17 kB
build/assets/css/Diagnostics.css                             0.29 kB │ gzip:   0.21 kB
build/assets/css/Calibrate.css                               0.64 kB │ gzip:   0.40 kB
build/assets/css/ReactTable.css                              1.32 kB │ gzip:   0.56 kB
build/assets/css/index.css                                   1.82 kB │ gzip:   0.79 kB
build/assets/css/Dashboard.css                               4.02 kB │ gzip:   2.01 kB
build/assets/css/EditNotes.css                              17.96 kB │ gzip:   3.16 kB
build/chunks/styled.1cc8c969.js                              0.12 kB │ gzip:   0.14 kB │ map:     0.34 kB
build/chunks/QoS-service.14b245e4.js                         0.26 kB │ gzip:   0.22 kB │ map:     0.80 kB
build/chunks/LightTooltip.321ba1ab.js                        0.34 kB │ gzip:   0.28 kB │ map:     1.06 kB
build/chunks/ArrowForwardIosSharp.9eeda0ab.js                0.36 kB │ gzip:   0.29 kB │ map:     1.12 kB
build/chunks/hardwareInventory-service.ffee57ad.js           0.38 kB │ gzip:   0.29 kB │ map:     1.14 kB
build/chunks/RestartAlt.1e928e61.js                          0.38 kB │ gzip:   0.30 kB │ map:     0.71 kB
build/chunks/NotImplemented.cab16036.js                      0.55 kB │ gzip:   0.40 kB │ map:     1.39 kB
build/chunks/AccordianSummary.88bb294e.js                    0.63 kB │ gzip:   0.44 kB │ map:     1.72 kB
build/chunks/Card.17b198a0.js                                0.63 kB │ gzip:   0.43 kB │ map:     4.60 kB
build/chunks/useInterval.5dc0e615.js                         0.71 kB │ gzip:   0.41 kB │ map:     3.67 kB
build/chunks/TimeDateInput.998e9b9d.js                       0.88 kB │ gzip:   0.50 kB │ map:     3.03 kB
build/chunks/LineChart.4da72eca.js                           1.05 kB │ gzip:   0.66 kB │ map:     3.88 kB
build/chunks/TabPanel.ccddb28d.js                            1.14 kB │ gzip:   0.63 kB │ map:     4.33 kB
build/chunks/ModalDialogComponent.579b5bd3.js                1.28 kB │ gzip:   0.70 kB │ map:     4.53 kB
build/chunks/index.324f48cd.js                               1.98 kB │ gzip:   0.66 kB │ map:     5.83 kB
build/chunks/HealthGauge.4cad9198.js                         2.37 kB │ gzip:   1.29 kB │ map:     8.47 kB
build/chunks/useSupport.d5a25828.js                          2.45 kB │ gzip:   1.08 kB │ map:    10.12 kB
build/chunks/Checkbox.8912df25.js                            2.46 kB │ gzip:   1.16 kB │ map:    13.67 kB
build/chunks/radioHelper.f4f45d34.js                         2.58 kB │ gzip:   1.17 kB │ map:     8.50 kB
build/chunks/AuditLog.31016a3a.js                            3.71 kB │ gzip:   1.58 kB │ map:    14.13 kB
build/chunks/SlideUpTransition.eb6b5c3e.js                   4.03 kB │ gzip:   1.61 kB │ map:    19.76 kB
build/chunks/index.62732f30.js                               4.14 kB │ gzip:   1.48 kB │ map:    13.64 kB
build/chunks/Logs.4accbcd5.js                                4.78 kB │ gzip:   2.11 kB │ map:    19.49 kB
build/chunks/AccordionSummary.db4609ba.js                    5.73 kB │ gzip:   1.97 kB │ map:    27.76 kB
build/chunks/ContextMenu.4f49bad9.js                         6.23 kB │ gzip:   2.03 kB │ map:    22.48 kB
build/chunks/useStyles.0e064deb.js                           6.39 kB │ gzip:   2.38 kB │ map:    26.35 kB
build/chunks/web-vitals.dfcc5b9a.js                          6.98 kB │ gzip:   2.58 kB │ map:    16.56 kB
build/chunks/TablePagination.f662464e.js                     8.27 kB │ gzip:   3.16 kB │ map:    42.12 kB
build/chunks/DnnPanel.eb035097.js                            9.67 kB │ gzip:   3.67 kB │ map:    37.84 kB
build/chunks/GMap.3fdebaed.js                               16.54 kB │ gzip:   5.28 kB │ map:    51.13 kB
build/chunks/Diagnostics.36e7f3d3.js                        23.61 kB │ gzip:   7.54 kB │ map:    89.63 kB
build/chunks/index.3d58113f.js                              41.18 kB │ gzip:  10.55 kB │ map:   154.16 kB
build/chunks/AuditLogDetails.bd906e52.js                    41.88 kB │ gzip:  13.90 kB │ map:   315.56 kB
build/chunks/RadioForm.80d709ff.js                          52.23 kB │ gzip:  14.56 kB │ map:   222.78 kB
build/chunks/System.bbeb5d02.js                             67.09 kB │ gzip:  15.51 kB │ map:   253.28 kB
build/chunks/Calibrate.6f25ed53.js                          71.83 kB │ gzip:  23.83 kB │ map:   251.96 kB
build/chunks/ReactTable.3608869e.js                         88.75 kB │ gzip:  27.05 kB │ map:   276.61 kB
build/chunks/Dashboard.f2548fb1.js                          90.62 kB │ gzip:  21.85 kB │ map:   520.74 kB
build/chunks/EdgesPanel.6136f34e.js                        135.30 kB │ gzip:  33.12 kB │ map:   494.43 kB
build/chunks/RadiosPanelNew.1063bfe9.js                    150.46 kB │ gzip:  39.56 kB │ map:   580.75 kB
build/chunks/SubscribersPanel.9692f2c6.js                  165.17 kB │ gzip:  53.55 kB │ map:   585.08 kB
build/chunks/DataGrid.bcc198df.js                          280.40 kB │ gzip:  84.80 kB │ map: 1,359.73 kB
build/chunks/highcharts.30dc0c60.js                        296.73 kB │ gzip: 106.33 kB │ map:   694.32 kB
build/chunks/EditNotes.3bd84d79.js                         489.27 kB │ gzip: 132.59 kB │ map: 1,675.29 kB
build/js/index.6aadd6e1.js                               2,128.27 kB │ gzip: 471.02 kB │ map: 5,378.11 kB

(!) Some chunks are larger than 1000 kBs after minification. Consider:
- Using dynamic import() to code-split the application
- Use build.rollupOptions.output.manualChunks to improve chunking: https://rollupjs.org/configuration-options/#output-manualchunks
- Adjust chunk size limit for this warning via build.chunkSizeWarningLimit.
✓ built in 2m 48s
Done in 171.59s.
Compilation done...
Complete at Tue Jul 11 07:33:09 AM EDT 2023
\n ************************************************** \n
Compiling at Tue Jul 11 10:30:00 AM EDT 2023
Pulling latest changes from Git...
From https://github.com/Highway9-Networks/h9-saas
   7bbf98992..0ac2b4e2a  main                  -> origin/main
 * [new branch]          bhuvaneshne_asan_full -> origin/bhuvaneshne_asan_full
   0d3722e23..1519ec691  main-release          -> origin/main-release
 + 2b61dab43...e8a19da27 nidhi/10july          -> origin/nidhi/10july  (forced update)
   f316a16e6..faedca8ec  private/abhagwat      -> origin/private/abhagwat
   f44c6887e..35270f408  private/abhagwat-release -> origin/private/abhagwat-release
   ccaa8cbf0..12a1c6d61  private/akshay-new-29 -> origin/private/akshay-new-29
   1c01d6c2c..a622b9e5d  xpJain/change2        -> origin/xpJain/change2
Updating 7bbf98992..0ac2b4e2a
Fast-forward
 common/common.mk                                                  | 2 +-
 orch/orch-api/queries/get_flow_records_for_imsi.json              | 8 ++++++++
 orch/orch-service/watcher-config/edge-watcher.json                | 2 +-
 .../src/views/subscribers/graphs/ConnectionQualityGraph.tsx       | 3 ---
 4 files changed, 10 insertions(+), 5 deletions(-)
Compiling the orch UI code...
Deleting build...
Folder build deleted.
Folder A is unchanged.
yarn
yarn install v1.22.19
[1/4] Resolving packages...
success Already up-to-date.
Done in 1.31s.
yarn run build
yarn run v1.22.19
$ vite build
vite v4.3.9 building for production...
[plugin:vite-plugin-eslint] LintOnStart is turned on, and it will check for all matching files.
transforming...
✓ 13538 modules transformed.
rendering chunks...
computing gzip size...
build/assets/svg/pin.svg                                     0.85 kB │ gzip:   0.44 kB
build/assets/svg/current.svg                                 0.96 kB │ gzip:   0.47 kB
build/index.html                                             1.00 kB │ gzip:   0.53 kB
build/assets/svg/celltower.svg                               2.73 kB │ gzip:   1.41 kB
build/assets/svg/green-plain.svg                             3.30 kB │ gzip:   1.25 kB
build/assets/svg/pointer.svg                                 3.36 kB │ gzip:   1.27 kB
build/assets/svg/pointer-green.svg                           4.26 kB │ gzip:   1.56 kB
build/assets/svg/pointer-grey.svg                            4.26 kB │ gzip:   1.56 kB
build/assets/svg/markerA.svg                                 4.71 kB │ gzip:   1.66 kB
build/assets/woff2/roboto-vietnamese-400-normal.woff2        5.56 kB
build/assets/svg/markerB.svg                                 5.70 kB │ gzip:   2.12 kB
build/assets/woff2/roboto-greek-400-normal.woff2             7.11 kB
build/assets/svg/Radio-Indoor-Icon.svg                       7.43 kB │ gzip:   1.99 kB
build/assets/woff2/roboto-cyrillic-400-normal.woff2          9.63 kB
build/assets/woff2/roboto-latin-ext-400-normal.woff2        11.87 kB
build/assets/woff2/roboto-cyrillic-ext-400-normal.woff2     15.34 kB
build/assets/woff2/roboto-latin-400-normal.woff2            15.74 kB
build/assets/woff/roboto-all-400-normal.woff                65.46 kB
build/assets/css/EdgesPanel.css                              0.06 kB │ gzip:   0.08 kB
build/assets/css/SubscribersPanel.css                        0.18 kB │ gzip:   0.14 kB
build/assets/css/RadiosPanelNew.css                          0.22 kB │ gzip:   0.17 kB
build/assets/css/Diagnostics.css                             0.29 kB │ gzip:   0.21 kB
build/assets/css/Calibrate.css                               0.64 kB │ gzip:   0.40 kB
build/assets/css/ReactTable.css                              1.32 kB │ gzip:   0.56 kB
build/assets/css/index.css                                   1.82 kB │ gzip:   0.79 kB
build/assets/css/Dashboard.css                               4.02 kB │ gzip:   2.01 kB
build/assets/css/EditNotes.css                              17.96 kB │ gzip:   3.16 kB
build/chunks/styled.c2e09367.js                              0.12 kB │ gzip:   0.14 kB │ map:     0.34 kB
build/chunks/QoS-service.6363d62b.js                         0.26 kB │ gzip:   0.22 kB │ map:     0.80 kB
build/chunks/LightTooltip.707c01b1.js                        0.34 kB │ gzip:   0.28 kB │ map:     1.06 kB
build/chunks/ArrowForwardIosSharp.8b868d7f.js                0.36 kB │ gzip:   0.29 kB │ map:     1.12 kB
build/chunks/hardwareInventory-service.0328d0e0.js           0.38 kB │ gzip:   0.30 kB │ map:     1.14 kB
build/chunks/RestartAlt.39c66cf1.js                          0.38 kB │ gzip:   0.30 kB │ map:     0.71 kB
build/chunks/NotImplemented.cbca8f92.js                      0.55 kB │ gzip:   0.40 kB │ map:     1.39 kB
build/chunks/AccordianSummary.4d0ed398.js                    0.63 kB │ gzip:   0.44 kB │ map:     1.72 kB
build/chunks/Card.5a923c2f.js                                0.63 kB │ gzip:   0.43 kB │ map:     4.60 kB
build/chunks/useInterval.5b91d755.js                         0.71 kB │ gzip:   0.41 kB │ map:     3.67 kB
build/chunks/TimeDateInput.7aca2ceb.js                       0.88 kB │ gzip:   0.50 kB │ map:     3.03 kB
build/chunks/LineChart.e13d699f.js                           1.05 kB │ gzip:   0.66 kB │ map:     3.88 kB
build/chunks/TabPanel.d9cd7936.js                            1.14 kB │ gzip:   0.63 kB │ map:     4.33 kB
build/chunks/ModalDialogComponent.a7c296a3.js                1.28 kB │ gzip:   0.71 kB │ map:     4.53 kB
build/chunks/index.32db2b48.js                               1.98 kB │ gzip:   0.66 kB │ map:     5.83 kB
build/chunks/HealthGauge.1156004e.js                         2.37 kB │ gzip:   1.29 kB │ map:     8.47 kB
build/chunks/useSupport.e0d81a69.js                          2.45 kB │ gzip:   1.08 kB │ map:    10.12 kB
build/chunks/Checkbox.7a6fc61b.js                            2.46 kB │ gzip:   1.16 kB │ map:    13.67 kB
build/chunks/radioHelper.e1f55f82.js                         2.58 kB │ gzip:   1.17 kB │ map:     8.50 kB
build/chunks/AuditLog.64dd3d12.js                            3.71 kB │ gzip:   1.58 kB │ map:    14.13 kB
build/chunks/SlideUpTransition.3b423215.js                   4.03 kB │ gzip:   1.61 kB │ map:    19.76 kB
build/chunks/index.ad617cad.js                               4.14 kB │ gzip:   1.48 kB │ map:    13.64 kB
build/chunks/Logs.22d3c202.js                                4.78 kB │ gzip:   2.11 kB │ map:    19.49 kB
build/chunks/AccordionSummary.8b950940.js                    5.73 kB │ gzip:   1.97 kB │ map:    27.76 kB
build/chunks/ContextMenu.fc1ec29f.js                         6.23 kB │ gzip:   2.03 kB │ map:    22.48 kB
build/chunks/useStyles.e1b3ac11.js                           6.39 kB │ gzip:   2.38 kB │ map:    26.35 kB
build/chunks/web-vitals.dfcc5b9a.js                          6.98 kB │ gzip:   2.58 kB │ map:    16.56 kB
build/chunks/TablePagination.80827400.js                     8.27 kB │ gzip:   3.16 kB │ map:    42.12 kB
build/chunks/DnnPanel.28b5d044.js                            9.67 kB │ gzip:   3.67 kB │ map:    37.84 kB
build/chunks/GMap.40434596.js                               16.54 kB │ gzip:   5.29 kB │ map:    51.13 kB
build/chunks/Diagnostics.eb5d48a2.js                        23.61 kB │ gzip:   7.54 kB │ map:    89.63 kB
build/chunks/index.1f1b4ab6.js                              41.18 kB │ gzip:  10.56 kB │ map:   154.16 kB
build/chunks/AuditLogDetails.1766321c.js                    41.88 kB │ gzip:  13.90 kB │ map:   315.56 kB
build/chunks/RadioForm.6a4abb68.js                          52.23 kB │ gzip:  14.56 kB │ map:   222.78 kB
build/chunks/System.6763d6c3.js                             67.09 kB │ gzip:  15.51 kB │ map:   253.28 kB
build/chunks/Calibrate.2957103d.js                          71.83 kB │ gzip:  23.83 kB │ map:   251.96 kB
build/chunks/ReactTable.6e0ecb41.js                         88.75 kB │ gzip:  27.05 kB │ map:   276.61 kB
build/chunks/Dashboard.5c6322db.js                          90.62 kB │ gzip:  21.85 kB │ map:   520.74 kB
build/chunks/EdgesPanel.65fcb328.js                        135.30 kB │ gzip:  33.12 kB │ map:   494.43 kB
build/chunks/RadiosPanelNew.31966fce.js                    150.46 kB │ gzip:  39.56 kB │ map:   580.75 kB
build/chunks/SubscribersPanel.f21aa3a8.js                  165.08 kB │ gzip:  53.52 kB │ map:   584.92 kB
build/chunks/DataGrid.be9151c6.js                          280.40 kB │ gzip:  84.81 kB │ map: 1,359.73 kB
build/chunks/highcharts.8f5d3ab1.js                        296.73 kB │ gzip: 106.33 kB │ map:   694.32 kB
build/chunks/EditNotes.6d47aaba.js                         489.27 kB │ gzip: 132.59 kB │ map: 1,675.29 kB
build/js/index.c94681a5.js                               2,128.27 kB │ gzip: 471.02 kB │ map: 5,378.11 kB

(!) Some chunks are larger than 1000 kBs after minification. Consider:
- Using dynamic import() to code-split the application
- Use build.rollupOptions.output.manualChunks to improve chunking: https://rollupjs.org/configuration-options/#output-manualchunks
- Adjust chunk size limit for this warning via build.chunkSizeWarningLimit.
✓ built in 2m 55s
Done in 178.77s.
Compilation done...
Complete at Tue Jul 11 10:33:04 AM EDT 2023
\n ************************************************** \n
Compiling at Wed Jul 12 02:30:00 AM EDT 2023
Pulling latest changes from Git...
From https://github.com/Highway9-Networks/h9-saas
   fccfb06fb..aff044f1e  feature/airspan        -> origin/feature/airspan
   353944f35..a9cd37c07  feature/ushiva_new     -> origin/feature/ushiva_new
 * [new branch]          fix/spinning-loading_DevicePage -> origin/fix/spinning-loading_DevicePage
   40b8cfd01..707bf24d8  imran-automation       -> origin/imran-automation
   e8a19da27..7d8e9c170  nidhi/10july           -> origin/nidhi/10july
   90e1a623f..5649c1ac7  private/akshay-airspan -> origin/private/akshay-airspan
 * [new branch]          private/issue-9445     -> origin/private/issue-9445
 * [new branch]          surya_9316_mocn_end_marker -> origin/surya_9316_mocn_end_marker
   a622b9e5d..7d18f9554  xpJain/change2         -> origin/xpJain/change2
Already up to date.
Compiling the orch UI code...
Deleting build...
Folder build deleted.
Folder A is unchanged.
yarn
yarn install v1.22.19
[1/4] Resolving packages...
success Already up-to-date.
Done in 1.09s.
yarn run build
yarn run v1.22.19
$ vite build
vite v4.3.9 building for production...
[plugin:vite-plugin-eslint] LintOnStart is turned on, and it will check for all matching files.
transforming...
✓ 13538 modules transformed.
rendering chunks...
computing gzip size...
build/assets/svg/pin.svg                                     0.85 kB │ gzip:   0.44 kB
build/assets/svg/current.svg                                 0.96 kB │ gzip:   0.47 kB
build/index.html                                             1.00 kB │ gzip:   0.53 kB
build/assets/svg/celltower.svg                               2.73 kB │ gzip:   1.41 kB
build/assets/svg/green-plain.svg                             3.30 kB │ gzip:   1.25 kB
build/assets/svg/pointer.svg                                 3.36 kB │ gzip:   1.27 kB
build/assets/svg/pointer-green.svg                           4.26 kB │ gzip:   1.56 kB
build/assets/svg/pointer-grey.svg                            4.26 kB │ gzip:   1.56 kB
build/assets/svg/markerA.svg                                 4.71 kB │ gzip:   1.66 kB
build/assets/woff2/roboto-vietnamese-400-normal.woff2        5.56 kB
build/assets/svg/markerB.svg                                 5.70 kB │ gzip:   2.12 kB
build/assets/woff2/roboto-greek-400-normal.woff2             7.11 kB
build/assets/svg/Radio-Indoor-Icon.svg                       7.43 kB │ gzip:   1.99 kB
build/assets/woff2/roboto-cyrillic-400-normal.woff2          9.63 kB
build/assets/woff2/roboto-latin-ext-400-normal.woff2        11.87 kB
build/assets/woff2/roboto-cyrillic-ext-400-normal.woff2     15.34 kB
build/assets/woff2/roboto-latin-400-normal.woff2            15.74 kB
build/assets/woff/roboto-all-400-normal.woff                65.46 kB
build/assets/css/EdgesPanel.css                              0.06 kB │ gzip:   0.08 kB
build/assets/css/SubscribersPanel.css                        0.18 kB │ gzip:   0.14 kB
build/assets/css/RadiosPanelNew.css                          0.22 kB │ gzip:   0.17 kB
build/assets/css/Diagnostics.css                             0.29 kB │ gzip:   0.21 kB
build/assets/css/Calibrate.css                               0.64 kB │ gzip:   0.40 kB
build/assets/css/ReactTable.css                              1.32 kB │ gzip:   0.56 kB
build/assets/css/index.css                                   1.82 kB │ gzip:   0.79 kB
build/assets/css/Dashboard.css                               4.02 kB │ gzip:   2.01 kB
build/assets/css/EditNotes.css                              17.96 kB │ gzip:   3.16 kB
build/chunks/styled.c2e09367.js                              0.12 kB │ gzip:   0.14 kB │ map:     0.34 kB
build/chunks/QoS-service.6363d62b.js                         0.26 kB │ gzip:   0.22 kB │ map:     0.80 kB
build/chunks/LightTooltip.707c01b1.js                        0.34 kB │ gzip:   0.28 kB │ map:     1.06 kB
build/chunks/ArrowForwardIosSharp.8b868d7f.js                0.36 kB │ gzip:   0.29 kB │ map:     1.12 kB
build/chunks/hardwareInventory-service.0328d0e0.js           0.38 kB │ gzip:   0.30 kB │ map:     1.14 kB
build/chunks/RestartAlt.39c66cf1.js                          0.38 kB │ gzip:   0.30 kB │ map:     0.71 kB
build/chunks/NotImplemented.cbca8f92.js                      0.55 kB │ gzip:   0.40 kB │ map:     1.39 kB
build/chunks/AccordianSummary.4d0ed398.js                    0.63 kB │ gzip:   0.44 kB │ map:     1.72 kB
build/chunks/Card.5a923c2f.js                                0.63 kB │ gzip:   0.43 kB │ map:     4.60 kB
build/chunks/useInterval.5b91d755.js                         0.71 kB │ gzip:   0.41 kB │ map:     3.67 kB
build/chunks/TimeDateInput.7aca2ceb.js                       0.88 kB │ gzip:   0.50 kB │ map:     3.03 kB
build/chunks/LineChart.e13d699f.js                           1.05 kB │ gzip:   0.66 kB │ map:     3.88 kB
build/chunks/TabPanel.d9cd7936.js                            1.14 kB │ gzip:   0.63 kB │ map:     4.33 kB
build/chunks/ModalDialogComponent.a7c296a3.js                1.28 kB │ gzip:   0.71 kB │ map:     4.53 kB
build/chunks/index.32db2b48.js                               1.98 kB │ gzip:   0.66 kB │ map:     5.83 kB
build/chunks/HealthGauge.1156004e.js                         2.37 kB │ gzip:   1.29 kB │ map:     8.47 kB
build/chunks/useSupport.e0d81a69.js                          2.45 kB │ gzip:   1.08 kB │ map:    10.12 kB
build/chunks/Checkbox.7a6fc61b.js                            2.46 kB │ gzip:   1.16 kB │ map:    13.67 kB
build/chunks/radioHelper.e1f55f82.js                         2.58 kB │ gzip:   1.17 kB │ map:     8.50 kB
build/chunks/AuditLog.64dd3d12.js                            3.71 kB │ gzip:   1.58 kB │ map:    14.13 kB
build/chunks/SlideUpTransition.3b423215.js                   4.03 kB │ gzip:   1.61 kB │ map:    19.76 kB
build/chunks/index.ad617cad.js                               4.14 kB │ gzip:   1.48 kB │ map:    13.64 kB
build/chunks/Logs.22d3c202.js                                4.78 kB │ gzip:   2.11 kB │ map:    19.49 kB
build/chunks/AccordionSummary.8b950940.js                    5.73 kB │ gzip:   1.97 kB │ map:    27.76 kB
build/chunks/ContextMenu.fc1ec29f.js                         6.23 kB │ gzip:   2.03 kB │ map:    22.48 kB
build/chunks/useStyles.e1b3ac11.js                           6.39 kB │ gzip:   2.38 kB │ map:    26.35 kB
build/chunks/web-vitals.dfcc5b9a.js                          6.98 kB │ gzip:   2.58 kB │ map:    16.56 kB
build/chunks/TablePagination.80827400.js                     8.27 kB │ gzip:   3.16 kB │ map:    42.12 kB
build/chunks/DnnPanel.28b5d044.js                            9.67 kB │ gzip:   3.67 kB │ map:    37.84 kB
build/chunks/GMap.40434596.js                               16.54 kB │ gzip:   5.29 kB │ map:    51.13 kB
build/chunks/Diagnostics.eb5d48a2.js                        23.61 kB │ gzip:   7.54 kB │ map:    89.63 kB
build/chunks/index.1f1b4ab6.js                              41.18 kB │ gzip:  10.56 kB │ map:   154.16 kB
build/chunks/AuditLogDetails.1766321c.js                    41.88 kB │ gzip:  13.90 kB │ map:   315.56 kB
build/chunks/RadioForm.6a4abb68.js                          52.23 kB │ gzip:  14.56 kB │ map:   222.78 kB
build/chunks/System.6763d6c3.js                             67.09 kB │ gzip:  15.51 kB │ map:   253.28 kB
build/chunks/Calibrate.2957103d.js                          71.83 kB │ gzip:  23.83 kB │ map:   251.96 kB
build/chunks/ReactTable.6e0ecb41.js                         88.75 kB │ gzip:  27.05 kB │ map:   276.61 kB
build/chunks/Dashboard.5c6322db.js                          90.62 kB │ gzip:  21.85 kB │ map:   520.74 kB
build/chunks/EdgesPanel.65fcb328.js                        135.30 kB │ gzip:  33.12 kB │ map:   494.43 kB
build/chunks/RadiosPanelNew.31966fce.js                    150.46 kB │ gzip:  39.56 kB │ map:   580.75 kB
build/chunks/SubscribersPanel.f21aa3a8.js                  165.08 kB │ gzip:  53.52 kB │ map:   584.92 kB
build/chunks/DataGrid.be9151c6.js                          280.40 kB │ gzip:  84.81 kB │ map: 1,359.73 kB
build/chunks/highcharts.8f5d3ab1.js                        296.73 kB │ gzip: 106.33 kB │ map:   694.32 kB
build/chunks/EditNotes.6d47aaba.js                         489.27 kB │ gzip: 132.59 kB │ map: 1,675.29 kB
build/js/index.c94681a5.js                               2,128.27 kB │ gzip: 471.02 kB │ map: 5,378.11 kB

(!) Some chunks are larger than 1000 kBs after minification. Consider:
- Using dynamic import() to code-split the application
- Use build.rollupOptions.output.manualChunks to improve chunking: https://rollupjs.org/configuration-options/#output-manualchunks
- Adjust chunk size limit for this warning via build.chunkSizeWarningLimit.
✓ built in 2m 52s
Done in 175.67s.
Compilation done...
Complete at Wed Jul 12 02:33:01 AM EDT 2023
\n ************************************************** \n
Compiling at Wed Jul 12 07:30:00 AM EDT 2023
Pulling latest changes from Git...
From https://github.com/Highway9-Networks/h9-saas
   0ac2b4e2a..b45c92088  main                   -> origin/main
 * [new branch]          9226_debug_enh_demo_edg_upgd -> origin/9226_debug_enh_demo_edg_upgd
 * [new branch]          9226_debug_enh_track1_edg_upgd -> origin/9226_debug_enh_track1_edg_upgd
   de4ecb540..a8692c633  bhuvaneshne_asan_full  -> origin/bhuvaneshne_asan_full
   aff044f1e..a44b8e642  feature/airspan        -> origin/feature/airspan
   1519ec691..d1c329f24  main-release           -> origin/main-release
 * [new branch]          private/aditya/issue/9464 -> origin/private/aditya/issue/9464
   5649c1ac7..11edf1d85  private/akshay-airspan -> origin/private/akshay-airspan
   4efc49501..dbb830514  private/issue-9445     -> origin/private/issue-9445
 * [new branch]          private/omkar/issue-9422 -> origin/private/omkar/issue-9422
   7d18f9554..e4ef9b6b7  xpJain/change2         -> origin/xpJain/change2
Updating 0ac2b4e2a..b45c92088
Fast-forward
 common/adapters/baicells/baicellsKpi.go            |   3 +-
 common/common.mk                                   |   8 +-
 orch/orch-api/grpchandler/scripts/pcapStatus.sh    |   4 +-
 orch/orch-common/constants/timers.go               |   2 +
 orch/orch-common/orchSettings/settingsMap.go       |   8 +
 .../swagger-api/swagger/definitions/Operation.yaml |  13 +-
 orch/orch-service/main.go                          |   2 +
 .../services/operations/edgeOperations.go          | 195 ++++++++++++++++++++-
 .../orch-service/services/operations/operations.go |   1 +
 orch/orch-ui/src/hooks/usePacketCapture.jsx        |   5 +-
 orch/orch-ui/src/services/operation-service.ts     |   5 +-
 orch/orch-ui/src/views/edges/PacketCapture.jsx     |   4 +-
 .../src/views/subscribers/graphs/graphHelper.ts    |  18 +-
 .../views/subscribers/graphs/timeline/Timeline.tsx |  19 +-
 .../subscribers/graphs/timeline/TimelineGraph.tsx  |  14 +-
 15 files changed, 264 insertions(+), 37 deletions(-)
Compiling the orch UI code...
Deleting build...
Folder build deleted.
Folder A is unchanged.
yarn
yarn install v1.22.19
[1/4] Resolving packages...
success Already up-to-date.
Done in 1.42s.
yarn run build
yarn run v1.22.19
$ vite build
vite v4.3.9 building for production...
[plugin:vite-plugin-eslint] LintOnStart is turned on, and it will check for all matching files.
transforming...
✓ 13538 modules transformed.
rendering chunks...
computing gzip size...
build/assets/svg/pin.svg                                     0.85 kB │ gzip:   0.44 kB
build/assets/svg/current.svg                                 0.96 kB │ gzip:   0.47 kB
build/index.html                                             1.00 kB │ gzip:   0.53 kB
build/assets/svg/celltower.svg                               2.73 kB │ gzip:   1.41 kB
build/assets/svg/green-plain.svg                             3.30 kB │ gzip:   1.25 kB
build/assets/svg/pointer.svg                                 3.36 kB │ gzip:   1.27 kB
build/assets/svg/pointer-green.svg                           4.26 kB │ gzip:   1.56 kB
build/assets/svg/pointer-grey.svg                            4.26 kB │ gzip:   1.56 kB
build/assets/svg/markerA.svg                                 4.71 kB │ gzip:   1.66 kB
build/assets/woff2/roboto-vietnamese-400-normal.woff2        5.56 kB
build/assets/svg/markerB.svg                                 5.70 kB │ gzip:   2.12 kB
build/assets/woff2/roboto-greek-400-normal.woff2             7.11 kB
build/assets/svg/Radio-Indoor-Icon.svg                       7.43 kB │ gzip:   1.99 kB
build/assets/woff2/roboto-cyrillic-400-normal.woff2          9.63 kB
build/assets/woff2/roboto-latin-ext-400-normal.woff2        11.87 kB
build/assets/woff2/roboto-cyrillic-ext-400-normal.woff2     15.34 kB
build/assets/woff2/roboto-latin-400-normal.woff2            15.74 kB
build/assets/woff/roboto-all-400-normal.woff                65.46 kB
build/assets/css/EdgesPanel.css                              0.06 kB │ gzip:   0.08 kB
build/assets/css/SubscribersPanel.css                        0.18 kB │ gzip:   0.14 kB
build/assets/css/RadiosPanelNew.css                          0.22 kB │ gzip:   0.17 kB
build/assets/css/Diagnostics.css                             0.29 kB │ gzip:   0.21 kB
build/assets/css/Calibrate.css                               0.64 kB │ gzip:   0.40 kB
build/assets/css/ReactTable.css                              1.32 kB │ gzip:   0.56 kB
build/assets/css/index.css                                   1.82 kB │ gzip:   0.79 kB
build/assets/css/Dashboard.css                               4.02 kB │ gzip:   2.01 kB
build/assets/css/EditNotes.css                              17.96 kB │ gzip:   3.16 kB
build/chunks/styled.9e0cfaf7.js                              0.12 kB │ gzip:   0.14 kB │ map:     0.34 kB
build/chunks/QoS-service.38bcac3d.js                         0.26 kB │ gzip:   0.22 kB │ map:     0.80 kB
build/chunks/LightTooltip.be3734cb.js                        0.34 kB │ gzip:   0.28 kB │ map:     1.06 kB
build/chunks/ArrowForwardIosSharp.9d8e9c16.js                0.36 kB │ gzip:   0.29 kB │ map:     1.12 kB
build/chunks/hardwareInventory-service.c07acb42.js           0.38 kB │ gzip:   0.30 kB │ map:     1.14 kB
build/chunks/RestartAlt.6f093abf.js                          0.38 kB │ gzip:   0.30 kB │ map:     0.71 kB
build/chunks/NotImplemented.c827b85a.js                      0.55 kB │ gzip:   0.40 kB │ map:     1.39 kB
build/chunks/AccordianSummary.ed1ef384.js                    0.63 kB │ gzip:   0.44 kB │ map:     1.72 kB
build/chunks/Card.323eaf33.js                                0.63 kB │ gzip:   0.43 kB │ map:     4.60 kB
build/chunks/useInterval.6ff603b7.js                         0.71 kB │ gzip:   0.41 kB │ map:     3.67 kB
build/chunks/TimeDateInput.4bb37327.js                       0.88 kB │ gzip:   0.50 kB │ map:     3.03 kB
build/chunks/LineChart.7318c3bf.js                           1.05 kB │ gzip:   0.66 kB │ map:     3.88 kB
build/chunks/TabPanel.1b7199ab.js                            1.14 kB │ gzip:   0.63 kB │ map:     4.33 kB
build/chunks/ModalDialogComponent.6f0d1592.js                1.28 kB │ gzip:   0.70 kB │ map:     4.53 kB
build/chunks/index.dd559ca7.js                               1.98 kB │ gzip:   0.66 kB │ map:     5.83 kB
build/chunks/HealthGauge.4d192061.js                         2.37 kB │ gzip:   1.29 kB │ map:     8.47 kB
build/chunks/useSupport.ae35bf2f.js                          2.45 kB │ gzip:   1.08 kB │ map:    10.12 kB
build/chunks/Checkbox.b38f7bfe.js                            2.46 kB │ gzip:   1.16 kB │ map:    13.67 kB
build/chunks/radioHelper.fff0e525.js                         2.58 kB │ gzip:   1.17 kB │ map:     8.50 kB
build/chunks/AuditLog.e6d70116.js                            3.71 kB │ gzip:   1.58 kB │ map:    14.13 kB
build/chunks/SlideUpTransition.edafa819.js                   4.03 kB │ gzip:   1.61 kB │ map:    19.76 kB
build/chunks/index.22ebe0c3.js                               4.14 kB │ gzip:   1.48 kB │ map:    13.64 kB
build/chunks/Logs.731e95f8.js                                4.78 kB │ gzip:   2.11 kB │ map:    19.49 kB
build/chunks/AccordionSummary.714168cf.js                    5.73 kB │ gzip:   1.97 kB │ map:    27.76 kB
build/chunks/ContextMenu.b132dae5.js                         6.23 kB │ gzip:   2.02 kB │ map:    22.48 kB
build/chunks/useStyles.75e98579.js                           6.39 kB │ gzip:   2.38 kB │ map:    26.35 kB
build/chunks/web-vitals.dfcc5b9a.js                          6.98 kB │ gzip:   2.58 kB │ map:    16.56 kB
build/chunks/TablePagination.62b2f7ee.js                     8.27 kB │ gzip:   3.16 kB │ map:    42.12 kB
build/chunks/DnnPanel.044aa281.js                            9.67 kB │ gzip:   3.66 kB │ map:    37.84 kB
build/chunks/GMap.2c2506d9.js                               16.54 kB │ gzip:   5.28 kB │ map:    51.13 kB
build/chunks/Diagnostics.787ad5ad.js                        23.61 kB │ gzip:   7.54 kB │ map:    89.63 kB
build/chunks/index.e0449573.js                              41.18 kB │ gzip:  10.56 kB │ map:   154.16 kB
build/chunks/AuditLogDetails.145324b3.js                    41.88 kB │ gzip:  13.90 kB │ map:   315.56 kB
build/chunks/RadioForm.50281edb.js                          52.23 kB │ gzip:  14.56 kB │ map:   222.78 kB
build/chunks/System.ade941ef.js                             67.09 kB │ gzip:  15.51 kB │ map:   253.28 kB
build/chunks/Calibrate.8905ecac.js                          71.83 kB │ gzip:  23.83 kB │ map:   251.96 kB
build/chunks/ReactTable.86b4e650.js                         88.75 kB │ gzip:  27.05 kB │ map:   276.61 kB
build/chunks/Dashboard.31be2aaa.js                          90.62 kB │ gzip:  21.85 kB │ map:   520.74 kB
build/chunks/EdgesPanel.f59445ff.js                        135.43 kB │ gzip:  33.14 kB │ map:   494.78 kB
build/chunks/RadiosPanelNew.0d10668b.js                    150.46 kB │ gzip:  39.56 kB │ map:   580.75 kB
build/chunks/SubscribersPanel.2da55123.js                  165.31 kB │ gzip:  53.56 kB │ map:   585.89 kB
build/chunks/DataGrid.0d155a7e.js                          280.40 kB │ gzip:  84.80 kB │ map: 1,359.73 kB
build/chunks/highcharts.2b51f5b0.js                        296.73 kB │ gzip: 106.33 kB │ map:   694.32 kB
build/chunks/EditNotes.8d84dada.js                         489.27 kB │ gzip: 132.59 kB │ map: 1,675.29 kB
build/js/index.a2ca524b.js                               2,128.32 kB │ gzip: 471.03 kB │ map: 5,378.21 kB

(!) Some chunks are larger than 1000 kBs after minification. Consider:
- Using dynamic import() to code-split the application
- Use build.rollupOptions.output.manualChunks to improve chunking: https://rollupjs.org/configuration-options/#output-manualchunks
- Adjust chunk size limit for this warning via build.chunkSizeWarningLimit.
✓ built in 2m 49s
Done in 171.49s.
Compilation done...
Complete at Wed Jul 12 07:32:57 AM EDT 2023
\n ************************************************** \n
Compiling at Wed Jul 12 10:30:00 AM EDT 2023
Pulling latest changes from Git...
From https://github.com/Highway9-Networks/h9-saas
   a9cd37c07..670271e9a  feature/ushiva_new     -> origin/feature/ushiva_new
   707bf24d8..5be401dae  imran-automation       -> origin/imran-automation
 * [new branch]          nidhi/12july           -> origin/nidhi/12july
   11edf1d85..741955c4b  private/akshay-airspan -> origin/private/akshay-airspan
   dbb830514..dc7d9b5dc  private/issue-9445     -> origin/private/issue-9445
   e4ef9b6b7..7c255d915  xpJain/change2         -> origin/xpJain/change2
Already up to date.
Compiling the orch UI code...
Deleting build...
Folder build deleted.
Folder A is unchanged.
yarn
yarn install v1.22.19
[1/4] Resolving packages...
success Already up-to-date.
Done in 1.23s.
yarn run build
yarn run v1.22.19
$ vite build
vite v4.3.9 building for production...
[plugin:vite-plugin-eslint] LintOnStart is turned on, and it will check for all matching files.
transforming...
✓ 13538 modules transformed.
rendering chunks...
computing gzip size...
build/assets/svg/pin.svg                                     0.85 kB │ gzip:   0.44 kB
build/assets/svg/current.svg                                 0.96 kB │ gzip:   0.47 kB
build/index.html                                             1.00 kB │ gzip:   0.53 kB
build/assets/svg/celltower.svg                               2.73 kB │ gzip:   1.41 kB
build/assets/svg/green-plain.svg                             3.30 kB │ gzip:   1.25 kB
build/assets/svg/pointer.svg                                 3.36 kB │ gzip:   1.27 kB
build/assets/svg/pointer-green.svg                           4.26 kB │ gzip:   1.56 kB
build/assets/svg/pointer-grey.svg                            4.26 kB │ gzip:   1.56 kB
build/assets/svg/markerA.svg                                 4.71 kB │ gzip:   1.66 kB
build/assets/woff2/roboto-vietnamese-400-normal.woff2        5.56 kB
build/assets/svg/markerB.svg                                 5.70 kB │ gzip:   2.12 kB
build/assets/woff2/roboto-greek-400-normal.woff2             7.11 kB
build/assets/svg/Radio-Indoor-Icon.svg                       7.43 kB │ gzip:   1.99 kB
build/assets/woff2/roboto-cyrillic-400-normal.woff2          9.63 kB
build/assets/woff2/roboto-latin-ext-400-normal.woff2        11.87 kB
build/assets/woff2/roboto-cyrillic-ext-400-normal.woff2     15.34 kB
build/assets/woff2/roboto-latin-400-normal.woff2            15.74 kB
build/assets/woff/roboto-all-400-normal.woff                65.46 kB
build/assets/css/EdgesPanel.css                              0.06 kB │ gzip:   0.08 kB
build/assets/css/SubscribersPanel.css                        0.18 kB │ gzip:   0.14 kB
build/assets/css/RadiosPanelNew.css                          0.22 kB │ gzip:   0.17 kB
build/assets/css/Diagnostics.css                             0.29 kB │ gzip:   0.21 kB
build/assets/css/Calibrate.css                               0.64 kB │ gzip:   0.40 kB
build/assets/css/ReactTable.css                              1.32 kB │ gzip:   0.56 kB
build/assets/css/index.css                                   1.82 kB │ gzip:   0.79 kB
build/assets/css/Dashboard.css                               4.02 kB │ gzip:   2.01 kB
build/assets/css/EditNotes.css                              17.96 kB │ gzip:   3.16 kB
build/chunks/styled.9e0cfaf7.js                              0.12 kB │ gzip:   0.14 kB │ map:     0.34 kB
build/chunks/QoS-service.38bcac3d.js                         0.26 kB │ gzip:   0.22 kB │ map:     0.80 kB
build/chunks/LightTooltip.be3734cb.js                        0.34 kB │ gzip:   0.28 kB │ map:     1.06 kB
build/chunks/ArrowForwardIosSharp.9d8e9c16.js                0.36 kB │ gzip:   0.29 kB │ map:     1.12 kB
build/chunks/hardwareInventory-service.c07acb42.js           0.38 kB │ gzip:   0.30 kB │ map:     1.14 kB
build/chunks/RestartAlt.6f093abf.js                          0.38 kB │ gzip:   0.30 kB │ map:     0.71 kB
build/chunks/NotImplemented.c827b85a.js                      0.55 kB │ gzip:   0.40 kB │ map:     1.39 kB
build/chunks/AccordianSummary.ed1ef384.js                    0.63 kB │ gzip:   0.44 kB │ map:     1.72 kB
build/chunks/Card.323eaf33.js                                0.63 kB │ gzip:   0.43 kB │ map:     4.60 kB
build/chunks/useInterval.6ff603b7.js                         0.71 kB │ gzip:   0.41 kB │ map:     3.67 kB
build/chunks/TimeDateInput.4bb37327.js                       0.88 kB │ gzip:   0.50 kB │ map:     3.03 kB
build/chunks/LineChart.7318c3bf.js                           1.05 kB │ gzip:   0.66 kB │ map:     3.88 kB
build/chunks/TabPanel.1b7199ab.js                            1.14 kB │ gzip:   0.63 kB │ map:     4.33 kB
build/chunks/ModalDialogComponent.6f0d1592.js                1.28 kB │ gzip:   0.70 kB │ map:     4.53 kB
build/chunks/index.dd559ca7.js                               1.98 kB │ gzip:   0.66 kB │ map:     5.83 kB
build/chunks/HealthGauge.4d192061.js                         2.37 kB │ gzip:   1.29 kB │ map:     8.47 kB
build/chunks/useSupport.ae35bf2f.js                          2.45 kB │ gzip:   1.08 kB │ map:    10.12 kB
build/chunks/Checkbox.b38f7bfe.js                            2.46 kB │ gzip:   1.16 kB │ map:    13.67 kB
build/chunks/radioHelper.fff0e525.js                         2.58 kB │ gzip:   1.17 kB │ map:     8.50 kB
build/chunks/AuditLog.e6d70116.js                            3.71 kB │ gzip:   1.58 kB │ map:    14.13 kB
build/chunks/SlideUpTransition.edafa819.js                   4.03 kB │ gzip:   1.61 kB │ map:    19.76 kB
build/chunks/index.22ebe0c3.js                               4.14 kB │ gzip:   1.48 kB │ map:    13.64 kB
build/chunks/Logs.731e95f8.js                                4.78 kB │ gzip:   2.11 kB │ map:    19.49 kB
build/chunks/AccordionSummary.714168cf.js                    5.73 kB │ gzip:   1.97 kB │ map:    27.76 kB
build/chunks/ContextMenu.b132dae5.js                         6.23 kB │ gzip:   2.02 kB │ map:    22.48 kB
build/chunks/useStyles.75e98579.js                           6.39 kB │ gzip:   2.38 kB │ map:    26.35 kB
build/chunks/web-vitals.dfcc5b9a.js                          6.98 kB │ gzip:   2.58 kB │ map:    16.56 kB
build/chunks/TablePagination.62b2f7ee.js                     8.27 kB │ gzip:   3.16 kB │ map:    42.12 kB
build/chunks/DnnPanel.044aa281.js                            9.67 kB │ gzip:   3.66 kB │ map:    37.84 kB
build/chunks/GMap.2c2506d9.js                               16.54 kB │ gzip:   5.28 kB │ map:    51.13 kB
build/chunks/Diagnostics.787ad5ad.js                        23.61 kB │ gzip:   7.54 kB │ map:    89.63 kB
build/chunks/index.e0449573.js                              41.18 kB │ gzip:  10.56 kB │ map:   154.16 kB
build/chunks/AuditLogDetails.145324b3.js                    41.88 kB │ gzip:  13.90 kB │ map:   315.56 kB
build/chunks/RadioForm.50281edb.js                          52.23 kB │ gzip:  14.56 kB │ map:   222.78 kB
build/chunks/System.ade941ef.js                             67.09 kB │ gzip:  15.51 kB │ map:   253.28 kB
build/chunks/Calibrate.8905ecac.js                          71.83 kB │ gzip:  23.83 kB │ map:   251.96 kB
build/chunks/ReactTable.86b4e650.js                         88.75 kB │ gzip:  27.05 kB │ map:   276.61 kB
build/chunks/Dashboard.31be2aaa.js                          90.62 kB │ gzip:  21.85 kB │ map:   520.74 kB
build/chunks/EdgesPanel.f59445ff.js                        135.43 kB │ gzip:  33.14 kB │ map:   494.78 kB
build/chunks/RadiosPanelNew.0d10668b.js                    150.46 kB │ gzip:  39.56 kB │ map:   580.75 kB
build/chunks/SubscribersPanel.2da55123.js                  165.31 kB │ gzip:  53.56 kB │ map:   585.89 kB
build/chunks/DataGrid.0d155a7e.js                          280.40 kB │ gzip:  84.80 kB │ map: 1,359.73 kB
build/chunks/highcharts.2b51f5b0.js                        296.73 kB │ gzip: 106.33 kB │ map:   694.32 kB
build/chunks/EditNotes.8d84dada.js                         489.27 kB │ gzip: 132.59 kB │ map: 1,675.29 kB
build/js/index.a2ca524b.js                               2,128.32 kB │ gzip: 471.03 kB │ map: 5,378.21 kB

(!) Some chunks are larger than 1000 kBs after minification. Consider:
- Using dynamic import() to code-split the application
- Use build.rollupOptions.output.manualChunks to improve chunking: https://rollupjs.org/configuration-options/#output-manualchunks
- Adjust chunk size limit for this warning via build.chunkSizeWarningLimit.
✓ built in 2m 50s
Done in 173.34s.
Compilation done...
Complete at Wed Jul 12 10:32:58 AM EDT 2023
\n ************************************************** \n
Compiling at Thu Jul 13 02:30:00 AM EDT 2023
Pulling latest changes from Git...
From https://github.com/Highway9-Networks/h9-saas
   b45c92088..9b89e1ff3  main               -> origin/main
   748da9a54..f8be9c021  balaji/mmeretry    -> origin/balaji/mmeretry
   670271e9a..26de3a3a8  feature/ushiva_new -> origin/feature/ushiva_new
   5be401dae..9fc1d11c6  imran-automation   -> origin/imran-automation
 * [new branch]          private/akshi/issue_9142 -> origin/private/akshi/issue_9142
   efe882b3a..5cd6fad42  private/dileep/FixingIssues_04_07_23 -> origin/private/dileep/FixingIssues_04_07_23
Updating b45c92088..9b89e1ff3
Fast-forward
 edge/carriergw/mocngw/mocngw/inc/s1ap_state.h      |   1 +
 edge/carriergw/mocngw/mocngw/tasks/access/access.c |   2 +-
 .../mocngw/mocngw/tasks/access/access_encoder.c    |  16 ++--
 edge/carriergw/mocngw/mocngw/tasks/config/config.c |   2 +-
 .../mocngw/mocngw/tasks/config/mocn_config_poll.c  |   1 +
 .../mocngw/tasks/mme_app/mme_app_bearer_context.c  |   2 +-
 .../mocngw/tasks/mme_app/mme_app_edns_emulation.c  |   2 +-
 .../mocngw/mocngw/tasks/nas/util/socket.c          |   2 +-
 .../mocngw/mocngw/tasks/network/network.c          | 102 +++++++++++++++++++--
 .../mocngw/mocngw/tasks/network/network_encoder.c  |  19 ++--
 .../mocngw/mocngw/tasks/s1ap/s1ap_dummy.c          |  37 +++++++-
 edge/carriergw/mocngw/mocngw/tasks/s1ap/s1ap_mme.c |   2 +-
 .../mocngw/mocngw/tasks/s1ap/s1ap_mme_handlers.c   |   9 +-
 .../mocngw/tasks/s1ap/s1ap_mme_nas_procedures.c    |   2 +-
 orch/orch-ui/src/views/radios/RadioSummary.tsx     |  34 +++----
 15 files changed, 177 insertions(+), 56 deletions(-)
Compiling the orch UI code...
Deleting build...
Folder build deleted.
Folder A is unchanged.
yarn
yarn install v1.22.19
[1/4] Resolving packages...
success Already up-to-date.
Done in 1.14s.
yarn run build
yarn run v1.22.19
$ vite build
vite v4.3.9 building for production...
[plugin:vite-plugin-eslint] LintOnStart is turned on, and it will check for all matching files.
transforming...
✓ 13538 modules transformed.
rendering chunks...
computing gzip size...
build/assets/svg/pin.svg                                     0.85 kB │ gzip:   0.44 kB
build/assets/svg/current.svg                                 0.96 kB │ gzip:   0.47 kB
build/index.html                                             1.00 kB │ gzip:   0.53 kB
build/assets/svg/celltower.svg                               2.73 kB │ gzip:   1.41 kB
build/assets/svg/green-plain.svg                             3.30 kB │ gzip:   1.25 kB
build/assets/svg/pointer.svg                                 3.36 kB │ gzip:   1.27 kB
build/assets/svg/pointer-green.svg                           4.26 kB │ gzip:   1.56 kB
build/assets/svg/pointer-grey.svg                            4.26 kB │ gzip:   1.56 kB
build/assets/svg/markerA.svg                                 4.71 kB │ gzip:   1.66 kB
build/assets/woff2/roboto-vietnamese-400-normal.woff2        5.56 kB
build/assets/svg/markerB.svg                                 5.70 kB │ gzip:   2.12 kB
build/assets/woff2/roboto-greek-400-normal.woff2             7.11 kB
build/assets/svg/Radio-Indoor-Icon.svg                       7.43 kB │ gzip:   1.99 kB
build/assets/woff2/roboto-cyrillic-400-normal.woff2          9.63 kB
build/assets/woff2/roboto-latin-ext-400-normal.woff2        11.87 kB
build/assets/woff2/roboto-cyrillic-ext-400-normal.woff2     15.34 kB
build/assets/woff2/roboto-latin-400-normal.woff2            15.74 kB
build/assets/woff/roboto-all-400-normal.woff                65.46 kB
build/assets/css/EdgesPanel.css                              0.06 kB │ gzip:   0.08 kB
build/assets/css/SubscribersPanel.css                        0.18 kB │ gzip:   0.14 kB
build/assets/css/RadiosPanelNew.css                          0.22 kB │ gzip:   0.17 kB
build/assets/css/Diagnostics.css                             0.29 kB │ gzip:   0.21 kB
build/assets/css/Calibrate.css                               0.64 kB │ gzip:   0.40 kB
build/assets/css/ReactTable.css                              1.32 kB │ gzip:   0.56 kB
build/assets/css/index.css                                   1.82 kB │ gzip:   0.79 kB
build/assets/css/Dashboard.css                               4.02 kB │ gzip:   2.01 kB
build/assets/css/EditNotes.css                              17.96 kB │ gzip:   3.16 kB
build/chunks/styled.6e0dd830.js                              0.12 kB │ gzip:   0.14 kB │ map:     0.34 kB
build/chunks/QoS-service.efc1f4f1.js                         0.26 kB │ gzip:   0.22 kB │ map:     0.80 kB
build/chunks/LightTooltip.42a06555.js                        0.34 kB │ gzip:   0.28 kB │ map:     1.06 kB
build/chunks/ArrowForwardIosSharp.9b54f89f.js                0.36 kB │ gzip:   0.29 kB │ map:     1.12 kB
build/chunks/hardwareInventory-service.55f5f790.js           0.38 kB │ gzip:   0.30 kB │ map:     1.14 kB
build/chunks/RestartAlt.274bef8e.js                          0.38 kB │ gzip:   0.30 kB │ map:     0.71 kB
build/chunks/NotImplemented.e6f8e6a0.js                      0.55 kB │ gzip:   0.40 kB │ map:     1.39 kB
build/chunks/AccordianSummary.84c96cdf.js                    0.63 kB │ gzip:   0.44 kB │ map:     1.72 kB
build/chunks/Card.04e07a55.js                                0.63 kB │ gzip:   0.43 kB │ map:     4.60 kB
build/chunks/useInterval.4a17328a.js                         0.71 kB │ gzip:   0.41 kB │ map:     3.67 kB
build/chunks/TimeDateInput.d722c045.js                       0.88 kB │ gzip:   0.50 kB │ map:     3.03 kB
build/chunks/LineChart.c332bec6.js                           1.05 kB │ gzip:   0.66 kB │ map:     3.88 kB
build/chunks/TabPanel.75616a00.js                            1.14 kB │ gzip:   0.63 kB │ map:     4.33 kB
build/chunks/ModalDialogComponent.eb68cc72.js                1.28 kB │ gzip:   0.70 kB │ map:     4.53 kB
build/chunks/index.c8e04a70.js                               1.98 kB │ gzip:   0.66 kB │ map:     5.83 kB
build/chunks/HealthGauge.16997b4f.js                         2.37 kB │ gzip:   1.29 kB │ map:     8.47 kB
build/chunks/useSupport.d2d67379.js                          2.45 kB │ gzip:   1.08 kB │ map:    10.12 kB
build/chunks/Checkbox.62314b80.js                            2.46 kB │ gzip:   1.16 kB │ map:    13.67 kB
build/chunks/radioHelper.be618d99.js                         2.58 kB │ gzip:   1.17 kB │ map:     8.50 kB
build/chunks/AuditLog.6f052022.js                            3.71 kB │ gzip:   1.58 kB │ map:    14.13 kB
build/chunks/SlideUpTransition.a0cd9b8a.js                   4.03 kB │ gzip:   1.61 kB │ map:    19.76 kB
build/chunks/index.dae84cc6.js                               4.14 kB │ gzip:   1.48 kB │ map:    13.64 kB
build/chunks/Logs.d8f9f62d.js                                4.78 kB │ gzip:   2.11 kB │ map:    19.49 kB
build/chunks/AccordionSummary.7b010f5a.js                    5.73 kB │ gzip:   1.97 kB │ map:    27.76 kB
build/chunks/ContextMenu.ce51a3b9.js                         6.23 kB │ gzip:   2.03 kB │ map:    22.48 kB
build/chunks/useStyles.a131e1a4.js                           6.39 kB │ gzip:   2.38 kB │ map:    26.35 kB
build/chunks/web-vitals.dfcc5b9a.js                          6.98 kB │ gzip:   2.58 kB │ map:    16.56 kB
build/chunks/TablePagination.d638d7f4.js                     8.27 kB │ gzip:   3.16 kB │ map:    42.12 kB
build/chunks/DnnPanel.a7a4d7dd.js                            9.67 kB │ gzip:   3.67 kB │ map:    37.84 kB
build/chunks/GMap.c7b51263.js                               16.54 kB │ gzip:   5.29 kB │ map:    51.13 kB
build/chunks/Diagnostics.f38b0a24.js                        23.61 kB │ gzip:   7.54 kB │ map:    89.63 kB
build/chunks/index.6ced3a09.js                              41.18 kB │ gzip:  10.55 kB │ map:   154.16 kB
build/chunks/AuditLogDetails.9f1612ec.js                    41.88 kB │ gzip:  13.90 kB │ map:   315.56 kB
build/chunks/RadioForm.f2dc1250.js                          52.23 kB │ gzip:  14.56 kB │ map:   222.78 kB
build/chunks/System.d992d279.js                             67.09 kB │ gzip:  15.51 kB │ map:   253.28 kB
build/chunks/Calibrate.2b7d51ec.js                          71.83 kB │ gzip:  23.83 kB │ map:   251.96 kB
build/chunks/ReactTable.73da3da3.js                         88.75 kB │ gzip:  27.05 kB │ map:   276.61 kB
build/chunks/Dashboard.1ab7f966.js                          90.62 kB │ gzip:  21.85 kB │ map:   520.74 kB
build/chunks/EdgesPanel.59afaaa5.js                        135.43 kB │ gzip:  33.15 kB │ map:   494.78 kB
build/chunks/RadiosPanelNew.ebd4cf72.js                    150.48 kB │ gzip:  39.57 kB │ map:   580.77 kB
build/chunks/SubscribersPanel.3313e67d.js                  165.31 kB │ gzip:  53.56 kB │ map:   585.89 kB
build/chunks/DataGrid.98b0607a.js                          280.40 kB │ gzip:  84.81 kB │ map: 1,359.73 kB
build/chunks/highcharts.128d775a.js                        296.73 kB │ gzip: 106.33 kB │ map:   694.32 kB
build/chunks/EditNotes.5504526f.js                         489.27 kB │ gzip: 132.59 kB │ map: 1,675.29 kB
build/js/index.a7ca663b.js                               2,128.32 kB │ gzip: 471.03 kB │ map: 5,378.21 kB

(!) Some chunks are larger than 1000 kBs after minification. Consider:
- Using dynamic import() to code-split the application
- Use build.rollupOptions.output.manualChunks to improve chunking: https://rollupjs.org/configuration-options/#output-manualchunks
- Adjust chunk size limit for this warning via build.chunkSizeWarningLimit.
✓ built in 2m 59s
Done in 182.00s.
Compilation done...
Complete at Thu Jul 13 02:33:09 AM EDT 2023
\n ************************************************** \n
Compiling at Thu Jul 13 07:30:00 AM EDT 2023
Pulling latest changes from Git...
From https://github.com/Highway9-Networks/h9-saas
   9b89e1ff3..01f885568  main                   -> origin/main
   f8be9c021..0df9d5620  balaji/mmeretry        -> origin/balaji/mmeretry
   a44b8e642..fd0281869  feature/airspan        -> origin/feature/airspan
   4aa45efc8..ae53003f1  fix/spinning-loading_DevicePage -> origin/fix/spinning-loading_DevicePage
 * [new branch]          nidhi/13july           -> origin/nidhi/13july
 * [new branch]          private/airspan-sync   -> origin/private/airspan-sync
   741955c4b..7acdd2409  private/akshay-airspan -> origin/private/akshay-airspan
   b45c92088..43af4e2e7  private/akshi/issue_9142 -> origin/private/akshi/issue_9142
   dc7d9b5dc..c987df810  private/issue-9445     -> origin/private/issue-9445
 * [new branch]          stop_old_order_processing -> origin/stop_old_order_processing
Updating 9b89e1ff3..01f885568
Fast-forward
 orch/orch-common/constants/timers.go | 2 +-
 1 file changed, 1 insertion(+), 1 deletion(-)
Compiling the orch UI code...
Deleting build...
Folder build deleted.
Folder A is unchanged.
yarn
yarn install v1.22.19
[1/4] Resolving packages...
success Already up-to-date.
Done in 1.02s.
yarn run build
yarn run v1.22.19
$ vite build
vite v4.3.9 building for production...
[plugin:vite-plugin-eslint] LintOnStart is turned on, and it will check for all matching files.
transforming...
✓ 13538 modules transformed.
rendering chunks...
computing gzip size...
build/assets/svg/pin.svg                                     0.85 kB │ gzip:   0.44 kB
build/assets/svg/current.svg                                 0.96 kB │ gzip:   0.47 kB
build/index.html                                             1.00 kB │ gzip:   0.53 kB
build/assets/svg/celltower.svg                               2.73 kB │ gzip:   1.41 kB
build/assets/svg/green-plain.svg                             3.30 kB │ gzip:   1.25 kB
build/assets/svg/pointer.svg                                 3.36 kB │ gzip:   1.27 kB
build/assets/svg/pointer-green.svg                           4.26 kB │ gzip:   1.56 kB
build/assets/svg/pointer-grey.svg                            4.26 kB │ gzip:   1.56 kB
build/assets/svg/markerA.svg                                 4.71 kB │ gzip:   1.66 kB
build/assets/woff2/roboto-vietnamese-400-normal.woff2        5.56 kB
build/assets/svg/markerB.svg                                 5.70 kB │ gzip:   2.12 kB
build/assets/woff2/roboto-greek-400-normal.woff2             7.11 kB
build/assets/svg/Radio-Indoor-Icon.svg                       7.43 kB │ gzip:   1.99 kB
build/assets/woff2/roboto-cyrillic-400-normal.woff2          9.63 kB
build/assets/woff2/roboto-latin-ext-400-normal.woff2        11.87 kB
build/assets/woff2/roboto-cyrillic-ext-400-normal.woff2     15.34 kB
build/assets/woff2/roboto-latin-400-normal.woff2            15.74 kB
build/assets/woff/roboto-all-400-normal.woff                65.46 kB
build/assets/css/EdgesPanel.css                              0.06 kB │ gzip:   0.08 kB
build/assets/css/SubscribersPanel.css                        0.18 kB │ gzip:   0.14 kB
build/assets/css/RadiosPanelNew.css                          0.22 kB │ gzip:   0.17 kB
build/assets/css/Diagnostics.css                             0.29 kB │ gzip:   0.21 kB
build/assets/css/Calibrate.css                               0.64 kB │ gzip:   0.40 kB
build/assets/css/ReactTable.css                              1.32 kB │ gzip:   0.56 kB
build/assets/css/index.css                                   1.82 kB │ gzip:   0.79 kB
build/assets/css/Dashboard.css                               4.02 kB │ gzip:   2.01 kB
build/assets/css/EditNotes.css                              17.96 kB │ gzip:   3.16 kB
build/chunks/styled.6e0dd830.js                              0.12 kB │ gzip:   0.14 kB │ map:     0.34 kB
build/chunks/QoS-service.efc1f4f1.js                         0.26 kB │ gzip:   0.22 kB │ map:     0.80 kB
build/chunks/LightTooltip.42a06555.js                        0.34 kB │ gzip:   0.28 kB │ map:     1.06 kB
build/chunks/ArrowForwardIosSharp.9b54f89f.js                0.36 kB │ gzip:   0.29 kB │ map:     1.12 kB
build/chunks/hardwareInventory-service.55f5f790.js           0.38 kB │ gzip:   0.30 kB │ map:     1.14 kB
build/chunks/RestartAlt.274bef8e.js                          0.38 kB │ gzip:   0.30 kB │ map:     0.71 kB
build/chunks/NotImplemented.e6f8e6a0.js                      0.55 kB │ gzip:   0.40 kB │ map:     1.39 kB
build/chunks/AccordianSummary.84c96cdf.js                    0.63 kB │ gzip:   0.44 kB │ map:     1.72 kB
build/chunks/Card.04e07a55.js                                0.63 kB │ gzip:   0.43 kB │ map:     4.60 kB
build/chunks/useInterval.4a17328a.js                         0.71 kB │ gzip:   0.41 kB │ map:     3.67 kB
build/chunks/TimeDateInput.d722c045.js                       0.88 kB │ gzip:   0.50 kB │ map:     3.03 kB
build/chunks/LineChart.c332bec6.js                           1.05 kB │ gzip:   0.66 kB │ map:     3.88 kB
build/chunks/TabPanel.75616a00.js                            1.14 kB │ gzip:   0.63 kB │ map:     4.33 kB
build/chunks/ModalDialogComponent.eb68cc72.js                1.28 kB │ gzip:   0.70 kB │ map:     4.53 kB
build/chunks/index.c8e04a70.js                               1.98 kB │ gzip:   0.66 kB │ map:     5.83 kB
build/chunks/HealthGauge.16997b4f.js                         2.37 kB │ gzip:   1.29 kB │ map:     8.47 kB
build/chunks/useSupport.d2d67379.js                          2.45 kB │ gzip:   1.08 kB │ map:    10.12 kB
build/chunks/Checkbox.62314b80.js                            2.46 kB │ gzip:   1.16 kB │ map:    13.67 kB
build/chunks/radioHelper.be618d99.js                         2.58 kB │ gzip:   1.17 kB │ map:     8.50 kB
build/chunks/AuditLog.6f052022.js                            3.71 kB │ gzip:   1.58 kB │ map:    14.13 kB
build/chunks/SlideUpTransition.a0cd9b8a.js                   4.03 kB │ gzip:   1.61 kB │ map:    19.76 kB
build/chunks/index.dae84cc6.js                               4.14 kB │ gzip:   1.48 kB │ map:    13.64 kB
build/chunks/Logs.d8f9f62d.js                                4.78 kB │ gzip:   2.11 kB │ map:    19.49 kB
build/chunks/AccordionSummary.7b010f5a.js                    5.73 kB │ gzip:   1.97 kB │ map:    27.76 kB
build/chunks/ContextMenu.ce51a3b9.js                         6.23 kB │ gzip:   2.03 kB │ map:    22.48 kB
build/chunks/useStyles.a131e1a4.js                           6.39 kB │ gzip:   2.38 kB │ map:    26.35 kB
build/chunks/web-vitals.dfcc5b9a.js                          6.98 kB │ gzip:   2.58 kB │ map:    16.56 kB
build/chunks/TablePagination.d638d7f4.js                     8.27 kB │ gzip:   3.16 kB │ map:    42.12 kB
build/chunks/DnnPanel.a7a4d7dd.js                            9.67 kB │ gzip:   3.67 kB │ map:    37.84 kB
build/chunks/GMap.c7b51263.js                               16.54 kB │ gzip:   5.29 kB │ map:    51.13 kB
build/chunks/Diagnostics.f38b0a24.js                        23.61 kB │ gzip:   7.54 kB │ map:    89.63 kB
build/chunks/index.6ced3a09.js                              41.18 kB │ gzip:  10.55 kB │ map:   154.16 kB
build/chunks/AuditLogDetails.9f1612ec.js                    41.88 kB │ gzip:  13.90 kB │ map:   315.56 kB
build/chunks/RadioForm.f2dc1250.js                          52.23 kB │ gzip:  14.56 kB │ map:   222.78 kB
build/chunks/System.d992d279.js                             67.09 kB │ gzip:  15.51 kB │ map:   253.28 kB
build/chunks/Calibrate.2b7d51ec.js                          71.83 kB │ gzip:  23.83 kB │ map:   251.96 kB
build/chunks/ReactTable.73da3da3.js                         88.75 kB │ gzip:  27.05 kB │ map:   276.61 kB
build/chunks/Dashboard.1ab7f966.js                          90.62 kB │ gzip:  21.85 kB │ map:   520.74 kB
build/chunks/EdgesPanel.59afaaa5.js                        135.43 kB │ gzip:  33.15 kB │ map:   494.78 kB
build/chunks/RadiosPanelNew.ebd4cf72.js                    150.48 kB │ gzip:  39.57 kB │ map:   580.77 kB
build/chunks/SubscribersPanel.3313e67d.js                  165.31 kB │ gzip:  53.56 kB │ map:   585.89 kB
build/chunks/DataGrid.98b0607a.js                          280.40 kB │ gzip:  84.81 kB │ map: 1,359.73 kB
build/chunks/highcharts.128d775a.js                        296.73 kB │ gzip: 106.33 kB │ map:   694.32 kB
build/chunks/EditNotes.5504526f.js                         489.27 kB │ gzip: 132.59 kB │ map: 1,675.29 kB
build/js/index.a7ca663b.js                               2,128.32 kB │ gzip: 471.03 kB │ map: 5,378.21 kB

(!) Some chunks are larger than 1000 kBs after minification. Consider:
- Using dynamic import() to code-split the application
- Use build.rollupOptions.output.manualChunks to improve chunking: https://rollupjs.org/configuration-options/#output-manualchunks
- Adjust chunk size limit for this warning via build.chunkSizeWarningLimit.
✓ built in 2m 58s
Done in 181.54s.
Compilation done...
Complete at Thu Jul 13 07:33:08 AM EDT 2023
\n ************************************************** \n
Compiling at Thu Jul 13 10:30:00 AM EDT 2023
Pulling latest changes from Git...
From https://github.com/Highway9-Networks/h9-saas
   9fc1d11c6..7cba79a95  imran-automation      -> origin/imran-automation
   43af4e2e7..2ff3a252c  private/akshi/issue_9142 -> origin/private/akshi/issue_9142
 * [new branch]          private/girish/12june -> origin/private/girish/12june
   c987df810..ff16d45b4  private/issue-9445    -> origin/private/issue-9445
Already up to date.
Compiling the orch UI code...
Deleting build...
Folder build deleted.
Folder A is unchanged.
yarn
yarn install v1.22.19
[1/4] Resolving packages...
success Already up-to-date.
Done in 1.49s.
yarn run build
yarn run v1.22.19
$ vite build
vite v4.3.9 building for production...
[plugin:vite-plugin-eslint] LintOnStart is turned on, and it will check for all matching files.
transforming...
✓ 13538 modules transformed.
rendering chunks...
computing gzip size...
build/assets/svg/pin.svg                                     0.85 kB │ gzip:   0.44 kB
build/assets/svg/current.svg                                 0.96 kB │ gzip:   0.47 kB
build/index.html                                             1.00 kB │ gzip:   0.53 kB
build/assets/svg/celltower.svg                               2.73 kB │ gzip:   1.41 kB
build/assets/svg/green-plain.svg                             3.30 kB │ gzip:   1.25 kB
build/assets/svg/pointer.svg                                 3.36 kB │ gzip:   1.27 kB
build/assets/svg/pointer-green.svg                           4.26 kB │ gzip:   1.56 kB
build/assets/svg/pointer-grey.svg                            4.26 kB │ gzip:   1.56 kB
build/assets/svg/markerA.svg                                 4.71 kB │ gzip:   1.66 kB
build/assets/woff2/roboto-vietnamese-400-normal.woff2        5.56 kB
build/assets/svg/markerB.svg                                 5.70 kB │ gzip:   2.12 kB
build/assets/woff2/roboto-greek-400-normal.woff2             7.11 kB
build/assets/svg/Radio-Indoor-Icon.svg                       7.43 kB │ gzip:   1.99 kB
build/assets/woff2/roboto-cyrillic-400-normal.woff2          9.63 kB
build/assets/woff2/roboto-latin-ext-400-normal.woff2        11.87 kB
build/assets/woff2/roboto-cyrillic-ext-400-normal.woff2     15.34 kB
build/assets/woff2/roboto-latin-400-normal.woff2            15.74 kB
build/assets/woff/roboto-all-400-normal.woff                65.46 kB
build/assets/css/EdgesPanel.css                              0.06 kB │ gzip:   0.08 kB
build/assets/css/SubscribersPanel.css                        0.18 kB │ gzip:   0.14 kB
build/assets/css/RadiosPanelNew.css                          0.22 kB │ gzip:   0.17 kB
build/assets/css/Diagnostics.css                             0.29 kB │ gzip:   0.21 kB
build/assets/css/Calibrate.css                               0.64 kB │ gzip:   0.40 kB
build/assets/css/ReactTable.css                              1.32 kB │ gzip:   0.56 kB
build/assets/css/index.css                                   1.82 kB │ gzip:   0.79 kB
build/assets/css/Dashboard.css                               4.02 kB │ gzip:   2.01 kB
build/assets/css/EditNotes.css                              17.96 kB │ gzip:   3.16 kB
build/chunks/styled.6e0dd830.js                              0.12 kB │ gzip:   0.14 kB │ map:     0.34 kB
build/chunks/QoS-service.efc1f4f1.js                         0.26 kB │ gzip:   0.22 kB │ map:     0.80 kB
build/chunks/LightTooltip.42a06555.js                        0.34 kB │ gzip:   0.28 kB │ map:     1.06 kB
build/chunks/ArrowForwardIosSharp.9b54f89f.js                0.36 kB │ gzip:   0.29 kB │ map:     1.12 kB
build/chunks/hardwareInventory-service.55f5f790.js           0.38 kB │ gzip:   0.30 kB │ map:     1.14 kB
build/chunks/RestartAlt.274bef8e.js                          0.38 kB │ gzip:   0.30 kB │ map:     0.71 kB
build/chunks/NotImplemented.e6f8e6a0.js                      0.55 kB │ gzip:   0.40 kB │ map:     1.39 kB
build/chunks/AccordianSummary.84c96cdf.js                    0.63 kB │ gzip:   0.44 kB │ map:     1.72 kB
build/chunks/Card.04e07a55.js                                0.63 kB │ gzip:   0.43 kB │ map:     4.60 kB
build/chunks/useInterval.4a17328a.js                         0.71 kB │ gzip:   0.41 kB │ map:     3.67 kB
build/chunks/TimeDateInput.d722c045.js                       0.88 kB │ gzip:   0.50 kB │ map:     3.03 kB
build/chunks/LineChart.c332bec6.js                           1.05 kB │ gzip:   0.66 kB │ map:     3.88 kB
build/chunks/TabPanel.75616a00.js                            1.14 kB │ gzip:   0.63 kB │ map:     4.33 kB
build/chunks/ModalDialogComponent.eb68cc72.js                1.28 kB │ gzip:   0.70 kB │ map:     4.53 kB
build/chunks/index.c8e04a70.js                               1.98 kB │ gzip:   0.66 kB │ map:     5.83 kB
build/chunks/HealthGauge.16997b4f.js                         2.37 kB │ gzip:   1.29 kB │ map:     8.47 kB
build/chunks/useSupport.d2d67379.js                          2.45 kB │ gzip:   1.08 kB │ map:    10.12 kB
build/chunks/Checkbox.62314b80.js                            2.46 kB │ gzip:   1.16 kB │ map:    13.67 kB
build/chunks/radioHelper.be618d99.js                         2.58 kB │ gzip:   1.17 kB │ map:     8.50 kB
build/chunks/AuditLog.6f052022.js                            3.71 kB │ gzip:   1.58 kB │ map:    14.13 kB
build/chunks/SlideUpTransition.a0cd9b8a.js                   4.03 kB │ gzip:   1.61 kB │ map:    19.76 kB
build/chunks/index.dae84cc6.js                               4.14 kB │ gzip:   1.48 kB │ map:    13.64 kB
build/chunks/Logs.d8f9f62d.js                                4.78 kB │ gzip:   2.11 kB │ map:    19.49 kB
build/chunks/AccordionSummary.7b010f5a.js                    5.73 kB │ gzip:   1.97 kB │ map:    27.76 kB
build/chunks/ContextMenu.ce51a3b9.js                         6.23 kB │ gzip:   2.03 kB │ map:    22.48 kB
build/chunks/useStyles.a131e1a4.js                           6.39 kB │ gzip:   2.38 kB │ map:    26.35 kB
build/chunks/web-vitals.dfcc5b9a.js                          6.98 kB │ gzip:   2.58 kB │ map:    16.56 kB
build/chunks/TablePagination.d638d7f4.js                     8.27 kB │ gzip:   3.16 kB │ map:    42.12 kB
build/chunks/DnnPanel.a7a4d7dd.js                            9.67 kB │ gzip:   3.67 kB │ map:    37.84 kB
build/chunks/GMap.c7b51263.js                               16.54 kB │ gzip:   5.29 kB │ map:    51.13 kB
build/chunks/Diagnostics.f38b0a24.js                        23.61 kB │ gzip:   7.54 kB │ map:    89.63 kB
build/chunks/index.6ced3a09.js                              41.18 kB │ gzip:  10.55 kB │ map:   154.16 kB
build/chunks/AuditLogDetails.9f1612ec.js                    41.88 kB │ gzip:  13.90 kB │ map:   315.56 kB
build/chunks/RadioForm.f2dc1250.js                          52.23 kB │ gzip:  14.56 kB │ map:   222.78 kB
build/chunks/System.d992d279.js                             67.09 kB │ gzip:  15.51 kB │ map:   253.28 kB
build/chunks/Calibrate.2b7d51ec.js                          71.83 kB │ gzip:  23.83 kB │ map:   251.96 kB
build/chunks/ReactTable.73da3da3.js                         88.75 kB │ gzip:  27.05 kB │ map:   276.61 kB
build/chunks/Dashboard.1ab7f966.js                          90.62 kB │ gzip:  21.85 kB │ map:   520.74 kB
build/chunks/EdgesPanel.59afaaa5.js                        135.43 kB │ gzip:  33.15 kB │ map:   494.78 kB
build/chunks/RadiosPanelNew.ebd4cf72.js                    150.48 kB │ gzip:  39.57 kB │ map:   580.77 kB
build/chunks/SubscribersPanel.3313e67d.js                  165.31 kB │ gzip:  53.56 kB │ map:   585.89 kB
build/chunks/DataGrid.98b0607a.js                          280.40 kB │ gzip:  84.81 kB │ map: 1,359.73 kB
build/chunks/highcharts.128d775a.js                        296.73 kB │ gzip: 106.33 kB │ map:   694.32 kB
build/chunks/EditNotes.5504526f.js                         489.27 kB │ gzip: 132.59 kB │ map: 1,675.29 kB
build/js/index.a7ca663b.js                               2,128.32 kB │ gzip: 471.03 kB │ map: 5,378.21 kB

(!) Some chunks are larger than 1000 kBs after minification. Consider:
- Using dynamic import() to code-split the application
- Use build.rollupOptions.output.manualChunks to improve chunking: https://rollupjs.org/configuration-options/#output-manualchunks
- Adjust chunk size limit for this warning via build.chunkSizeWarningLimit.
✓ built in 2m 53s
Done in 176.39s.
Compilation done...
Complete at Thu Jul 13 10:33:02 AM EDT 2023
\n ************************************************** \n
Compiling at Fri Jul 14 02:30:01 AM EDT 2023
Pulling latest changes from Git...
From https://github.com/Highway9-Networks/h9-saas
   01f885568..b2a96238e  main                    -> origin/main
   0df9d5620..d40c06a64  balaji/mmeretry         -> origin/balaji/mmeretry
   26de3a3a8..b2a96238e  feature/ushiva_new      -> origin/feature/ushiva_new
   7cba79a95..884db03f2  imran-automation        -> origin/imran-automation
   d1c329f24..7bb7d9092  main-release            -> origin/main-release
   7acdd2409..0ccb02878  private/akshay-airspan  -> origin/private/akshay-airspan
   e80dd88fb..7126f0469  private/girish/12june   -> origin/private/girish/12june
   ff16d45b4..46092df5c  private/issue-9445      -> origin/private/issue-9445
 * [new branch]          private/mdighe/mocn-fixes -> origin/private/mdighe/mocn-fixes
 * [new branch]          surya_9221_echo_support -> origin/surya_9221_echo_support
Updating 01f885568..b2a96238e
Fast-forward
 common/common.mk                                   |   6 +-
 edge/carriergw/mocngw/mocngw/inc/s1ap_state.h      |   6 +-
 edge/carriergw/mocngw/mocngw/tasks/access/access.c |  83 +++--
 edge/carriergw/mocngw/mocngw/tasks/access/access.h |   1 +
 .../mocngw/mocngw/tasks/access/access_encoder.c    | 404 ++++++++++++++-------
 .../mocngw/mocngw/tasks/network/network.c          | 112 +++---
 .../mocngw/mocngw/tasks/network/network_encoder.c  |   2 +-
 .../mocngw/mocngw/tasks/s1ap/s1ap_dummy.c          | 109 +++---
 .../mocngw/mocngw/tasks/s1ap/s1ap_mme_encoder.c    |   1 +
 .../mocngw/mocngw/tasks/s1ap/s1ap_mme_handlers.c   |   2 +-
 .../mocngw/mocngw/tasks/s1ap/s1ap_mme_ta.c         |   2 +-
 .../mocngw_datapath/mocn_datapathd/h9_ofc_app.py   |   3 +
 .../views/edges/Operator/OperatorDetailsInfo.jsx   |   4 +-
 13 files changed, 449 insertions(+), 286 deletions(-)
Compiling the orch UI code...
Deleting build...
Folder build deleted.
Folder A is unchanged.
yarn
yarn install v1.22.19
[1/4] Resolving packages...
success Already up-to-date.
Done in 1.09s.
yarn run build
yarn run v1.22.19
$ vite build
vite v4.3.9 building for production...
[plugin:vite-plugin-eslint] LintOnStart is turned on, and it will check for all matching files.
transforming...
✓ 13538 modules transformed.
rendering chunks...
computing gzip size...
build/assets/svg/pin.svg                                     0.85 kB │ gzip:   0.44 kB
build/assets/svg/current.svg                                 0.96 kB │ gzip:   0.47 kB
build/index.html                                             1.00 kB │ gzip:   0.53 kB
build/assets/svg/celltower.svg                               2.73 kB │ gzip:   1.41 kB
build/assets/svg/green-plain.svg                             3.30 kB │ gzip:   1.25 kB
build/assets/svg/pointer.svg                                 3.36 kB │ gzip:   1.27 kB
build/assets/svg/pointer-green.svg                           4.26 kB │ gzip:   1.56 kB
build/assets/svg/pointer-grey.svg                            4.26 kB │ gzip:   1.56 kB
build/assets/svg/markerA.svg                                 4.71 kB │ gzip:   1.66 kB
build/assets/woff2/roboto-vietnamese-400-normal.woff2        5.56 kB
build/assets/svg/markerB.svg                                 5.70 kB │ gzip:   2.12 kB
build/assets/woff2/roboto-greek-400-normal.woff2             7.11 kB
build/assets/svg/Radio-Indoor-Icon.svg                       7.43 kB │ gzip:   1.99 kB
build/assets/woff2/roboto-cyrillic-400-normal.woff2          9.63 kB
build/assets/woff2/roboto-latin-ext-400-normal.woff2        11.87 kB
build/assets/woff2/roboto-cyrillic-ext-400-normal.woff2     15.34 kB
build/assets/woff2/roboto-latin-400-normal.woff2            15.74 kB
build/assets/woff/roboto-all-400-normal.woff                65.46 kB
build/assets/css/EdgesPanel.css                              0.06 kB │ gzip:   0.08 kB
build/assets/css/SubscribersPanel.css                        0.18 kB │ gzip:   0.14 kB
build/assets/css/RadiosPanelNew.css                          0.22 kB │ gzip:   0.17 kB
build/assets/css/Diagnostics.css                             0.29 kB │ gzip:   0.21 kB
build/assets/css/Calibrate.css                               0.64 kB │ gzip:   0.40 kB
build/assets/css/ReactTable.css                              1.32 kB │ gzip:   0.56 kB
build/assets/css/index.css                                   1.82 kB │ gzip:   0.79 kB
build/assets/css/Dashboard.css                               4.02 kB │ gzip:   2.01 kB
build/assets/css/EditNotes.css                              17.96 kB │ gzip:   3.16 kB
build/chunks/styled.7c9b9d12.js                              0.12 kB │ gzip:   0.14 kB │ map:     0.34 kB
build/chunks/QoS-service.1949de6a.js                         0.26 kB │ gzip:   0.22 kB │ map:     0.80 kB
build/chunks/LightTooltip.35b1d205.js                        0.34 kB │ gzip:   0.28 kB │ map:     1.06 kB
build/chunks/ArrowForwardIosSharp.7e06dd3e.js                0.36 kB │ gzip:   0.29 kB │ map:     1.12 kB
build/chunks/hardwareInventory-service.795fe1bc.js           0.38 kB │ gzip:   0.30 kB │ map:     1.14 kB
build/chunks/RestartAlt.66f3a331.js                          0.38 kB │ gzip:   0.30 kB │ map:     0.71 kB
build/chunks/NotImplemented.d88c6633.js                      0.55 kB │ gzip:   0.40 kB │ map:     1.39 kB
build/chunks/AccordianSummary.f4f672de.js                    0.63 kB │ gzip:   0.44 kB │ map:     1.72 kB
build/chunks/Card.7a269d82.js                                0.63 kB │ gzip:   0.43 kB │ map:     4.60 kB
build/chunks/useInterval.54114a6c.js                         0.71 kB │ gzip:   0.41 kB │ map:     3.67 kB
build/chunks/TimeDateInput.282954d3.js                       0.88 kB │ gzip:   0.50 kB │ map:     3.03 kB
build/chunks/LineChart.258ae6e9.js                           1.05 kB │ gzip:   0.66 kB │ map:     3.88 kB
build/chunks/TabPanel.8d5f6395.js                            1.14 kB │ gzip:   0.63 kB │ map:     4.33 kB
build/chunks/ModalDialogComponent.aa976762.js                1.28 kB │ gzip:   0.71 kB │ map:     4.53 kB
build/chunks/index.8a43c862.js                               1.98 kB │ gzip:   0.66 kB │ map:     5.83 kB
build/chunks/HealthGauge.89c0f32b.js                         2.37 kB │ gzip:   1.29 kB │ map:     8.47 kB
build/chunks/useSupport.87ca6d65.js                          2.45 kB │ gzip:   1.08 kB │ map:    10.12 kB
build/chunks/Checkbox.407cfd71.js                            2.46 kB │ gzip:   1.16 kB │ map:    13.67 kB
build/chunks/radioHelper.89d06ed6.js                         2.58 kB │ gzip:   1.17 kB │ map:     8.50 kB
build/chunks/AuditLog.6c559754.js                            3.71 kB │ gzip:   1.58 kB │ map:    14.13 kB
build/chunks/SlideUpTransition.5992af5c.js                   4.03 kB │ gzip:   1.61 kB │ map:    19.76 kB
build/chunks/index.3d35d596.js                               4.14 kB │ gzip:   1.49 kB │ map:    13.64 kB
build/chunks/Logs.da55e640.js                                4.78 kB │ gzip:   2.11 kB │ map:    19.49 kB
build/chunks/AccordionSummary.e93d07cf.js                    5.73 kB │ gzip:   1.97 kB │ map:    27.76 kB
build/chunks/ContextMenu.463e2573.js                         6.23 kB │ gzip:   2.03 kB │ map:    22.48 kB
build/chunks/useStyles.8d265fe3.js                           6.39 kB │ gzip:   2.38 kB │ map:    26.35 kB
build/chunks/web-vitals.dfcc5b9a.js                          6.98 kB │ gzip:   2.58 kB │ map:    16.56 kB
build/chunks/TablePagination.90f328f3.js                     8.27 kB │ gzip:   3.16 kB │ map:    42.12 kB
build/chunks/DnnPanel.3968a407.js                            9.67 kB │ gzip:   3.67 kB │ map:    37.84 kB
build/chunks/GMap.035c722e.js                               16.54 kB │ gzip:   5.28 kB │ map:    51.13 kB
build/chunks/Diagnostics.ce99e834.js                        23.61 kB │ gzip:   7.54 kB │ map:    89.63 kB
build/chunks/index.e66b2b02.js                              41.18 kB │ gzip:  10.55 kB │ map:   154.16 kB
build/chunks/AuditLogDetails.2efc29b2.js                    41.88 kB │ gzip:  13.90 kB │ map:   315.56 kB
build/chunks/RadioForm.403ba7d0.js                          52.23 kB │ gzip:  14.56 kB │ map:   222.78 kB
build/chunks/System.65c6574e.js                             67.09 kB │ gzip:  15.51 kB │ map:   253.28 kB
build/chunks/Calibrate.c6401e5d.js                          71.83 kB │ gzip:  23.83 kB │ map:   251.96 kB
build/chunks/ReactTable.d1485f42.js                         88.75 kB │ gzip:  27.05 kB │ map:   276.61 kB
build/chunks/Dashboard.78af2cae.js                          90.62 kB │ gzip:  21.85 kB │ map:   520.74 kB
build/chunks/EdgesPanel.8cff6530.js                        135.45 kB │ gzip:  33.16 kB │ map:   494.81 kB
build/chunks/RadiosPanelNew.871a01c5.js                    150.48 kB │ gzip:  39.57 kB │ map:   580.77 kB
build/chunks/SubscribersPanel.97a5896f.js                  165.31 kB │ gzip:  53.57 kB │ map:   585.89 kB
build/chunks/DataGrid.b8e0e7ec.js                          280.40 kB │ gzip:  84.80 kB │ map: 1,359.73 kB
build/chunks/highcharts.190127e5.js                        296.73 kB │ gzip: 106.33 kB │ map:   694.32 kB
build/chunks/EditNotes.633cacf2.js                         489.27 kB │ gzip: 132.59 kB │ map: 1,675.29 kB
build/js/index.a029848c.js                               2,128.32 kB │ gzip: 471.03 kB │ map: 5,378.21 kB

(!) Some chunks are larger than 1000 kBs after minification. Consider:
- Using dynamic import() to code-split the application
- Use build.rollupOptions.output.manualChunks to improve chunking: https://rollupjs.org/configuration-options/#output-manualchunks
- Adjust chunk size limit for this warning via build.chunkSizeWarningLimit.
✓ built in 3m 19s
Done in 204.68s.
Compilation done...
Complete at Fri Jul 14 02:33:35 AM EDT 2023
\n ************************************************** \n
Compiling at Fri Jul 14 07:30:00 AM EDT 2023
Pulling latest changes from Git...
From https://github.com/Highway9-Networks/h9-saas
   b2a96238e..9a043f580  main                   -> origin/main
   884db03f2..2e158758a  imran-automation       -> origin/imran-automation
   7bb7d9092..560725f93  main-release           -> origin/main-release
   faedca8ec..50d44f35f  private/abhagwat       -> origin/private/abhagwat
   35270f408..b883e0d5d  private/abhagwat-release -> origin/private/abhagwat-release
   0ccb02878..37107779e  private/akshay-airspan -> origin/private/akshay-airspan
 * [new branch]          private/akshay-new-30  -> origin/private/akshay-new-30
   5cd6fad42..08bbe6450  private/dileep/FixingIssues_04_07_23 -> origin/private/dileep/FixingIssues_04_07_23
   7126f0469..8c86b1d84  private/girish/12june  -> origin/private/girish/12june
 * [new branch]          private/ishika/issue_5800 -> origin/private/ishika/issue_5800
   46092df5c..623636ae2  private/issue-9445     -> origin/private/issue-9445
   c93dbba4c..557f0324f  vikram_mem             -> origin/vikram_mem
Updating b2a96238e..9a043f580
Fast-forward
 common/common.mk | 4 ++--
 1 file changed, 2 insertions(+), 2 deletions(-)
Compiling the orch UI code...
Deleting build...
Folder build deleted.
Folder A is unchanged.
yarn
yarn install v1.22.19
[1/4] Resolving packages...
success Already up-to-date.
Done in 1.54s.
yarn run build
yarn run v1.22.19
$ vite build
vite v4.3.9 building for production...
[plugin:vite-plugin-eslint] LintOnStart is turned on, and it will check for all matching files.
transforming...
✓ 13538 modules transformed.
rendering chunks...
computing gzip size...
build/assets/svg/pin.svg                                     0.85 kB │ gzip:   0.44 kB
build/assets/svg/current.svg                                 0.96 kB │ gzip:   0.47 kB
build/index.html                                             1.00 kB │ gzip:   0.53 kB
build/assets/svg/celltower.svg                               2.73 kB │ gzip:   1.41 kB
build/assets/svg/green-plain.svg                             3.30 kB │ gzip:   1.25 kB
build/assets/svg/pointer.svg                                 3.36 kB │ gzip:   1.27 kB
build/assets/svg/pointer-green.svg                           4.26 kB │ gzip:   1.56 kB
build/assets/svg/pointer-grey.svg                            4.26 kB │ gzip:   1.56 kB
build/assets/svg/markerA.svg                                 4.71 kB │ gzip:   1.66 kB
build/assets/woff2/roboto-vietnamese-400-normal.woff2        5.56 kB
build/assets/svg/markerB.svg                                 5.70 kB │ gzip:   2.12 kB
build/assets/woff2/roboto-greek-400-normal.woff2             7.11 kB
build/assets/svg/Radio-Indoor-Icon.svg                       7.43 kB │ gzip:   1.99 kB
build/assets/woff2/roboto-cyrillic-400-normal.woff2          9.63 kB
build/assets/woff2/roboto-latin-ext-400-normal.woff2        11.87 kB
build/assets/woff2/roboto-cyrillic-ext-400-normal.woff2     15.34 kB
build/assets/woff2/roboto-latin-400-normal.woff2            15.74 kB
build/assets/woff/roboto-all-400-normal.woff                65.46 kB
build/assets/css/EdgesPanel.css                              0.06 kB │ gzip:   0.08 kB
build/assets/css/SubscribersPanel.css                        0.18 kB │ gzip:   0.14 kB
build/assets/css/RadiosPanelNew.css                          0.22 kB │ gzip:   0.17 kB
build/assets/css/Diagnostics.css                             0.29 kB │ gzip:   0.21 kB
build/assets/css/Calibrate.css                               0.64 kB │ gzip:   0.40 kB
build/assets/css/ReactTable.css                              1.32 kB │ gzip:   0.56 kB
build/assets/css/index.css                                   1.82 kB │ gzip:   0.79 kB
build/assets/css/Dashboard.css                               4.02 kB │ gzip:   2.01 kB
build/assets/css/EditNotes.css                              17.96 kB │ gzip:   3.16 kB
build/chunks/styled.7c9b9d12.js                              0.12 kB │ gzip:   0.14 kB │ map:     0.34 kB
build/chunks/QoS-service.1949de6a.js                         0.26 kB │ gzip:   0.22 kB │ map:     0.80 kB
build/chunks/LightTooltip.35b1d205.js                        0.34 kB │ gzip:   0.28 kB │ map:     1.06 kB
build/chunks/ArrowForwardIosSharp.7e06dd3e.js                0.36 kB │ gzip:   0.29 kB │ map:     1.12 kB
build/chunks/hardwareInventory-service.795fe1bc.js           0.38 kB │ gzip:   0.30 kB │ map:     1.14 kB
build/chunks/RestartAlt.66f3a331.js                          0.38 kB │ gzip:   0.30 kB │ map:     0.71 kB
build/chunks/NotImplemented.d88c6633.js                      0.55 kB │ gzip:   0.40 kB │ map:     1.39 kB
build/chunks/AccordianSummary.f4f672de.js                    0.63 kB │ gzip:   0.44 kB │ map:     1.72 kB
build/chunks/Card.7a269d82.js                                0.63 kB │ gzip:   0.43 kB │ map:     4.60 kB
build/chunks/useInterval.54114a6c.js                         0.71 kB │ gzip:   0.41 kB │ map:     3.67 kB
build/chunks/TimeDateInput.282954d3.js                       0.88 kB │ gzip:   0.50 kB │ map:     3.03 kB
build/chunks/LineChart.258ae6e9.js                           1.05 kB │ gzip:   0.66 kB │ map:     3.88 kB
build/chunks/TabPanel.8d5f6395.js                            1.14 kB │ gzip:   0.63 kB │ map:     4.33 kB
build/chunks/ModalDialogComponent.aa976762.js                1.28 kB │ gzip:   0.71 kB │ map:     4.53 kB
build/chunks/index.8a43c862.js                               1.98 kB │ gzip:   0.66 kB │ map:     5.83 kB
build/chunks/HealthGauge.89c0f32b.js                         2.37 kB │ gzip:   1.29 kB │ map:     8.47 kB
build/chunks/useSupport.87ca6d65.js                          2.45 kB │ gzip:   1.08 kB │ map:    10.12 kB
build/chunks/Checkbox.407cfd71.js                            2.46 kB │ gzip:   1.16 kB │ map:    13.67 kB
build/chunks/radioHelper.89d06ed6.js                         2.58 kB │ gzip:   1.17 kB │ map:     8.50 kB
build/chunks/AuditLog.6c559754.js                            3.71 kB │ gzip:   1.58 kB │ map:    14.13 kB
build/chunks/SlideUpTransition.5992af5c.js                   4.03 kB │ gzip:   1.61 kB │ map:    19.76 kB
build/chunks/index.3d35d596.js                               4.14 kB │ gzip:   1.49 kB │ map:    13.64 kB
build/chunks/Logs.da55e640.js                                4.78 kB │ gzip:   2.11 kB │ map:    19.49 kB
build/chunks/AccordionSummary.e93d07cf.js                    5.73 kB │ gzip:   1.97 kB │ map:    27.76 kB
build/chunks/ContextMenu.463e2573.js                         6.23 kB │ gzip:   2.03 kB │ map:    22.48 kB
build/chunks/useStyles.8d265fe3.js                           6.39 kB │ gzip:   2.38 kB │ map:    26.35 kB
build/chunks/web-vitals.dfcc5b9a.js                          6.98 kB │ gzip:   2.58 kB │ map:    16.56 kB
build/chunks/TablePagination.90f328f3.js                     8.27 kB │ gzip:   3.16 kB │ map:    42.12 kB
build/chunks/DnnPanel.3968a407.js                            9.67 kB │ gzip:   3.67 kB │ map:    37.84 kB
build/chunks/GMap.035c722e.js                               16.54 kB │ gzip:   5.28 kB │ map:    51.13 kB
build/chunks/Diagnostics.ce99e834.js                        23.61 kB │ gzip:   7.54 kB │ map:    89.63 kB
build/chunks/index.e66b2b02.js                              41.18 kB │ gzip:  10.55 kB │ map:   154.16 kB
build/chunks/AuditLogDetails.2efc29b2.js                    41.88 kB │ gzip:  13.90 kB │ map:   315.56 kB
build/chunks/RadioForm.403ba7d0.js                          52.23 kB │ gzip:  14.56 kB │ map:   222.78 kB
build/chunks/System.65c6574e.js                             67.09 kB │ gzip:  15.51 kB │ map:   253.28 kB
build/chunks/Calibrate.c6401e5d.js                          71.83 kB │ gzip:  23.83 kB │ map:   251.96 kB
build/chunks/ReactTable.d1485f42.js                         88.75 kB │ gzip:  27.05 kB │ map:   276.61 kB
build/chunks/Dashboard.78af2cae.js                          90.62 kB │ gzip:  21.85 kB │ map:   520.74 kB
build/chunks/EdgesPanel.8cff6530.js                        135.45 kB │ gzip:  33.16 kB │ map:   494.81 kB
build/chunks/RadiosPanelNew.871a01c5.js                    150.48 kB │ gzip:  39.57 kB │ map:   580.77 kB
build/chunks/SubscribersPanel.97a5896f.js                  165.31 kB │ gzip:  53.57 kB │ map:   585.89 kB
build/chunks/DataGrid.b8e0e7ec.js                          280.40 kB │ gzip:  84.80 kB │ map: 1,359.73 kB
build/chunks/highcharts.190127e5.js                        296.73 kB │ gzip: 106.33 kB │ map:   694.32 kB
build/chunks/EditNotes.633cacf2.js                         489.27 kB │ gzip: 132.59 kB │ map: 1,675.29 kB
build/js/index.a029848c.js                               2,128.32 kB │ gzip: 471.03 kB │ map: 5,378.21 kB

(!) Some chunks are larger than 1000 kBs after minification. Consider:
- Using dynamic import() to code-split the application
- Use build.rollupOptions.output.manualChunks to improve chunking: https://rollupjs.org/configuration-options/#output-manualchunks
- Adjust chunk size limit for this warning via build.chunkSizeWarningLimit.
✓ built in 3m 5s
Done in 188.20s.
Compilation done...
Complete at Fri Jul 14 07:33:15 AM EDT 2023
\n ************************************************** \n
Compiling at Fri Jul 14 10:30:00 AM EDT 2023
Pulling latest changes from Git...
From https://github.com/Highway9-Networks/h9-saas
 * [new branch]          private/ankita/airspan-mobility -> origin/private/ankita/airspan-mobility
   08bbe6450..eca95a04c  private/dileep/FixingIssues_04_07_23 -> origin/private/dileep/FixingIssues_04_07_23
Already up to date.
Compiling the orch UI code...
Deleting build...
Folder build deleted.
Folder A is unchanged.
yarn
yarn install v1.22.19
[1/4] Resolving packages...
success Already up-to-date.
Done in 1.49s.
yarn run build
yarn run v1.22.19
$ vite build
vite v4.3.9 building for production...
[plugin:vite-plugin-eslint] LintOnStart is turned on, and it will check for all matching files.
transforming...
✓ 13538 modules transformed.
rendering chunks...
computing gzip size...
build/assets/svg/pin.svg                                     0.85 kB │ gzip:   0.44 kB
build/assets/svg/current.svg                                 0.96 kB │ gzip:   0.47 kB
build/index.html                                             1.00 kB │ gzip:   0.53 kB
build/assets/svg/celltower.svg                               2.73 kB │ gzip:   1.41 kB
build/assets/svg/green-plain.svg                             3.30 kB │ gzip:   1.25 kB
build/assets/svg/pointer.svg                                 3.36 kB │ gzip:   1.27 kB
build/assets/svg/pointer-green.svg                           4.26 kB │ gzip:   1.56 kB
build/assets/svg/pointer-grey.svg                            4.26 kB │ gzip:   1.56 kB
build/assets/svg/markerA.svg                                 4.71 kB │ gzip:   1.66 kB
build/assets/woff2/roboto-vietnamese-400-normal.woff2        5.56 kB
build/assets/svg/markerB.svg                                 5.70 kB │ gzip:   2.12 kB
build/assets/woff2/roboto-greek-400-normal.woff2             7.11 kB
build/assets/svg/Radio-Indoor-Icon.svg                       7.43 kB │ gzip:   1.99 kB
build/assets/woff2/roboto-cyrillic-400-normal.woff2          9.63 kB
build/assets/woff2/roboto-latin-ext-400-normal.woff2        11.87 kB
build/assets/woff2/roboto-cyrillic-ext-400-normal.woff2     15.34 kB
build/assets/woff2/roboto-latin-400-normal.woff2            15.74 kB
build/assets/woff/roboto-all-400-normal.woff                65.46 kB
build/assets/css/EdgesPanel.css                              0.06 kB │ gzip:   0.08 kB
build/assets/css/SubscribersPanel.css                        0.18 kB │ gzip:   0.14 kB
build/assets/css/RadiosPanelNew.css                          0.22 kB │ gzip:   0.17 kB
build/assets/css/Diagnostics.css                             0.29 kB │ gzip:   0.21 kB
build/assets/css/Calibrate.css                               0.64 kB │ gzip:   0.40 kB
build/assets/css/ReactTable.css                              1.32 kB │ gzip:   0.56 kB
build/assets/css/index.css                                   1.82 kB │ gzip:   0.79 kB
build/assets/css/Dashboard.css                               4.02 kB │ gzip:   2.01 kB
build/assets/css/EditNotes.css                              17.96 kB │ gzip:   3.16 kB
build/chunks/styled.7c9b9d12.js                              0.12 kB │ gzip:   0.14 kB │ map:     0.34 kB
build/chunks/QoS-service.1949de6a.js                         0.26 kB │ gzip:   0.22 kB │ map:     0.80 kB
build/chunks/LightTooltip.35b1d205.js                        0.34 kB │ gzip:   0.28 kB │ map:     1.06 kB
build/chunks/ArrowForwardIosSharp.7e06dd3e.js                0.36 kB │ gzip:   0.29 kB │ map:     1.12 kB
build/chunks/hardwareInventory-service.795fe1bc.js           0.38 kB │ gzip:   0.30 kB │ map:     1.14 kB
build/chunks/RestartAlt.66f3a331.js                          0.38 kB │ gzip:   0.30 kB │ map:     0.71 kB
build/chunks/NotImplemented.d88c6633.js                      0.55 kB │ gzip:   0.40 kB │ map:     1.39 kB
build/chunks/AccordianSummary.f4f672de.js                    0.63 kB │ gzip:   0.44 kB │ map:     1.72 kB
build/chunks/Card.7a269d82.js                                0.63 kB │ gzip:   0.43 kB │ map:     4.60 kB
build/chunks/useInterval.54114a6c.js                         0.71 kB │ gzip:   0.41 kB │ map:     3.67 kB
build/chunks/TimeDateInput.282954d3.js                       0.88 kB │ gzip:   0.50 kB │ map:     3.03 kB
build/chunks/LineChart.258ae6e9.js                           1.05 kB │ gzip:   0.66 kB │ map:     3.88 kB
build/chunks/TabPanel.8d5f6395.js                            1.14 kB │ gzip:   0.63 kB │ map:     4.33 kB
build/chunks/ModalDialogComponent.aa976762.js                1.28 kB │ gzip:   0.71 kB │ map:     4.53 kB
build/chunks/index.8a43c862.js                               1.98 kB │ gzip:   0.66 kB │ map:     5.83 kB
build/chunks/HealthGauge.89c0f32b.js                         2.37 kB │ gzip:   1.29 kB │ map:     8.47 kB
build/chunks/useSupport.87ca6d65.js                          2.45 kB │ gzip:   1.08 kB │ map:    10.12 kB
build/chunks/Checkbox.407cfd71.js                            2.46 kB │ gzip:   1.16 kB │ map:    13.67 kB
build/chunks/radioHelper.89d06ed6.js                         2.58 kB │ gzip:   1.17 kB │ map:     8.50 kB
build/chunks/AuditLog.6c559754.js                            3.71 kB │ gzip:   1.58 kB │ map:    14.13 kB
build/chunks/SlideUpTransition.5992af5c.js                   4.03 kB │ gzip:   1.61 kB │ map:    19.76 kB
build/chunks/index.3d35d596.js                               4.14 kB │ gzip:   1.49 kB │ map:    13.64 kB
build/chunks/Logs.da55e640.js                                4.78 kB │ gzip:   2.11 kB │ map:    19.49 kB
build/chunks/AccordionSummary.e93d07cf.js                    5.73 kB │ gzip:   1.97 kB │ map:    27.76 kB
build/chunks/ContextMenu.463e2573.js                         6.23 kB │ gzip:   2.03 kB │ map:    22.48 kB
build/chunks/useStyles.8d265fe3.js                           6.39 kB │ gzip:   2.38 kB │ map:    26.35 kB
build/chunks/web-vitals.dfcc5b9a.js                          6.98 kB │ gzip:   2.58 kB │ map:    16.56 kB
build/chunks/TablePagination.90f328f3.js                     8.27 kB │ gzip:   3.16 kB │ map:    42.12 kB
build/chunks/DnnPanel.3968a407.js                            9.67 kB │ gzip:   3.67 kB │ map:    37.84 kB
build/chunks/GMap.035c722e.js                               16.54 kB │ gzip:   5.28 kB │ map:    51.13 kB
build/chunks/Diagnostics.ce99e834.js                        23.61 kB │ gzip:   7.54 kB │ map:    89.63 kB
build/chunks/index.e66b2b02.js                              41.18 kB │ gzip:  10.55 kB │ map:   154.16 kB
build/chunks/AuditLogDetails.2efc29b2.js                    41.88 kB │ gzip:  13.90 kB │ map:   315.56 kB
build/chunks/RadioForm.403ba7d0.js                          52.23 kB │ gzip:  14.56 kB │ map:   222.78 kB
build/chunks/System.65c6574e.js                             67.09 kB │ gzip:  15.51 kB │ map:   253.28 kB
build/chunks/Calibrate.c6401e5d.js                          71.83 kB │ gzip:  23.83 kB │ map:   251.96 kB
build/chunks/ReactTable.d1485f42.js                         88.75 kB │ gzip:  27.05 kB │ map:   276.61 kB
build/chunks/Dashboard.78af2cae.js                          90.62 kB │ gzip:  21.85 kB │ map:   520.74 kB
build/chunks/EdgesPanel.8cff6530.js                        135.45 kB │ gzip:  33.16 kB │ map:   494.81 kB
build/chunks/RadiosPanelNew.871a01c5.js                    150.48 kB │ gzip:  39.57 kB │ map:   580.77 kB
build/chunks/SubscribersPanel.97a5896f.js                  165.31 kB │ gzip:  53.57 kB │ map:   585.89 kB
build/chunks/DataGrid.b8e0e7ec.js                          280.40 kB │ gzip:  84.80 kB │ map: 1,359.73 kB
build/chunks/highcharts.190127e5.js                        296.73 kB │ gzip: 106.33 kB │ map:   694.32 kB
build/chunks/EditNotes.633cacf2.js                         489.27 kB │ gzip: 132.59 kB │ map: 1,675.29 kB
build/js/index.a029848c.js                               2,128.32 kB │ gzip: 471.03 kB │ map: 5,378.21 kB

(!) Some chunks are larger than 1000 kBs after minification. Consider:
- Using dynamic import() to code-split the application
- Use build.rollupOptions.output.manualChunks to improve chunking: https://rollupjs.org/configuration-options/#output-manualchunks
- Adjust chunk size limit for this warning via build.chunkSizeWarningLimit.
✓ built in 3m 5s
Done in 188.27s.
Compilation done...
Complete at Fri Jul 14 10:33:13 AM EDT 2023
\n ************************************************** \n
Compiling at Sat Jul 15 02:30:01 AM EDT 2023
Pulling latest changes from Git...
From https://github.com/Highway9-Networks/h9-saas
   8c86b1d84..bdcb0e87b  private/girish/12june -> origin/private/girish/12june
   9b9585a4c..7918957da  private/mdighe/mocn-fixes -> origin/private/mdighe/mocn-fixes
Already up to date.
Compiling the orch UI code...
Deleting build...
Folder build deleted.
Folder A is unchanged.
yarn
yarn install v1.22.19
[1/4] Resolving packages...
success Already up-to-date.
Done in 1.01s.
yarn run build
yarn run v1.22.19
$ vite build
vite v4.3.9 building for production...
[plugin:vite-plugin-eslint] LintOnStart is turned on, and it will check for all matching files.
transforming...
✓ 13538 modules transformed.
rendering chunks...
computing gzip size...
build/assets/svg/pin.svg                                     0.85 kB │ gzip:   0.44 kB
build/assets/svg/current.svg                                 0.96 kB │ gzip:   0.47 kB
build/index.html                                             1.00 kB │ gzip:   0.53 kB
build/assets/svg/celltower.svg                               2.73 kB │ gzip:   1.41 kB
build/assets/svg/green-plain.svg                             3.30 kB │ gzip:   1.25 kB
build/assets/svg/pointer.svg                                 3.36 kB │ gzip:   1.27 kB
build/assets/svg/pointer-green.svg                           4.26 kB │ gzip:   1.56 kB
build/assets/svg/pointer-grey.svg                            4.26 kB │ gzip:   1.56 kB
build/assets/svg/markerA.svg                                 4.71 kB │ gzip:   1.66 kB
build/assets/woff2/roboto-vietnamese-400-normal.woff2        5.56 kB
build/assets/svg/markerB.svg                                 5.70 kB │ gzip:   2.12 kB
build/assets/woff2/roboto-greek-400-normal.woff2             7.11 kB
build/assets/svg/Radio-Indoor-Icon.svg                       7.43 kB │ gzip:   1.99 kB
build/assets/woff2/roboto-cyrillic-400-normal.woff2          9.63 kB
build/assets/woff2/roboto-latin-ext-400-normal.woff2        11.87 kB
build/assets/woff2/roboto-cyrillic-ext-400-normal.woff2     15.34 kB
build/assets/woff2/roboto-latin-400-normal.woff2            15.74 kB
build/assets/woff/roboto-all-400-normal.woff                65.46 kB
build/assets/css/EdgesPanel.css                              0.06 kB │ gzip:   0.08 kB
build/assets/css/SubscribersPanel.css                        0.18 kB │ gzip:   0.14 kB
build/assets/css/RadiosPanelNew.css                          0.22 kB │ gzip:   0.17 kB
build/assets/css/Diagnostics.css                             0.29 kB │ gzip:   0.21 kB
build/assets/css/Calibrate.css                               0.64 kB │ gzip:   0.40 kB
build/assets/css/ReactTable.css                              1.32 kB │ gzip:   0.56 kB
build/assets/css/index.css                                   1.82 kB │ gzip:   0.79 kB
build/assets/css/Dashboard.css                               4.02 kB │ gzip:   2.01 kB
build/assets/css/EditNotes.css                              17.96 kB │ gzip:   3.16 kB
build/chunks/styled.7c9b9d12.js                              0.12 kB │ gzip:   0.14 kB │ map:     0.34 kB
build/chunks/QoS-service.1949de6a.js                         0.26 kB │ gzip:   0.22 kB │ map:     0.80 kB
build/chunks/LightTooltip.35b1d205.js                        0.34 kB │ gzip:   0.28 kB │ map:     1.06 kB
build/chunks/ArrowForwardIosSharp.7e06dd3e.js                0.36 kB │ gzip:   0.29 kB │ map:     1.12 kB
build/chunks/hardwareInventory-service.795fe1bc.js           0.38 kB │ gzip:   0.30 kB │ map:     1.14 kB
build/chunks/RestartAlt.66f3a331.js                          0.38 kB │ gzip:   0.30 kB │ map:     0.71 kB
build/chunks/NotImplemented.d88c6633.js                      0.55 kB │ gzip:   0.40 kB │ map:     1.39 kB
build/chunks/AccordianSummary.f4f672de.js                    0.63 kB │ gzip:   0.44 kB │ map:     1.72 kB
build/chunks/Card.7a269d82.js                                0.63 kB │ gzip:   0.43 kB │ map:     4.60 kB
build/chunks/useInterval.54114a6c.js                         0.71 kB │ gzip:   0.41 kB │ map:     3.67 kB
build/chunks/TimeDateInput.282954d3.js                       0.88 kB │ gzip:   0.50 kB │ map:     3.03 kB
build/chunks/LineChart.258ae6e9.js                           1.05 kB │ gzip:   0.66 kB │ map:     3.88 kB
build/chunks/TabPanel.8d5f6395.js                            1.14 kB │ gzip:   0.63 kB │ map:     4.33 kB
build/chunks/ModalDialogComponent.aa976762.js                1.28 kB │ gzip:   0.71 kB │ map:     4.53 kB
build/chunks/index.8a43c862.js                               1.98 kB │ gzip:   0.66 kB │ map:     5.83 kB
build/chunks/HealthGauge.89c0f32b.js                         2.37 kB │ gzip:   1.29 kB │ map:     8.47 kB
build/chunks/useSupport.87ca6d65.js                          2.45 kB │ gzip:   1.08 kB │ map:    10.12 kB
build/chunks/Checkbox.407cfd71.js                            2.46 kB │ gzip:   1.16 kB │ map:    13.67 kB
build/chunks/radioHelper.89d06ed6.js                         2.58 kB │ gzip:   1.17 kB │ map:     8.50 kB
build/chunks/AuditLog.6c559754.js                            3.71 kB │ gzip:   1.58 kB │ map:    14.13 kB
build/chunks/SlideUpTransition.5992af5c.js                   4.03 kB │ gzip:   1.61 kB │ map:    19.76 kB
build/chunks/index.3d35d596.js                               4.14 kB │ gzip:   1.49 kB │ map:    13.64 kB
build/chunks/Logs.da55e640.js                                4.78 kB │ gzip:   2.11 kB │ map:    19.49 kB
build/chunks/AccordionSummary.e93d07cf.js                    5.73 kB │ gzip:   1.97 kB │ map:    27.76 kB
build/chunks/ContextMenu.463e2573.js                         6.23 kB │ gzip:   2.03 kB │ map:    22.48 kB
build/chunks/useStyles.8d265fe3.js                           6.39 kB │ gzip:   2.38 kB │ map:    26.35 kB
build/chunks/web-vitals.dfcc5b9a.js                          6.98 kB │ gzip:   2.58 kB │ map:    16.56 kB
build/chunks/TablePagination.90f328f3.js                     8.27 kB │ gzip:   3.16 kB │ map:    42.12 kB
build/chunks/DnnPanel.3968a407.js                            9.67 kB │ gzip:   3.67 kB │ map:    37.84 kB
build/chunks/GMap.035c722e.js                               16.54 kB │ gzip:   5.28 kB │ map:    51.13 kB
build/chunks/Diagnostics.ce99e834.js                        23.61 kB │ gzip:   7.54 kB │ map:    89.63 kB
build/chunks/index.e66b2b02.js                              41.18 kB │ gzip:  10.55 kB │ map:   154.16 kB
build/chunks/AuditLogDetails.2efc29b2.js                    41.88 kB │ gzip:  13.90 kB │ map:   315.56 kB
build/chunks/RadioForm.403ba7d0.js                          52.23 kB │ gzip:  14.56 kB │ map:   222.78 kB
build/chunks/System.65c6574e.js                             67.09 kB │ gzip:  15.51 kB │ map:   253.28 kB
build/chunks/Calibrate.c6401e5d.js                          71.83 kB │ gzip:  23.83 kB │ map:   251.96 kB
build/chunks/ReactTable.d1485f42.js                         88.75 kB │ gzip:  27.05 kB │ map:   276.61 kB
build/chunks/Dashboard.78af2cae.js                          90.62 kB │ gzip:  21.85 kB │ map:   520.74 kB
build/chunks/EdgesPanel.8cff6530.js                        135.45 kB │ gzip:  33.16 kB │ map:   494.81 kB
build/chunks/RadiosPanelNew.871a01c5.js                    150.48 kB │ gzip:  39.57 kB │ map:   580.77 kB
build/chunks/SubscribersPanel.97a5896f.js                  165.31 kB │ gzip:  53.57 kB │ map:   585.89 kB
build/chunks/DataGrid.b8e0e7ec.js                          280.40 kB │ gzip:  84.80 kB │ map: 1,359.73 kB
build/chunks/highcharts.190127e5.js                        296.73 kB │ gzip: 106.33 kB │ map:   694.32 kB
build/chunks/EditNotes.633cacf2.js                         489.27 kB │ gzip: 132.59 kB │ map: 1,675.29 kB
build/js/index.a029848c.js                               2,128.32 kB │ gzip: 471.03 kB │ map: 5,378.21 kB

(!) Some chunks are larger than 1000 kBs after minification. Consider:
- Using dynamic import() to code-split the application
- Use build.rollupOptions.output.manualChunks to improve chunking: https://rollupjs.org/configuration-options/#output-manualchunks
- Adjust chunk size limit for this warning via build.chunkSizeWarningLimit.
✓ built in 3m 4s
Done in 187.09s.
Compilation done...
Complete at Sat Jul 15 02:33:12 AM EDT 2023
\n ************************************************** \n
Compiling at Sat Jul 15 07:30:00 AM EDT 2023
Pulling latest changes from Git...
From https://github.com/Highway9-Networks/h9-saas
   d40c06a64..740cad0f9  balaji/mmeretry -> origin/balaji/mmeretry
   509c9703d..bc617f064  private/ishika/issue_9371 -> origin/private/ishika/issue_9371
Already up to date.
Compiling the orch UI code...
Deleting build...
Folder build deleted.
Folder A is unchanged.
yarn
yarn install v1.22.19
[1/4] Resolving packages...
success Already up-to-date.
Done in 1.19s.
yarn run build
yarn run v1.22.19
$ vite build
vite v4.3.9 building for production...
[plugin:vite-plugin-eslint] LintOnStart is turned on, and it will check for all matching files.
transforming...
✓ 13538 modules transformed.
rendering chunks...
computing gzip size...
build/assets/svg/pin.svg                                     0.85 kB │ gzip:   0.44 kB
build/assets/svg/current.svg                                 0.96 kB │ gzip:   0.47 kB
build/index.html                                             1.00 kB │ gzip:   0.53 kB
build/assets/svg/celltower.svg                               2.73 kB │ gzip:   1.41 kB
build/assets/svg/green-plain.svg                             3.30 kB │ gzip:   1.25 kB
build/assets/svg/pointer.svg                                 3.36 kB │ gzip:   1.27 kB
build/assets/svg/pointer-green.svg                           4.26 kB │ gzip:   1.56 kB
build/assets/svg/pointer-grey.svg                            4.26 kB │ gzip:   1.56 kB
build/assets/svg/markerA.svg                                 4.71 kB │ gzip:   1.66 kB
build/assets/woff2/roboto-vietnamese-400-normal.woff2        5.56 kB
build/assets/svg/markerB.svg                                 5.70 kB │ gzip:   2.12 kB
build/assets/woff2/roboto-greek-400-normal.woff2             7.11 kB
build/assets/svg/Radio-Indoor-Icon.svg                       7.43 kB │ gzip:   1.99 kB
build/assets/woff2/roboto-cyrillic-400-normal.woff2          9.63 kB
build/assets/woff2/roboto-latin-ext-400-normal.woff2        11.87 kB
build/assets/woff2/roboto-cyrillic-ext-400-normal.woff2     15.34 kB
build/assets/woff2/roboto-latin-400-normal.woff2            15.74 kB
build/assets/woff/roboto-all-400-normal.woff                65.46 kB
build/assets/css/EdgesPanel.css                              0.06 kB │ gzip:   0.08 kB
build/assets/css/SubscribersPanel.css                        0.18 kB │ gzip:   0.14 kB
build/assets/css/RadiosPanelNew.css                          0.22 kB │ gzip:   0.17 kB
build/assets/css/Diagnostics.css                             0.29 kB │ gzip:   0.21 kB
build/assets/css/Calibrate.css                               0.64 kB │ gzip:   0.40 kB
build/assets/css/ReactTable.css                              1.32 kB │ gzip:   0.56 kB
build/assets/css/index.css                                   1.82 kB │ gzip:   0.79 kB
build/assets/css/Dashboard.css                               4.02 kB │ gzip:   2.01 kB
build/assets/css/EditNotes.css                              17.96 kB │ gzip:   3.16 kB
build/chunks/styled.7c9b9d12.js                              0.12 kB │ gzip:   0.14 kB │ map:     0.34 kB
build/chunks/QoS-service.1949de6a.js                         0.26 kB │ gzip:   0.22 kB │ map:     0.80 kB
build/chunks/LightTooltip.35b1d205.js                        0.34 kB │ gzip:   0.28 kB │ map:     1.06 kB
build/chunks/ArrowForwardIosSharp.7e06dd3e.js                0.36 kB │ gzip:   0.29 kB │ map:     1.12 kB
build/chunks/hardwareInventory-service.795fe1bc.js           0.38 kB │ gzip:   0.30 kB │ map:     1.14 kB
build/chunks/RestartAlt.66f3a331.js                          0.38 kB │ gzip:   0.30 kB │ map:     0.71 kB
build/chunks/NotImplemented.d88c6633.js                      0.55 kB │ gzip:   0.40 kB │ map:     1.39 kB
build/chunks/AccordianSummary.f4f672de.js                    0.63 kB │ gzip:   0.44 kB │ map:     1.72 kB
build/chunks/Card.7a269d82.js                                0.63 kB │ gzip:   0.43 kB │ map:     4.60 kB
build/chunks/useInterval.54114a6c.js                         0.71 kB │ gzip:   0.41 kB │ map:     3.67 kB
build/chunks/TimeDateInput.282954d3.js                       0.88 kB │ gzip:   0.50 kB │ map:     3.03 kB
build/chunks/LineChart.258ae6e9.js                           1.05 kB │ gzip:   0.66 kB │ map:     3.88 kB
build/chunks/TabPanel.8d5f6395.js                            1.14 kB │ gzip:   0.63 kB │ map:     4.33 kB
build/chunks/ModalDialogComponent.aa976762.js                1.28 kB │ gzip:   0.71 kB │ map:     4.53 kB
build/chunks/index.8a43c862.js                               1.98 kB │ gzip:   0.66 kB │ map:     5.83 kB
build/chunks/HealthGauge.89c0f32b.js                         2.37 kB │ gzip:   1.29 kB │ map:     8.47 kB
build/chunks/useSupport.87ca6d65.js                          2.45 kB │ gzip:   1.08 kB │ map:    10.12 kB
build/chunks/Checkbox.407cfd71.js                            2.46 kB │ gzip:   1.16 kB │ map:    13.67 kB
build/chunks/radioHelper.89d06ed6.js                         2.58 kB │ gzip:   1.17 kB │ map:     8.50 kB
build/chunks/AuditLog.6c559754.js                            3.71 kB │ gzip:   1.58 kB │ map:    14.13 kB
build/chunks/SlideUpTransition.5992af5c.js                   4.03 kB │ gzip:   1.61 kB │ map:    19.76 kB
build/chunks/index.3d35d596.js                               4.14 kB │ gzip:   1.49 kB │ map:    13.64 kB
build/chunks/Logs.da55e640.js                                4.78 kB │ gzip:   2.11 kB │ map:    19.49 kB
build/chunks/AccordionSummary.e93d07cf.js                    5.73 kB │ gzip:   1.97 kB │ map:    27.76 kB
build/chunks/ContextMenu.463e2573.js                         6.23 kB │ gzip:   2.03 kB │ map:    22.48 kB
build/chunks/useStyles.8d265fe3.js                           6.39 kB │ gzip:   2.38 kB │ map:    26.35 kB
build/chunks/web-vitals.dfcc5b9a.js                          6.98 kB │ gzip:   2.58 kB │ map:    16.56 kB
build/chunks/TablePagination.90f328f3.js                     8.27 kB │ gzip:   3.16 kB │ map:    42.12 kB
build/chunks/DnnPanel.3968a407.js                            9.67 kB │ gzip:   3.67 kB │ map:    37.84 kB
build/chunks/GMap.035c722e.js                               16.54 kB │ gzip:   5.28 kB │ map:    51.13 kB
build/chunks/Diagnostics.ce99e834.js                        23.61 kB │ gzip:   7.54 kB │ map:    89.63 kB
build/chunks/index.e66b2b02.js                              41.18 kB │ gzip:  10.55 kB │ map:   154.16 kB
build/chunks/AuditLogDetails.2efc29b2.js                    41.88 kB │ gzip:  13.90 kB │ map:   315.56 kB
build/chunks/RadioForm.403ba7d0.js                          52.23 kB │ gzip:  14.56 kB │ map:   222.78 kB
build/chunks/System.65c6574e.js                             67.09 kB │ gzip:  15.51 kB │ map:   253.28 kB
build/chunks/Calibrate.c6401e5d.js                          71.83 kB │ gzip:  23.83 kB │ map:   251.96 kB
build/chunks/ReactTable.d1485f42.js                         88.75 kB │ gzip:  27.05 kB │ map:   276.61 kB
build/chunks/Dashboard.78af2cae.js                          90.62 kB │ gzip:  21.85 kB │ map:   520.74 kB
build/chunks/EdgesPanel.8cff6530.js                        135.45 kB │ gzip:  33.16 kB │ map:   494.81 kB
build/chunks/RadiosPanelNew.871a01c5.js                    150.48 kB │ gzip:  39.57 kB │ map:   580.77 kB
build/chunks/SubscribersPanel.97a5896f.js                  165.31 kB │ gzip:  53.57 kB │ map:   585.89 kB
build/chunks/DataGrid.b8e0e7ec.js                          280.40 kB │ gzip:  84.80 kB │ map: 1,359.73 kB
build/chunks/highcharts.190127e5.js                        296.73 kB │ gzip: 106.33 kB │ map:   694.32 kB
build/chunks/EditNotes.633cacf2.js                         489.27 kB │ gzip: 132.59 kB │ map: 1,675.29 kB
build/js/index.a029848c.js                               2,128.32 kB │ gzip: 471.03 kB │ map: 5,378.21 kB

(!) Some chunks are larger than 1000 kBs after minification. Consider:
- Using dynamic import() to code-split the application
- Use build.rollupOptions.output.manualChunks to improve chunking: https://rollupjs.org/configuration-options/#output-manualchunks
- Adjust chunk size limit for this warning via build.chunkSizeWarningLimit.
✓ built in 3m 4s
Done in 186.60s.
Compilation done...
Complete at Sat Jul 15 07:33:11 AM EDT 2023
\n ************************************************** \n
Compiling at Sat Jul 15 10:30:00 AM EDT 2023
Pulling latest changes from Git...
Already up to date.
Compiling the orch UI code...
Deleting build...
Folder build deleted.
Folder A is unchanged.
yarn
yarn install v1.22.19
[1/4] Resolving packages...
success Already up-to-date.
Done in 0.79s.
yarn run build
yarn run v1.22.19
$ vite build
vite v4.3.9 building for production...
[plugin:vite-plugin-eslint] LintOnStart is turned on, and it will check for all matching files.
transforming...
✓ 13538 modules transformed.
rendering chunks...
computing gzip size...
build/assets/svg/pin.svg                                     0.85 kB │ gzip:   0.44 kB
build/assets/svg/current.svg                                 0.96 kB │ gzip:   0.47 kB
build/index.html                                             1.00 kB │ gzip:   0.53 kB
build/assets/svg/celltower.svg                               2.73 kB │ gzip:   1.41 kB
build/assets/svg/green-plain.svg                             3.30 kB │ gzip:   1.25 kB
build/assets/svg/pointer.svg                                 3.36 kB │ gzip:   1.27 kB
build/assets/svg/pointer-green.svg                           4.26 kB │ gzip:   1.56 kB
build/assets/svg/pointer-grey.svg                            4.26 kB │ gzip:   1.56 kB
build/assets/svg/markerA.svg                                 4.71 kB │ gzip:   1.66 kB
build/assets/woff2/roboto-vietnamese-400-normal.woff2        5.56 kB
build/assets/svg/markerB.svg                                 5.70 kB │ gzip:   2.12 kB
build/assets/woff2/roboto-greek-400-normal.woff2             7.11 kB
build/assets/svg/Radio-Indoor-Icon.svg                       7.43 kB │ gzip:   1.99 kB
build/assets/woff2/roboto-cyrillic-400-normal.woff2          9.63 kB
build/assets/woff2/roboto-latin-ext-400-normal.woff2        11.87 kB
build/assets/woff2/roboto-cyrillic-ext-400-normal.woff2     15.34 kB
build/assets/woff2/roboto-latin-400-normal.woff2            15.74 kB
build/assets/woff/roboto-all-400-normal.woff                65.46 kB
build/assets/css/EdgesPanel.css                              0.06 kB │ gzip:   0.08 kB
build/assets/css/SubscribersPanel.css                        0.18 kB │ gzip:   0.14 kB
build/assets/css/RadiosPanelNew.css                          0.22 kB │ gzip:   0.17 kB
build/assets/css/Diagnostics.css                             0.29 kB │ gzip:   0.21 kB
build/assets/css/Calibrate.css                               0.64 kB │ gzip:   0.40 kB
build/assets/css/ReactTable.css                              1.32 kB │ gzip:   0.56 kB
build/assets/css/index.css                                   1.82 kB │ gzip:   0.79 kB
build/assets/css/Dashboard.css                               4.02 kB │ gzip:   2.01 kB
build/assets/css/EditNotes.css                              17.96 kB │ gzip:   3.16 kB
build/chunks/styled.7c9b9d12.js                              0.12 kB │ gzip:   0.14 kB │ map:     0.34 kB
build/chunks/QoS-service.1949de6a.js                         0.26 kB │ gzip:   0.22 kB │ map:     0.80 kB
build/chunks/LightTooltip.35b1d205.js                        0.34 kB │ gzip:   0.28 kB │ map:     1.06 kB
build/chunks/ArrowForwardIosSharp.7e06dd3e.js                0.36 kB │ gzip:   0.29 kB │ map:     1.12 kB
build/chunks/hardwareInventory-service.795fe1bc.js           0.38 kB │ gzip:   0.30 kB │ map:     1.14 kB
build/chunks/RestartAlt.66f3a331.js                          0.38 kB │ gzip:   0.30 kB │ map:     0.71 kB
build/chunks/NotImplemented.d88c6633.js                      0.55 kB │ gzip:   0.40 kB │ map:     1.39 kB
build/chunks/AccordianSummary.f4f672de.js                    0.63 kB │ gzip:   0.44 kB │ map:     1.72 kB
build/chunks/Card.7a269d82.js                                0.63 kB │ gzip:   0.43 kB │ map:     4.60 kB
build/chunks/useInterval.54114a6c.js                         0.71 kB │ gzip:   0.41 kB │ map:     3.67 kB
build/chunks/TimeDateInput.282954d3.js                       0.88 kB │ gzip:   0.50 kB │ map:     3.03 kB
build/chunks/LineChart.258ae6e9.js                           1.05 kB │ gzip:   0.66 kB │ map:     3.88 kB
build/chunks/TabPanel.8d5f6395.js                            1.14 kB │ gzip:   0.63 kB │ map:     4.33 kB
build/chunks/ModalDialogComponent.aa976762.js                1.28 kB │ gzip:   0.71 kB │ map:     4.53 kB
build/chunks/index.8a43c862.js                               1.98 kB │ gzip:   0.66 kB │ map:     5.83 kB
build/chunks/HealthGauge.89c0f32b.js                         2.37 kB │ gzip:   1.29 kB │ map:     8.47 kB
build/chunks/useSupport.87ca6d65.js                          2.45 kB │ gzip:   1.08 kB │ map:    10.12 kB
build/chunks/Checkbox.407cfd71.js                            2.46 kB │ gzip:   1.16 kB │ map:    13.67 kB
build/chunks/radioHelper.89d06ed6.js                         2.58 kB │ gzip:   1.17 kB │ map:     8.50 kB
build/chunks/AuditLog.6c559754.js                            3.71 kB │ gzip:   1.58 kB │ map:    14.13 kB
build/chunks/SlideUpTransition.5992af5c.js                   4.03 kB │ gzip:   1.61 kB │ map:    19.76 kB
build/chunks/index.3d35d596.js                               4.14 kB │ gzip:   1.49 kB │ map:    13.64 kB
build/chunks/Logs.da55e640.js                                4.78 kB │ gzip:   2.11 kB │ map:    19.49 kB
build/chunks/AccordionSummary.e93d07cf.js                    5.73 kB │ gzip:   1.97 kB │ map:    27.76 kB
build/chunks/ContextMenu.463e2573.js                         6.23 kB │ gzip:   2.03 kB │ map:    22.48 kB
build/chunks/useStyles.8d265fe3.js                           6.39 kB │ gzip:   2.38 kB │ map:    26.35 kB
build/chunks/web-vitals.dfcc5b9a.js                          6.98 kB │ gzip:   2.58 kB │ map:    16.56 kB
build/chunks/TablePagination.90f328f3.js                     8.27 kB │ gzip:   3.16 kB │ map:    42.12 kB
build/chunks/DnnPanel.3968a407.js                            9.67 kB │ gzip:   3.67 kB │ map:    37.84 kB
build/chunks/GMap.035c722e.js                               16.54 kB │ gzip:   5.28 kB │ map:    51.13 kB
build/chunks/Diagnostics.ce99e834.js                        23.61 kB │ gzip:   7.54 kB │ map:    89.63 kB
build/chunks/index.e66b2b02.js                              41.18 kB │ gzip:  10.55 kB │ map:   154.16 kB
build/chunks/AuditLogDetails.2efc29b2.js                    41.88 kB │ gzip:  13.90 kB │ map:   315.56 kB
build/chunks/RadioForm.403ba7d0.js                          52.23 kB │ gzip:  14.56 kB │ map:   222.78 kB
build/chunks/System.65c6574e.js                             67.09 kB │ gzip:  15.51 kB │ map:   253.28 kB
build/chunks/Calibrate.c6401e5d.js                          71.83 kB │ gzip:  23.83 kB │ map:   251.96 kB
build/chunks/ReactTable.d1485f42.js                         88.75 kB │ gzip:  27.05 kB │ map:   276.61 kB
build/chunks/Dashboard.78af2cae.js                          90.62 kB │ gzip:  21.85 kB │ map:   520.74 kB
build/chunks/EdgesPanel.8cff6530.js                        135.45 kB │ gzip:  33.16 kB │ map:   494.81 kB
build/chunks/RadiosPanelNew.871a01c5.js                    150.48 kB │ gzip:  39.57 kB │ map:   580.77 kB
build/chunks/SubscribersPanel.97a5896f.js                  165.31 kB │ gzip:  53.57 kB │ map:   585.89 kB
build/chunks/DataGrid.b8e0e7ec.js                          280.40 kB │ gzip:  84.80 kB │ map: 1,359.73 kB
build/chunks/highcharts.190127e5.js                        296.73 kB │ gzip: 106.33 kB │ map:   694.32 kB
build/chunks/EditNotes.633cacf2.js                         489.27 kB │ gzip: 132.59 kB │ map: 1,675.29 kB
build/js/index.a029848c.js                               2,128.32 kB │ gzip: 471.03 kB │ map: 5,378.21 kB

(!) Some chunks are larger than 1000 kBs after minification. Consider:
- Using dynamic import() to code-split the application
- Use build.rollupOptions.output.manualChunks to improve chunking: https://rollupjs.org/configuration-options/#output-manualchunks
- Adjust chunk size limit for this warning via build.chunkSizeWarningLimit.
✓ built in 2m 48s
Done in 171.77s.
Compilation done...
Complete at Sat Jul 15 10:32:55 AM EDT 2023
\n ************************************************** \n
Compiling at Sun Jul 16 02:30:01 AM EDT 2023
Pulling latest changes from Git...
From https://github.com/Highway9-Networks/h9-saas
   740cad0f9..e81bb003a  balaji/mmeretry -> origin/balaji/mmeretry
Already up to date.
Compiling the orch UI code...
Deleting build...
Folder build deleted.
Folder A is unchanged.
yarn
yarn install v1.22.19
[1/4] Resolving packages...
success Already up-to-date.
Done in 0.96s.
yarn run build
yarn run v1.22.19
$ vite build
vite v4.3.9 building for production...
[plugin:vite-plugin-eslint] LintOnStart is turned on, and it will check for all matching files.
transforming...
✓ 13538 modules transformed.
rendering chunks...
computing gzip size...
build/assets/svg/pin.svg                                     0.85 kB │ gzip:   0.44 kB
build/assets/svg/current.svg                                 0.96 kB │ gzip:   0.47 kB
build/index.html                                             1.00 kB │ gzip:   0.53 kB
build/assets/svg/celltower.svg                               2.73 kB │ gzip:   1.41 kB
build/assets/svg/green-plain.svg                             3.30 kB │ gzip:   1.25 kB
build/assets/svg/pointer.svg                                 3.36 kB │ gzip:   1.27 kB
build/assets/svg/pointer-green.svg                           4.26 kB │ gzip:   1.56 kB
build/assets/svg/pointer-grey.svg                            4.26 kB │ gzip:   1.56 kB
build/assets/svg/markerA.svg                                 4.71 kB │ gzip:   1.66 kB
build/assets/woff2/roboto-vietnamese-400-normal.woff2        5.56 kB
build/assets/svg/markerB.svg                                 5.70 kB │ gzip:   2.12 kB
build/assets/woff2/roboto-greek-400-normal.woff2             7.11 kB
build/assets/svg/Radio-Indoor-Icon.svg                       7.43 kB │ gzip:   1.99 kB
build/assets/woff2/roboto-cyrillic-400-normal.woff2          9.63 kB
build/assets/woff2/roboto-latin-ext-400-normal.woff2        11.87 kB
build/assets/woff2/roboto-cyrillic-ext-400-normal.woff2     15.34 kB
build/assets/woff2/roboto-latin-400-normal.woff2            15.74 kB
build/assets/woff/roboto-all-400-normal.woff                65.46 kB
build/assets/css/EdgesPanel.css                              0.06 kB │ gzip:   0.08 kB
build/assets/css/SubscribersPanel.css                        0.18 kB │ gzip:   0.14 kB
build/assets/css/RadiosPanelNew.css                          0.22 kB │ gzip:   0.17 kB
build/assets/css/Diagnostics.css                             0.29 kB │ gzip:   0.21 kB
build/assets/css/Calibrate.css                               0.64 kB │ gzip:   0.40 kB
build/assets/css/ReactTable.css                              1.32 kB │ gzip:   0.56 kB
build/assets/css/index.css                                   1.82 kB │ gzip:   0.79 kB
build/assets/css/Dashboard.css                               4.02 kB │ gzip:   2.01 kB
build/assets/css/EditNotes.css                              17.96 kB │ gzip:   3.16 kB
build/chunks/styled.7c9b9d12.js                              0.12 kB │ gzip:   0.14 kB │ map:     0.34 kB
build/chunks/QoS-service.1949de6a.js                         0.26 kB │ gzip:   0.22 kB │ map:     0.80 kB
build/chunks/LightTooltip.35b1d205.js                        0.34 kB │ gzip:   0.28 kB │ map:     1.06 kB
build/chunks/ArrowForwardIosSharp.7e06dd3e.js                0.36 kB │ gzip:   0.29 kB │ map:     1.12 kB
build/chunks/hardwareInventory-service.795fe1bc.js           0.38 kB │ gzip:   0.30 kB │ map:     1.14 kB
build/chunks/RestartAlt.66f3a331.js                          0.38 kB │ gzip:   0.30 kB │ map:     0.71 kB
build/chunks/NotImplemented.d88c6633.js                      0.55 kB │ gzip:   0.40 kB │ map:     1.39 kB
build/chunks/AccordianSummary.f4f672de.js                    0.63 kB │ gzip:   0.44 kB │ map:     1.72 kB
build/chunks/Card.7a269d82.js                                0.63 kB │ gzip:   0.43 kB │ map:     4.60 kB
build/chunks/useInterval.54114a6c.js                         0.71 kB │ gzip:   0.41 kB │ map:     3.67 kB
build/chunks/TimeDateInput.282954d3.js                       0.88 kB │ gzip:   0.50 kB │ map:     3.03 kB
build/chunks/LineChart.258ae6e9.js                           1.05 kB │ gzip:   0.66 kB │ map:     3.88 kB
build/chunks/TabPanel.8d5f6395.js                            1.14 kB │ gzip:   0.63 kB │ map:     4.33 kB
build/chunks/ModalDialogComponent.aa976762.js                1.28 kB │ gzip:   0.71 kB │ map:     4.53 kB
build/chunks/index.8a43c862.js                               1.98 kB │ gzip:   0.66 kB │ map:     5.83 kB
build/chunks/HealthGauge.89c0f32b.js                         2.37 kB │ gzip:   1.29 kB │ map:     8.47 kB
build/chunks/useSupport.87ca6d65.js                          2.45 kB │ gzip:   1.08 kB │ map:    10.12 kB
build/chunks/Checkbox.407cfd71.js                            2.46 kB │ gzip:   1.16 kB │ map:    13.67 kB
build/chunks/radioHelper.89d06ed6.js                         2.58 kB │ gzip:   1.17 kB │ map:     8.50 kB
build/chunks/AuditLog.6c559754.js                            3.71 kB │ gzip:   1.58 kB │ map:    14.13 kB
build/chunks/SlideUpTransition.5992af5c.js                   4.03 kB │ gzip:   1.61 kB │ map:    19.76 kB
build/chunks/index.3d35d596.js                               4.14 kB │ gzip:   1.49 kB │ map:    13.64 kB
build/chunks/Logs.da55e640.js                                4.78 kB │ gzip:   2.11 kB │ map:    19.49 kB
build/chunks/AccordionSummary.e93d07cf.js                    5.73 kB │ gzip:   1.97 kB │ map:    27.76 kB
build/chunks/ContextMenu.463e2573.js                         6.23 kB │ gzip:   2.03 kB │ map:    22.48 kB
build/chunks/useStyles.8d265fe3.js                           6.39 kB │ gzip:   2.38 kB │ map:    26.35 kB
build/chunks/web-vitals.dfcc5b9a.js                          6.98 kB │ gzip:   2.58 kB │ map:    16.56 kB
build/chunks/TablePagination.90f328f3.js                     8.27 kB │ gzip:   3.16 kB │ map:    42.12 kB
build/chunks/DnnPanel.3968a407.js                            9.67 kB │ gzip:   3.67 kB │ map:    37.84 kB
build/chunks/GMap.035c722e.js                               16.54 kB │ gzip:   5.28 kB │ map:    51.13 kB
build/chunks/Diagnostics.ce99e834.js                        23.61 kB │ gzip:   7.54 kB │ map:    89.63 kB
build/chunks/index.e66b2b02.js                              41.18 kB │ gzip:  10.55 kB │ map:   154.16 kB
build/chunks/AuditLogDetails.2efc29b2.js                    41.88 kB │ gzip:  13.90 kB │ map:   315.56 kB
build/chunks/RadioForm.403ba7d0.js                          52.23 kB │ gzip:  14.56 kB │ map:   222.78 kB
build/chunks/System.65c6574e.js                             67.09 kB │ gzip:  15.51 kB │ map:   253.28 kB
build/chunks/Calibrate.c6401e5d.js                          71.83 kB │ gzip:  23.83 kB │ map:   251.96 kB
build/chunks/ReactTable.d1485f42.js                         88.75 kB │ gzip:  27.05 kB │ map:   276.61 kB
build/chunks/Dashboard.78af2cae.js                          90.62 kB │ gzip:  21.85 kB │ map:   520.74 kB
build/chunks/EdgesPanel.8cff6530.js                        135.45 kB │ gzip:  33.16 kB │ map:   494.81 kB
build/chunks/RadiosPanelNew.871a01c5.js                    150.48 kB │ gzip:  39.57 kB │ map:   580.77 kB
build/chunks/SubscribersPanel.97a5896f.js                  165.31 kB │ gzip:  53.57 kB │ map:   585.89 kB
build/chunks/DataGrid.b8e0e7ec.js                          280.40 kB │ gzip:  84.80 kB │ map: 1,359.73 kB
build/chunks/highcharts.190127e5.js                        296.73 kB │ gzip: 106.33 kB │ map:   694.32 kB
build/chunks/EditNotes.633cacf2.js                         489.27 kB │ gzip: 132.59 kB │ map: 1,675.29 kB
build/js/index.a029848c.js                               2,128.32 kB │ gzip: 471.03 kB │ map: 5,378.21 kB

(!) Some chunks are larger than 1000 kBs after minification. Consider:
- Using dynamic import() to code-split the application
- Use build.rollupOptions.output.manualChunks to improve chunking: https://rollupjs.org/configuration-options/#output-manualchunks
- Adjust chunk size limit for this warning via build.chunkSizeWarningLimit.
✓ built in 3m 10s
Done in 192.96s.
Compilation done...
Complete at Sun Jul 16 02:33:17 AM EDT 2023
\n ************************************************** \n
Compiling at Sun Jul 16 07:30:01 AM EDT 2023
Pulling latest changes from Git...
From https://github.com/Highway9-Networks/h9-saas
   9a043f580..b47be00e0  main            -> origin/main
   e81bb003a..049e2bcfc  balaji/mmeretry -> origin/balaji/mmeretry
Updating 9a043f580..b47be00e0
Fast-forward
 common/adapters/orch/orch.go | 4 ++--
 1 file changed, 2 insertions(+), 2 deletions(-)
Compiling the orch UI code...
Deleting build...
Folder build deleted.
Folder A is unchanged.
yarn
yarn install v1.22.19
[1/4] Resolving packages...
success Already up-to-date.
Done in 1.24s.
yarn run build
yarn run v1.22.19
$ vite build
vite v4.3.9 building for production...
[plugin:vite-plugin-eslint] LintOnStart is turned on, and it will check for all matching files.
transforming...
✓ 13538 modules transformed.
rendering chunks...
computing gzip size...
build/assets/svg/pin.svg                                     0.85 kB │ gzip:   0.44 kB
build/assets/svg/current.svg                                 0.96 kB │ gzip:   0.47 kB
build/index.html                                             1.00 kB │ gzip:   0.53 kB
build/assets/svg/celltower.svg                               2.73 kB │ gzip:   1.41 kB
build/assets/svg/green-plain.svg                             3.30 kB │ gzip:   1.25 kB
build/assets/svg/pointer.svg                                 3.36 kB │ gzip:   1.27 kB
build/assets/svg/pointer-green.svg                           4.26 kB │ gzip:   1.56 kB
build/assets/svg/pointer-grey.svg                            4.26 kB │ gzip:   1.56 kB
build/assets/svg/markerA.svg                                 4.71 kB │ gzip:   1.66 kB
build/assets/woff2/roboto-vietnamese-400-normal.woff2        5.56 kB
build/assets/svg/markerB.svg                                 5.70 kB │ gzip:   2.12 kB
build/assets/woff2/roboto-greek-400-normal.woff2             7.11 kB
build/assets/svg/Radio-Indoor-Icon.svg                       7.43 kB │ gzip:   1.99 kB
build/assets/woff2/roboto-cyrillic-400-normal.woff2          9.63 kB
build/assets/woff2/roboto-latin-ext-400-normal.woff2        11.87 kB
build/assets/woff2/roboto-cyrillic-ext-400-normal.woff2     15.34 kB
build/assets/woff2/roboto-latin-400-normal.woff2            15.74 kB
build/assets/woff/roboto-all-400-normal.woff                65.46 kB
build/assets/css/EdgesPanel.css                              0.06 kB │ gzip:   0.08 kB
build/assets/css/SubscribersPanel.css                        0.18 kB │ gzip:   0.14 kB
build/assets/css/RadiosPanelNew.css                          0.22 kB │ gzip:   0.17 kB
build/assets/css/Diagnostics.css                             0.29 kB │ gzip:   0.21 kB
build/assets/css/Calibrate.css                               0.64 kB │ gzip:   0.40 kB
build/assets/css/ReactTable.css                              1.32 kB │ gzip:   0.56 kB
build/assets/css/index.css                                   1.82 kB │ gzip:   0.79 kB
build/assets/css/Dashboard.css                               4.02 kB │ gzip:   2.01 kB
build/assets/css/EditNotes.css                              17.96 kB │ gzip:   3.16 kB
build/chunks/styled.7c9b9d12.js                              0.12 kB │ gzip:   0.14 kB │ map:     0.34 kB
build/chunks/QoS-service.1949de6a.js                         0.26 kB │ gzip:   0.22 kB │ map:     0.80 kB
build/chunks/LightTooltip.35b1d205.js                        0.34 kB │ gzip:   0.28 kB │ map:     1.06 kB
build/chunks/ArrowForwardIosSharp.7e06dd3e.js                0.36 kB │ gzip:   0.29 kB │ map:     1.12 kB
build/chunks/hardwareInventory-service.795fe1bc.js           0.38 kB │ gzip:   0.30 kB │ map:     1.14 kB
build/chunks/RestartAlt.66f3a331.js                          0.38 kB │ gzip:   0.30 kB │ map:     0.71 kB
build/chunks/NotImplemented.d88c6633.js                      0.55 kB │ gzip:   0.40 kB │ map:     1.39 kB
build/chunks/AccordianSummary.f4f672de.js                    0.63 kB │ gzip:   0.44 kB │ map:     1.72 kB
build/chunks/Card.7a269d82.js                                0.63 kB │ gzip:   0.43 kB │ map:     4.60 kB
build/chunks/useInterval.54114a6c.js                         0.71 kB │ gzip:   0.41 kB │ map:     3.67 kB
build/chunks/TimeDateInput.282954d3.js                       0.88 kB │ gzip:   0.50 kB │ map:     3.03 kB
build/chunks/LineChart.258ae6e9.js                           1.05 kB │ gzip:   0.66 kB │ map:     3.88 kB
build/chunks/TabPanel.8d5f6395.js                            1.14 kB │ gzip:   0.63 kB │ map:     4.33 kB
build/chunks/ModalDialogComponent.aa976762.js                1.28 kB │ gzip:   0.71 kB │ map:     4.53 kB
build/chunks/index.8a43c862.js                               1.98 kB │ gzip:   0.66 kB │ map:     5.83 kB
build/chunks/HealthGauge.89c0f32b.js                         2.37 kB │ gzip:   1.29 kB │ map:     8.47 kB
build/chunks/useSupport.87ca6d65.js                          2.45 kB │ gzip:   1.08 kB │ map:    10.12 kB
build/chunks/Checkbox.407cfd71.js                            2.46 kB │ gzip:   1.16 kB │ map:    13.67 kB
build/chunks/radioHelper.89d06ed6.js                         2.58 kB │ gzip:   1.17 kB │ map:     8.50 kB
build/chunks/AuditLog.6c559754.js                            3.71 kB │ gzip:   1.58 kB │ map:    14.13 kB
build/chunks/SlideUpTransition.5992af5c.js                   4.03 kB │ gzip:   1.61 kB │ map:    19.76 kB
build/chunks/index.3d35d596.js                               4.14 kB │ gzip:   1.49 kB │ map:    13.64 kB
build/chunks/Logs.da55e640.js                                4.78 kB │ gzip:   2.11 kB │ map:    19.49 kB
build/chunks/AccordionSummary.e93d07cf.js                    5.73 kB │ gzip:   1.97 kB │ map:    27.76 kB
build/chunks/ContextMenu.463e2573.js                         6.23 kB │ gzip:   2.03 kB │ map:    22.48 kB
build/chunks/useStyles.8d265fe3.js                           6.39 kB │ gzip:   2.38 kB │ map:    26.35 kB
build/chunks/web-vitals.dfcc5b9a.js                          6.98 kB │ gzip:   2.58 kB │ map:    16.56 kB
build/chunks/TablePagination.90f328f3.js                     8.27 kB │ gzip:   3.16 kB │ map:    42.12 kB
build/chunks/DnnPanel.3968a407.js                            9.67 kB │ gzip:   3.67 kB │ map:    37.84 kB
build/chunks/GMap.035c722e.js                               16.54 kB │ gzip:   5.28 kB │ map:    51.13 kB
build/chunks/Diagnostics.ce99e834.js                        23.61 kB │ gzip:   7.54 kB │ map:    89.63 kB
build/chunks/index.e66b2b02.js                              41.18 kB │ gzip:  10.55 kB │ map:   154.16 kB
build/chunks/AuditLogDetails.2efc29b2.js                    41.88 kB │ gzip:  13.90 kB │ map:   315.56 kB
build/chunks/RadioForm.403ba7d0.js                          52.23 kB │ gzip:  14.56 kB │ map:   222.78 kB
build/chunks/System.65c6574e.js                             67.09 kB │ gzip:  15.51 kB │ map:   253.28 kB
build/chunks/Calibrate.c6401e5d.js                          71.83 kB │ gzip:  23.83 kB │ map:   251.96 kB
build/chunks/ReactTable.d1485f42.js                         88.75 kB │ gzip:  27.05 kB │ map:   276.61 kB
build/chunks/Dashboard.78af2cae.js                          90.62 kB │ gzip:  21.85 kB │ map:   520.74 kB
build/chunks/EdgesPanel.8cff6530.js                        135.45 kB │ gzip:  33.16 kB │ map:   494.81 kB
build/chunks/RadiosPanelNew.871a01c5.js                    150.48 kB │ gzip:  39.57 kB │ map:   580.77 kB
build/chunks/SubscribersPanel.97a5896f.js                  165.31 kB │ gzip:  53.57 kB │ map:   585.89 kB
build/chunks/DataGrid.b8e0e7ec.js                          280.40 kB │ gzip:  84.80 kB │ map: 1,359.73 kB
build/chunks/highcharts.190127e5.js                        296.73 kB │ gzip: 106.33 kB │ map:   694.32 kB
build/chunks/EditNotes.633cacf2.js                         489.27 kB │ gzip: 132.59 kB │ map: 1,675.29 kB
build/js/index.a029848c.js                               2,128.32 kB │ gzip: 471.03 kB │ map: 5,378.21 kB

(!) Some chunks are larger than 1000 kBs after minification. Consider:
- Using dynamic import() to code-split the application
- Use build.rollupOptions.output.manualChunks to improve chunking: https://rollupjs.org/configuration-options/#output-manualchunks
- Adjust chunk size limit for this warning via build.chunkSizeWarningLimit.
✓ built in 2m 59s
Done in 182.06s.
Compilation done...
Complete at Sun Jul 16 07:33:07 AM EDT 2023
\n ************************************************** \n
Compiling at Sun Jul 16 10:30:00 AM EDT 2023
Pulling latest changes from Git...
Already up to date.
Compiling the orch UI code...
Deleting build...
Folder build deleted.
Folder A is unchanged.
yarn
yarn install v1.22.19
[1/4] Resolving packages...
success Already up-to-date.
Done in 0.97s.
yarn run build
yarn run v1.22.19
$ vite build
vite v4.3.9 building for production...
[plugin:vite-plugin-eslint] LintOnStart is turned on, and it will check for all matching files.
transforming...
✓ 13538 modules transformed.
rendering chunks...
computing gzip size...
build/assets/svg/pin.svg                                     0.85 kB │ gzip:   0.44 kB
build/assets/svg/current.svg                                 0.96 kB │ gzip:   0.47 kB
build/index.html                                             1.00 kB │ gzip:   0.53 kB
build/assets/svg/celltower.svg                               2.73 kB │ gzip:   1.41 kB
build/assets/svg/green-plain.svg                             3.30 kB │ gzip:   1.25 kB
build/assets/svg/pointer.svg                                 3.36 kB │ gzip:   1.27 kB
build/assets/svg/pointer-green.svg                           4.26 kB │ gzip:   1.56 kB
build/assets/svg/pointer-grey.svg                            4.26 kB │ gzip:   1.56 kB
build/assets/svg/markerA.svg                                 4.71 kB │ gzip:   1.66 kB
build/assets/woff2/roboto-vietnamese-400-normal.woff2        5.56 kB
build/assets/svg/markerB.svg                                 5.70 kB │ gzip:   2.12 kB
build/assets/woff2/roboto-greek-400-normal.woff2             7.11 kB
build/assets/svg/Radio-Indoor-Icon.svg                       7.43 kB │ gzip:   1.99 kB
build/assets/woff2/roboto-cyrillic-400-normal.woff2          9.63 kB
build/assets/woff2/roboto-latin-ext-400-normal.woff2        11.87 kB
build/assets/woff2/roboto-cyrillic-ext-400-normal.woff2     15.34 kB
build/assets/woff2/roboto-latin-400-normal.woff2            15.74 kB
build/assets/woff/roboto-all-400-normal.woff                65.46 kB
build/assets/css/EdgesPanel.css                              0.06 kB │ gzip:   0.08 kB
build/assets/css/SubscribersPanel.css                        0.18 kB │ gzip:   0.14 kB
build/assets/css/RadiosPanelNew.css                          0.22 kB │ gzip:   0.17 kB
build/assets/css/Diagnostics.css                             0.29 kB │ gzip:   0.21 kB
build/assets/css/Calibrate.css                               0.64 kB │ gzip:   0.40 kB
build/assets/css/ReactTable.css                              1.32 kB │ gzip:   0.56 kB
build/assets/css/index.css                                   1.82 kB │ gzip:   0.79 kB
build/assets/css/Dashboard.css                               4.02 kB │ gzip:   2.01 kB
build/assets/css/EditNotes.css                              17.96 kB │ gzip:   3.16 kB
build/chunks/styled.7c9b9d12.js                              0.12 kB │ gzip:   0.14 kB │ map:     0.34 kB
build/chunks/QoS-service.1949de6a.js                         0.26 kB │ gzip:   0.22 kB │ map:     0.80 kB
build/chunks/LightTooltip.35b1d205.js                        0.34 kB │ gzip:   0.28 kB │ map:     1.06 kB
build/chunks/ArrowForwardIosSharp.7e06dd3e.js                0.36 kB │ gzip:   0.29 kB │ map:     1.12 kB
build/chunks/hardwareInventory-service.795fe1bc.js           0.38 kB │ gzip:   0.30 kB │ map:     1.14 kB
build/chunks/RestartAlt.66f3a331.js                          0.38 kB │ gzip:   0.30 kB │ map:     0.71 kB
build/chunks/NotImplemented.d88c6633.js                      0.55 kB │ gzip:   0.40 kB │ map:     1.39 kB
build/chunks/AccordianSummary.f4f672de.js                    0.63 kB │ gzip:   0.44 kB │ map:     1.72 kB
build/chunks/Card.7a269d82.js                                0.63 kB │ gzip:   0.43 kB │ map:     4.60 kB
build/chunks/useInterval.54114a6c.js                         0.71 kB │ gzip:   0.41 kB │ map:     3.67 kB
build/chunks/TimeDateInput.282954d3.js                       0.88 kB │ gzip:   0.50 kB │ map:     3.03 kB
build/chunks/LineChart.258ae6e9.js                           1.05 kB │ gzip:   0.66 kB │ map:     3.88 kB
build/chunks/TabPanel.8d5f6395.js                            1.14 kB │ gzip:   0.63 kB │ map:     4.33 kB
build/chunks/ModalDialogComponent.aa976762.js                1.28 kB │ gzip:   0.71 kB │ map:     4.53 kB
build/chunks/index.8a43c862.js                               1.98 kB │ gzip:   0.66 kB │ map:     5.83 kB
build/chunks/HealthGauge.89c0f32b.js                         2.37 kB │ gzip:   1.29 kB │ map:     8.47 kB
build/chunks/useSupport.87ca6d65.js                          2.45 kB │ gzip:   1.08 kB │ map:    10.12 kB
build/chunks/Checkbox.407cfd71.js                            2.46 kB │ gzip:   1.16 kB │ map:    13.67 kB
build/chunks/radioHelper.89d06ed6.js                         2.58 kB │ gzip:   1.17 kB │ map:     8.50 kB
build/chunks/AuditLog.6c559754.js                            3.71 kB │ gzip:   1.58 kB │ map:    14.13 kB
build/chunks/SlideUpTransition.5992af5c.js                   4.03 kB │ gzip:   1.61 kB │ map:    19.76 kB
build/chunks/index.3d35d596.js                               4.14 kB │ gzip:   1.49 kB │ map:    13.64 kB
build/chunks/Logs.da55e640.js                                4.78 kB │ gzip:   2.11 kB │ map:    19.49 kB
build/chunks/AccordionSummary.e93d07cf.js                    5.73 kB │ gzip:   1.97 kB │ map:    27.76 kB
build/chunks/ContextMenu.463e2573.js                         6.23 kB │ gzip:   2.03 kB │ map:    22.48 kB
build/chunks/useStyles.8d265fe3.js                           6.39 kB │ gzip:   2.38 kB │ map:    26.35 kB
build/chunks/web-vitals.dfcc5b9a.js                          6.98 kB │ gzip:   2.58 kB │ map:    16.56 kB
build/chunks/TablePagination.90f328f3.js                     8.27 kB │ gzip:   3.16 kB │ map:    42.12 kB
build/chunks/DnnPanel.3968a407.js                            9.67 kB │ gzip:   3.67 kB │ map:    37.84 kB
build/chunks/GMap.035c722e.js                               16.54 kB │ gzip:   5.28 kB │ map:    51.13 kB
build/chunks/Diagnostics.ce99e834.js                        23.61 kB │ gzip:   7.54 kB │ map:    89.63 kB
build/chunks/index.e66b2b02.js                              41.18 kB │ gzip:  10.55 kB │ map:   154.16 kB
build/chunks/AuditLogDetails.2efc29b2.js                    41.88 kB │ gzip:  13.90 kB │ map:   315.56 kB
build/chunks/RadioForm.403ba7d0.js                          52.23 kB │ gzip:  14.56 kB │ map:   222.78 kB
build/chunks/System.65c6574e.js                             67.09 kB │ gzip:  15.51 kB │ map:   253.28 kB
build/chunks/Calibrate.c6401e5d.js                          71.83 kB │ gzip:  23.83 kB │ map:   251.96 kB
build/chunks/ReactTable.d1485f42.js                         88.75 kB │ gzip:  27.05 kB │ map:   276.61 kB
build/chunks/Dashboard.78af2cae.js                          90.62 kB │ gzip:  21.85 kB │ map:   520.74 kB
build/chunks/EdgesPanel.8cff6530.js                        135.45 kB │ gzip:  33.16 kB │ map:   494.81 kB
build/chunks/RadiosPanelNew.871a01c5.js                    150.48 kB │ gzip:  39.57 kB │ map:   580.77 kB
build/chunks/SubscribersPanel.97a5896f.js                  165.31 kB │ gzip:  53.57 kB │ map:   585.89 kB
build/chunks/DataGrid.b8e0e7ec.js                          280.40 kB │ gzip:  84.80 kB │ map: 1,359.73 kB
build/chunks/highcharts.190127e5.js                        296.73 kB │ gzip: 106.33 kB │ map:   694.32 kB
build/chunks/EditNotes.633cacf2.js                         489.27 kB │ gzip: 132.59 kB │ map: 1,675.29 kB
build/js/index.a029848c.js                               2,128.32 kB │ gzip: 471.03 kB │ map: 5,378.21 kB

(!) Some chunks are larger than 1000 kBs after minification. Consider:
- Using dynamic import() to code-split the application
- Use build.rollupOptions.output.manualChunks to improve chunking: https://rollupjs.org/configuration-options/#output-manualchunks
- Adjust chunk size limit for this warning via build.chunkSizeWarningLimit.
✓ built in 2m 54s
Done in 177.12s.
Compilation done...
Complete at Sun Jul 16 10:33:01 AM EDT 2023
\n ************************************************** \n
Compiling at Mon Jul 17 02:30:01 AM EDT 2023
Pulling latest changes from Git...
From https://github.com/Highway9-Networks/h9-saas
   b47be00e0..4f60765a2  main                   -> origin/main
   049e2bcfc..41f11b8b1  balaji/mmeretry        -> origin/balaji/mmeretry
 * [new branch]          balaji/pwsrestart      -> origin/balaji/pwsrestart
   560725f93..daf688331  main-release           -> origin/main-release
   50d44f35f..c1296ecf2  private/abhagwat       -> origin/private/abhagwat
   b883e0d5d..cb2cb8fe3  private/abhagwat-release -> origin/private/abhagwat-release
 * [new branch]          private/airspan-sync-1 -> origin/private/airspan-sync-1
   623636ae2..cf3bca9de  private/issue-9445     -> origin/private/issue-9445
   7918957da..ae64d2d80  private/mdighe/mocn-fixes -> origin/private/mdighe/mocn-fixes
   557f0324f..090a3494b  vikram_mem             -> origin/vikram_mem
   7c255d915..9b6010647  xpJain/change2         -> origin/xpJain/change2
Updating b47be00e0..4f60765a2
Fast-forward
 .../mocngw/mocngw/tasks/network/network.c          |  10 +-
 .../mocngw/mocngw/tasks/network/network.h          |   2 +
 .../mocngw/mocngw/tasks/network/network_encoder.c  | 208 +++++++++++++++++
 orch/orch-api/apihandler/MnoOperatorHandler.go     |   4 +-
 orch/orch-ui/src/hooks/useOperatorDetails.jsx      |   7 +
 .../src/services/operatorDetails-services.jsx      |  15 ++
 .../edges/CarrierGateway/CarrierGatewayDetails.jsx |  19 +-
 .../edges/CarrierGateway/ConnectedEdgeDevices.jsx  |  16 +-
 .../views/edges/CarrierGateway/ConnectedRadios.jsx |  13 +-
 .../src/views/edges/Operator/OperatorDetails.jsx   |   2 +-
 .../views/edges/Operator/OperatorDetailsInfo.jsx   | 254 ++++++++++++++++++---
 11 files changed, 498 insertions(+), 52 deletions(-)
Compiling the orch UI code...
Deleting build...
Folder build deleted.
Folder A is unchanged.
yarn
yarn install v1.22.19
[1/4] Resolving packages...
success Already up-to-date.
Done in 2.90s.
yarn run build
yarn run v1.22.19
$ vite build
vite v4.3.9 building for production...
[plugin:vite-plugin-eslint] LintOnStart is turned on, and it will check for all matching files.
transforming...
✓ 13538 modules transformed.
rendering chunks...
computing gzip size...
build/assets/svg/pin.svg                                     0.85 kB │ gzip:   0.44 kB
build/assets/svg/current.svg                                 0.96 kB │ gzip:   0.47 kB
build/index.html                                             1.00 kB │ gzip:   0.53 kB
build/assets/svg/celltower.svg                               2.73 kB │ gzip:   1.41 kB
build/assets/svg/green-plain.svg                             3.30 kB │ gzip:   1.25 kB
build/assets/svg/pointer.svg                                 3.36 kB │ gzip:   1.27 kB
build/assets/svg/pointer-green.svg                           4.26 kB │ gzip:   1.56 kB
build/assets/svg/pointer-grey.svg                            4.26 kB │ gzip:   1.56 kB
build/assets/svg/markerA.svg                                 4.71 kB │ gzip:   1.66 kB
build/assets/woff2/roboto-vietnamese-400-normal.woff2        5.56 kB
build/assets/svg/markerB.svg                                 5.70 kB │ gzip:   2.12 kB
build/assets/woff2/roboto-greek-400-normal.woff2             7.11 kB
build/assets/svg/Radio-Indoor-Icon.svg                       7.43 kB │ gzip:   1.99 kB
build/assets/woff2/roboto-cyrillic-400-normal.woff2          9.63 kB
build/assets/woff2/roboto-latin-ext-400-normal.woff2        11.87 kB
build/assets/woff2/roboto-cyrillic-ext-400-normal.woff2     15.34 kB
build/assets/woff2/roboto-latin-400-normal.woff2            15.74 kB
build/assets/woff/roboto-all-400-normal.woff                65.46 kB
build/assets/css/EdgesPanel.css                              0.06 kB │ gzip:   0.08 kB
build/assets/css/SubscribersPanel.css                        0.18 kB │ gzip:   0.14 kB
build/assets/css/RadiosPanelNew.css                          0.22 kB │ gzip:   0.17 kB
build/assets/css/Diagnostics.css                             0.29 kB │ gzip:   0.21 kB
build/assets/css/Calibrate.css                               0.64 kB │ gzip:   0.40 kB
build/assets/css/ReactTable.css                              1.32 kB │ gzip:   0.56 kB
build/assets/css/index.css                                   1.82 kB │ gzip:   0.79 kB
build/assets/css/Dashboard.css                               4.02 kB │ gzip:   2.01 kB
build/assets/css/EditNotes.css                              17.96 kB │ gzip:   3.16 kB
build/chunks/styled.8aab481e.js                              0.12 kB │ gzip:   0.14 kB │ map:     0.34 kB
build/chunks/QoS-service.d434d58f.js                         0.26 kB │ gzip:   0.22 kB │ map:     0.80 kB
build/chunks/LightTooltip.77a2b631.js                        0.34 kB │ gzip:   0.28 kB │ map:     1.06 kB
build/chunks/ArrowForwardIosSharp.1c68b2e5.js                0.36 kB │ gzip:   0.29 kB │ map:     1.12 kB
build/chunks/hardwareInventory-service.88362aa8.js           0.38 kB │ gzip:   0.30 kB │ map:     1.14 kB
build/chunks/RestartAlt.1c1a828d.js                          0.38 kB │ gzip:   0.30 kB │ map:     0.71 kB
build/chunks/NotImplemented.36c028eb.js                      0.55 kB │ gzip:   0.40 kB │ map:     1.39 kB
build/chunks/AccordianSummary.b383f8fe.js                    0.63 kB │ gzip:   0.44 kB │ map:     1.72 kB
build/chunks/Card.3aac1edb.js                                0.63 kB │ gzip:   0.43 kB │ map:     4.60 kB
build/chunks/useInterval.b5ddcfb1.js                         0.71 kB │ gzip:   0.41 kB │ map:     3.67 kB
build/chunks/TimeDateInput.5f4aa19a.js                       0.88 kB │ gzip:   0.50 kB │ map:     3.03 kB
build/chunks/LineChart.d7c8c4e4.js                           1.05 kB │ gzip:   0.66 kB │ map:     3.88 kB
build/chunks/TabPanel.3e2bf21a.js                            1.14 kB │ gzip:   0.63 kB │ map:     4.33 kB
build/chunks/ModalDialogComponent.eca70f33.js                1.28 kB │ gzip:   0.70 kB │ map:     4.53 kB
build/chunks/index.a4b0e25c.js                               1.98 kB │ gzip:   0.66 kB │ map:     5.83 kB
build/chunks/HealthGauge.afa7eb1c.js                         2.37 kB │ gzip:   1.29 kB │ map:     8.47 kB
build/chunks/useSupport.0274ee25.js                          2.45 kB │ gzip:   1.08 kB │ map:    10.12 kB
build/chunks/Checkbox.1c36e5d8.js                            2.46 kB │ gzip:   1.16 kB │ map:    13.67 kB
build/chunks/radioHelper.569542cd.js                         2.58 kB │ gzip:   1.17 kB │ map:     8.50 kB
build/chunks/AuditLog.816eec6c.js                            3.71 kB │ gzip:   1.58 kB │ map:    14.13 kB
build/chunks/SlideUpTransition.0747a413.js                   4.03 kB │ gzip:   1.61 kB │ map:    19.76 kB
build/chunks/index.a916c1fa.js                               4.14 kB │ gzip:   1.48 kB │ map:    13.64 kB
build/chunks/Logs.1ff7e144.js                                4.78 kB │ gzip:   2.11 kB │ map:    19.49 kB
build/chunks/AccordionSummary.9b3a9957.js                    5.73 kB │ gzip:   1.97 kB │ map:    27.76 kB
build/chunks/ContextMenu.53251e7b.js                         6.23 kB │ gzip:   2.03 kB │ map:    22.48 kB
build/chunks/useStyles.fa44ea5f.js                           6.39 kB │ gzip:   2.38 kB │ map:    26.35 kB
build/chunks/web-vitals.dfcc5b9a.js                          6.98 kB │ gzip:   2.58 kB │ map:    16.56 kB
build/chunks/TablePagination.c7fd7b35.js                     8.27 kB │ gzip:   3.16 kB │ map:    42.12 kB
build/chunks/DnnPanel.27b894b8.js                            9.67 kB │ gzip:   3.67 kB │ map:    37.84 kB
build/chunks/GMap.9b703fe7.js                               16.54 kB │ gzip:   5.28 kB │ map:    51.13 kB
build/chunks/Diagnostics.b509144f.js                        23.61 kB │ gzip:   7.54 kB │ map:    89.63 kB
build/chunks/index.1bf74972.js                              41.18 kB │ gzip:  10.55 kB │ map:   154.16 kB
build/chunks/AuditLogDetails.cccaca1b.js                    41.88 kB │ gzip:  13.90 kB │ map:   315.56 kB
build/chunks/RadioForm.edf4b6ec.js                          52.23 kB │ gzip:  14.56 kB │ map:   222.78 kB
build/chunks/System.8594dc4e.js                             67.09 kB │ gzip:  15.50 kB │ map:   253.28 kB
build/chunks/Calibrate.8c82b2a1.js                          71.83 kB │ gzip:  23.83 kB │ map:   251.96 kB
build/chunks/ReactTable.a10229f3.js                         88.75 kB │ gzip:  27.05 kB │ map:   276.61 kB
build/chunks/Dashboard.b27d137f.js                          90.62 kB │ gzip:  21.85 kB │ map:   520.74 kB
build/chunks/EdgesPanel.6c17cfed.js                        139.49 kB │ gzip:  34.03 kB │ map:   508.36 kB
build/chunks/RadiosPanelNew.c1069970.js                    150.48 kB │ gzip:  39.57 kB │ map:   580.77 kB
build/chunks/SubscribersPanel.aca01077.js                  165.31 kB │ gzip:  53.56 kB │ map:   585.89 kB
build/chunks/DataGrid.1a1df76a.js                          280.40 kB │ gzip:  84.80 kB │ map: 1,359.73 kB
build/chunks/highcharts.b35b5fa1.js                        296.73 kB │ gzip: 106.33 kB │ map:   694.32 kB
build/chunks/EditNotes.1fb8687f.js                         489.27 kB │ gzip: 132.59 kB │ map: 1,675.29 kB
build/js/index.cebf072b.js                               2,128.32 kB │ gzip: 471.03 kB │ map: 5,378.21 kB

(!) Some chunks are larger than 1000 kBs after minification. Consider:
- Using dynamic import() to code-split the application
- Use build.rollupOptions.output.manualChunks to improve chunking: https://rollupjs.org/configuration-options/#output-manualchunks
- Adjust chunk size limit for this warning via build.chunkSizeWarningLimit.
✓ built in 5m 52s
Done in 363.96s.
Compilation done...
Complete at Mon Jul 17 02:36:21 AM EDT 2023
\n ************************************************** \n
Compiling at Mon Jul 17 07:30:00 AM EDT 2023
Pulling latest changes from Git...
From https://github.com/Highway9-Networks/h9-saas
   4f60765a2..aae23399a  main                   -> origin/main
   41f11b8b1..25d2a02a7  balaji/mmeretry        -> origin/balaji/mmeretry
   a8692c633..afd024b74  bhuvaneshne_asan_full  -> origin/bhuvaneshne_asan_full
   32ff728bd..614bc6fae  dpka/main              -> origin/dpka/main
   fd0281869..12100c6d7  feature/airspan        -> origin/feature/airspan
   a0d48fbbe..0381823c6  private/airspan-sync-1 -> origin/private/airspan-sync-1
   37107779e..323061b79  private/akshay-airspan -> origin/private/akshay-airspan
   3e28e75ad..d47e20c6c  private/akshay-new-30  -> origin/private/akshay-new-30
   eca95a04c..789b1aa95  private/dileep/FixingIssues_04_07_23 -> origin/private/dileep/FixingIssues_04_07_23
   bdcb0e87b..710c788c7  private/girish/12june  -> origin/private/girish/12june
   090a3494b..2009e34cb  vikram_mem             -> origin/vikram_mem
Auto packing the repository in background for optimum performance.
See "git help gc" for manual housekeeping.
Updating 4f60765a2..aae23399a
Fast-forward
Auto packing the repository in background for optimum performance.
See "git help gc" for manual housekeeping.
 .github/workflows/golangci-lint.yaml               |   4 +-
 .github/workflows/pre_checkin.yaml                 |   1 +
 ci_scripts/compile.sh                              |   4 +-
 clusterAgent/grpcClient/go.mod                     |   3 +-
 common/adapters/airspan/airspan.go                 | 368 +++++++++
 common/adapters/airspan/airspanApi.go              | 584 ++++++++++++++
 common/adapters/airspan/airspanApiTemplates.go     | 626 ++++++++++++++
 common/adapters/airspan/airspanConfig.go           | 898 +++++++++++++++++++++
 common/adapters/airspan/airspanKpi.go              | 163 ++++
 common/adapters/airspan/airspanUtils.go            |  96 +++
 common/adapters/baicells/baicells.go               |  40 +-
 common/adapters/radioCommon/BaseRadioManager.go    |  12 +-
 common/adapters/radioCommon/radioCommon.go         |  42 +
 common/adapters/radioCommon/radioHelper.go         |  19 +
 .../adapters/radioCommon/radioManagerInstance.go   |  11 +-
 .../adapters/radioManager/RadioManagerFactory.go   |  61 +-
 .../controller/scripts/hardwareInventory.js        |  41 +-
 common/common.mk                                   |   2 +-
 common/go.mod                                      |   4 +
 common/httpClient/httpClient.go                    |   4 +
 common/metrics/airspanMetrics.go                   | 194 +++++
 common/metrics/edge_metrics/edgeMetrics.go         | 124 +++
 common/metrics/metrics.go                          | 139 +++-
 common/tests/airspan/airspan_test.go               | 336 ++++++++
 common/tests/baicells/baicells_test.go             |  26 +-
 common/tests/metric/metric_test.go                 |  58 ++
 common/utils/fileUtils.go                          |  60 ++
 common/utils/timeUtils.go                          |  13 +-
 .../carriergw/mocngw/mocngw/common/common_mocngw.h |  20 +
 edge/carriergw/mocngw/mocngw/inc/s1ap_state.h      |   1 +
 edge/carriergw/mocngw/mocngw/tasks/access/access.c |   4 +
 edge/carriergw/mocngw/mocngw/tasks/access/access.h |   1 +
 .../mocngw/mocngw/tasks/access/access_encoder.c    | 103 ++-
 .../mocngw/mocngw/tasks/config/mocn_dp_client.cc   |  22 +-
 .../mocngw/mocngw/tasks/network/network_encoder.c  | 199 +++--
 .../mocngw/mocngw/tasks/s1ap/s1ap_dummy.c          |  45 +-
 orch/orch-api/apihandler/AlarmsRestHandler.go      |   2 +-
 orch/orch-api/apihandler/EdgesRestHandler.go       |  17 +-
 orch/orch-api/apihandler/LogsRestHandler.go        |   2 -
 orch/orch-api/apihandler/MnoOperatorHandler.go     |  26 +-
 orch/orch-api/apihandler/RadiosRestHandler.go      |  73 +-
 orch/orch-api/go.mod                               |   4 +
 orch/orch-common/orchSettings/settingsMap.go       |   8 +
 orch/orch-common/orchSettings/settingsUpdate.go    |   9 +
 .../swagger-api/swagger/definitions/Operation.yaml |   1 +
 .../swagger-api/swagger/definitions/Radio.yaml     |   5 +
 .../swagger/definitions/RadioManager.yaml          |   1 +
 orch/orch-common/utils/radioUtils.go               | 133 ++-
 orch/orch-service/go.mod                           |   4 +
 .../hardwareInventoryService/hardwareInventory.go  |  91 ++-
 .../services/operations/edgeOperations.go          | 100 +++
 .../services/radioService/kpiSyncService.go        |  94 ++-
 .../services/radioService/radioService.go          | 134 ++-
 .../services/radioService/radioSync.go             |  17 +-
 orch/orch-ui/src/App.css                           |   3 -
 .../src/components/GoogleMaps/GoogleMap.tsx        |   7 +-
 orch/orch-ui/src/components/GraphicalResources.tsx |   2 +
 orch/orch-ui/src/components/TextResources.jsx      |   1 +
 .../components/shared/Graphs/GraphGenerator.tsx    | 167 ++++
 .../components/shared/Graphs/StucturedGraphs.tsx   |  95 +++
 orch/orch-ui/src/constants/index.ts                |  17 +-
 orch/orch-ui/src/services/APIServices.ts           |   2 +-
 orch/orch-ui/src/store/context/edgeSlice.ts        |  48 ++
 orch/orch-ui/src/styles/flexStyles.css             |   1 +
 orch/orch-ui/src/types/edge.ts                     |   3 +
 orch/orch-ui/src/types/metricGraph.ts              |  32 +
 orch/orch-ui/src/types/radio.ts                    |   1 +
 .../CarrierGateway/CarrierGatewayEdgeInfo.jsx      |   2 -
 ...erGatewayDetails.jsx => CarrierGatewayTabs.tsx} |  62 +-
 orch/orch-ui/src/views/edges/EdgeInfo.jsx          |   6 +-
 orch/orch-ui/src/views/edges/EdgeKPI.tsx           | 108 +++
 .../views/edges/{EdgesPanel.jsx => EdgesPanel.tsx} | 147 ++--
 orch/orch-ui/src/views/edges/KPIMetricDialog.tsx   | 150 ++++
 .../src/views/edges/Operator/CMPV2Config.jsx       |  10 +-
 .../views/edges/Operator/OperatorDetailsInfo.jsx   |   2 -
 .../src/views/edges/Operator/SECGWConfig.jsx       |  50 +-
 orch/orch-ui/src/views/edges/PacketCapture.jsx     |   2 +-
 .../src/views/edges/PacketCaptureDialog.jsx        |   8 +-
 orch/orch-ui/src/views/edges/useEdgePanel.tsx      |  17 +-
 orch/orch-ui/src/views/edges/useKPIExport.tsx      | 102 +++
 .../views/radios/Graphs/EdgeConnectionGraph.jsx    | 135 ----
 .../src/views/radios/Graphs/KpiBarGraph.tsx        | 158 ----
 .../src/views/radios/Graphs/KpiConnectionGraph.tsx | 115 ---
 orch/orch-ui/src/views/radios/Graphs/KpiGraph.tsx  | 179 ----
 .../views/radios/Graphs/KpiUtilizationGraph.tsx    | 224 -----
 orch/orch-ui/src/views/radios/Graphs/airspan.ts    | 422 ++++++++++
 .../src/views/radios/Graphs/highway9radios.ts      | 259 ++++++
 orch/orch-ui/src/views/radios/KPIList.ts           | 107 +++
 orch/orch-ui/src/views/radios/RadioKpi.tsx         | 373 +++++----
 orch/orch-ui/src/views/radios/useRadioExport.tsx   |  10 +-
 .../src/views/subscribers/SubscribersPanel.jsx     |   2 +-
 .../src/views/subscribers/subscriberPanel.css      |   3 +
 .../templates/postgres/postgres-secret.yaml        |  27 +-
 .../saas-service/saas-service-secret.yaml          |  29 +-
 saas/helm-saas/values.yaml                         |  11 +-
 saas/saas-api/go.mod                               |   3 +-
 saas/saas-common/constants/constants.go            |  30 +-
 saas/saas-common/db/db.go                          |  38 +-
 .../swagger/definitions/RadioManager.yaml          |   1 +
 .../hardwareInventory/hardwareList.yaml            |   3 +
 saas/saas-service/go.mod                           |   3 +-
 .../serviceInstanceOrderFullfillmentService.go     |  28 +-
 .../serviceInstanceManagerService.go               |  33 +-
 103 files changed, 6695 insertions(+), 1592 deletions(-)
 create mode 100644 common/adapters/airspan/airspan.go
 create mode 100644 common/adapters/airspan/airspanApi.go
 create mode 100644 common/adapters/airspan/airspanApiTemplates.go
 create mode 100644 common/adapters/airspan/airspanConfig.go
 create mode 100644 common/adapters/airspan/airspanKpi.go
 create mode 100644 common/adapters/airspan/airspanUtils.go
 create mode 100644 common/metrics/airspanMetrics.go
 create mode 100644 common/metrics/edge_metrics/edgeMetrics.go
 create mode 100644 common/tests/airspan/airspan_test.go
 create mode 100644 common/tests/metric/metric_test.go
 create mode 100644 orch/orch-ui/src/components/shared/Graphs/GraphGenerator.tsx
 create mode 100644 orch/orch-ui/src/components/shared/Graphs/StucturedGraphs.tsx
 create mode 100644 orch/orch-ui/src/types/metricGraph.ts
 rename orch/orch-ui/src/views/edges/CarrierGateway/{CarrierGatewayDetails.jsx => CarrierGatewayTabs.tsx} (71%)
 create mode 100644 orch/orch-ui/src/views/edges/EdgeKPI.tsx
 rename orch/orch-ui/src/views/edges/{EdgesPanel.jsx => EdgesPanel.tsx} (78%)
 create mode 100644 orch/orch-ui/src/views/edges/KPIMetricDialog.tsx
 create mode 100644 orch/orch-ui/src/views/edges/useKPIExport.tsx
 delete mode 100644 orch/orch-ui/src/views/radios/Graphs/EdgeConnectionGraph.jsx
 delete mode 100644 orch/orch-ui/src/views/radios/Graphs/KpiBarGraph.tsx
 delete mode 100644 orch/orch-ui/src/views/radios/Graphs/KpiConnectionGraph.tsx
 delete mode 100644 orch/orch-ui/src/views/radios/Graphs/KpiGraph.tsx
 delete mode 100644 orch/orch-ui/src/views/radios/Graphs/KpiUtilizationGraph.tsx
 create mode 100644 orch/orch-ui/src/views/radios/Graphs/airspan.ts
 create mode 100644 orch/orch-ui/src/views/radios/Graphs/highway9radios.ts
 create mode 100644 orch/orch-ui/src/views/subscribers/subscriberPanel.css
Compiling the orch UI code...
Deleting build...
Folder build deleted.
Folder A is unchanged.
yarn
yarn install v1.22.19
[1/4] Resolving packages...
success Already up-to-date.
Done in 2.05s.
yarn run build
yarn run v1.22.19
$ vite build
vite v4.3.9 building for production...
[plugin:vite-plugin-eslint] LintOnStart is turned on, and it will check for all matching files.
transforming...
✓ 13543 modules transformed.
rendering chunks...
computing gzip size...
build/assets/svg/pin.svg                                     0.85 kB │ gzip:   0.44 kB
build/assets/svg/current.svg                                 0.96 kB │ gzip:   0.47 kB
build/index.html                                             1.00 kB │ gzip:   0.53 kB
build/assets/svg/celltower.svg                               2.73 kB │ gzip:   1.41 kB
build/assets/svg/green-plain.svg                             3.30 kB │ gzip:   1.25 kB
build/assets/svg/pointer.svg                                 3.36 kB │ gzip:   1.27 kB
build/assets/svg/pointer-green.svg                           4.26 kB │ gzip:   1.56 kB
build/assets/svg/pointer-grey.svg                            4.26 kB │ gzip:   1.56 kB
build/assets/svg/markerA.svg                                 4.71 kB │ gzip:   1.66 kB
build/assets/woff2/roboto-vietnamese-400-normal.woff2        5.56 kB
build/assets/svg/markerB.svg                                 5.70 kB │ gzip:   2.12 kB
build/assets/woff2/roboto-greek-400-normal.woff2             7.11 kB
build/assets/svg/Radio-Indoor-Icon.svg                       7.43 kB │ gzip:   1.99 kB
build/assets/woff2/roboto-cyrillic-400-normal.woff2          9.63 kB
build/assets/woff2/roboto-latin-ext-400-normal.woff2        11.87 kB
build/assets/woff2/roboto-cyrillic-ext-400-normal.woff2     15.34 kB
build/assets/woff2/roboto-latin-400-normal.woff2            15.74 kB
build/assets/woff/roboto-all-400-normal.woff                65.46 kB
build/assets/css/EdgesPanel.css                              0.06 kB │ gzip:   0.08 kB
build/assets/css/RadiosPanelNew.css                          0.22 kB │ gzip:   0.17 kB
build/assets/css/SubscribersPanel.css                        0.23 kB │ gzip:   0.17 kB
build/assets/css/Diagnostics.css                             0.29 kB │ gzip:   0.21 kB
build/assets/css/Calibrate.css                               0.64 kB │ gzip:   0.40 kB
build/assets/css/ReactTable.css                              1.32 kB │ gzip:   0.56 kB
build/assets/css/index.css                                   1.77 kB │ gzip:   0.77 kB
build/assets/css/Dashboard.css                               4.02 kB │ gzip:   2.01 kB
build/assets/css/EditNotes.css                              17.96 kB │ gzip:   3.16 kB
build/chunks/styled.90e2847e.js                              0.12 kB │ gzip:   0.14 kB │ map:     0.34 kB
build/chunks/QoS-service.184e984d.js                         0.26 kB │ gzip:   0.22 kB │ map:     0.80 kB
build/chunks/LightTooltip.31894f78.js                        0.34 kB │ gzip:   0.28 kB │ map:     1.06 kB
build/chunks/ArrowForwardIosSharp.acb73d18.js                0.36 kB │ gzip:   0.29 kB │ map:     1.12 kB
build/chunks/hardwareInventory-service.ec6e6364.js           0.38 kB │ gzip:   0.30 kB │ map:     1.14 kB
build/chunks/NotImplemented.2c4a5e4b.js                      0.55 kB │ gzip:   0.40 kB │ map:     1.39 kB
build/chunks/AccordianSummary.40122cc4.js                    0.63 kB │ gzip:   0.44 kB │ map:     1.72 kB
build/chunks/Card.b12f027f.js                                0.63 kB │ gzip:   0.43 kB │ map:     4.60 kB
build/chunks/useInterval.197d57b9.js                         0.71 kB │ gzip:   0.41 kB │ map:     3.67 kB
build/chunks/TimeDateInput.a27ddd9a.js                       0.88 kB │ gzip:   0.50 kB │ map:     3.03 kB
build/chunks/LineChart.14bd2ea9.js                           1.05 kB │ gzip:   0.66 kB │ map:     3.88 kB
build/chunks/adaptV4Theme.9bb106a2.js                        1.13 kB │ gzip:   0.54 kB │ map:     4.98 kB
build/chunks/TabPanel.176d051b.js                            1.14 kB │ gzip:   0.63 kB │ map:     4.33 kB
build/chunks/ModalDialogComponent.4b2f1f00.js                1.28 kB │ gzip:   0.70 kB │ map:     4.53 kB
build/chunks/index.ce4df59e.js                               1.98 kB │ gzip:   0.66 kB │ map:     5.83 kB
build/chunks/HealthGauge.70ccd3fc.js                         2.37 kB │ gzip:   1.29 kB │ map:     8.47 kB
build/chunks/useSupport.a995dca0.js                          2.45 kB │ gzip:   1.08 kB │ map:    10.12 kB
build/chunks/Checkbox.c6328280.js                            2.46 kB │ gzip:   1.16 kB │ map:    13.67 kB
build/chunks/radioHelper.c97297d8.js                         2.58 kB │ gzip:   1.17 kB │ map:     8.50 kB
build/chunks/AuditLog.dde70d93.js                            3.71 kB │ gzip:   1.58 kB │ map:    14.13 kB
build/chunks/SlideUpTransition.f0112e37.js                   4.03 kB │ gzip:   1.61 kB │ map:    19.76 kB
build/chunks/index.3b2c4af1.js                               4.14 kB │ gzip:   1.49 kB │ map:    13.64 kB
build/chunks/Logs.76f129a7.js                                4.78 kB │ gzip:   2.11 kB │ map:    19.49 kB
build/chunks/AccordionSummary.2810e04d.js                    5.73 kB │ gzip:   1.97 kB │ map:    27.76 kB
build/chunks/useStyles.d6010c4f.js                           6.39 kB │ gzip:   2.38 kB │ map:    26.35 kB
build/chunks/web-vitals.dfcc5b9a.js                          6.98 kB │ gzip:   2.58 kB │ map:    16.56 kB
build/chunks/TablePagination.b97226db.js                     8.27 kB │ gzip:   3.16 kB │ map:    42.12 kB
build/chunks/NetworkStats.ad0755b0.js                        8.90 kB │ gzip:   3.30 kB │ map:    33.00 kB
build/chunks/DnnPanel.6843d737.js                            9.67 kB │ gzip:   3.67 kB │ map:    37.84 kB
build/chunks/airspan.53701cec.js                            10.94 kB │ gzip:   3.25 kB │ map:    34.71 kB
build/chunks/GMap.09cab438.js                               16.54 kB │ gzip:   5.28 kB │ map:    51.13 kB
build/chunks/Diagnostics.a83b02bd.js                        23.61 kB │ gzip:   7.54 kB │ map:    89.63 kB
build/chunks/index.52cb0b0e.js                              41.18 kB │ gzip:  10.55 kB │ map:   154.16 kB
build/chunks/AuditLogDetails.a506dc3f.js                    41.88 kB │ gzip:  13.90 kB │ map:   315.56 kB
build/chunks/RadioForm.31fdeb7a.js                          52.23 kB │ gzip:  14.56 kB │ map:   222.78 kB
build/chunks/System.9a32be3c.js                             66.09 kB │ gzip:  15.17 kB │ map:   248.53 kB
build/chunks/Calibrate.4807aad1.js                          71.85 kB │ gzip:  23.84 kB │ map:   252.05 kB
build/chunks/ReactTable.ce96b0fc.js                         88.75 kB │ gzip:  27.05 kB │ map:   276.61 kB
build/chunks/Dashboard.4791fa66.js                          90.62 kB │ gzip:  21.85 kB │ map:   520.74 kB
build/chunks/RadiosPanelNew.252887a4.js                    141.68 kB │ gzip:  37.98 kB │ map:   553.61 kB
build/chunks/EdgesPanel.c205bd34.js                        144.33 kB │ gzip:  35.49 kB │ map:   527.25 kB
build/chunks/SubscribersPanel.e20508d1.js                  162.85 kB │ gzip:  53.07 kB │ map:   575.39 kB
build/chunks/DataGrid.2cd9ee8c.js                          280.40 kB │ gzip:  84.81 kB │ map: 1,359.73 kB
build/chunks/highcharts.0f2eed96.js                        296.73 kB │ gzip: 106.33 kB │ map:   694.32 kB
build/chunks/EditNotes.a18b3c34.js                         489.27 kB │ gzip: 132.59 kB │ map: 1,675.29 kB
build/js/index.e73d0ad8.js                               2,129.20 kB │ gzip: 470.92 kB │ map: 5,380.44 kB

(!) Some chunks are larger than 1000 kBs after minification. Consider:
- Using dynamic import() to code-split the application
- Use build.rollupOptions.output.manualChunks to improve chunking: https://rollupjs.org/configuration-options/#output-manualchunks
- Adjust chunk size limit for this warning via build.chunkSizeWarningLimit.
✓ built in 3m 8s
Done in 191.25s.
Compilation done...
Complete at Mon Jul 17 07:33:27 AM EDT 2023
\n ************************************************** \n
Compiling at Mon Jul 17 10:30:00 AM EDT 2023
Pulling latest changes from Git...
From https://github.com/Highway9-Networks/h9-saas
   aae23399a..46698b716  main               -> origin/main
 * [new branch]          Cherry_Pick_Duplicate_Edge_Creation_Fix -> origin/Cherry_Pick_Duplicate_Edge_Creation_Fix
 * [new branch]          Cherry_Pick_Duplicate_Order_Creation_Fix -> origin/Cherry_Pick_Duplicate_Order_Creation_Fix
   5d75645cd..360f7b46e  feature/ushiva_cgw -> origin/feature/ushiva_cgw
   2e158758a..1ad831b1b  imran-automation   -> origin/imran-automation
   c1296ecf2..bb293fcac  private/abhagwat   -> origin/private/abhagwat
   789b1aa95..a67561e88  private/dileep/FixingIssues_04_07_23 -> origin/private/dileep/FixingIssues_04_07_23
   ae64d2d80..9c13bc2aa  private/mdighe/mocn-fixes -> origin/private/mdighe/mocn-fixes
Updating aae23399a..46698b716
Fast-forward
 common/adapters/airspan/airspan.go                 |   8 +
 common/adapters/airspan/airspanApi.go              |  85 +++++++-
 common/adapters/airspan/airspanConfig.go           |   5 +
 common/adapters/airspan/airspanMobility.go         |  78 ++++++++
 common/adapters/radioCommon/BaseRadioManager.go    |  10 +
 common/adapters/radioCommon/radioCommon.go         |  14 ++
 .../adapters/radioCommon/radioManagerInstance.go   |   3 +
 common/cmnUtils/helpers.go                         |   7 +
 common/logger/constants.go                         |   1 +
 .../mocngw/mocngw/tasks/access/access_encoder.c    |   2 +-
 .../mocngw/mocngw/tasks/network/network_encoder.c  |   6 +-
 orch/orch-api/apihandler/EventsRestHandler.go      |   3 +
 orch/orch-api/apihandler/MnoOperatorHandler.go     |  29 ++-
 .../orch-api/apihandler/MnoOperatorRadioHandler.go | 221 +++++++++++++++++++++
 orch/orch-api/apiserver/apiserver.go               |   1 +
 orch/orch-common/auditing/auditing.go              |   4 +
 orch/orch-common/authorizer/authorizer.go          |  12 ++
 orch/orch-common/db/daoHelper.go                   |  15 +-
 orch/orch-common/db/db.go                          |   1 +
 orch/orch-common/db/dbMnoOperatorRadio.go          |   8 +
 orch/orch-common/events/events.go                  |  69 ++++++-
 .../swagger/definitions/MnoOperator.yaml           |   2 +-
 .../swagger/definitions/MnoOperatorRadio.yaml      |  79 ++++++++
 .../swagger-api/swagger/definitions/UserRoles.yaml |   1 +
 orch/orch-common/swagger-api/swagger/swagger.yaml  | 143 +++++++++++++
 orch/orch-service/main.go                          |   2 +
 .../mnoOperatorService/mnoOperatorRadioService.go  | 197 ++++++++++++++++++
 .../src/views/edges/Operator/CMPV2Config.jsx       |  12 ++
 .../views/edges/Operator/OperatorDetailsInfo.jsx   |  29 +--
 saas/saas-common/db/baseJsonColumnSchemaDao.go     |  33 ++-
 saas/saas-common/db/dbServiceOrder.go              |   8 +-
 saas/saas-common/tests/db/Acl_test.go              |  84 ++++++++
 32 files changed, 1134 insertions(+), 38 deletions(-)
 create mode 100644 common/adapters/airspan/airspanMobility.go
 create mode 100644 orch/orch-api/apihandler/MnoOperatorRadioHandler.go
 create mode 100644 orch/orch-common/db/dbMnoOperatorRadio.go
 create mode 100755 orch/orch-common/swagger-api/swagger/definitions/MnoOperatorRadio.yaml
 create mode 100644 orch/orch-service/services/mnoOperatorService/mnoOperatorRadioService.go
Compiling the orch UI code...
Deleting build...
Folder build deleted.
Folder A is unchanged.
yarn
yarn install v1.22.19
[1/4] Resolving packages...
success Already up-to-date.
Done in 0.79s.
yarn run build
yarn run v1.22.19
$ vite build
vite v4.3.9 building for production...
[plugin:vite-plugin-eslint] LintOnStart is turned on, and it will check for all matching files.
transforming...
✓ 13543 modules transformed.
rendering chunks...
computing gzip size...
build/assets/svg/pin.svg                                     0.85 kB │ gzip:   0.44 kB
build/assets/svg/current.svg                                 0.96 kB │ gzip:   0.47 kB
build/index.html                                             1.00 kB │ gzip:   0.53 kB
build/assets/svg/celltower.svg                               2.73 kB │ gzip:   1.41 kB
build/assets/svg/green-plain.svg                             3.30 kB │ gzip:   1.25 kB
build/assets/svg/pointer.svg                                 3.36 kB │ gzip:   1.27 kB
build/assets/svg/pointer-green.svg                           4.26 kB │ gzip:   1.56 kB
build/assets/svg/pointer-grey.svg                            4.26 kB │ gzip:   1.56 kB
build/assets/svg/markerA.svg                                 4.71 kB │ gzip:   1.66 kB
build/assets/woff2/roboto-vietnamese-400-normal.woff2        5.56 kB
build/assets/svg/markerB.svg                                 5.70 kB │ gzip:   2.12 kB
build/assets/woff2/roboto-greek-400-normal.woff2             7.11 kB
build/assets/svg/Radio-Indoor-Icon.svg                       7.43 kB │ gzip:   1.99 kB
build/assets/woff2/roboto-cyrillic-400-normal.woff2          9.63 kB
build/assets/woff2/roboto-latin-ext-400-normal.woff2        11.87 kB
build/assets/woff2/roboto-cyrillic-ext-400-normal.woff2     15.34 kB
build/assets/woff2/roboto-latin-400-normal.woff2            15.74 kB
build/assets/woff/roboto-all-400-normal.woff                65.46 kB
build/assets/css/EdgesPanel.css                              0.06 kB │ gzip:   0.08 kB
build/assets/css/RadiosPanelNew.css                          0.22 kB │ gzip:   0.17 kB
build/assets/css/SubscribersPanel.css                        0.23 kB │ gzip:   0.17 kB
build/assets/css/Diagnostics.css                             0.29 kB │ gzip:   0.21 kB
build/assets/css/Calibrate.css                               0.64 kB │ gzip:   0.40 kB
build/assets/css/ReactTable.css                              1.32 kB │ gzip:   0.56 kB
build/assets/css/index.css                                   1.77 kB │ gzip:   0.77 kB
build/assets/css/Dashboard.css                               4.02 kB │ gzip:   2.01 kB
build/assets/css/EditNotes.css                              17.96 kB │ gzip:   3.16 kB
build/chunks/styled.2956edd4.js                              0.12 kB │ gzip:   0.14 kB │ map:     0.34 kB
build/chunks/QoS-service.f7208906.js                         0.26 kB │ gzip:   0.22 kB │ map:     0.80 kB
build/chunks/LightTooltip.80a339ed.js                        0.34 kB │ gzip:   0.28 kB │ map:     1.06 kB
build/chunks/ArrowForwardIosSharp.9b911e5a.js                0.36 kB │ gzip:   0.29 kB │ map:     1.12 kB
build/chunks/hardwareInventory-service.e8011aa6.js           0.38 kB │ gzip:   0.30 kB │ map:     1.14 kB
build/chunks/NotImplemented.aaa27027.js                      0.55 kB │ gzip:   0.40 kB │ map:     1.39 kB
build/chunks/AccordianSummary.962fae85.js                    0.63 kB │ gzip:   0.44 kB │ map:     1.72 kB
build/chunks/Card.7c6ea07f.js                                0.63 kB │ gzip:   0.43 kB │ map:     4.60 kB
build/chunks/useInterval.4fab89a8.js                         0.71 kB │ gzip:   0.41 kB │ map:     3.67 kB
build/chunks/TimeDateInput.b5bc6510.js                       0.88 kB │ gzip:   0.50 kB │ map:     3.03 kB
build/chunks/LineChart.f3bfb0da.js                           1.05 kB │ gzip:   0.66 kB │ map:     3.88 kB
build/chunks/adaptV4Theme.2b64dd3c.js                        1.13 kB │ gzip:   0.54 kB │ map:     4.98 kB
build/chunks/TabPanel.2fcdbcdf.js                            1.14 kB │ gzip:   0.63 kB │ map:     4.33 kB
build/chunks/ModalDialogComponent.1d25cc12.js                1.28 kB │ gzip:   0.71 kB │ map:     4.53 kB
build/chunks/index.4cfc0a86.js                               1.98 kB │ gzip:   0.66 kB │ map:     5.83 kB
build/chunks/HealthGauge.1c0274c6.js                         2.37 kB │ gzip:   1.29 kB │ map:     8.47 kB
build/chunks/useSupport.4704ff39.js                          2.45 kB │ gzip:   1.08 kB │ map:    10.12 kB
build/chunks/Checkbox.5b0eda39.js                            2.46 kB │ gzip:   1.16 kB │ map:    13.67 kB
build/chunks/radioHelper.0247ce8f.js                         2.58 kB │ gzip:   1.17 kB │ map:     8.50 kB
build/chunks/AuditLog.a2c0ea1b.js                            3.71 kB │ gzip:   1.58 kB │ map:    14.13 kB
build/chunks/SlideUpTransition.bd3d2e22.js                   4.03 kB │ gzip:   1.61 kB │ map:    19.76 kB
build/chunks/index.7dc0730b.js                               4.14 kB │ gzip:   1.49 kB │ map:    13.64 kB
build/chunks/Logs.70ebc69b.js                                4.78 kB │ gzip:   2.11 kB │ map:    19.49 kB
build/chunks/AccordionSummary.3765b0cb.js                    5.73 kB │ gzip:   1.97 kB │ map:    27.76 kB
build/chunks/useStyles.281cb5a8.js                           6.39 kB │ gzip:   2.38 kB │ map:    26.35 kB
build/chunks/web-vitals.dfcc5b9a.js                          6.98 kB │ gzip:   2.58 kB │ map:    16.56 kB
build/chunks/TablePagination.7b104990.js                     8.27 kB │ gzip:   3.16 kB │ map:    42.12 kB
build/chunks/NetworkStats.e8fbf048.js                        8.90 kB │ gzip:   3.31 kB │ map:    33.00 kB
build/chunks/DnnPanel.c7cb6ffd.js                            9.67 kB │ gzip:   3.67 kB │ map:    37.84 kB
build/chunks/airspan.70d799c0.js                            10.94 kB │ gzip:   3.25 kB │ map:    34.71 kB
build/chunks/GMap.43ea85db.js                               16.54 kB │ gzip:   5.29 kB │ map:    51.13 kB
build/chunks/Diagnostics.fd75f9cf.js                        23.61 kB │ gzip:   7.54 kB │ map:    89.63 kB
build/chunks/index.d5a4c370.js                              41.18 kB │ gzip:  10.55 kB │ map:   154.16 kB
build/chunks/AuditLogDetails.1731421d.js                    41.88 kB │ gzip:  13.90 kB │ map:   315.56 kB
build/chunks/RadioForm.a574c3f2.js                          52.23 kB │ gzip:  14.56 kB │ map:   222.78 kB
build/chunks/System.3b2b3079.js                             66.09 kB │ gzip:  15.17 kB │ map:   248.53 kB
build/chunks/Calibrate.16e962e7.js                          71.85 kB │ gzip:  23.84 kB │ map:   252.05 kB
build/chunks/ReactTable.d2166050.js                         88.75 kB │ gzip:  27.05 kB │ map:   276.61 kB
build/chunks/Dashboard.61180928.js                          90.62 kB │ gzip:  21.85 kB │ map:   520.74 kB
build/chunks/RadiosPanelNew.cf7dd686.js                    141.68 kB │ gzip:  37.98 kB │ map:   553.61 kB
build/chunks/EdgesPanel.b0c8fcb3.js                        144.42 kB │ gzip:  35.61 kB │ map:   527.93 kB
build/chunks/SubscribersPanel.ee0abcf6.js                  162.85 kB │ gzip:  53.07 kB │ map:   575.39 kB
build/chunks/DataGrid.cd0c5c06.js                          280.40 kB │ gzip:  84.80 kB │ map: 1,359.73 kB
build/chunks/highcharts.c52e47c9.js                        296.73 kB │ gzip: 106.33 kB │ map:   694.32 kB
build/chunks/EditNotes.144e6394.js                         489.27 kB │ gzip: 132.59 kB │ map: 1,675.29 kB
build/js/index.2608c995.js                               2,129.20 kB │ gzip: 470.92 kB │ map: 5,380.44 kB

(!) Some chunks are larger than 1000 kBs after minification. Consider:
- Using dynamic import() to code-split the application
- Use build.rollupOptions.output.manualChunks to improve chunking: https://rollupjs.org/configuration-options/#output-manualchunks
- Adjust chunk size limit for this warning via build.chunkSizeWarningLimit.
✓ built in 3m
Done in 183.29s.
Compilation done...
Complete at Mon Jul 17 10:33:08 AM EDT 2023
\n ************************************************** \n
Compiling at Tue Jul 18 02:30:00 AM EDT 2023
Pulling latest changes from Git...
From https://github.com/Highway9-Networks/h9-saas
   46698b716..eac73cb54  main                   -> origin/main
   25d2a02a7..a12887e00  balaji/mmeretry        -> origin/balaji/mmeretry
   daf688331..6512a4eb9  main-release           -> origin/main-release
   bb293fcac..a7081fc64  private/abhagwat       -> origin/private/abhagwat
 * [new branch]          private/akshay-32      -> origin/private/akshay-32
   323061b79..d8d39724d  private/akshay-airspan -> origin/private/akshay-airspan
   42f2e7a89..38f5d4db0  private/ankita/airspan-mobility -> origin/private/ankita/airspan-mobility
   710c788c7..36bac3b3a  private/girish/12june  -> origin/private/girish/12june
 * [new branch]          xpJain/cpmain-rel      -> origin/xpJain/cpmain-rel
Updating 46698b716..eac73cb54
Fast-forward
 common/common.mk                                    | 4 ++--
 orch/orch-api/apihandler/MnoOperatorRadioHandler.go | 3 +++
 2 files changed, 5 insertions(+), 2 deletions(-)
Compiling the orch UI code...
Deleting build...
Folder build deleted.
Folder A is unchanged.
yarn
yarn install v1.22.19
[1/4] Resolving packages...
success Already up-to-date.
Done in 0.77s.
yarn run build
yarn run v1.22.19
$ vite build
vite v4.3.9 building for production...
[plugin:vite-plugin-eslint] LintOnStart is turned on, and it will check for all matching files.
transforming...
✓ 13543 modules transformed.
rendering chunks...
computing gzip size...
build/assets/svg/pin.svg                                     0.85 kB │ gzip:   0.44 kB
build/assets/svg/current.svg                                 0.96 kB │ gzip:   0.47 kB
build/index.html                                             1.00 kB │ gzip:   0.53 kB
build/assets/svg/celltower.svg                               2.73 kB │ gzip:   1.41 kB
build/assets/svg/green-plain.svg                             3.30 kB │ gzip:   1.25 kB
build/assets/svg/pointer.svg                                 3.36 kB │ gzip:   1.27 kB
build/assets/svg/pointer-green.svg                           4.26 kB │ gzip:   1.56 kB
build/assets/svg/pointer-grey.svg                            4.26 kB │ gzip:   1.56 kB
build/assets/svg/markerA.svg                                 4.71 kB │ gzip:   1.66 kB
build/assets/woff2/roboto-vietnamese-400-normal.woff2        5.56 kB
build/assets/svg/markerB.svg                                 5.70 kB │ gzip:   2.12 kB
build/assets/woff2/roboto-greek-400-normal.woff2             7.11 kB
build/assets/svg/Radio-Indoor-Icon.svg                       7.43 kB │ gzip:   1.99 kB
build/assets/woff2/roboto-cyrillic-400-normal.woff2          9.63 kB
build/assets/woff2/roboto-latin-ext-400-normal.woff2        11.87 kB
build/assets/woff2/roboto-cyrillic-ext-400-normal.woff2     15.34 kB
build/assets/woff2/roboto-latin-400-normal.woff2            15.74 kB
build/assets/woff/roboto-all-400-normal.woff                65.46 kB
build/assets/css/EdgesPanel.css                              0.06 kB │ gzip:   0.08 kB
build/assets/css/RadiosPanelNew.css                          0.22 kB │ gzip:   0.17 kB
build/assets/css/SubscribersPanel.css                        0.23 kB │ gzip:   0.17 kB
build/assets/css/Diagnostics.css                             0.29 kB │ gzip:   0.21 kB
build/assets/css/Calibrate.css                               0.64 kB │ gzip:   0.40 kB
build/assets/css/ReactTable.css                              1.32 kB │ gzip:   0.56 kB
build/assets/css/index.css                                   1.77 kB │ gzip:   0.77 kB
build/assets/css/Dashboard.css                               4.02 kB │ gzip:   2.01 kB
build/assets/css/EditNotes.css                              17.96 kB │ gzip:   3.16 kB
build/chunks/styled.2956edd4.js                              0.12 kB │ gzip:   0.14 kB │ map:     0.34 kB
build/chunks/QoS-service.f7208906.js                         0.26 kB │ gzip:   0.22 kB │ map:     0.80 kB
build/chunks/LightTooltip.80a339ed.js                        0.34 kB │ gzip:   0.28 kB │ map:     1.06 kB
build/chunks/ArrowForwardIosSharp.9b911e5a.js                0.36 kB │ gzip:   0.29 kB │ map:     1.12 kB
build/chunks/hardwareInventory-service.e8011aa6.js           0.38 kB │ gzip:   0.30 kB │ map:     1.14 kB
build/chunks/NotImplemented.aaa27027.js                      0.55 kB │ gzip:   0.40 kB │ map:     1.39 kB
build/chunks/AccordianSummary.962fae85.js                    0.63 kB │ gzip:   0.44 kB │ map:     1.72 kB
build/chunks/Card.7c6ea07f.js                                0.63 kB │ gzip:   0.43 kB │ map:     4.60 kB
build/chunks/useInterval.4fab89a8.js                         0.71 kB │ gzip:   0.41 kB │ map:     3.67 kB
build/chunks/TimeDateInput.b5bc6510.js                       0.88 kB │ gzip:   0.50 kB │ map:     3.03 kB
build/chunks/LineChart.f3bfb0da.js                           1.05 kB │ gzip:   0.66 kB │ map:     3.88 kB
build/chunks/adaptV4Theme.2b64dd3c.js                        1.13 kB │ gzip:   0.54 kB │ map:     4.98 kB
build/chunks/TabPanel.2fcdbcdf.js                            1.14 kB │ gzip:   0.63 kB │ map:     4.33 kB
build/chunks/ModalDialogComponent.1d25cc12.js                1.28 kB │ gzip:   0.71 kB │ map:     4.53 kB
build/chunks/index.4cfc0a86.js                               1.98 kB │ gzip:   0.66 kB │ map:     5.83 kB
build/chunks/HealthGauge.1c0274c6.js                         2.37 kB │ gzip:   1.29 kB │ map:     8.47 kB
build/chunks/useSupport.4704ff39.js                          2.45 kB │ gzip:   1.08 kB │ map:    10.12 kB
build/chunks/Checkbox.5b0eda39.js                            2.46 kB │ gzip:   1.16 kB │ map:    13.67 kB
build/chunks/radioHelper.0247ce8f.js                         2.58 kB │ gzip:   1.17 kB │ map:     8.50 kB
build/chunks/AuditLog.a2c0ea1b.js                            3.71 kB │ gzip:   1.58 kB │ map:    14.13 kB
build/chunks/SlideUpTransition.bd3d2e22.js                   4.03 kB │ gzip:   1.61 kB │ map:    19.76 kB
build/chunks/index.7dc0730b.js                               4.14 kB │ gzip:   1.49 kB │ map:    13.64 kB
build/chunks/Logs.70ebc69b.js                                4.78 kB │ gzip:   2.11 kB │ map:    19.49 kB
build/chunks/AccordionSummary.3765b0cb.js                    5.73 kB │ gzip:   1.97 kB │ map:    27.76 kB
build/chunks/useStyles.281cb5a8.js                           6.39 kB │ gzip:   2.38 kB │ map:    26.35 kB
build/chunks/web-vitals.dfcc5b9a.js                          6.98 kB │ gzip:   2.58 kB │ map:    16.56 kB
build/chunks/TablePagination.7b104990.js                     8.27 kB │ gzip:   3.16 kB │ map:    42.12 kB
build/chunks/NetworkStats.e8fbf048.js                        8.90 kB │ gzip:   3.31 kB │ map:    33.00 kB
build/chunks/DnnPanel.c7cb6ffd.js                            9.67 kB │ gzip:   3.67 kB │ map:    37.84 kB
build/chunks/airspan.70d799c0.js                            10.94 kB │ gzip:   3.25 kB │ map:    34.71 kB
build/chunks/GMap.43ea85db.js                               16.54 kB │ gzip:   5.29 kB │ map:    51.13 kB
build/chunks/Diagnostics.fd75f9cf.js                        23.61 kB │ gzip:   7.54 kB │ map:    89.63 kB
build/chunks/index.d5a4c370.js                              41.18 kB │ gzip:  10.55 kB │ map:   154.16 kB
build/chunks/AuditLogDetails.1731421d.js                    41.88 kB │ gzip:  13.90 kB │ map:   315.56 kB
build/chunks/RadioForm.a574c3f2.js                          52.23 kB │ gzip:  14.56 kB │ map:   222.78 kB
build/chunks/System.3b2b3079.js                             66.09 kB │ gzip:  15.17 kB │ map:   248.53 kB
build/chunks/Calibrate.16e962e7.js                          71.85 kB │ gzip:  23.84 kB │ map:   252.05 kB
build/chunks/ReactTable.d2166050.js                         88.75 kB │ gzip:  27.05 kB │ map:   276.61 kB
build/chunks/Dashboard.61180928.js                          90.62 kB │ gzip:  21.85 kB │ map:   520.74 kB
build/chunks/RadiosPanelNew.cf7dd686.js                    141.68 kB │ gzip:  37.98 kB │ map:   553.61 kB
build/chunks/EdgesPanel.b0c8fcb3.js                        144.42 kB │ gzip:  35.61 kB │ map:   527.93 kB
build/chunks/SubscribersPanel.ee0abcf6.js                  162.85 kB │ gzip:  53.07 kB │ map:   575.39 kB
build/chunks/DataGrid.cd0c5c06.js                          280.40 kB │ gzip:  84.80 kB │ map: 1,359.73 kB
build/chunks/highcharts.c52e47c9.js                        296.73 kB │ gzip: 106.33 kB │ map:   694.32 kB
build/chunks/EditNotes.144e6394.js                         489.27 kB │ gzip: 132.59 kB │ map: 1,675.29 kB
build/js/index.2608c995.js                               2,129.20 kB │ gzip: 470.92 kB │ map: 5,380.44 kB

(!) Some chunks are larger than 1000 kBs after minification. Consider:
- Using dynamic import() to code-split the application
- Use build.rollupOptions.output.manualChunks to improve chunking: https://rollupjs.org/configuration-options/#output-manualchunks
- Adjust chunk size limit for this warning via build.chunkSizeWarningLimit.
✓ built in 3m 3s
Done in 185.55s.
Compilation done...
Complete at Tue Jul 18 02:33:09 AM EDT 2023
\n ************************************************** \n
Compiling at Tue Jul 18 07:30:00 AM EDT 2023
Pulling latest changes from Git...
From https://github.com/Highway9-Networks/h9-saas
   eac73cb54..e6764ee7f  main                    -> origin/main
 * [new branch]          Fix_gcsfuse_Issue       -> origin/Fix_gcsfuse_Issue
   614bc6fae..94d04299e  dpka/main               -> origin/dpka/main
 * [new branch]          fix/Depandabot-Alert-UI -> origin/fix/Depandabot-Alert-UI
 * [new branch]          fix/ReactTable-UserPage -> origin/fix/ReactTable-UserPage
   1ad831b1b..2b9ed33ad  imran-automation        -> origin/imran-automation
   6800be3d1..b68ead8a7  main-prod               -> origin/main-prod
   a7081fc64..05abea974  private/abhagwat        -> origin/private/abhagwat
   2e57f01c9..7a5227d4f  private/abhagwat-prod   -> origin/private/abhagwat-prod
   a67561e88..d1e15b853  private/dileep/FixingIssues_04_07_23 -> origin/private/dileep/FixingIssues_04_07_23
   9b6010647..0e8d91a85  xpJain/change2          -> origin/xpJain/change2
 * [new branch]          xpJain/fp-revist        -> origin/xpJain/fp-revist
Updating eac73cb54..e6764ee7f
Fast-forward
 .../mocngw/mocngw/tasks/s1ap/s1ap_mme_handlers.c   |  26 +-
 orch/orch-ui/src/store/context/subscriberSlice.ts  |   7 +-
 .../views/edges/Operator/OperatorDetailsDialog.jsx |   1 +
 .../views/edges/Operator/OperatorDetailsInfo.jsx   |  75 ++---
 .../views/radios/Graphs/EdgeConnectivityChart.jsx  |  11 +-
 orch/orch-ui/src/views/radios/RadioKpi.tsx         | 161 +---------
 .../src/views/subscribers/useSubsciberPanel.tsx    |  25 +-
 saas/saas-ui/src/components/LabelEx.jsx            |   2 +
 saas/saas-ui/src/types/user.ts                     |  20 ++
 .../views/serviceInstance/HealthDetailsDialog.jsx  | 198 ++++++-------
 saas/saas-ui/src/views/users/UsersPanel.jsx        | 262 ----------------
 saas/saas-ui/src/views/users/UsersPanel.tsx        | 330 +++++++++++++++++++++
 12 files changed, 523 insertions(+), 595 deletions(-)
 create mode 100644 saas/saas-ui/src/types/user.ts
 delete mode 100644 saas/saas-ui/src/views/users/UsersPanel.jsx
 create mode 100644 saas/saas-ui/src/views/users/UsersPanel.tsx
Compiling the orch UI code...
Deleting build...
Folder build deleted.
Folder A is unchanged.
yarn
yarn install v1.22.19
[1/4] Resolving packages...
success Already up-to-date.
Done in 0.80s.
yarn run build
yarn run v1.22.19
$ vite build
vite v4.3.9 building for production...
[plugin:vite-plugin-eslint] LintOnStart is turned on, and it will check for all matching files.
transforming...
✓ 13543 modules transformed.
rendering chunks...
computing gzip size...
build/assets/svg/pin.svg                                     0.85 kB │ gzip:   0.44 kB
build/assets/svg/current.svg                                 0.96 kB │ gzip:   0.47 kB
build/index.html                                             1.00 kB │ gzip:   0.53 kB
build/assets/svg/celltower.svg                               2.73 kB │ gzip:   1.41 kB
build/assets/svg/green-plain.svg                             3.30 kB │ gzip:   1.25 kB
build/assets/svg/pointer.svg                                 3.36 kB │ gzip:   1.27 kB
build/assets/svg/pointer-green.svg                           4.26 kB │ gzip:   1.56 kB
build/assets/svg/pointer-grey.svg                            4.26 kB │ gzip:   1.56 kB
build/assets/svg/markerA.svg                                 4.71 kB │ gzip:   1.66 kB
build/assets/woff2/roboto-vietnamese-400-normal.woff2        5.56 kB
build/assets/svg/markerB.svg                                 5.70 kB │ gzip:   2.12 kB
build/assets/woff2/roboto-greek-400-normal.woff2             7.11 kB
build/assets/svg/Radio-Indoor-Icon.svg                       7.43 kB │ gzip:   1.99 kB
build/assets/woff2/roboto-cyrillic-400-normal.woff2          9.63 kB
build/assets/woff2/roboto-latin-ext-400-normal.woff2        11.87 kB
build/assets/woff2/roboto-cyrillic-ext-400-normal.woff2     15.34 kB
build/assets/woff2/roboto-latin-400-normal.woff2            15.74 kB
build/assets/woff/roboto-all-400-normal.woff                65.46 kB
build/assets/css/EdgesPanel.css                              0.06 kB │ gzip:   0.08 kB
build/assets/css/RadiosPanelNew.css                          0.22 kB │ gzip:   0.17 kB
build/assets/css/SubscribersPanel.css                        0.23 kB │ gzip:   0.17 kB
build/assets/css/Diagnostics.css                             0.29 kB │ gzip:   0.21 kB
build/assets/css/Calibrate.css                               0.64 kB │ gzip:   0.40 kB
build/assets/css/ReactTable.css                              1.32 kB │ gzip:   0.56 kB
build/assets/css/index.css                                   1.77 kB │ gzip:   0.77 kB
build/assets/css/Dashboard.css                               4.02 kB │ gzip:   2.01 kB
build/assets/css/EditNotes.css                              17.96 kB │ gzip:   3.16 kB
build/chunks/styled.de0d8fbf.js                              0.12 kB │ gzip:   0.14 kB │ map:     0.34 kB
build/chunks/QoS-service.18d37638.js                         0.26 kB │ gzip:   0.22 kB │ map:     0.80 kB
build/chunks/LightTooltip.3a3073ec.js                        0.34 kB │ gzip:   0.28 kB │ map:     1.06 kB
build/chunks/ArrowForwardIosSharp.4dfa3d47.js                0.36 kB │ gzip:   0.29 kB │ map:     1.12 kB
build/chunks/hardwareInventory-service.97b9ae44.js           0.38 kB │ gzip:   0.30 kB │ map:     1.14 kB
build/chunks/NotImplemented.1943b019.js                      0.55 kB │ gzip:   0.40 kB │ map:     1.39 kB
build/chunks/AccordianSummary.703eb31d.js                    0.63 kB │ gzip:   0.44 kB │ map:     1.72 kB
build/chunks/Card.f4c6cd4e.js                                0.63 kB │ gzip:   0.43 kB │ map:     4.60 kB
build/chunks/useInterval.001bdb67.js                         0.71 kB │ gzip:   0.41 kB │ map:     3.67 kB
build/chunks/TimeDateInput.76b5d3dc.js                       0.88 kB │ gzip:   0.50 kB │ map:     3.03 kB
build/chunks/LineChart.dca26164.js                           1.05 kB │ gzip:   0.66 kB │ map:     3.88 kB
build/chunks/adaptV4Theme.3abce8f4.js                        1.13 kB │ gzip:   0.54 kB │ map:     4.98 kB
build/chunks/TabPanel.03b21024.js                            1.14 kB │ gzip:   0.63 kB │ map:     4.33 kB
build/chunks/ModalDialogComponent.dc4a92fd.js                1.28 kB │ gzip:   0.70 kB │ map:     4.53 kB
build/chunks/index.734e486b.js                               1.98 kB │ gzip:   0.66 kB │ map:     5.83 kB
build/chunks/HealthGauge.e8169102.js                         2.37 kB │ gzip:   1.29 kB │ map:     8.47 kB
build/chunks/useSupport.94276059.js                          2.45 kB │ gzip:   1.08 kB │ map:    10.12 kB
build/chunks/Checkbox.ee142100.js                            2.46 kB │ gzip:   1.16 kB │ map:    13.67 kB
build/chunks/radioHelper.ee44ec46.js                         2.58 kB │ gzip:   1.17 kB │ map:     8.50 kB
build/chunks/AuditLog.e1d53b60.js                            3.71 kB │ gzip:   1.58 kB │ map:    14.13 kB
build/chunks/SlideUpTransition.5b3adeca.js                   4.03 kB │ gzip:   1.61 kB │ map:    19.76 kB
build/chunks/index.4624fac2.js                               4.14 kB │ gzip:   1.48 kB │ map:    13.64 kB
build/chunks/Logs.ce329d9f.js                                4.78 kB │ gzip:   2.11 kB │ map:    19.49 kB
build/chunks/AccordionSummary.7c7f3334.js                    5.73 kB │ gzip:   1.97 kB │ map:    27.76 kB
build/chunks/useStyles.d96e4a7f.js                           6.39 kB │ gzip:   2.38 kB │ map:    26.35 kB
build/chunks/web-vitals.dfcc5b9a.js                          6.98 kB │ gzip:   2.58 kB │ map:    16.56 kB
build/chunks/TablePagination.fadff3e6.js                     8.27 kB │ gzip:   3.16 kB │ map:    42.12 kB
build/chunks/NetworkStats.1951fb23.js                        8.90 kB │ gzip:   3.30 kB │ map:    33.00 kB
build/chunks/DnnPanel.bfee2fc9.js                            9.67 kB │ gzip:   3.67 kB │ map:    37.84 kB
build/chunks/airspan.56a813d9.js                            10.94 kB │ gzip:   3.25 kB │ map:    34.71 kB
build/chunks/GMap.a9c544e5.js                               16.54 kB │ gzip:   5.28 kB │ map:    51.13 kB
build/chunks/Diagnostics.a9f3a045.js                        23.61 kB │ gzip:   7.54 kB │ map:    89.63 kB
build/chunks/index.6f2fafe4.js                              41.18 kB │ gzip:  10.55 kB │ map:   154.16 kB
build/chunks/AuditLogDetails.5333a4fc.js                    41.88 kB │ gzip:  13.90 kB │ map:   315.56 kB
build/chunks/RadioForm.d751a754.js                          52.23 kB │ gzip:  14.56 kB │ map:   222.78 kB
build/chunks/System.e013aa1c.js                             66.09 kB │ gzip:  15.17 kB │ map:   248.53 kB
build/chunks/Calibrate.badf4b53.js                          71.85 kB │ gzip:  23.84 kB │ map:   252.05 kB
build/chunks/ReactTable.ad53b0f2.js                         88.75 kB │ gzip:  27.05 kB │ map:   276.61 kB
build/chunks/Dashboard.48474ab9.js                          90.62 kB │ gzip:  21.85 kB │ map:   520.74 kB
build/chunks/RadiosPanelNew.79238c99.js                    141.65 kB │ gzip:  37.97 kB │ map:   547.49 kB
build/chunks/EdgesPanel.fc5c3833.js                        144.92 kB │ gzip:  35.62 kB │ map:   529.11 kB
build/chunks/SubscribersPanel.67cd7db6.js                  162.93 kB │ gzip:  53.09 kB │ map:   575.11 kB
build/chunks/DataGrid.b42a9d75.js                          280.40 kB │ gzip:  84.80 kB │ map: 1,359.73 kB
build/chunks/highcharts.60f7daca.js                        296.73 kB │ gzip: 106.33 kB │ map:   694.32 kB
build/chunks/EditNotes.a3e2a288.js                         489.27 kB │ gzip: 132.59 kB │ map: 1,675.29 kB
build/js/index.0d03a982.js                               2,129.20 kB │ gzip: 470.92 kB │ map: 5,380.45 kB

(!) Some chunks are larger than 1000 kBs after minification. Consider:
- Using dynamic import() to code-split the application
- Use build.rollupOptions.output.manualChunks to improve chunking: https://rollupjs.org/configuration-options/#output-manualchunks
- Adjust chunk size limit for this warning via build.chunkSizeWarningLimit.
✓ built in 3m 1s
Done in 183.64s.
Compilation done...
Complete at Tue Jul 18 07:33:10 AM EDT 2023
\n ************************************************** \n
Compiling at Tue Jul 18 10:30:00 AM EDT 2023
Pulling latest changes from Git...
From https://github.com/Highway9-Networks/h9-saas
   e6764ee7f..77746d485  main                    -> origin/main
   a12887e00..43a69fa8f  balaji/mmeretry         -> origin/balaji/mmeretry
   2b9ed33ad..8709ea823  imran-automation        -> origin/imran-automation
   f82fb0516..ea5ab189f  private/akshay-32       -> origin/private/akshay-32
 * [new branch]          private/release/liveFix -> origin/private/release/liveFix
   65a86d8c8..d07437184  xpJain/fp-revist        -> origin/xpJain/fp-revist
Updating e6764ee7f..77746d485
Fast-forward
 edge/carriergw/mocngw/mocngw/tasks/access/access.c           | 5 +++++
 edge/carriergw/mocngw/mocngw/tasks/network/network_encoder.c | 2 ++
 edge/carriergw/mocngw/mocngw/tasks/s1ap/s1ap_dummy.c         | 2 ++
 edge/carriergw/mocngw/mocngw/tasks/s1ap/s1ap_mme_handlers.c  | 1 +
 edge/carriergw/mocngw_datapath/mocn_datapathd/h9_ofc_app.py  | 6 ++++++
 5 files changed, 16 insertions(+)
Compiling the orch UI code...
Deleting build...
Folder build deleted.
Folder A is unchanged.
yarn
yarn install v1.22.19
[1/4] Resolving packages...
success Already up-to-date.
Done in 0.93s.
yarn run build
yarn run v1.22.19
$ vite build
vite v4.3.9 building for production...
[plugin:vite-plugin-eslint] LintOnStart is turned on, and it will check for all matching files.
transforming...
✓ 13543 modules transformed.
rendering chunks...
computing gzip size...
build/assets/svg/pin.svg                                     0.85 kB │ gzip:   0.44 kB
build/assets/svg/current.svg                                 0.96 kB │ gzip:   0.47 kB
build/index.html                                             1.00 kB │ gzip:   0.53 kB
build/assets/svg/celltower.svg                               2.73 kB │ gzip:   1.41 kB
build/assets/svg/green-plain.svg                             3.30 kB │ gzip:   1.25 kB
build/assets/svg/pointer.svg                                 3.36 kB │ gzip:   1.27 kB
build/assets/svg/pointer-green.svg                           4.26 kB │ gzip:   1.56 kB
build/assets/svg/pointer-grey.svg                            4.26 kB │ gzip:   1.56 kB
build/assets/svg/markerA.svg                                 4.71 kB │ gzip:   1.66 kB
build/assets/woff2/roboto-vietnamese-400-normal.woff2        5.56 kB
build/assets/svg/markerB.svg                                 5.70 kB │ gzip:   2.12 kB
build/assets/woff2/roboto-greek-400-normal.woff2             7.11 kB
build/assets/svg/Radio-Indoor-Icon.svg                       7.43 kB │ gzip:   1.99 kB
build/assets/woff2/roboto-cyrillic-400-normal.woff2          9.63 kB
build/assets/woff2/roboto-latin-ext-400-normal.woff2        11.87 kB
build/assets/woff2/roboto-cyrillic-ext-400-normal.woff2     15.34 kB
build/assets/woff2/roboto-latin-400-normal.woff2            15.74 kB
build/assets/woff/roboto-all-400-normal.woff                65.46 kB
build/assets/css/EdgesPanel.css                              0.06 kB │ gzip:   0.08 kB
build/assets/css/RadiosPanelNew.css                          0.22 kB │ gzip:   0.17 kB
build/assets/css/SubscribersPanel.css                        0.23 kB │ gzip:   0.17 kB
build/assets/css/Diagnostics.css                             0.29 kB │ gzip:   0.21 kB
build/assets/css/Calibrate.css                               0.64 kB │ gzip:   0.40 kB
build/assets/css/ReactTable.css                              1.32 kB │ gzip:   0.56 kB
build/assets/css/index.css                                   1.77 kB │ gzip:   0.77 kB
build/assets/css/Dashboard.css                               4.02 kB │ gzip:   2.01 kB
build/assets/css/EditNotes.css                              17.96 kB │ gzip:   3.16 kB
build/chunks/styled.de0d8fbf.js                              0.12 kB │ gzip:   0.14 kB │ map:     0.34 kB
build/chunks/QoS-service.18d37638.js                         0.26 kB │ gzip:   0.22 kB │ map:     0.80 kB
build/chunks/LightTooltip.3a3073ec.js                        0.34 kB │ gzip:   0.28 kB │ map:     1.06 kB
build/chunks/ArrowForwardIosSharp.4dfa3d47.js                0.36 kB │ gzip:   0.29 kB │ map:     1.12 kB
build/chunks/hardwareInventory-service.97b9ae44.js           0.38 kB │ gzip:   0.30 kB │ map:     1.14 kB
build/chunks/NotImplemented.1943b019.js                      0.55 kB │ gzip:   0.40 kB │ map:     1.39 kB
build/chunks/AccordianSummary.703eb31d.js                    0.63 kB │ gzip:   0.44 kB │ map:     1.72 kB
build/chunks/Card.f4c6cd4e.js                                0.63 kB │ gzip:   0.43 kB │ map:     4.60 kB
build/chunks/useInterval.001bdb67.js                         0.71 kB │ gzip:   0.41 kB │ map:     3.67 kB
build/chunks/TimeDateInput.76b5d3dc.js                       0.88 kB │ gzip:   0.50 kB │ map:     3.03 kB
build/chunks/LineChart.dca26164.js                           1.05 kB │ gzip:   0.66 kB │ map:     3.88 kB
build/chunks/adaptV4Theme.3abce8f4.js                        1.13 kB │ gzip:   0.54 kB │ map:     4.98 kB
build/chunks/TabPanel.03b21024.js                            1.14 kB │ gzip:   0.63 kB │ map:     4.33 kB
build/chunks/ModalDialogComponent.dc4a92fd.js                1.28 kB │ gzip:   0.70 kB │ map:     4.53 kB
build/chunks/index.734e486b.js                               1.98 kB │ gzip:   0.66 kB │ map:     5.83 kB
build/chunks/HealthGauge.e8169102.js                         2.37 kB │ gzip:   1.29 kB │ map:     8.47 kB
build/chunks/useSupport.94276059.js                          2.45 kB │ gzip:   1.08 kB │ map:    10.12 kB
build/chunks/Checkbox.ee142100.js                            2.46 kB │ gzip:   1.16 kB │ map:    13.67 kB
build/chunks/radioHelper.ee44ec46.js                         2.58 kB │ gzip:   1.17 kB │ map:     8.50 kB
build/chunks/AuditLog.e1d53b60.js                            3.71 kB │ gzip:   1.58 kB │ map:    14.13 kB
build/chunks/SlideUpTransition.5b3adeca.js                   4.03 kB │ gzip:   1.61 kB │ map:    19.76 kB
build/chunks/index.4624fac2.js                               4.14 kB │ gzip:   1.48 kB │ map:    13.64 kB
build/chunks/Logs.ce329d9f.js                                4.78 kB │ gzip:   2.11 kB │ map:    19.49 kB
build/chunks/AccordionSummary.7c7f3334.js                    5.73 kB │ gzip:   1.97 kB │ map:    27.76 kB
build/chunks/useStyles.d96e4a7f.js                           6.39 kB │ gzip:   2.38 kB │ map:    26.35 kB
build/chunks/web-vitals.dfcc5b9a.js                          6.98 kB │ gzip:   2.58 kB │ map:    16.56 kB
build/chunks/TablePagination.fadff3e6.js                     8.27 kB │ gzip:   3.16 kB │ map:    42.12 kB
build/chunks/NetworkStats.1951fb23.js                        8.90 kB │ gzip:   3.30 kB │ map:    33.00 kB
build/chunks/DnnPanel.bfee2fc9.js                            9.67 kB │ gzip:   3.67 kB │ map:    37.84 kB
build/chunks/airspan.56a813d9.js                            10.94 kB │ gzip:   3.25 kB │ map:    34.71 kB
build/chunks/GMap.a9c544e5.js                               16.54 kB │ gzip:   5.28 kB │ map:    51.13 kB
build/chunks/Diagnostics.a9f3a045.js                        23.61 kB │ gzip:   7.54 kB │ map:    89.63 kB
build/chunks/index.6f2fafe4.js                              41.18 kB │ gzip:  10.55 kB │ map:   154.16 kB
build/chunks/AuditLogDetails.5333a4fc.js                    41.88 kB │ gzip:  13.90 kB │ map:   315.56 kB
build/chunks/RadioForm.d751a754.js                          52.23 kB │ gzip:  14.56 kB │ map:   222.78 kB
build/chunks/System.e013aa1c.js                             66.09 kB │ gzip:  15.17 kB │ map:   248.53 kB
build/chunks/Calibrate.badf4b53.js                          71.85 kB │ gzip:  23.84 kB │ map:   252.05 kB
build/chunks/ReactTable.ad53b0f2.js                         88.75 kB │ gzip:  27.05 kB │ map:   276.61 kB
build/chunks/Dashboard.48474ab9.js                          90.62 kB │ gzip:  21.85 kB │ map:   520.74 kB
build/chunks/RadiosPanelNew.79238c99.js                    141.65 kB │ gzip:  37.97 kB │ map:   547.49 kB
build/chunks/EdgesPanel.fc5c3833.js                        144.92 kB │ gzip:  35.62 kB │ map:   529.11 kB
build/chunks/SubscribersPanel.67cd7db6.js                  162.93 kB │ gzip:  53.09 kB │ map:   575.11 kB
build/chunks/DataGrid.b42a9d75.js                          280.40 kB │ gzip:  84.80 kB │ map: 1,359.73 kB
build/chunks/highcharts.60f7daca.js                        296.73 kB │ gzip: 106.33 kB │ map:   694.32 kB
build/chunks/EditNotes.a3e2a288.js                         489.27 kB │ gzip: 132.59 kB │ map: 1,675.29 kB
build/js/index.0d03a982.js                               2,129.20 kB │ gzip: 470.92 kB │ map: 5,380.45 kB

(!) Some chunks are larger than 1000 kBs after minification. Consider:
- Using dynamic import() to code-split the application
- Use build.rollupOptions.output.manualChunks to improve chunking: https://rollupjs.org/configuration-options/#output-manualchunks
- Adjust chunk size limit for this warning via build.chunkSizeWarningLimit.
✓ built in 2m 58s
Done in 181.76s.
Compilation done...
Complete at Tue Jul 18 10:33:07 AM EDT 2023
\n ************************************************** \n
Compiling at Wed Jul 19 02:30:00 AM EDT 2023
Pulling latest changes from Git...
From https://github.com/Highway9-Networks/h9-saas
   77746d485..130b9831f  main                    -> origin/main
 * [new branch]          Cherry-pick_gcsfuse_fix -> origin/Cherry-pick_gcsfuse_fix
   43a69fa8f..18326e539  balaji/mmeretry         -> origin/balaji/mmeretry
 * [new branch]          fix/Graph-Label         -> origin/fix/Graph-Label
 * [new branch]          fix/GraphMetrics-label  -> origin/fix/GraphMetrics-label
   b68ead8a7..b7d6b88e5  main-prod               -> origin/main-prod
   6512a4eb9..b30403c62  main-release            -> origin/main-release
 * [new branch]          nidhi/techSupport       -> origin/nidhi/techSupport
   05abea974..401d43f44  private/abhagwat        -> origin/private/abhagwat
   ea5ab189f..927eacfe1  private/akshay-32       -> origin/private/akshay-32
 * [new branch]          private/akshay-33       -> origin/private/akshay-33
   2a725305c..f0c976686  private/akshay-9339     -> origin/private/akshay-9339
 * [new branch]          private/akshay-integ-1  -> origin/private/akshay-integ-1
   d47e20c6c..767f3d75a  private/akshay-new-30   -> origin/private/akshay-new-30
   38f5d4db0..430ea4e5d  private/ankita/airspan-mobility -> origin/private/ankita/airspan-mobility
   9c13bc2aa..5f9fc6842  private/mdighe/mocn-fixes -> origin/private/mdighe/mocn-fixes
 * [new branch]          private/omkar/issue-9469 -> origin/private/omkar/issue-9469
Updating 77746d485..130b9831f
Fast-forward
 clusterAgent/grpcServer/scripts/deploy_vmc_gcp.sh  |   8 +-
 .../grpcServer/scripts/deploy_vmc_private_cloud.sh |   8 +-
 common/Makefile                                    |   6 +-
 common/adapters/airspan/airspan.go                 | 113 ++++-
 common/adapters/airspan/airspanApi.go              | 186 ++++++-
 common/adapters/airspan/airspanApiTemplates.go     |   7 -
 common/adapters/airspan/airspanConfig.go           | 192 ++++++--
 common/adapters/airspan/airspanMobility.go         | 205 ++++++++
 common/adapters/airspan/airspanUtils.go            |  11 +-
 common/adapters/baicells/baicells.go               |   4 +-
 common/adapters/radioCommon/BaseRadioManager.go    |   2 +-
 common/adapters/radioCommon/radioCommon.go         |  20 +
 .../adapters/radioCommon/radioManagerInstance.go   |   2 +-
 common/common.mk                                   |   8 +-
 common/nginx/firstboot.sh                          |  10 +-
 common/tests/airspan/airspan_test.go               |  44 +-
 common/utils/pkiUtils.go                           |  28 ++
 edge/carriergw/configmgr/go.mod                    |  11 +-
 .../configmgr/src/cmpclient/cmpConfig/cmpConfig.go | 543 ++++++++++++++++-----
 .../carriergw/configmgr/src/cmpclient/cmpclient.go | 162 +++++-
 edge/carriergw/configmgr/src/secgw/secgw.go        |  36 ++
 .../configmgr/src/secgw/secgwConfig/secgwConfig.go | 259 +++++++---
 .../src/statesync/certUpload/certUpload.go         |  28 +-
 .../src/statesync/cmpStateSync/cmpStateSync.go     |  20 +-
 .../src/statesync/secgwStateSync/secgwStateSync.go |  18 +-
 edge/common/db/baseDao.go                          | 129 ++++-
 h9-saas.code-workspace                             |   3 +-
 .../templates/ngnix/h9-nginx-deployment.yaml       |   5 +
 orch/orch-api/apihandler/AlarmsRestHandler.go      |   4 +-
 orch/orch-api/apihandler/MnoOperatorHandler.go     |  25 +-
 orch/orch-api/apihandler/OperationRestHandler.go   |   3 +
 orch/orch-api/go.mod                               |   8 +-
 .../grpchandler/carriergwStateSyncHandler.go       | 312 ++++++------
 orch/orch-api/grpchandler/shellCommandHandler.go   | 212 +++++---
 orch/orch-api/operationHandler/cmpConfig.go        |  89 ++++
 orch/orch-api/utils/utils.go                       |   6 +
 orch/orch-common/db/daoHelper.go                   |   3 +
 orch/orch-common/go.mod                            |   4 +-
 .../protobuf/proto/carriergwstatesync.proto        |   5 +
 .../swagger/definitions/MnoOperator.yaml           |  21 +
 .../swagger/definitions/MnoOperatorCmpAction.yaml  |  10 +
 .../swagger-api/swagger/definitions/Operation.yaml |   5 +-
 orch/orch-common/utils/radioUtils.go               |  81 +++
 orch/orch-service/go.mod                           |   2 +-
 .../scripts/edge-scripts/activate_agw.sh           |   2 +
 .../services/radioService/radioService.go          |  37 +-
 orch/orch-ui/src/views/radios/Import/Sign.tsx      |   1 -
 .../subscribers/graphs/timeline/TimelineGraph.tsx  |   2 +-
 orch/orch-ui/yarn.lock                             |   4 +-
 .../templates/saas-service/DbBackupCronDaily.yaml  |   2 +-
 .../saas-service/DbBackupCronMonthly.yaml          |   2 +-
 .../templates/saas-service/DbBackupCronWeekly.yaml |   2 +-
 .../templates/saas-service/DbBackupCronYearly.yaml |   2 +-
 .../saas-service/saas-service-deployment.yaml      |   2 +-
 saas/saas-api/go.mod                               |  12 +-
 .../scripts/deploy_service_instance.sh             |   8 +-
 .../serviceInstanceManagerService.go               |   2 +-
 saas/saas-ui/yarn.lock                             |   4 +-
 58 files changed, 2340 insertions(+), 600 deletions(-)
 create mode 100644 common/utils/pkiUtils.go
 create mode 100644 orch/orch-api/operationHandler/cmpConfig.go
 create mode 100644 orch/orch-common/swagger-api/swagger/definitions/MnoOperatorCmpAction.yaml
Compiling the orch UI code...
Deleting build...
Folder build deleted.
Folder A is unchanged.
yarn
yarn install v1.22.19
[1/4] Resolving packages...
success Already up-to-date.
Done in 2.43s.
yarn run build
yarn run v1.22.19
$ vite build
vite v4.3.9 building for production...
[plugin:vite-plugin-eslint] LintOnStart is turned on, and it will check for all matching files.
transforming...
✓ 13543 modules transformed.
rendering chunks...
computing gzip size...
build/assets/svg/pin.svg                                     0.85 kB │ gzip:   0.44 kB
build/assets/svg/current.svg                                 0.96 kB │ gzip:   0.47 kB
build/index.html                                             1.00 kB │ gzip:   0.53 kB
build/assets/svg/celltower.svg                               2.73 kB │ gzip:   1.41 kB
build/assets/svg/green-plain.svg                             3.30 kB │ gzip:   1.25 kB
build/assets/svg/pointer.svg                                 3.36 kB │ gzip:   1.27 kB
build/assets/svg/pointer-green.svg                           4.26 kB │ gzip:   1.56 kB
build/assets/svg/pointer-grey.svg                            4.26 kB │ gzip:   1.56 kB
build/assets/svg/markerA.svg                                 4.71 kB │ gzip:   1.66 kB
build/assets/woff2/roboto-vietnamese-400-normal.woff2        5.56 kB
build/assets/svg/markerB.svg                                 5.70 kB │ gzip:   2.12 kB
build/assets/woff2/roboto-greek-400-normal.woff2             7.11 kB
build/assets/svg/Radio-Indoor-Icon.svg                       7.43 kB │ gzip:   1.99 kB
build/assets/woff2/roboto-cyrillic-400-normal.woff2          9.63 kB
build/assets/woff2/roboto-latin-ext-400-normal.woff2        11.87 kB
build/assets/woff2/roboto-cyrillic-ext-400-normal.woff2     15.34 kB
build/assets/woff2/roboto-latin-400-normal.woff2            15.74 kB
build/assets/woff/roboto-all-400-normal.woff                65.46 kB
build/assets/css/EdgesPanel.css                              0.06 kB │ gzip:   0.08 kB
build/assets/css/RadiosPanelNew.css                          0.22 kB │ gzip:   0.17 kB
build/assets/css/SubscribersPanel.css                        0.23 kB │ gzip:   0.17 kB
build/assets/css/Diagnostics.css                             0.29 kB │ gzip:   0.21 kB
build/assets/css/Calibrate.css                               0.64 kB │ gzip:   0.40 kB
build/assets/css/ReactTable.css                              1.32 kB │ gzip:   0.56 kB
build/assets/css/index.css                                   1.77 kB │ gzip:   0.77 kB
build/assets/css/Dashboard.css                               4.02 kB │ gzip:   2.01 kB
build/assets/css/EditNotes.css                              17.96 kB │ gzip:   3.16 kB
build/chunks/styled.068333ab.js                              0.12 kB │ gzip:   0.13 kB │ map:     0.34 kB
build/chunks/QoS-service.0f3d2d96.js                         0.26 kB │ gzip:   0.22 kB │ map:     0.80 kB
build/chunks/LightTooltip.61d8ce98.js                        0.34 kB │ gzip:   0.28 kB │ map:     1.06 kB
build/chunks/ArrowForwardIosSharp.564735ad.js                0.36 kB │ gzip:   0.29 kB │ map:     1.12 kB
build/chunks/hardwareInventory-service.4d6e8997.js           0.38 kB │ gzip:   0.30 kB │ map:     1.14 kB
build/chunks/NotImplemented.0529d296.js                      0.55 kB │ gzip:   0.40 kB │ map:     1.39 kB
build/chunks/AccordianSummary.10b8a441.js                    0.63 kB │ gzip:   0.44 kB │ map:     1.72 kB
build/chunks/Card.b87fa56c.js                                0.63 kB │ gzip:   0.43 kB │ map:     4.60 kB
build/chunks/useInterval.ba5e73b5.js                         0.71 kB │ gzip:   0.41 kB │ map:     3.67 kB
build/chunks/TimeDateInput.cf257842.js                       0.88 kB │ gzip:   0.50 kB │ map:     3.03 kB
build/chunks/LineChart.de10cf28.js                           1.05 kB │ gzip:   0.66 kB │ map:     3.88 kB
build/chunks/adaptV4Theme.35c7d303.js                        1.13 kB │ gzip:   0.54 kB │ map:     4.98 kB
build/chunks/TabPanel.5bb56803.js                            1.14 kB │ gzip:   0.63 kB │ map:     4.33 kB
build/chunks/ModalDialogComponent.87770290.js                1.28 kB │ gzip:   0.71 kB │ map:     4.53 kB
build/chunks/index.2e33e64d.js                               1.98 kB │ gzip:   0.66 kB │ map:     5.83 kB
build/chunks/HealthGauge.0d29064f.js                         2.37 kB │ gzip:   1.29 kB │ map:     8.47 kB
build/chunks/useSupport.32c25cfb.js                          2.45 kB │ gzip:   1.08 kB │ map:    10.12 kB
build/chunks/Checkbox.016765da.js                            2.46 kB │ gzip:   1.16 kB │ map:    13.67 kB
build/chunks/radioHelper.f4e985fc.js                         2.58 kB │ gzip:   1.17 kB │ map:     8.50 kB
build/chunks/AuditLog.79660e59.js                            3.71 kB │ gzip:   1.58 kB │ map:    14.13 kB
build/chunks/SlideUpTransition.60824d2a.js                   4.03 kB │ gzip:   1.61 kB │ map:    19.76 kB
build/chunks/index.bf03cedc.js                               4.14 kB │ gzip:   1.48 kB │ map:    13.64 kB
build/chunks/Logs.0af5be2f.js                                4.78 kB │ gzip:   2.11 kB │ map:    19.49 kB
build/chunks/AccordionSummary.4b53fe84.js                    5.73 kB │ gzip:   1.97 kB │ map:    27.76 kB
build/chunks/useStyles.c5d902c0.js                           6.39 kB │ gzip:   2.38 kB │ map:    26.35 kB
build/chunks/web-vitals.dfcc5b9a.js                          6.98 kB │ gzip:   2.58 kB │ map:    16.56 kB
build/chunks/TablePagination.b203c38a.js                     8.27 kB │ gzip:   3.16 kB │ map:    42.12 kB
build/chunks/NetworkStats.9f1073f7.js                        8.90 kB │ gzip:   3.31 kB │ map:    33.00 kB
build/chunks/DnnPanel.19edf56b.js                            9.67 kB │ gzip:   3.67 kB │ map:    37.84 kB
build/chunks/airspan.def8724c.js                            10.94 kB │ gzip:   3.25 kB │ map:    34.71 kB
build/chunks/GMap.30b9cca7.js                               16.54 kB │ gzip:   5.29 kB │ map:    51.13 kB
build/chunks/Diagnostics.1a66727a.js                        23.61 kB │ gzip:   7.55 kB │ map:    89.63 kB
build/chunks/index.ca8b9fad.js                              41.18 kB │ gzip:  10.56 kB │ map:   154.16 kB
build/chunks/AuditLogDetails.8ddbd740.js                    41.88 kB │ gzip:  13.90 kB │ map:   315.56 kB
build/chunks/RadioForm.496a160a.js                          52.23 kB │ gzip:  14.56 kB │ map:   222.78 kB
build/chunks/System.b9efe80b.js                             66.09 kB │ gzip:  15.17 kB │ map:   248.53 kB
build/chunks/Calibrate.f4d60bcf.js                          71.85 kB │ gzip:  23.84 kB │ map:   252.05 kB
build/chunks/ReactTable.df2ec62c.js                         88.75 kB │ gzip:  27.05 kB │ map:   276.61 kB
build/chunks/Dashboard.bc07ddf6.js                          90.62 kB │ gzip:  21.85 kB │ map:   520.74 kB
build/chunks/RadiosPanelNew.609d3b14.js                    141.63 kB │ gzip:  37.97 kB │ map:   547.46 kB
build/chunks/EdgesPanel.56f41b53.js                        144.92 kB │ gzip:  35.63 kB │ map:   529.11 kB
build/chunks/SubscribersPanel.ddee9483.js                  162.95 kB │ gzip:  53.10 kB │ map:   575.13 kB
build/chunks/DataGrid.beb987f7.js                          280.40 kB │ gzip:  84.80 kB │ map: 1,359.73 kB
build/chunks/highcharts.ba8985c8.js                        296.73 kB │ gzip: 106.33 kB │ map:   694.32 kB
build/chunks/EditNotes.9311cdaf.js                         489.27 kB │ gzip: 132.59 kB │ map: 1,675.29 kB
build/js/index.3933a7c1.js                               2,129.20 kB │ gzip: 470.92 kB │ map: 5,380.45 kB

(!) Some chunks are larger than 1000 kBs after minification. Consider:
- Using dynamic import() to code-split the application
- Use build.rollupOptions.output.manualChunks to improve chunking: https://rollupjs.org/configuration-options/#output-manualchunks
- Adjust chunk size limit for this warning via build.chunkSizeWarningLimit.
✓ built in 5m 12s
Done in 322.81s.
Compilation done...
Complete at Wed Jul 19 02:35:39 AM EDT 2023
\n ************************************************** \n
Compiling at Wed Jul 19 07:30:00 AM EDT 2023
Pulling latest changes from Git...
From https://github.com/Highway9-Networks/h9-saas
   130b9831f..9b31230e2  main                -> origin/main
   18326e539..21358c796  balaji/mmeretry     -> origin/balaji/mmeretry
 + cdb928cb5...dceb0801a nidhi/techSupport   -> origin/nidhi/techSupport  (forced update)
   401d43f44..f43f67791  private/abhagwat    -> origin/private/abhagwat
   2aa23a061..c39136ba4  private/akshay-33   -> origin/private/akshay-33
   f0c976686..ca38ab48b  private/akshay-9339 -> origin/private/akshay-9339
 * [new branch]          private/akshay-9339-temp -> origin/private/akshay-9339-temp
   430ea4e5d..9bfd797ac  private/ankita/airspan-mobility -> origin/private/ankita/airspan-mobility
   d1e15b853..f78d09730  private/dileep/FixingIssues_04_07_23 -> origin/private/dileep/FixingIssues_04_07_23
   cf3bca9de..b429a867d  private/issue-9445  -> origin/private/issue-9445
   5f9fc6842..2fd7e82d0  private/mdighe/mocn-fixes -> origin/private/mdighe/mocn-fixes
Updating 130b9831f..9b31230e2
Fast-forward
 common/adapters/airspan/airspan.go                 | 62 ++++++++++++++++++++++
 common/adapters/airspan/airspanApi.go              | 17 +++++-
 common/adapters/airspan/airspanMobility.go         | 19 +------
 common/common.mk                                   |  9 ++--
 common/tests/airspan/airspan_test.go               | 12 +++++
 edge/carriergw/mocngw/mocngw/inc/s1ap_types.h      |  1 +
 .../mocngw/mocngw/tasks/access/access_encoder.c    | 31 +++++++++++
 .../mocngw/mocngw/tasks/network/network_encoder.c  |  5 ++
 .../roles/agw-ami-configure/tasks/main.yaml        | 17 +++---
 .../scripts/edge-scripts/activate_agw.sh           |  6 +++
 orch/orch-ui/src/helpers/index.jsx                 |  1 +
 orch/orch-ui/src/hooks/useOperatorDetails.jsx      |  4 +-
 .../edges/CarrierGateway/CarrierGatewayTabs.tsx    | 48 ++++++++++++-----
 .../edges/CarrierGateway/ConnectedEdgeDevices.jsx  | 12 ++++-
 .../views/edges/CarrierGateway/ConnectedRadios.jsx | 15 ++++--
 .../views/edges/Operator/OperatorDetailsInfo.jsx   |  4 +-
 utility/edge_uprade/install_edge.sh                | 13 +++--
 17 files changed, 215 insertions(+), 61 deletions(-)
Compiling the orch UI code...
Deleting build...
Folder build deleted.
Folder A is unchanged.
yarn
yarn install v1.22.19
[1/4] Resolving packages...
success Already up-to-date.
Done in 2.15s.
yarn run build
yarn run v1.22.19
$ vite build
vite v4.3.9 building for production...
[plugin:vite-plugin-eslint] LintOnStart is turned on, and it will check for all matching files.
transforming...
✓ 13543 modules transformed.
rendering chunks...
computing gzip size...
build/assets/svg/pin.svg                                     0.85 kB │ gzip:   0.44 kB
build/assets/svg/current.svg                                 0.96 kB │ gzip:   0.47 kB
build/index.html                                             1.00 kB │ gzip:   0.53 kB
build/assets/svg/celltower.svg                               2.73 kB │ gzip:   1.41 kB
build/assets/svg/green-plain.svg                             3.30 kB │ gzip:   1.25 kB
build/assets/svg/pointer.svg                                 3.36 kB │ gzip:   1.27 kB
build/assets/svg/pointer-green.svg                           4.26 kB │ gzip:   1.56 kB
build/assets/svg/pointer-grey.svg                            4.26 kB │ gzip:   1.56 kB
build/assets/svg/markerA.svg                                 4.71 kB │ gzip:   1.66 kB
build/assets/woff2/roboto-vietnamese-400-normal.woff2        5.56 kB
build/assets/svg/markerB.svg                                 5.70 kB │ gzip:   2.12 kB
build/assets/woff2/roboto-greek-400-normal.woff2             7.11 kB
build/assets/svg/Radio-Indoor-Icon.svg                       7.43 kB │ gzip:   1.99 kB
build/assets/woff2/roboto-cyrillic-400-normal.woff2          9.63 kB
build/assets/woff2/roboto-latin-ext-400-normal.woff2        11.87 kB
build/assets/woff2/roboto-cyrillic-ext-400-normal.woff2     15.34 kB
build/assets/woff2/roboto-latin-400-normal.woff2            15.74 kB
build/assets/woff/roboto-all-400-normal.woff                65.46 kB
build/assets/css/EdgesPanel.css                              0.06 kB │ gzip:   0.08 kB
build/assets/css/RadiosPanelNew.css                          0.22 kB │ gzip:   0.17 kB
build/assets/css/SubscribersPanel.css                        0.23 kB │ gzip:   0.17 kB
build/assets/css/Diagnostics.css                             0.29 kB │ gzip:   0.21 kB
build/assets/css/Calibrate.css                               0.64 kB │ gzip:   0.40 kB
build/assets/css/ReactTable.css                              1.32 kB │ gzip:   0.56 kB
build/assets/css/index.css                                   1.77 kB │ gzip:   0.77 kB
build/assets/css/Dashboard.css                               4.02 kB │ gzip:   2.01 kB
build/assets/css/EditNotes.css                              17.96 kB │ gzip:   3.16 kB
build/chunks/styled.5ece939c.js                              0.12 kB │ gzip:   0.14 kB │ map:     0.34 kB
build/chunks/QoS-service.6f33e698.js                         0.26 kB │ gzip:   0.22 kB │ map:     0.80 kB
build/chunks/LightTooltip.308b1cad.js                        0.34 kB │ gzip:   0.28 kB │ map:     1.06 kB
build/chunks/ArrowForwardIosSharp.3f22e263.js                0.36 kB │ gzip:   0.29 kB │ map:     1.12 kB
build/chunks/hardwareInventory-service.3b84d611.js           0.38 kB │ gzip:   0.30 kB │ map:     1.14 kB
build/chunks/NotImplemented.051ee421.js                      0.55 kB │ gzip:   0.40 kB │ map:     1.39 kB
build/chunks/AccordianSummary.4e76c0fd.js                    0.63 kB │ gzip:   0.44 kB │ map:     1.72 kB
build/chunks/Card.0ef4c545.js                                0.63 kB │ gzip:   0.43 kB │ map:     4.60 kB
build/chunks/useInterval.b39a6cab.js                         0.71 kB │ gzip:   0.41 kB │ map:     3.67 kB
build/chunks/TimeDateInput.ee88d2e0.js                       0.88 kB │ gzip:   0.50 kB │ map:     3.03 kB
build/chunks/LineChart.d3376e50.js                           1.05 kB │ gzip:   0.66 kB │ map:     3.88 kB
build/chunks/adaptV4Theme.f31f531a.js                        1.13 kB │ gzip:   0.54 kB │ map:     4.98 kB
build/chunks/TabPanel.4540411b.js                            1.14 kB │ gzip:   0.63 kB │ map:     4.33 kB
build/chunks/ModalDialogComponent.e0102c74.js                1.28 kB │ gzip:   0.71 kB │ map:     4.53 kB
build/chunks/index.848a0a34.js                               2.00 kB │ gzip:   0.67 kB │ map:     5.88 kB
build/chunks/HealthGauge.eb37e866.js                         2.37 kB │ gzip:   1.29 kB │ map:     8.47 kB
build/chunks/useSupport.ce20182a.js                          2.45 kB │ gzip:   1.08 kB │ map:    10.12 kB
build/chunks/Checkbox.58114c44.js                            2.46 kB │ gzip:   1.16 kB │ map:    13.67 kB
build/chunks/radioHelper.661713b6.js                         2.58 kB │ gzip:   1.17 kB │ map:     8.50 kB
build/chunks/AuditLog.72fc41a5.js                            3.71 kB │ gzip:   1.58 kB │ map:    14.13 kB
build/chunks/SlideUpTransition.462ff875.js                   4.03 kB │ gzip:   1.61 kB │ map:    19.76 kB
build/chunks/index.177782f1.js                               4.14 kB │ gzip:   1.49 kB │ map:    13.64 kB
build/chunks/Logs.f64a7de2.js                                4.78 kB │ gzip:   2.11 kB │ map:    19.49 kB
build/chunks/AccordionSummary.9fcfbef3.js                    5.73 kB │ gzip:   1.97 kB │ map:    27.76 kB
build/chunks/useStyles.a9a7a1a8.js                           6.39 kB │ gzip:   2.38 kB │ map:    26.35 kB
build/chunks/web-vitals.dfcc5b9a.js                          6.98 kB │ gzip:   2.58 kB │ map:    16.56 kB
build/chunks/TablePagination.230d4034.js                     8.27 kB │ gzip:   3.16 kB │ map:    42.12 kB
build/chunks/NetworkStats.17f184aa.js                        8.90 kB │ gzip:   3.30 kB │ map:    33.00 kB
build/chunks/DnnPanel.22714b34.js                            9.67 kB │ gzip:   3.66 kB │ map:    37.84 kB
build/chunks/airspan.fe6b50c4.js                            10.94 kB │ gzip:   3.25 kB │ map:    34.71 kB
build/chunks/GMap.b8a7c6af.js                               16.54 kB │ gzip:   5.29 kB │ map:    51.13 kB
build/chunks/Diagnostics.7e9ffe73.js                        23.61 kB │ gzip:   7.55 kB │ map:    89.63 kB
build/chunks/index.62284c08.js                              41.18 kB │ gzip:  10.56 kB │ map:   154.16 kB
build/chunks/AuditLogDetails.0ad841dd.js                    41.88 kB │ gzip:  13.90 kB │ map:   315.56 kB
build/chunks/RadioForm.6a110581.js                          52.23 kB │ gzip:  14.56 kB │ map:   222.78 kB
build/chunks/System.461bb7c3.js                             66.09 kB │ gzip:  15.18 kB │ map:   248.53 kB
build/chunks/Calibrate.c307e555.js                          71.85 kB │ gzip:  23.84 kB │ map:   252.05 kB
build/chunks/ReactTable.3864f89a.js                         88.75 kB │ gzip:  27.05 kB │ map:   276.61 kB
build/chunks/Dashboard.f917c594.js                          90.62 kB │ gzip:  21.85 kB │ map:   520.74 kB
build/chunks/RadiosPanelNew.cc72a652.js                    141.63 kB │ gzip:  37.97 kB │ map:   547.46 kB
build/chunks/EdgesPanel.b41687e3.js                        145.13 kB │ gzip:  35.69 kB │ map:   530.01 kB
build/chunks/SubscribersPanel.5f550459.js                  162.95 kB │ gzip:  53.10 kB │ map:   575.13 kB
build/chunks/DataGrid.b8904e07.js                          280.40 kB │ gzip:  84.81 kB │ map: 1,359.73 kB
build/chunks/highcharts.a89a7238.js                        296.73 kB │ gzip: 106.33 kB │ map:   694.32 kB
build/chunks/EditNotes.811310e6.js                         489.27 kB │ gzip: 132.59 kB │ map: 1,675.29 kB
build/js/index.7c5d5767.js                               2,129.20 kB │ gzip: 470.93 kB │ map: 5,380.45 kB

(!) Some chunks are larger than 1000 kBs after minification. Consider:
- Using dynamic import() to code-split the application
- Use build.rollupOptions.output.manualChunks to improve chunking: https://rollupjs.org/configuration-options/#output-manualchunks
- Adjust chunk size limit for this warning via build.chunkSizeWarningLimit.
✓ built in 3m 2s
Done in 185.65s.
Compilation done...
Complete at Wed Jul 19 07:33:12 AM EDT 2023
\n ************************************************** \n
Compiling at Wed Jul 19 10:30:00 AM EDT 2023
Pulling latest changes from Git...
From https://github.com/Highway9-Networks/h9-saas
   9b31230e2..954259809  main                  -> origin/main
   21358c796..7a77e3966  balaji/mmeretry       -> origin/balaji/mmeretry
 * [new branch]          fix/Airspan/Radio-KPI_Export -> origin/fix/Airspan/Radio-KPI_Export
 + dceb0801a...c623df235 nidhi/techSupport     -> origin/nidhi/techSupport  (forced update)
   f43f67791..00ffd1ae0  private/abhagwat      -> origin/private/abhagwat
   c39136ba4..d835970f8  private/akshay-33     -> origin/private/akshay-33
   9bfd797ac..f47e31387  private/ankita/airspan-mobility -> origin/private/ankita/airspan-mobility
 * [new branch]          private/girish/19june -> origin/private/girish/19june
   2fd7e82d0..846814ea8  private/mdighe/mocn-fixes -> origin/private/mdighe/mocn-fixes
   db6f643f4..ec29986b2  rahul_local           -> origin/rahul_local
   d07437184..e2addfaa6  xpJain/fp-revist      -> origin/xpJain/fp-revist
Updating 9b31230e2..954259809
Fast-forward
 common/adapters/airspan/airspan.go                 | 31 +++++++++++++++--
 common/adapters/airspan/airspanConfig.go           |  7 +++-
 common/adapters/airspan/airspanMobility.go         |  6 ++--
 common/adapters/radioCommon/radioCommon.go         |  6 ++++
 common/common.mk                                   |  2 +-
 orch/orch-api/apihandler/RadiosRestHandler.go      |  9 ++++-
 .../grpchandler/scripts/downloadTechBundle.py      | 28 ++++++++-------
 .../scripts/edge-config/techBundleConfig.json      |  4 ++-
 orch/orch-service/services/common/utils.go         |  8 +++++
 .../services/operations/edgeOperations.go          |  2 +-
 orch/orch-ui/src/services/operation-service.ts     |  4 +++
 orch/orch-ui/src/views/edges/TechSupportDialog.jsx | 40 +++++++++++++++++++++-
 12 files changed, 122 insertions(+), 25 deletions(-)
Compiling the orch UI code...
Deleting build...
Folder build deleted.
Folder A is unchanged.
yarn
yarn install v1.22.19
[1/4] Resolving packages...
success Already up-to-date.
Done in 1.26s.
yarn run build
yarn run v1.22.19
$ vite build
vite v4.3.9 building for production...
[plugin:vite-plugin-eslint] LintOnStart is turned on, and it will check for all matching files.
transforming...
✓ 13543 modules transformed.
rendering chunks...
computing gzip size...
build/assets/svg/pin.svg                                     0.85 kB │ gzip:   0.44 kB
build/assets/svg/current.svg                                 0.96 kB │ gzip:   0.47 kB
build/index.html                                             1.00 kB │ gzip:   0.53 kB
build/assets/svg/celltower.svg                               2.73 kB │ gzip:   1.41 kB
build/assets/svg/green-plain.svg                             3.30 kB │ gzip:   1.25 kB
build/assets/svg/pointer.svg                                 3.36 kB │ gzip:   1.27 kB
build/assets/svg/pointer-green.svg                           4.26 kB │ gzip:   1.56 kB
build/assets/svg/pointer-grey.svg                            4.26 kB │ gzip:   1.56 kB
build/assets/svg/markerA.svg                                 4.71 kB │ gzip:   1.66 kB
build/assets/woff2/roboto-vietnamese-400-normal.woff2        5.56 kB
build/assets/svg/markerB.svg                                 5.70 kB │ gzip:   2.12 kB
build/assets/woff2/roboto-greek-400-normal.woff2             7.11 kB
build/assets/svg/Radio-Indoor-Icon.svg                       7.43 kB │ gzip:   1.99 kB
build/assets/woff2/roboto-cyrillic-400-normal.woff2          9.63 kB
build/assets/woff2/roboto-latin-ext-400-normal.woff2        11.87 kB
build/assets/woff2/roboto-cyrillic-ext-400-normal.woff2     15.34 kB
build/assets/woff2/roboto-latin-400-normal.woff2            15.74 kB
build/assets/woff/roboto-all-400-normal.woff                65.46 kB
build/assets/css/EdgesPanel.css                              0.06 kB │ gzip:   0.08 kB
build/assets/css/RadiosPanelNew.css                          0.22 kB │ gzip:   0.17 kB
build/assets/css/SubscribersPanel.css                        0.23 kB │ gzip:   0.17 kB
build/assets/css/Diagnostics.css                             0.29 kB │ gzip:   0.21 kB
build/assets/css/Calibrate.css                               0.64 kB │ gzip:   0.40 kB
build/assets/css/ReactTable.css                              1.32 kB │ gzip:   0.56 kB
build/assets/css/index.css                                   1.77 kB │ gzip:   0.77 kB
build/assets/css/Dashboard.css                               4.02 kB │ gzip:   2.01 kB
build/assets/css/EditNotes.css                              17.96 kB │ gzip:   3.16 kB
build/chunks/styled.342c4866.js                              0.12 kB │ gzip:   0.14 kB │ map:     0.34 kB
build/chunks/QoS-service.1a631014.js                         0.26 kB │ gzip:   0.22 kB │ map:     0.80 kB
build/chunks/LightTooltip.2000dba3.js                        0.34 kB │ gzip:   0.28 kB │ map:     1.06 kB
build/chunks/ArrowForwardIosSharp.e06336e1.js                0.36 kB │ gzip:   0.29 kB │ map:     1.12 kB
build/chunks/hardwareInventory-service.a2983e99.js           0.38 kB │ gzip:   0.30 kB │ map:     1.14 kB
build/chunks/NotImplemented.42dcb524.js                      0.55 kB │ gzip:   0.40 kB │ map:     1.39 kB
build/chunks/AccordianSummary.07bc8fb8.js                    0.63 kB │ gzip:   0.44 kB │ map:     1.72 kB
build/chunks/Card.aedb00f4.js                                0.63 kB │ gzip:   0.43 kB │ map:     4.60 kB
build/chunks/useInterval.427ea3aa.js                         0.71 kB │ gzip:   0.41 kB │ map:     3.67 kB
build/chunks/TimeDateInput.398f91d9.js                       0.88 kB │ gzip:   0.50 kB │ map:     3.03 kB
build/chunks/LineChart.875a85c1.js                           1.05 kB │ gzip:   0.66 kB │ map:     3.88 kB
build/chunks/adaptV4Theme.939a6c43.js                        1.13 kB │ gzip:   0.54 kB │ map:     4.98 kB
build/chunks/TabPanel.dea5f293.js                            1.14 kB │ gzip:   0.63 kB │ map:     4.33 kB
build/chunks/ModalDialogComponent.62cd0a33.js                1.28 kB │ gzip:   0.70 kB │ map:     4.53 kB
build/chunks/index.c43fdb16.js                               2.00 kB │ gzip:   0.67 kB │ map:     5.88 kB
build/chunks/HealthGauge.283509a7.js                         2.37 kB │ gzip:   1.29 kB │ map:     8.47 kB
build/chunks/useSupport.d97320c2.js                          2.45 kB │ gzip:   1.08 kB │ map:    10.12 kB
build/chunks/Checkbox.f90a498b.js                            2.46 kB │ gzip:   1.16 kB │ map:    13.67 kB
build/chunks/radioHelper.10d2cf79.js                         2.58 kB │ gzip:   1.17 kB │ map:     8.50 kB
build/chunks/AuditLog.42554cef.js                            3.71 kB │ gzip:   1.58 kB │ map:    14.13 kB
build/chunks/SlideUpTransition.6480dfb8.js                   4.03 kB │ gzip:   1.61 kB │ map:    19.76 kB
build/chunks/index.6ea2d810.js                               4.14 kB │ gzip:   1.48 kB │ map:    13.64 kB
build/chunks/Logs.60896a29.js                                4.78 kB │ gzip:   2.11 kB │ map:    19.49 kB
build/chunks/AccordionSummary.446de40f.js                    5.73 kB │ gzip:   1.97 kB │ map:    27.76 kB
build/chunks/useStyles.b9ae765f.js                           6.39 kB │ gzip:   2.38 kB │ map:    26.35 kB
build/chunks/web-vitals.dfcc5b9a.js                          6.98 kB │ gzip:   2.58 kB │ map:    16.56 kB
build/chunks/TablePagination.9913731a.js                     8.27 kB │ gzip:   3.16 kB │ map:    42.12 kB
build/chunks/NetworkStats.1553f732.js                        8.90 kB │ gzip:   3.30 kB │ map:    33.00 kB
build/chunks/DnnPanel.6210686b.js                            9.67 kB │ gzip:   3.67 kB │ map:    37.84 kB
build/chunks/airspan.eb08b54f.js                            10.94 kB │ gzip:   3.25 kB │ map:    34.71 kB
build/chunks/GMap.07e7c756.js                               16.54 kB │ gzip:   5.29 kB │ map:    51.13 kB
build/chunks/Diagnostics.84617db3.js                        23.61 kB │ gzip:   7.55 kB │ map:    89.63 kB
build/chunks/index.fa1a6512.js                              41.18 kB │ gzip:  10.55 kB │ map:   154.16 kB
build/chunks/AuditLogDetails.c9d369fc.js                    41.88 kB │ gzip:  13.90 kB │ map:   315.56 kB
build/chunks/RadioForm.e920ddd7.js                          52.23 kB │ gzip:  14.56 kB │ map:   222.78 kB
build/chunks/System.a83a4e3a.js                             66.09 kB │ gzip:  15.18 kB │ map:   248.53 kB
build/chunks/Calibrate.4cfc8a16.js                          71.85 kB │ gzip:  23.84 kB │ map:   252.05 kB
build/chunks/ReactTable.2b51ddf6.js                         88.75 kB │ gzip:  27.05 kB │ map:   276.61 kB
build/chunks/Dashboard.413924f2.js                          90.62 kB │ gzip:  21.85 kB │ map:   520.74 kB
build/chunks/RadiosPanelNew.c98ef06e.js                    141.63 kB │ gzip:  37.97 kB │ map:   547.46 kB
build/chunks/EdgesPanel.1ee7ef82.js                        146.05 kB │ gzip:  35.97 kB │ map:   532.90 kB
build/chunks/SubscribersPanel.c0222eac.js                  162.95 kB │ gzip:  53.10 kB │ map:   575.13 kB
build/chunks/DataGrid.65d99d85.js                          280.40 kB │ gzip:  84.81 kB │ map: 1,359.73 kB
build/chunks/highcharts.f71cc5d5.js                        296.73 kB │ gzip: 106.33 kB │ map:   694.32 kB
build/chunks/EditNotes.fdefc00a.js                         489.27 kB │ gzip: 132.59 kB │ map: 1,675.29 kB
build/js/index.a4312b57.js                               2,129.27 kB │ gzip: 470.94 kB │ map: 5,380.68 kB

(!) Some chunks are larger than 1000 kBs after minification. Consider:
- Using dynamic import() to code-split the application
- Use build.rollupOptions.output.manualChunks to improve chunking: https://rollupjs.org/configuration-options/#output-manualchunks
- Adjust chunk size limit for this warning via build.chunkSizeWarningLimit.
✓ built in 3m 15s
Done in 198.39s.
Compilation done...
Complete at Wed Jul 19 10:33:26 AM EDT 2023
\n ************************************************** \n
Compiling at Thu Jul 20 02:30:00 AM EDT 2023
Pulling latest changes from Git...
From https://github.com/Highway9-Networks/h9-saas
   954259809..f196c61a6  main                  -> origin/main
 * [new branch]          Fix_Pip3_Issue_Due_To_Paramiko -> origin/Fix_Pip3_Issue_Due_To_Paramiko
   7a77e3966..e4cad8bdd  balaji/mmeretry       -> origin/balaji/mmeretry
   afd024b74..f044ed6fd  bhuvaneshne_asan_full -> origin/bhuvaneshne_asan_full
 * [new branch]          fix/CSP-ReleasePage   -> origin/fix/CSP-ReleasePage
 * [new branch]          fix/KPI_Export-Radio/Airspan -> origin/fix/KPI_Export-Radio/Airspan
   00ffd1ae0..2ac2fa5b9  private/abhagwat      -> origin/private/abhagwat
 * [new branch]          private/mdighe/mocn-1 -> origin/private/mdighe/mocn-1
   846814ea8..6461169de  private/mdighe/mocn-fixes -> origin/private/mdighe/mocn-fixes
   ec29986b2..b0d36f054  rahul_local           -> origin/rahul_local
   2009e34cb..66deecebd  vikram_mem            -> origin/vikram_mem
 * [new branch]          vikram_vmc            -> origin/vikram_vmc
Updating 954259809..f196c61a6
Fast-forward
 common/common.mk                                   |   2 +-
 .../configmgr/src/cmpclient/cmpConfig/cmpConfig.go | 151 ++++++++++++---------
 .../configmgr/src/secgw/secgwConfig/secgwConfig.go |   6 +
 .../src/statesync/certUpload/certUpload.go         |  17 +--
 .../carriergw/mocngw/mocngw/common/common_mocngw.h |   4 +-
 .../mocngw/mocngw/tasks/network/network.c          |  23 +++-
 .../mocngw/mocngw/tasks/network/network_encoder.c  |  11 +-
 .../mocngw/mocngw/tasks/network/network_util.c     |  14 +-
 .../mocngw/mocngw/tasks/s1ap/s1ap_dummy.c          |   2 +-
 .../grpchandler/carriergwStateSyncHandler.go       |   7 +-
 .../scripts/edge-scripts/activate_agw.sh           |  31 +++--
 orch/orch-ui/src/store/context/radioSlice.ts       |  22 +++
 orch/orch-ui/src/views/edges/useKPIExport.tsx      |   2 +-
 orch/orch-ui/src/views/radios/KPIMetricDialog.tsx  | 151 +++++++++++++++++++++
 orch/orch-ui/src/views/radios/RadiosPanelNew.jsx   |   7 +-
 orch/orch-ui/src/views/radios/Toolbar.jsx          |   7 +
 orch/orch-ui/src/views/radios/useKPIExport.tsx     | 102 ++++++++++++++
 .../src/components/ReactTable/ReactTable.jsx       |   2 +-
 ...y9-Networks-Cgw-Edge-Two-Interface.ovf.template | 144 ++++++++++++++++++++
 utility/agw-image-creation/create_edge_ova.sh      |   6 +-
 20 files changed, 616 insertions(+), 95 deletions(-)
 create mode 100644 orch/orch-ui/src/views/radios/KPIMetricDialog.tsx
 create mode 100644 orch/orch-ui/src/views/radios/useKPIExport.tsx
 create mode 100644 utility/agw-image-creation/Highway9-Networks-Cgw-Edge-Two-Interface.ovf.template
Compiling the orch UI code...
Deleting build...
Folder build deleted.
Folder A is unchanged.
yarn
yarn install v1.22.19
[1/4] Resolving packages...
success Already up-to-date.
Done in 1.50s.
yarn run build
yarn run v1.22.19
$ vite build
vite v4.3.9 building for production...
[plugin:vite-plugin-eslint] LintOnStart is turned on, and it will check for all matching files.
transforming...
✓ 13545 modules transformed.
rendering chunks...
computing gzip size...
build/assets/svg/pin.svg                                     0.85 kB │ gzip:   0.44 kB
build/assets/svg/current.svg                                 0.96 kB │ gzip:   0.47 kB
build/index.html                                             1.00 kB │ gzip:   0.53 kB
build/assets/svg/celltower.svg                               2.73 kB │ gzip:   1.41 kB
build/assets/svg/green-plain.svg                             3.30 kB │ gzip:   1.25 kB
build/assets/svg/pointer.svg                                 3.36 kB │ gzip:   1.27 kB
build/assets/svg/pointer-green.svg                           4.26 kB │ gzip:   1.56 kB
build/assets/svg/pointer-grey.svg                            4.26 kB │ gzip:   1.56 kB
build/assets/svg/markerA.svg                                 4.71 kB │ gzip:   1.66 kB
build/assets/woff2/roboto-vietnamese-400-normal.woff2        5.56 kB
build/assets/svg/markerB.svg                                 5.70 kB │ gzip:   2.12 kB
build/assets/woff2/roboto-greek-400-normal.woff2             7.11 kB
build/assets/svg/Radio-Indoor-Icon.svg                       7.43 kB │ gzip:   1.99 kB
build/assets/woff2/roboto-cyrillic-400-normal.woff2          9.63 kB
build/assets/woff2/roboto-latin-ext-400-normal.woff2        11.87 kB
build/assets/woff2/roboto-cyrillic-ext-400-normal.woff2     15.34 kB
build/assets/woff2/roboto-latin-400-normal.woff2            15.74 kB
build/assets/woff/roboto-all-400-normal.woff                65.46 kB
build/assets/css/EdgesPanel.css                              0.06 kB │ gzip:   0.08 kB
build/assets/css/RadiosPanelNew.css                          0.22 kB │ gzip:   0.17 kB
build/assets/css/SubscribersPanel.css                        0.23 kB │ gzip:   0.17 kB
build/assets/css/Diagnostics.css                             0.29 kB │ gzip:   0.21 kB
build/assets/css/Calibrate.css                               0.64 kB │ gzip:   0.40 kB
build/assets/css/ReactTable.css                              1.32 kB │ gzip:   0.56 kB
build/assets/css/index.css                                   1.77 kB │ gzip:   0.77 kB
build/assets/css/Dashboard.css                               4.02 kB │ gzip:   2.01 kB
build/assets/css/EditNotes.css                              17.96 kB │ gzip:   3.16 kB
build/chunks/styled.f5447ce7.js                              0.12 kB │ gzip:   0.14 kB │ map:     0.34 kB
build/chunks/QoS-service.c60da9e6.js                         0.26 kB │ gzip:   0.22 kB │ map:     0.80 kB
build/chunks/LightTooltip.3fb529d8.js                        0.34 kB │ gzip:   0.28 kB │ map:     1.06 kB
build/chunks/ArrowForwardIosSharp.2b205cf3.js                0.36 kB │ gzip:   0.29 kB │ map:     1.12 kB
build/chunks/hardwareInventory-service.c22db4b4.js           0.38 kB │ gzip:   0.29 kB │ map:     1.14 kB
build/chunks/NotImplemented.a6896d86.js                      0.55 kB │ gzip:   0.40 kB │ map:     1.39 kB
build/chunks/AccordianSummary.f59b204c.js                    0.63 kB │ gzip:   0.44 kB │ map:     1.72 kB
build/chunks/Card.8d10236a.js                                0.63 kB │ gzip:   0.43 kB │ map:     4.60 kB
build/chunks/useInterval.9800fb80.js                         0.71 kB │ gzip:   0.41 kB │ map:     3.67 kB
build/chunks/TimeDateInput.fb742acb.js                       0.88 kB │ gzip:   0.50 kB │ map:     3.03 kB
build/chunks/LineChart.dff350b2.js                           1.05 kB │ gzip:   0.66 kB │ map:     3.88 kB
build/chunks/adaptV4Theme.77ad7ccc.js                        1.13 kB │ gzip:   0.54 kB │ map:     4.98 kB
build/chunks/TabPanel.30fc1ef5.js                            1.14 kB │ gzip:   0.63 kB │ map:     4.33 kB
build/chunks/ModalDialogComponent.ab6ad5bd.js                1.28 kB │ gzip:   0.70 kB │ map:     4.53 kB
build/chunks/index.9b8ef5a7.js                               2.00 kB │ gzip:   0.67 kB │ map:     5.88 kB
build/chunks/HealthGauge.8c6511f4.js                         2.37 kB │ gzip:   1.29 kB │ map:     8.47 kB
build/chunks/useSupport.b8088e8b.js                          2.45 kB │ gzip:   1.08 kB │ map:    10.12 kB
build/chunks/Checkbox.36ecb22c.js                            2.46 kB │ gzip:   1.16 kB │ map:    13.67 kB
build/chunks/radioHelper.9f180996.js                         2.58 kB │ gzip:   1.17 kB │ map:     8.50 kB
build/chunks/AuditLog.05fb8930.js                            3.71 kB │ gzip:   1.58 kB │ map:    14.13 kB
build/chunks/SlideUpTransition.4ad029b3.js                   4.03 kB │ gzip:   1.61 kB │ map:    19.76 kB
build/chunks/index.8ea2f4a2.js                               4.14 kB │ gzip:   1.48 kB │ map:    13.64 kB
build/chunks/Logs.b1843fc1.js                                4.78 kB │ gzip:   2.11 kB │ map:    19.49 kB
build/chunks/AccordionSummary.da6dae8e.js                    5.73 kB │ gzip:   1.97 kB │ map:    27.76 kB
build/chunks/useStyles.2e8b0f0b.js                           6.39 kB │ gzip:   2.38 kB │ map:    26.35 kB
build/chunks/web-vitals.dfcc5b9a.js                          6.98 kB │ gzip:   2.58 kB │ map:    16.56 kB
build/chunks/TablePagination.36b4bb77.js                     8.27 kB │ gzip:   3.16 kB │ map:    42.12 kB
build/chunks/NetworkStats.0e412e51.js                        8.90 kB │ gzip:   3.30 kB │ map:    33.00 kB
build/chunks/DnnPanel.abe0caaa.js                            9.67 kB │ gzip:   3.66 kB │ map:    37.84 kB
build/chunks/airspan.bbddc1a5.js                            10.94 kB │ gzip:   3.25 kB │ map:    34.71 kB
build/chunks/GMap.fbb9090e.js                               16.54 kB │ gzip:   5.28 kB │ map:    51.13 kB
build/chunks/Diagnostics.2315330c.js                        23.61 kB │ gzip:   7.54 kB │ map:    89.63 kB
build/chunks/index.9b6cf927.js                              41.18 kB │ gzip:  10.55 kB │ map:   154.16 kB
build/chunks/AuditLogDetails.b05d0cc2.js                    41.88 kB │ gzip:  13.90 kB │ map:   315.56 kB
build/chunks/RadioForm.2cea9d90.js                          52.23 kB │ gzip:  14.56 kB │ map:   222.78 kB
build/chunks/System.4645a9b0.js                             66.09 kB │ gzip:  15.17 kB │ map:   248.53 kB
build/chunks/Calibrate.2ae649cb.js                          71.85 kB │ gzip:  23.84 kB │ map:   252.05 kB
build/chunks/ReactTable.d815997a.js                         88.75 kB │ gzip:  27.05 kB │ map:   276.61 kB
build/chunks/Dashboard.569f92b5.js                          90.62 kB │ gzip:  21.85 kB │ map:   520.74 kB
build/chunks/RadiosPanelNew.185b624c.js                    145.06 kB │ gzip:  39.01 kB │ map:   561.24 kB
build/chunks/EdgesPanel.7b1a1844.js                        146.05 kB │ gzip:  35.96 kB │ map:   532.90 kB
build/chunks/SubscribersPanel.0dd30ed8.js                  162.95 kB │ gzip:  53.10 kB │ map:   575.13 kB
build/chunks/DataGrid.5257d680.js                          280.40 kB │ gzip:  84.80 kB │ map: 1,359.73 kB
build/chunks/highcharts.c36d59cf.js                        296.73 kB │ gzip: 106.33 kB │ map:   694.32 kB
build/chunks/EditNotes.67426f3f.js                         489.27 kB │ gzip: 132.59 kB │ map: 1,675.29 kB
build/js/index.cde00ac1.js                               2,129.52 kB │ gzip: 470.94 kB │ map: 5,381.48 kB

(!) Some chunks are larger than 1000 kBs after minification. Consider:
- Using dynamic import() to code-split the application
- Use build.rollupOptions.output.manualChunks to improve chunking: https://rollupjs.org/configuration-options/#output-manualchunks
- Adjust chunk size limit for this warning via build.chunkSizeWarningLimit.
✓ built in 3m 10s
Done in 194.36s.
Compilation done...
Complete at Thu Jul 20 02:33:21 AM EDT 2023
\n ************************************************** \n
Compiling at Thu Jul 20 07:30:00 AM EDT 2023
Pulling latest changes from Git...
From https://github.com/Highway9-Networks/h9-saas
   f196c61a6..0fb526b3e  main              -> origin/main
   e4cad8bdd..f196c61a6  balaji/mmeretry   -> origin/balaji/mmeretry
   94d04299e..fdaa34701  dpka/main         -> origin/dpka/main
 * [new branch]          fix/blankSpace-VMCpage/CSP -> origin/fix/blankSpace-VMCpage/CSP
   8709ea823..49b75de10  imran-automation  -> origin/imran-automation
   2ac2fa5b9..7ee147668  private/abhagwat  -> origin/private/abhagwat
   d835970f8..16ef597e0  private/akshay-33 -> origin/private/akshay-33
   f47e31387..be4fd451a  private/ankita/airspan-mobility -> origin/private/ankita/airspan-mobility
   3b18cc636..ef17c7f4a  private/omkar/issue-9469 -> origin/private/omkar/issue-9469
   0e8d91a85..2828ada55  xpJain/change2    -> origin/xpJain/change2
   e2addfaa6..69fadf1ca  xpJain/fp-revist  -> origin/xpJain/fp-revist
Updating f196c61a6..0fb526b3e
Fast-forward
 common/adapters/airspan/airspan.go                 | 21 +++++--
 common/adapters/airspan/airspanApi.go              | 70 +++++++++++-----------
 common/adapters/airspan/airspanConfig.go           | 31 +++++-----
 common/adapters/airspan/airspanMobility.go         |  3 +
 common/adapters/baicells/baicells.go               |  2 +-
 common/adapters/radioCommon/BaseRadioManager.go    |  2 +-
 .../adapters/radioCommon/radioManagerInstance.go   |  2 +-
 orch/orch-common/utils/radioUtils.go               | 10 ----
 .../hardwareInventoryService/hardwareInventory.go  |  2 +-
 .../services/radioService/radioService.go          | 16 ++++-
 10 files changed, 88 insertions(+), 71 deletions(-)
Compiling the orch UI code...
Deleting build...
Folder build deleted.
Folder A is unchanged.
yarn
yarn install v1.22.19
[1/4] Resolving packages...
success Already up-to-date.
Done in 1.54s.
yarn run build
yarn run v1.22.19
$ vite build
vite v4.3.9 building for production...
[plugin:vite-plugin-eslint] LintOnStart is turned on, and it will check for all matching files.
transforming...
✓ 13545 modules transformed.
rendering chunks...
computing gzip size...
build/assets/svg/pin.svg                                     0.85 kB │ gzip:   0.44 kB
build/assets/svg/current.svg                                 0.96 kB │ gzip:   0.47 kB
build/index.html                                             1.00 kB │ gzip:   0.53 kB
build/assets/svg/celltower.svg                               2.73 kB │ gzip:   1.41 kB
build/assets/svg/green-plain.svg                             3.30 kB │ gzip:   1.25 kB
build/assets/svg/pointer.svg                                 3.36 kB │ gzip:   1.27 kB
build/assets/svg/pointer-green.svg                           4.26 kB │ gzip:   1.56 kB
build/assets/svg/pointer-grey.svg                            4.26 kB │ gzip:   1.56 kB
build/assets/svg/markerA.svg                                 4.71 kB │ gzip:   1.66 kB
build/assets/woff2/roboto-vietnamese-400-normal.woff2        5.56 kB
build/assets/svg/markerB.svg                                 5.70 kB │ gzip:   2.12 kB
build/assets/woff2/roboto-greek-400-normal.woff2             7.11 kB
build/assets/svg/Radio-Indoor-Icon.svg                       7.43 kB │ gzip:   1.99 kB
build/assets/woff2/roboto-cyrillic-400-normal.woff2          9.63 kB
build/assets/woff2/roboto-latin-ext-400-normal.woff2        11.87 kB
build/assets/woff2/roboto-cyrillic-ext-400-normal.woff2     15.34 kB
build/assets/woff2/roboto-latin-400-normal.woff2            15.74 kB
build/assets/woff/roboto-all-400-normal.woff                65.46 kB
build/assets/css/EdgesPanel.css                              0.06 kB │ gzip:   0.08 kB
build/assets/css/RadiosPanelNew.css                          0.22 kB │ gzip:   0.17 kB
build/assets/css/SubscribersPanel.css                        0.23 kB │ gzip:   0.17 kB
build/assets/css/Diagnostics.css                             0.29 kB │ gzip:   0.21 kB
build/assets/css/Calibrate.css                               0.64 kB │ gzip:   0.40 kB
build/assets/css/ReactTable.css                              1.32 kB │ gzip:   0.56 kB
build/assets/css/index.css                                   1.77 kB │ gzip:   0.77 kB
build/assets/css/Dashboard.css                               4.02 kB │ gzip:   2.01 kB
build/assets/css/EditNotes.css                              17.96 kB │ gzip:   3.16 kB
build/chunks/styled.f5447ce7.js                              0.12 kB │ gzip:   0.14 kB │ map:     0.34 kB
build/chunks/QoS-service.c60da9e6.js                         0.26 kB │ gzip:   0.22 kB │ map:     0.80 kB
build/chunks/LightTooltip.3fb529d8.js                        0.34 kB │ gzip:   0.28 kB │ map:     1.06 kB
build/chunks/ArrowForwardIosSharp.2b205cf3.js                0.36 kB │ gzip:   0.29 kB │ map:     1.12 kB
build/chunks/hardwareInventory-service.c22db4b4.js           0.38 kB │ gzip:   0.29 kB │ map:     1.14 kB
build/chunks/NotImplemented.a6896d86.js                      0.55 kB │ gzip:   0.40 kB │ map:     1.39 kB
build/chunks/AccordianSummary.f59b204c.js                    0.63 kB │ gzip:   0.44 kB │ map:     1.72 kB
build/chunks/Card.8d10236a.js                                0.63 kB │ gzip:   0.43 kB │ map:     4.60 kB
build/chunks/useInterval.9800fb80.js                         0.71 kB │ gzip:   0.41 kB │ map:     3.67 kB
build/chunks/TimeDateInput.fb742acb.js                       0.88 kB │ gzip:   0.50 kB │ map:     3.03 kB
build/chunks/LineChart.dff350b2.js                           1.05 kB │ gzip:   0.66 kB │ map:     3.88 kB
build/chunks/adaptV4Theme.77ad7ccc.js                        1.13 kB │ gzip:   0.54 kB │ map:     4.98 kB
build/chunks/TabPanel.30fc1ef5.js                            1.14 kB │ gzip:   0.63 kB │ map:     4.33 kB
build/chunks/ModalDialogComponent.ab6ad5bd.js                1.28 kB │ gzip:   0.70 kB │ map:     4.53 kB
build/chunks/index.9b8ef5a7.js                               2.00 kB │ gzip:   0.67 kB │ map:     5.88 kB
build/chunks/HealthGauge.8c6511f4.js                         2.37 kB │ gzip:   1.29 kB │ map:     8.47 kB
build/chunks/useSupport.b8088e8b.js                          2.45 kB │ gzip:   1.08 kB │ map:    10.12 kB
build/chunks/Checkbox.36ecb22c.js                            2.46 kB │ gzip:   1.16 kB │ map:    13.67 kB
build/chunks/radioHelper.9f180996.js                         2.58 kB │ gzip:   1.17 kB │ map:     8.50 kB
build/chunks/AuditLog.05fb8930.js                            3.71 kB │ gzip:   1.58 kB │ map:    14.13 kB
build/chunks/SlideUpTransition.4ad029b3.js                   4.03 kB │ gzip:   1.61 kB │ map:    19.76 kB
build/chunks/index.8ea2f4a2.js                               4.14 kB │ gzip:   1.48 kB │ map:    13.64 kB
build/chunks/Logs.b1843fc1.js                                4.78 kB │ gzip:   2.11 kB │ map:    19.49 kB
build/chunks/AccordionSummary.da6dae8e.js                    5.73 kB │ gzip:   1.97 kB │ map:    27.76 kB
build/chunks/useStyles.2e8b0f0b.js                           6.39 kB │ gzip:   2.38 kB │ map:    26.35 kB
build/chunks/web-vitals.dfcc5b9a.js                          6.98 kB │ gzip:   2.58 kB │ map:    16.56 kB
build/chunks/TablePagination.36b4bb77.js                     8.27 kB │ gzip:   3.16 kB │ map:    42.12 kB
build/chunks/NetworkStats.0e412e51.js                        8.90 kB │ gzip:   3.30 kB │ map:    33.00 kB
build/chunks/DnnPanel.abe0caaa.js                            9.67 kB │ gzip:   3.66 kB │ map:    37.84 kB
build/chunks/airspan.bbddc1a5.js                            10.94 kB │ gzip:   3.25 kB │ map:    34.71 kB
build/chunks/GMap.fbb9090e.js                               16.54 kB │ gzip:   5.28 kB │ map:    51.13 kB
build/chunks/Diagnostics.2315330c.js                        23.61 kB │ gzip:   7.54 kB │ map:    89.63 kB
build/chunks/index.9b6cf927.js                              41.18 kB │ gzip:  10.55 kB │ map:   154.16 kB
build/chunks/AuditLogDetails.b05d0cc2.js                    41.88 kB │ gzip:  13.90 kB │ map:   315.56 kB
build/chunks/RadioForm.2cea9d90.js                          52.23 kB │ gzip:  14.56 kB │ map:   222.78 kB
build/chunks/System.4645a9b0.js                             66.09 kB │ gzip:  15.17 kB │ map:   248.53 kB
build/chunks/Calibrate.2ae649cb.js                          71.85 kB │ gzip:  23.84 kB │ map:   252.05 kB
build/chunks/ReactTable.d815997a.js                         88.75 kB │ gzip:  27.05 kB │ map:   276.61 kB
build/chunks/Dashboard.569f92b5.js                          90.62 kB │ gzip:  21.85 kB │ map:   520.74 kB
build/chunks/RadiosPanelNew.185b624c.js                    145.06 kB │ gzip:  39.01 kB │ map:   561.24 kB
build/chunks/EdgesPanel.7b1a1844.js                        146.05 kB │ gzip:  35.96 kB │ map:   532.90 kB
build/chunks/SubscribersPanel.0dd30ed8.js                  162.95 kB │ gzip:  53.10 kB │ map:   575.13 kB
build/chunks/DataGrid.5257d680.js                          280.40 kB │ gzip:  84.80 kB │ map: 1,359.73 kB
build/chunks/highcharts.c36d59cf.js                        296.73 kB │ gzip: 106.33 kB │ map:   694.32 kB
build/chunks/EditNotes.67426f3f.js                         489.27 kB │ gzip: 132.59 kB │ map: 1,675.29 kB
build/js/index.cde00ac1.js                               2,129.52 kB │ gzip: 470.94 kB │ map: 5,381.48 kB

(!) Some chunks are larger than 1000 kBs after minification. Consider:
- Using dynamic import() to code-split the application
- Use build.rollupOptions.output.manualChunks to improve chunking: https://rollupjs.org/configuration-options/#output-manualchunks
- Adjust chunk size limit for this warning via build.chunkSizeWarningLimit.
✓ built in 3m 3s
Done in 186.07s.
Compilation done...
Complete at Thu Jul 20 07:33:13 AM EDT 2023
\n ************************************************** \n
Compiling at Thu Jul 20 10:30:00 AM EDT 2023
Pulling latest changes from Git...
From https://github.com/Highway9-Networks/h9-saas
   0fb526b3e..81640a4af  main                  -> origin/main
   f044ed6fd..7121dd0f2  bhuvaneshne_asan_full -> origin/bhuvaneshne_asan_full
   7ee147668..f226fc0c9  private/abhagwat      -> origin/private/abhagwat
   6461169de..81640a4af  private/mdighe/mocn-fixes -> origin/private/mdighe/mocn-fixes
   ef17c7f4a..74881af57  private/omkar/issue-9469 -> origin/private/omkar/issue-9469
   3165d5185..8aff9b549  vikram_vmc            -> origin/vikram_vmc
Updating 0fb526b3e..81640a4af
Fast-forward
 orch/orch-api/apihandler/RadiosRestHandler.go      |  90 ++++++++++++++++++
 .../src/views/edges/Operator/OperatorDetails.jsx   |  12 +++
 .../views/edges/Operator/OperatorDetailsInfo.jsx   | 101 ++++-----------------
 3 files changed, 122 insertions(+), 81 deletions(-)
Compiling the orch UI code...
Deleting build...
Folder build deleted.
Folder A is unchanged.
yarn
yarn install v1.22.19
[1/4] Resolving packages...
success Already up-to-date.
Done in 1.70s.
yarn run build
yarn run v1.22.19
$ vite build
vite v4.3.9 building for production...
[plugin:vite-plugin-eslint] LintOnStart is turned on, and it will check for all matching files.
transforming...
✓ 13545 modules transformed.
rendering chunks...
computing gzip size...
build/assets/svg/pin.svg                                     0.85 kB │ gzip:   0.44 kB
build/assets/svg/current.svg                                 0.96 kB │ gzip:   0.47 kB
build/index.html                                             1.00 kB │ gzip:   0.53 kB
build/assets/svg/celltower.svg                               2.73 kB │ gzip:   1.41 kB
build/assets/svg/green-plain.svg                             3.30 kB │ gzip:   1.25 kB
build/assets/svg/pointer.svg                                 3.36 kB │ gzip:   1.27 kB
build/assets/svg/pointer-green.svg                           4.26 kB │ gzip:   1.56 kB
build/assets/svg/pointer-grey.svg                            4.26 kB │ gzip:   1.56 kB
build/assets/svg/markerA.svg                                 4.71 kB │ gzip:   1.66 kB
build/assets/woff2/roboto-vietnamese-400-normal.woff2        5.56 kB
build/assets/svg/markerB.svg                                 5.70 kB │ gzip:   2.12 kB
build/assets/woff2/roboto-greek-400-normal.woff2             7.11 kB
build/assets/svg/Radio-Indoor-Icon.svg                       7.43 kB │ gzip:   1.99 kB
build/assets/woff2/roboto-cyrillic-400-normal.woff2          9.63 kB
build/assets/woff2/roboto-latin-ext-400-normal.woff2        11.87 kB
build/assets/woff2/roboto-cyrillic-ext-400-normal.woff2     15.34 kB
build/assets/woff2/roboto-latin-400-normal.woff2            15.74 kB
build/assets/woff/roboto-all-400-normal.woff                65.46 kB
build/assets/css/EdgesPanel.css                              0.06 kB │ gzip:   0.08 kB
build/assets/css/RadiosPanelNew.css                          0.22 kB │ gzip:   0.17 kB
build/assets/css/SubscribersPanel.css                        0.23 kB │ gzip:   0.17 kB
build/assets/css/Diagnostics.css                             0.29 kB │ gzip:   0.21 kB
build/assets/css/Calibrate.css                               0.64 kB │ gzip:   0.40 kB
build/assets/css/ReactTable.css                              1.32 kB │ gzip:   0.56 kB
build/assets/css/index.css                                   1.77 kB │ gzip:   0.77 kB
build/assets/css/Dashboard.css                               4.02 kB │ gzip:   2.01 kB
build/assets/css/EditNotes.css                              17.96 kB │ gzip:   3.16 kB
build/chunks/styled.a7cf0f3d.js                              0.12 kB │ gzip:   0.14 kB │ map:     0.34 kB
build/chunks/QoS-service.8b7c520d.js                         0.26 kB │ gzip:   0.22 kB │ map:     0.80 kB
build/chunks/LightTooltip.12cc53a2.js                        0.34 kB │ gzip:   0.28 kB │ map:     1.06 kB
build/chunks/ArrowForwardIosSharp.cc7d85a1.js                0.36 kB │ gzip:   0.29 kB │ map:     1.12 kB
build/chunks/hardwareInventory-service.13120fab.js           0.38 kB │ gzip:   0.30 kB │ map:     1.14 kB
build/chunks/NotImplemented.590a3efd.js                      0.55 kB │ gzip:   0.40 kB │ map:     1.39 kB
build/chunks/AccordianSummary.07d8c4d1.js                    0.63 kB │ gzip:   0.44 kB │ map:     1.72 kB
build/chunks/Card.131cd3ae.js                                0.63 kB │ gzip:   0.43 kB │ map:     4.60 kB
build/chunks/useInterval.0e367dbc.js                         0.71 kB │ gzip:   0.41 kB │ map:     3.67 kB
build/chunks/TimeDateInput.feab474a.js                       0.88 kB │ gzip:   0.50 kB │ map:     3.03 kB
build/chunks/LineChart.c4b0300a.js                           1.05 kB │ gzip:   0.66 kB │ map:     3.88 kB
build/chunks/adaptV4Theme.36bf611a.js                        1.13 kB │ gzip:   0.54 kB │ map:     4.98 kB
build/chunks/TabPanel.6745c625.js                            1.14 kB │ gzip:   0.63 kB │ map:     4.33 kB
build/chunks/ModalDialogComponent.16dca480.js                1.28 kB │ gzip:   0.70 kB │ map:     4.53 kB
build/chunks/index.6cc7f51e.js                               2.00 kB │ gzip:   0.67 kB │ map:     5.88 kB
build/chunks/HealthGauge.d9938640.js                         2.37 kB │ gzip:   1.29 kB │ map:     8.47 kB
build/chunks/useSupport.5085656a.js                          2.45 kB │ gzip:   1.08 kB │ map:    10.12 kB
build/chunks/Checkbox.9adeccb3.js                            2.46 kB │ gzip:   1.15 kB │ map:    13.67 kB
build/chunks/radioHelper.1349c7d7.js                         2.58 kB │ gzip:   1.17 kB │ map:     8.50 kB
build/chunks/AuditLog.bcd0ee44.js                            3.71 kB │ gzip:   1.58 kB │ map:    14.13 kB
build/chunks/SlideUpTransition.3c5bd9d4.js                   4.03 kB │ gzip:   1.61 kB │ map:    19.76 kB
build/chunks/index.71d5056e.js                               4.14 kB │ gzip:   1.48 kB │ map:    13.64 kB
build/chunks/Logs.dd022296.js                                4.78 kB │ gzip:   2.11 kB │ map:    19.49 kB
build/chunks/AccordionSummary.26bacfb3.js                    5.73 kB │ gzip:   1.97 kB │ map:    27.76 kB
build/chunks/useStyles.03a738d8.js                           6.39 kB │ gzip:   2.38 kB │ map:    26.35 kB
build/chunks/web-vitals.dfcc5b9a.js                          6.98 kB │ gzip:   2.58 kB │ map:    16.56 kB
build/chunks/TablePagination.0609e151.js                     8.27 kB │ gzip:   3.16 kB │ map:    42.12 kB
build/chunks/NetworkStats.d7967270.js                        8.90 kB │ gzip:   3.30 kB │ map:    33.00 kB
build/chunks/DnnPanel.33a2b92a.js                            9.67 kB │ gzip:   3.66 kB │ map:    37.84 kB
build/chunks/airspan.84907320.js                            10.94 kB │ gzip:   3.25 kB │ map:    34.71 kB
build/chunks/GMap.dc198dff.js                               16.54 kB │ gzip:   5.28 kB │ map:    51.13 kB
build/chunks/Diagnostics.1f80ce60.js                        23.61 kB │ gzip:   7.54 kB │ map:    89.63 kB
build/chunks/index.11297660.js                              41.18 kB │ gzip:  10.55 kB │ map:   154.16 kB
build/chunks/AuditLogDetails.40718357.js                    41.88 kB │ gzip:  13.90 kB │ map:   315.56 kB
build/chunks/RadioForm.33fac8a3.js                          52.23 kB │ gzip:  14.55 kB │ map:   222.78 kB
build/chunks/System.62f911ca.js                             66.09 kB │ gzip:  15.17 kB │ map:   248.53 kB
build/chunks/Calibrate.b1bfe93f.js                          71.85 kB │ gzip:  23.84 kB │ map:   252.05 kB
build/chunks/ReactTable.1cdbedd3.js                         88.75 kB │ gzip:  27.05 kB │ map:   276.61 kB
build/chunks/Dashboard.d2040f89.js                          90.62 kB │ gzip:  21.85 kB │ map:   520.74 kB
build/chunks/EdgesPanel.3ef6acc3.js                        144.61 kB │ gzip:  35.79 kB │ map:   527.83 kB
build/chunks/RadiosPanelNew.24b1f239.js                    145.06 kB │ gzip:  39.01 kB │ map:   561.24 kB
build/chunks/SubscribersPanel.37bece6f.js                  162.95 kB │ gzip:  53.10 kB │ map:   575.13 kB
build/chunks/DataGrid.0ad0760e.js                          280.40 kB │ gzip:  84.80 kB │ map: 1,359.73 kB
build/chunks/highcharts.231a3e52.js                        296.73 kB │ gzip: 106.33 kB │ map:   694.32 kB
build/chunks/EditNotes.86b40b23.js                         489.27 kB │ gzip: 132.59 kB │ map: 1,675.29 kB
build/js/index.ee5079ce.js                               2,129.52 kB │ gzip: 470.94 kB │ map: 5,381.48 kB

(!) Some chunks are larger than 1000 kBs after minification. Consider:
- Using dynamic import() to code-split the application
- Use build.rollupOptions.output.manualChunks to improve chunking: https://rollupjs.org/configuration-options/#output-manualchunks
- Adjust chunk size limit for this warning via build.chunkSizeWarningLimit.
✓ built in 3m 3s
Done in 185.69s.
Compilation done...
Complete at Thu Jul 20 10:33:11 AM EDT 2023
\n ************************************************** \n
Compiling at Fri Jul 21 02:30:00 AM EDT 2023
Pulling latest changes from Git...
From https://github.com/Highway9-Networks/h9-saas
   81640a4af..53c8b391f  main                  -> origin/main
   fdaa34701..f6196d1da  dpka/main             -> origin/dpka/main
   41820259e..66b123059  fix/KPI_Export-Radio/Airspan -> origin/fix/KPI_Export-Radio/Airspan
   16ef597e0..952b8817b  private/akshay-33     -> origin/private/akshay-33
   3d17b4994..b1a668fde  private/girish/20june -> origin/private/girish/20june
   74881af57..30be8ba2d  private/omkar/issue-9469 -> origin/private/omkar/issue-9469
   66deecebd..28fb5b804  vikram_mem            -> origin/vikram_mem
   8aff9b549..af238d1ea  vikram_vmc            -> origin/vikram_vmc
Updating 81640a4af..53c8b391f
Fast-forward
 clusterAgent/grpcClient/go.mod                     |  12 +-
 common/common.mk                                   |   4 +-
 common/httpClient/httpClient.go                    |  16 +
 common/metrics/airspanMetrics.go                   |  17 +
 common/metrics/metrics.go                          |   2 +-
 common/utils/hexGenerator.go                       |   9 +
 edge/carriergw/mocngw/README                       |   8 +
 .../carriergw/mocngw/mocngw/common/common_mocngw.h |   1 +
 edge/carriergw/mocngw/mocngw/inc/EventClientAPI.h  |  29 +
 edge/carriergw/mocngw/mocngw/inc/mme_events.h      | 208 +++++
 edge/carriergw/mocngw/mocngw/inc/s1ap_types.h      |   2 +
 .../mocngw/mocngw/lib/deps/libASYNC_GRPC.a         | Bin 0 -> 146904 bytes
 edge/carriergw/mocngw/mocngw/lib/deps/libEVENTD.a  | Bin 0 -> 6591988 bytes
 .../mocngw/mocngw/lib/deps/libLIB_EVENT_CLIENT.a   | Bin 0 -> 575790 bytes
 .../mocngw/mocngw/protos/orc8r/protos/eventd.pb.h  | 454 +++++++++++
 edge/carriergw/mocngw/mocngw/src/mocngw.c          |   2 +
 edge/carriergw/mocngw/mocngw/tasks/access/access.c |  75 +-
 edge/carriergw/mocngw/mocngw/tasks/access/access.h |  26 +-
 .../mocngw/mocngw/tasks/access/access_encoder.c    | 140 +++-
 .../mocngw/mocngw/tasks/mme_app/CMakeLists.txt     |  13 +-
 .../mocngw/mocngw/tasks/mme_app/mme_events.cpp     | 886 +++++++++++++++++++++
 .../mocngw/mocngw/tasks/nas/CMakeLists.txt         |   2 +
 .../mocngw/mocngw/tasks/network/network.c          |  41 +-
 .../mocngw/mocngw/tasks/network/network.h          |   2 +-
 .../mocngw/mocngw/tasks/network/network_encoder.c  | 177 +++-
 .../mocngw/mocngw/tasks/s1ap/s1ap_dummy.c          | 141 ++++
 .../mocngw/mocngw/tasks/s1ap/s1ap_mme_handlers.c   |  30 +-
 h9-saas.code-workspace                             |   3 +
 openvpn/webserver/generateClient.sh                |  39 +
 openvpn/webserver/webserver.py                     | 147 ++++
 openvpn/webserver/webserver.service                |  24 +
 .../templates/postgres/postgres-secret.yaml        |   8 +
 orch/helm-orch/values.yaml                         |   8 +
 orch/orch-api/apihandler/EventsRestHandler.go      |  19 +-
 orch/orch-api/apihandler/RadiosRestHandler.go      |   1 +
 orch/orch-api/grpchandler/scripts/configure_vpn.sh |  47 ++
 orch/orch-common/constants/constants.go            |   8 +
 orch/orch-common/db/daoHelper.go                   |  11 +
 orch/orch-common/db/db.go                          |   1 +
 orch/orch-common/db/dbEdgeVpnConfig.go             |  15 +
 orch/orch-common/events/events.go                  | 123 +--
 .../swagger-api/swagger/definitions/Radio.yaml     |  13 +-
 .../roles/agw-ami-configure/tasks/main.yaml        |   9 +-
 orch/orch-service/scripts/ipsec_utils.sh           |   6 +-
 .../services/edgeService/edgeService.go            | 128 +++
 .../services/operations/edgeOperations.go          |  31 +-
 .../services/operations/radioOperations.go         |  89 +++
 orch/orch-service/tests/openvpn_test.go            |  59 ++
 orch/orch-ui/src/helpers/utils.ts                  |   2 +-
 orch/orch-ui/src/views/radios/KPIMetricDialog.tsx  |  20 +-
 saas/saas-service/magma/build_public_images.sh     |   4 +-
 .../src/components/ReactTable/ReactTable.jsx       |   2 +-
 tools/getOpensourceInfo.py                         |  81 ++
 .../{pentagaon-kdm1-1 => pentagon-kdm1-1}          |   0
 54 files changed, 3030 insertions(+), 165 deletions(-)
 create mode 100644 edge/carriergw/mocngw/mocngw/inc/EventClientAPI.h
 create mode 100644 edge/carriergw/mocngw/mocngw/lib/deps/libASYNC_GRPC.a
 create mode 100644 edge/carriergw/mocngw/mocngw/lib/deps/libEVENTD.a
 create mode 100644 edge/carriergw/mocngw/mocngw/lib/deps/libLIB_EVENT_CLIENT.a
 create mode 100644 edge/carriergw/mocngw/mocngw/protos/orc8r/protos/eventd.pb.h
 create mode 100644 openvpn/webserver/generateClient.sh
 create mode 100644 openvpn/webserver/webserver.py
 create mode 100644 openvpn/webserver/webserver.service
 create mode 100644 orch/orch-api/grpchandler/scripts/configure_vpn.sh
 create mode 100644 orch/orch-common/db/dbEdgeVpnConfig.go
 create mode 100644 orch/orch-service/tests/openvpn_test.go
 create mode 100644 tools/getOpensourceInfo.py
 rename tools/kubeconfig/{pentagaon-kdm1-1 => pentagon-kdm1-1} (100%)
Compiling the orch UI code...
Deleting build...
Folder build deleted.
Folder A is unchanged.
yarn
yarn install v1.22.19
[1/4] Resolving packages...
success Already up-to-date.
Done in 1.10s.
yarn run build
yarn run v1.22.19
$ vite build
vite v4.3.9 building for production...
[plugin:vite-plugin-eslint] LintOnStart is turned on, and it will check for all matching files.
transforming...
✓ 13545 modules transformed.
rendering chunks...
computing gzip size...
build/assets/svg/pin.svg                                     0.85 kB │ gzip:   0.44 kB
build/assets/svg/current.svg                                 0.96 kB │ gzip:   0.47 kB
build/index.html                                             1.00 kB │ gzip:   0.53 kB
build/assets/svg/celltower.svg                               2.73 kB │ gzip:   1.41 kB
build/assets/svg/green-plain.svg                             3.30 kB │ gzip:   1.25 kB
build/assets/svg/pointer.svg                                 3.36 kB │ gzip:   1.27 kB
build/assets/svg/pointer-green.svg                           4.26 kB │ gzip:   1.56 kB
build/assets/svg/pointer-grey.svg                            4.26 kB │ gzip:   1.56 kB
build/assets/svg/markerA.svg                                 4.71 kB │ gzip:   1.66 kB
build/assets/woff2/roboto-vietnamese-400-normal.woff2        5.56 kB
build/assets/svg/markerB.svg                                 5.70 kB │ gzip:   2.12 kB
build/assets/woff2/roboto-greek-400-normal.woff2             7.11 kB
build/assets/svg/Radio-Indoor-Icon.svg                       7.43 kB │ gzip:   1.99 kB
build/assets/woff2/roboto-cyrillic-400-normal.woff2          9.63 kB
build/assets/woff2/roboto-latin-ext-400-normal.woff2        11.87 kB
build/assets/woff2/roboto-cyrillic-ext-400-normal.woff2     15.34 kB
build/assets/woff2/roboto-latin-400-normal.woff2            15.74 kB
build/assets/woff/roboto-all-400-normal.woff                65.46 kB
build/assets/css/EdgesPanel.css                              0.06 kB │ gzip:   0.08 kB
build/assets/css/RadiosPanelNew.css                          0.22 kB │ gzip:   0.17 kB
build/assets/css/SubscribersPanel.css                        0.23 kB │ gzip:   0.17 kB
build/assets/css/Diagnostics.css                             0.29 kB │ gzip:   0.21 kB
build/assets/css/Calibrate.css                               0.64 kB │ gzip:   0.40 kB
build/assets/css/ReactTable.css                              1.32 kB │ gzip:   0.56 kB
build/assets/css/index.css                                   1.77 kB │ gzip:   0.77 kB
build/assets/css/Dashboard.css                               4.02 kB │ gzip:   2.01 kB
build/assets/css/EditNotes.css                              17.96 kB │ gzip:   3.16 kB
build/chunks/styled.3e38a423.js                              0.12 kB │ gzip:   0.14 kB │ map:     0.34 kB
build/chunks/QoS-service.513f38c0.js                         0.26 kB │ gzip:   0.22 kB │ map:     0.80 kB
build/chunks/LightTooltip.0c1a2bc4.js                        0.34 kB │ gzip:   0.28 kB │ map:     1.06 kB
build/chunks/ArrowForwardIosSharp.e9c8a407.js                0.36 kB │ gzip:   0.29 kB │ map:     1.12 kB
build/chunks/hardwareInventory-service.83511200.js           0.38 kB │ gzip:   0.30 kB │ map:     1.14 kB
build/chunks/NotImplemented.b0534130.js                      0.55 kB │ gzip:   0.40 kB │ map:     1.39 kB
build/chunks/AccordianSummary.41419a77.js                    0.63 kB │ gzip:   0.44 kB │ map:     1.72 kB
build/chunks/Card.a79052cf.js                                0.63 kB │ gzip:   0.43 kB │ map:     4.60 kB
build/chunks/useInterval.4c32258b.js                         0.71 kB │ gzip:   0.41 kB │ map:     3.67 kB
build/chunks/TimeDateInput.7eed14bd.js                       0.88 kB │ gzip:   0.50 kB │ map:     3.03 kB
build/chunks/LineChart.d2626ebc.js                           1.05 kB │ gzip:   0.66 kB │ map:     3.88 kB
build/chunks/adaptV4Theme.a9f9395f.js                        1.13 kB │ gzip:   0.54 kB │ map:     4.98 kB
build/chunks/TabPanel.e1e06884.js                            1.14 kB │ gzip:   0.63 kB │ map:     4.33 kB
build/chunks/ModalDialogComponent.70ba9444.js                1.28 kB │ gzip:   0.71 kB │ map:     4.53 kB
build/chunks/index.d3c81d75.js                               2.00 kB │ gzip:   0.67 kB │ map:     5.88 kB
build/chunks/HealthGauge.61133a7f.js                         2.37 kB │ gzip:   1.29 kB │ map:     8.47 kB
build/chunks/useSupport.2bae7a3a.js                          2.45 kB │ gzip:   1.08 kB │ map:    10.12 kB
build/chunks/Checkbox.0098279f.js                            2.46 kB │ gzip:   1.16 kB │ map:    13.67 kB
build/chunks/radioHelper.bd89f5a6.js                         2.58 kB │ gzip:   1.17 kB │ map:     8.50 kB
build/chunks/AuditLog.fe157329.js                            3.71 kB │ gzip:   1.58 kB │ map:    14.13 kB
build/chunks/SlideUpTransition.cec2d6ff.js                   4.03 kB │ gzip:   1.61 kB │ map:    19.76 kB
build/chunks/index.4b0e0d2b.js                               4.14 kB │ gzip:   1.48 kB │ map:    13.64 kB
build/chunks/Logs.8fe5fda4.js                                4.78 kB │ gzip:   2.11 kB │ map:    19.49 kB
build/chunks/AccordionSummary.538759fc.js                    5.73 kB │ gzip:   1.97 kB │ map:    27.76 kB
build/chunks/useStyles.7294362f.js                           6.39 kB │ gzip:   2.38 kB │ map:    26.35 kB
build/chunks/web-vitals.dfcc5b9a.js                          6.98 kB │ gzip:   2.58 kB │ map:    16.56 kB
build/chunks/TablePagination.868ed70a.js                     8.27 kB │ gzip:   3.16 kB │ map:    42.12 kB
build/chunks/NetworkStats.d0fd9b55.js                        8.90 kB │ gzip:   3.30 kB │ map:    33.00 kB
build/chunks/DnnPanel.b4c73dfb.js                            9.67 kB │ gzip:   3.67 kB │ map:    37.84 kB
build/chunks/airspan.29345bf8.js                            10.94 kB │ gzip:   3.25 kB │ map:    34.71 kB
build/chunks/GMap.3ad0fd1a.js                               16.54 kB │ gzip:   5.28 kB │ map:    51.13 kB
build/chunks/Diagnostics.d140e90b.js                        23.61 kB │ gzip:   7.55 kB │ map:    89.63 kB
build/chunks/index.29ca553c.js                              41.18 kB │ gzip:  10.55 kB │ map:   154.16 kB
build/chunks/AuditLogDetails.0a47dc7c.js                    41.88 kB │ gzip:  13.90 kB │ map:   315.56 kB
build/chunks/RadioForm.9f5650ac.js                          52.23 kB │ gzip:  14.56 kB │ map:   222.78 kB
build/chunks/System.19ad6d2d.js                             66.09 kB │ gzip:  15.18 kB │ map:   248.53 kB
build/chunks/Calibrate.020209a0.js                          71.85 kB │ gzip:  23.84 kB │ map:   252.05 kB
build/chunks/ReactTable.b767a1ac.js                         88.75 kB │ gzip:  27.05 kB │ map:   276.61 kB
build/chunks/Dashboard.d7bdb1c9.js                          90.62 kB │ gzip:  21.85 kB │ map:   520.74 kB
build/chunks/EdgesPanel.5530b506.js                        144.61 kB │ gzip:  35.79 kB │ map:   527.83 kB
build/chunks/RadiosPanelNew.70a7f3e0.js                    145.13 kB │ gzip:  39.03 kB │ map:   561.51 kB
build/chunks/SubscribersPanel.ec1cfebc.js                  162.95 kB │ gzip:  53.10 kB │ map:   575.13 kB
build/chunks/DataGrid.9a2969c9.js                          280.40 kB │ gzip:  84.81 kB │ map: 1,359.73 kB
build/chunks/highcharts.c17d2c18.js                        296.73 kB │ gzip: 106.33 kB │ map:   694.32 kB
build/chunks/EditNotes.2ac4d61f.js                         489.27 kB │ gzip: 132.59 kB │ map: 1,675.29 kB
build/js/index.1c5f7654.js                               2,129.52 kB │ gzip: 470.95 kB │ map: 5,381.48 kB

(!) Some chunks are larger than 1000 kBs after minification. Consider:
- Using dynamic import() to code-split the application
- Use build.rollupOptions.output.manualChunks to improve chunking: https://rollupjs.org/configuration-options/#output-manualchunks
- Adjust chunk size limit for this warning via build.chunkSizeWarningLimit.
✓ built in 3m 28s
Done in 212.80s.
Compilation done...
Complete at Fri Jul 21 02:33:39 AM EDT 2023
\n ************************************************** \n
Compiling at Fri Jul 21 07:30:01 AM EDT 2023
Pulling latest changes from Git...
From https://github.com/Highway9-Networks/h9-saas
   53c8b391f..34f01d4a8  main                  -> origin/main
 + c80dccb2b...a059473f4 Fix_Pip3_Issue_Due_To_Paramiko -> origin/Fix_Pip3_Issue_Due_To_Paramiko  (forced update)
 * [new branch]          dependabot/npm_and_yarn/orch/orch-ui/semver-6.3.1 -> origin/dependabot/npm_and_yarn/orch/orch-ui/semver-6.3.1
 * [new branch]          dependabot/npm_and_yarn/orch/orch-ui/word-wrap-1.2.4 -> origin/dependabot/npm_and_yarn/orch/orch-ui/word-wrap-1.2.4
 * [new branch]          dependabot/npm_and_yarn/saas/saas-ui/semver-6.3.1 -> origin/dependabot/npm_and_yarn/saas/saas-ui/semver-6.3.1
 * [new branch]          dependabot/npm_and_yarn/saas/saas-ui/word-wrap-1.2.4 -> origin/dependabot/npm_and_yarn/saas/saas-ui/word-wrap-1.2.4
   49b75de10..354303a07  imran-automation      -> origin/imran-automation
   b7d6b88e5..ded46bbff  main-prod             -> origin/main-prod
   7a5227d4f..1333e7293  private/abhagwat-prod -> origin/private/abhagwat-prod
   952b8817b..2d57fcd4b  private/akshay-33     -> origin/private/akshay-33
   be4fd451a..ce17dfc58  private/ankita/airspan-mobility -> origin/private/ankita/airspan-mobility
   b1a668fde..03597019c  private/girish/20june -> origin/private/girish/20june
   b429a867d..c1056ce02  private/issue-9445    -> origin/private/issue-9445
   b0d36f054..4ffc2b91b  rahul_local           -> origin/rahul_local
   28fb5b804..9136982f0  vikram_mem            -> origin/vikram_mem
   2828ada55..115de3060  xpJain/change2        -> origin/xpJain/change2
Updating 53c8b391f..34f01d4a8
Fast-forward
 common/adapters/airspan/airspan.go                 |  2 +-
 common/adapters/airspan/airspanApi.go              | 55 +++++++++++++++++++++-
 common/adapters/airspan/airspanConfig.go           | 37 +++++++++++++++
 common/common.mk                                   |  4 +-
 common/tests/airspan/airspan_test.go               | 22 +++++++++
 edge/carriergw/mocngw/README                       |  2 +
 .../mocngw/mocngw/tasks/access/access_encoder.c    |  2 -
 .../mocngw/mocngw/tasks/network/network_encoder.c  |  3 ++
 orch/orch-service/scripts/ipsec_utils.sh           |  6 ++-
 orch/orch-ui/src/store/context/subscriberSlice.ts  |  5 +-
 10 files changed, 130 insertions(+), 8 deletions(-)
Compiling the orch UI code...
Deleting build...
Folder build deleted.
Folder A is unchanged.
yarn
yarn install v1.22.19
[1/4] Resolving packages...
success Already up-to-date.
Done in 1.15s.
yarn run build
yarn run v1.22.19
$ vite build
vite v4.3.9 building for production...
[plugin:vite-plugin-eslint] LintOnStart is turned on, and it will check for all matching files.
transforming...
✓ 13545 modules transformed.
rendering chunks...
computing gzip size...
build/assets/svg/pin.svg                                     0.85 kB │ gzip:   0.44 kB
build/assets/svg/current.svg                                 0.96 kB │ gzip:   0.47 kB
build/index.html                                             1.00 kB │ gzip:   0.53 kB
build/assets/svg/celltower.svg                               2.73 kB │ gzip:   1.41 kB
build/assets/svg/green-plain.svg                             3.30 kB │ gzip:   1.25 kB
build/assets/svg/pointer.svg                                 3.36 kB │ gzip:   1.27 kB
build/assets/svg/pointer-green.svg                           4.26 kB │ gzip:   1.56 kB
build/assets/svg/pointer-grey.svg                            4.26 kB │ gzip:   1.56 kB
build/assets/svg/markerA.svg                                 4.71 kB │ gzip:   1.66 kB
build/assets/woff2/roboto-vietnamese-400-normal.woff2        5.56 kB
build/assets/svg/markerB.svg                                 5.70 kB │ gzip:   2.12 kB
build/assets/woff2/roboto-greek-400-normal.woff2             7.11 kB
build/assets/svg/Radio-Indoor-Icon.svg                       7.43 kB │ gzip:   1.99 kB
build/assets/woff2/roboto-cyrillic-400-normal.woff2          9.63 kB
build/assets/woff2/roboto-latin-ext-400-normal.woff2        11.87 kB
build/assets/woff2/roboto-cyrillic-ext-400-normal.woff2     15.34 kB
build/assets/woff2/roboto-latin-400-normal.woff2            15.74 kB
build/assets/woff/roboto-all-400-normal.woff                65.46 kB
build/assets/css/EdgesPanel.css                              0.06 kB │ gzip:   0.08 kB
build/assets/css/RadiosPanelNew.css                          0.22 kB │ gzip:   0.17 kB
build/assets/css/SubscribersPanel.css                        0.23 kB │ gzip:   0.17 kB
build/assets/css/Diagnostics.css                             0.29 kB │ gzip:   0.21 kB
build/assets/css/Calibrate.css                               0.64 kB │ gzip:   0.40 kB
build/assets/css/ReactTable.css                              1.32 kB │ gzip:   0.56 kB
build/assets/css/index.css                                   1.77 kB │ gzip:   0.77 kB
build/assets/css/Dashboard.css                               4.02 kB │ gzip:   2.01 kB
build/assets/css/EditNotes.css                              17.96 kB │ gzip:   3.16 kB
build/chunks/styled.d1d1425a.js                              0.12 kB │ gzip:   0.14 kB │ map:     0.34 kB
build/chunks/QoS-service.62360427.js                         0.26 kB │ gzip:   0.22 kB │ map:     0.80 kB
build/chunks/LightTooltip.639e06c8.js                        0.34 kB │ gzip:   0.28 kB │ map:     1.06 kB
build/chunks/ArrowForwardIosSharp.2c9b42cc.js                0.36 kB │ gzip:   0.29 kB │ map:     1.12 kB
build/chunks/hardwareInventory-service.bd90e3e1.js           0.38 kB │ gzip:   0.30 kB │ map:     1.14 kB
build/chunks/NotImplemented.f99c78fc.js                      0.55 kB │ gzip:   0.40 kB │ map:     1.39 kB
build/chunks/AccordianSummary.53c05326.js                    0.63 kB │ gzip:   0.44 kB │ map:     1.72 kB
build/chunks/Card.683061f1.js                                0.63 kB │ gzip:   0.43 kB │ map:     4.60 kB
build/chunks/useInterval.6ea94e86.js                         0.71 kB │ gzip:   0.41 kB │ map:     3.67 kB
build/chunks/TimeDateInput.00ae6895.js                       0.88 kB │ gzip:   0.50 kB │ map:     3.03 kB
build/chunks/LineChart.c0b1a5a3.js                           1.05 kB │ gzip:   0.66 kB │ map:     3.88 kB
build/chunks/adaptV4Theme.d184de49.js                        1.13 kB │ gzip:   0.54 kB │ map:     4.98 kB
build/chunks/TabPanel.9d46a5a9.js                            1.14 kB │ gzip:   0.63 kB │ map:     4.33 kB
build/chunks/ModalDialogComponent.a5867373.js                1.28 kB │ gzip:   0.71 kB │ map:     4.53 kB
build/chunks/index.e1bd6c11.js                               2.00 kB │ gzip:   0.67 kB │ map:     5.88 kB
build/chunks/HealthGauge.a6da5788.js                         2.37 kB │ gzip:   1.29 kB │ map:     8.47 kB
build/chunks/useSupport.3339ee8e.js                          2.45 kB │ gzip:   1.08 kB │ map:    10.12 kB
build/chunks/Checkbox.a9c5f9ee.js                            2.46 kB │ gzip:   1.16 kB │ map:    13.67 kB
build/chunks/radioHelper.ed0c2d60.js                         2.58 kB │ gzip:   1.17 kB │ map:     8.50 kB
build/chunks/AuditLog.644b72f3.js                            3.71 kB │ gzip:   1.59 kB │ map:    14.13 kB
build/chunks/SlideUpTransition.9f00f206.js                   4.03 kB │ gzip:   1.61 kB │ map:    19.76 kB
build/chunks/index.d3f995e2.js                               4.14 kB │ gzip:   1.48 kB │ map:    13.64 kB
build/chunks/Logs.e7f53714.js                                4.78 kB │ gzip:   2.12 kB │ map:    19.49 kB
build/chunks/AccordionSummary.1f56fca2.js                    5.73 kB │ gzip:   1.97 kB │ map:    27.76 kB
build/chunks/useStyles.7c268e2f.js                           6.39 kB │ gzip:   2.38 kB │ map:    26.35 kB
build/chunks/web-vitals.dfcc5b9a.js                          6.98 kB │ gzip:   2.58 kB │ map:    16.56 kB
build/chunks/TablePagination.2dd2195f.js                     8.27 kB │ gzip:   3.16 kB │ map:    42.12 kB
build/chunks/NetworkStats.12dd1367.js                        8.90 kB │ gzip:   3.31 kB │ map:    33.00 kB
build/chunks/DnnPanel.55dc4706.js                            9.67 kB │ gzip:   3.67 kB │ map:    37.84 kB
build/chunks/airspan.006671db.js                            10.94 kB │ gzip:   3.25 kB │ map:    34.71 kB
build/chunks/GMap.25159769.js                               16.54 kB │ gzip:   5.29 kB │ map:    51.13 kB
build/chunks/Diagnostics.a3a5d6e2.js                        23.61 kB │ gzip:   7.55 kB │ map:    89.63 kB
build/chunks/index.e4f58102.js                              41.18 kB │ gzip:  10.56 kB │ map:   154.16 kB
build/chunks/AuditLogDetails.1efe1489.js                    41.88 kB │ gzip:  13.90 kB │ map:   315.56 kB
build/chunks/RadioForm.c4750806.js                          52.23 kB │ gzip:  14.56 kB │ map:   222.78 kB
build/chunks/System.512a6f37.js                             66.09 kB │ gzip:  15.18 kB │ map:   248.53 kB
build/chunks/Calibrate.58a3acbc.js                          71.85 kB │ gzip:  23.84 kB │ map:   252.05 kB
build/chunks/ReactTable.a8969218.js                         88.75 kB │ gzip:  27.05 kB │ map:   276.61 kB
build/chunks/Dashboard.7c1f9d7e.js                          90.62 kB │ gzip:  21.85 kB │ map:   520.74 kB
build/chunks/EdgesPanel.7ba6bbdd.js                        144.61 kB │ gzip:  35.79 kB │ map:   527.83 kB
build/chunks/RadiosPanelNew.c50e4dd6.js                    145.13 kB │ gzip:  39.02 kB │ map:   561.51 kB
build/chunks/SubscribersPanel.bbb7d247.js                  162.95 kB │ gzip:  53.10 kB │ map:   575.13 kB
build/chunks/DataGrid.4caa2335.js                          280.40 kB │ gzip:  84.80 kB │ map: 1,359.73 kB
build/chunks/highcharts.b7f26671.js                        296.73 kB │ gzip: 106.33 kB │ map:   694.32 kB
build/chunks/EditNotes.00767f32.js                         489.27 kB │ gzip: 132.59 kB │ map: 1,675.29 kB
build/js/index.3946201b.js                               2,129.56 kB │ gzip: 470.97 kB │ map: 5,381.66 kB

(!) Some chunks are larger than 1000 kBs after minification. Consider:
- Using dynamic import() to code-split the application
- Use build.rollupOptions.output.manualChunks to improve chunking: https://rollupjs.org/configuration-options/#output-manualchunks
- Adjust chunk size limit for this warning via build.chunkSizeWarningLimit.
✓ built in 3m 19s
Done in 202.18s.
Compilation done...
Complete at Fri Jul 21 07:33:28 AM EDT 2023
\n ************************************************** \n
Compiling at Fri Jul 21 10:30:01 AM EDT 2023
Pulling latest changes from Git...
From https://github.com/Highway9-Networks/h9-saas
   34f01d4a8..1288dd28f  main                  -> origin/main
   f196c61a6..34f01d4a8  balaji/mmeretry       -> origin/balaji/mmeretry
 + c85f55488...fb9d0d409 dependabot/npm_and_yarn/orch/orch-ui/semver-6.3.1 -> origin/dependabot/npm_and_yarn/orch/orch-ui/semver-6.3.1  (forced update)
 + 477a3e745...72b6743ac dependabot/npm_and_yarn/saas/saas-ui/semver-6.3.1 -> origin/dependabot/npm_and_yarn/saas/saas-ui/semver-6.3.1  (forced update)
   b2a96238e..16b81b499  feature/ushiva_new    -> origin/feature/ushiva_new
 * [new branch]          fix/CGW_UI_Change_RetryOption -> origin/fix/CGW_UI_Change_RetryOption
 * [new branch]          fix/Operator-Details  -> origin/fix/Operator-Details
 * [new branch]          fix/UI-Change_OperatorDetails -> origin/fix/UI-Change_OperatorDetails
   354303a07..f0c74b279  imran-automation      -> origin/imran-automation
   f226fc0c9..234dc52f4  private/abhagwat      -> origin/private/abhagwat
 * [new branch]          private/dileep/FixingIssues_21_07_23 -> origin/private/dileep/FixingIssues_21_07_23
   03597019c..618512775  private/girish/20june -> origin/private/girish/20june
Updating 34f01d4a8..1288dd28f
Fast-forward
 common/adapters/airspan/airspan.go                 |  4 +-
 common/adapters/airspan/airspanApi.go              | 22 +++++----
 common/adapters/airspan/airspanConfig.go           | 30 +++++++++++--
 common/adapters/airspan/airspanMobility.go         | 33 ++++++++------
 common/adapters/baicells/baicells.go               |  2 +-
 common/adapters/radioCommon/BaseRadioManager.go    |  2 +-
 common/adapters/radioCommon/radioCommon.go         |  1 +
 .../adapters/radioCommon/radioManagerInstance.go   |  2 +-
 common/tests/airspan/airspan_test.go               |  6 +++
 .../mocngw/common/redis_utils/redis_client.cpp     |  6 ++-
 .../mocngw/common/redis_utils/redis_client.h       |  1 -
 edge/carriergw/mocngw/mocngw/inc/amf_config.h      |  2 -
 .../mocngw/mocngw/inc/ngap_messages_types.h        | 19 --------
 edge/carriergw/mocngw/mocngw/inc/s1ap_state.h      |  4 +-
 .../mocngw/mocngw/inc/sctp_messages_types.h        |  2 -
 edge/carriergw/mocngw/mocngw/inc/sgw_ie_defs.h     |  3 --
 .../carriergw/mocngw/mocngw/lib/3gpp/3gpp_38.413.h |  4 +-
 .../mocngw/lib/itti/intertask_interface_init.h     |  2 +-
 .../mocngw/mocngw/tasks/access/access_encoder.c    | 15 ++++---
 .../mocngw/mocngw/tasks/config/mocn_dp_client.cc   |  2 +-
 .../mocngw/mocngw/tasks/mme_app/mme_app_bearer.c   |  4 +-
 .../mocngw/mocngw/tasks/mme_app/mme_app_location.c | 10 ++---
 .../mocngw/mocngw/tasks/mme_app/mme_app_main.c     |  2 +-
 .../tasks/mme_app/mme_app_sgsap_location_update.c  |  2 +-
 .../mocngw/mocngw/tasks/nas/emm/sap/emm_as.c       | 52 +++++++++-------------
 .../mocngw/mocngw/tasks/nas/emm/sap/emm_fsm.c      |  2 +-
 .../mocngw/mocngw/tasks/nas/emm/sap/emm_recv.c     |  2 +-
 .../mocngw/mocngw/tasks/nas/emm/sap/emm_sap.c      |  8 ++--
 .../mocngw/mocngw/tasks/nas/emm/sap/emm_send.c     |  2 +-
 edge/carriergw/mocngw/mocngw/tasks/nas/nas_proc.c  |  4 +-
 .../mocngw/mocngw/tasks/network/network_encoder.c  |  3 +-
 .../mocngw/mocngw/tasks/s1ap/s1ap_mme_handlers.c   |  6 ++-
 .../mocngw/tasks/s1ap/s1ap_mme_nas_procedures.c    |  6 ++-
 orch/orch-api/grpchandler/scripts/pcapStatus.sh    |  2 +-
 orch/orch-common/constants/timers.go               |  1 +
 orch/orch-common/utils/radioUtils.go               | 15 ++++---
 orch/orch-service/services/common/utils.go         |  4 +-
 .../services/operations/edgeOperations.go          |  4 +-
 .../services/radioService/radioService.go          |  9 ++--
 .../src/views/edges/Operator/OperatorDetails.jsx   |  2 +-
 orch/orch-ui/yarn.lock                             | 11 +++--
 saas/saas-ui/yarn.lock                             | 11 +++--
 42 files changed, 182 insertions(+), 142 deletions(-)
Compiling the orch UI code...
Deleting build...
Folder build deleted.
Folder A is unchanged.
yarn
yarn install v1.22.19
[1/4] Resolving packages...
[2/4] Fetching packages...
[3/4] Linking dependencies...
warning " > @mui/styles@5.13.2" has incorrect peer dependency "react@^17.0.0".
warning " > @mui/x-data-grid@6.8.0" has unmet peer dependency "@mui/system@^5.4.1".
warning " > @mui/x-date-pickers@6.8.0" has unmet peer dependency "@mui/base@^5.0.0-alpha.87".
warning " > @mui/x-date-pickers@6.8.0" has unmet peer dependency "@mui/system@^5.8.0".
warning " > react-draft-wysiwyg@1.15.0" has unmet peer dependency "immutable@3.x.x || 4.x.x".
warning "react-draft-wysiwyg > draftjs-utils@0.10.2" has unmet peer dependency "immutable@3.x.x || 4.x.x".
warning "react-draft-wysiwyg > html-to-draftjs@1.5.0" has unmet peer dependency "immutable@3.x.x || 4.x.x".
warning " > @testing-library/user-event@14.4.3" has unmet peer dependency "@testing-library/dom@>=7.21.4".
[4/4] Building fresh packages...
Done in 53.69s.
yarn run build
yarn run v1.22.19
$ vite build
vite v4.3.9 building for production...
[plugin:vite-plugin-eslint] LintOnStart is turned on, and it will check for all matching files.
transforming...
✓ 13545 modules transformed.
rendering chunks...
computing gzip size...
build/assets/svg/pin.svg                                     0.85 kB │ gzip:   0.44 kB
build/assets/svg/current.svg                                 0.96 kB │ gzip:   0.47 kB
build/index.html                                             1.00 kB │ gzip:   0.53 kB
build/assets/svg/celltower.svg                               2.73 kB │ gzip:   1.41 kB
build/assets/svg/green-plain.svg                             3.30 kB │ gzip:   1.25 kB
build/assets/svg/pointer.svg                                 3.36 kB │ gzip:   1.27 kB
build/assets/svg/pointer-green.svg                           4.26 kB │ gzip:   1.56 kB
build/assets/svg/pointer-grey.svg                            4.26 kB │ gzip:   1.56 kB
build/assets/svg/markerA.svg                                 4.71 kB │ gzip:   1.66 kB
build/assets/woff2/roboto-vietnamese-400-normal.woff2        5.56 kB
build/assets/svg/markerB.svg                                 5.70 kB │ gzip:   2.12 kB
build/assets/woff2/roboto-greek-400-normal.woff2             7.11 kB
build/assets/svg/Radio-Indoor-Icon.svg                       7.43 kB │ gzip:   1.99 kB
build/assets/woff2/roboto-cyrillic-400-normal.woff2          9.63 kB
build/assets/woff2/roboto-latin-ext-400-normal.woff2        11.87 kB
build/assets/woff2/roboto-cyrillic-ext-400-normal.woff2     15.34 kB
build/assets/woff2/roboto-latin-400-normal.woff2            15.74 kB
build/assets/woff/roboto-all-400-normal.woff                65.46 kB
build/assets/css/EdgesPanel.css                              0.06 kB │ gzip:   0.08 kB
build/assets/css/RadiosPanelNew.css                          0.22 kB │ gzip:   0.17 kB
build/assets/css/SubscribersPanel.css                        0.23 kB │ gzip:   0.17 kB
build/assets/css/Diagnostics.css                             0.29 kB │ gzip:   0.21 kB
build/assets/css/Calibrate.css                               0.64 kB │ gzip:   0.40 kB
build/assets/css/ReactTable.css                              1.32 kB │ gzip:   0.56 kB
build/assets/css/index.css                                   1.77 kB │ gzip:   0.77 kB
build/assets/css/Dashboard.css                               4.02 kB │ gzip:   2.01 kB
build/assets/css/EditNotes.css                              17.96 kB │ gzip:   3.16 kB
build/chunks/styled.6e7cbffa.js                              0.12 kB │ gzip:   0.14 kB │ map:     0.34 kB
build/chunks/QoS-service.89bccc25.js                         0.26 kB │ gzip:   0.22 kB │ map:     0.80 kB
build/chunks/LightTooltip.f9357efb.js                        0.34 kB │ gzip:   0.28 kB │ map:     1.06 kB
build/chunks/ArrowForwardIosSharp.1560816b.js                0.36 kB │ gzip:   0.29 kB │ map:     1.12 kB
build/chunks/hardwareInventory-service.adfa2441.js           0.38 kB │ gzip:   0.30 kB │ map:     1.14 kB
build/chunks/NotImplemented.27b7d227.js                      0.55 kB │ gzip:   0.40 kB │ map:     1.39 kB
build/chunks/AccordianSummary.cadba56c.js                    0.63 kB │ gzip:   0.44 kB │ map:     1.72 kB
build/chunks/Card.87cf2e01.js                                0.63 kB │ gzip:   0.43 kB │ map:     4.60 kB
build/chunks/useInterval.2e553ba4.js                         0.71 kB │ gzip:   0.41 kB │ map:     3.67 kB
build/chunks/TimeDateInput.2337cf54.js                       0.88 kB │ gzip:   0.50 kB │ map:     3.03 kB
build/chunks/LineChart.6b093d09.js                           1.05 kB │ gzip:   0.66 kB │ map:     3.88 kB
build/chunks/adaptV4Theme.aae8d791.js                        1.13 kB │ gzip:   0.54 kB │ map:     4.98 kB
build/chunks/TabPanel.eeff9402.js                            1.14 kB │ gzip:   0.63 kB │ map:     4.33 kB
build/chunks/ModalDialogComponent.d72afcbf.js                1.28 kB │ gzip:   0.70 kB │ map:     4.53 kB
build/chunks/index.cf6f1a86.js                               2.00 kB │ gzip:   0.67 kB │ map:     5.88 kB
build/chunks/HealthGauge.e121f279.js                         2.37 kB │ gzip:   1.29 kB │ map:     8.47 kB
build/chunks/useSupport.c340fbfc.js                          2.45 kB │ gzip:   1.08 kB │ map:    10.12 kB
build/chunks/Checkbox.281c9480.js                            2.46 kB │ gzip:   1.16 kB │ map:    13.67 kB
build/chunks/radioHelper.db9e42dc.js                         2.58 kB │ gzip:   1.17 kB │ map:     8.50 kB
build/chunks/AuditLog.7d08c299.js                            3.71 kB │ gzip:   1.58 kB │ map:    14.13 kB
build/chunks/SlideUpTransition.b6536319.js                   4.03 kB │ gzip:   1.61 kB │ map:    19.76 kB
build/chunks/index.f687dfc3.js                               4.14 kB │ gzip:   1.48 kB │ map:    13.64 kB
build/chunks/Logs.1b212f25.js                                4.78 kB │ gzip:   2.11 kB │ map:    19.49 kB
build/chunks/AccordionSummary.84100b22.js                    5.73 kB │ gzip:   1.97 kB │ map:    27.76 kB
build/chunks/useStyles.cc0372cb.js                           6.39 kB │ gzip:   2.38 kB │ map:    26.35 kB
build/chunks/web-vitals.dfcc5b9a.js                          6.98 kB │ gzip:   2.58 kB │ map:    16.56 kB
build/chunks/TablePagination.3ab4bbc8.js                     8.27 kB │ gzip:   3.16 kB │ map:    42.12 kB
build/chunks/NetworkStats.3dec7589.js                        8.90 kB │ gzip:   3.30 kB │ map:    33.00 kB
build/chunks/DnnPanel.63bc7cff.js                            9.67 kB │ gzip:   3.66 kB │ map:    37.84 kB
build/chunks/airspan.6fb0b25c.js                            10.94 kB │ gzip:   3.25 kB │ map:    34.71 kB
build/chunks/GMap.36e52147.js                               16.54 kB │ gzip:   5.28 kB │ map:    51.13 kB
build/chunks/Diagnostics.4be13fb1.js                        23.61 kB │ gzip:   7.55 kB │ map:    89.63 kB
build/chunks/index.96dc199e.js                              41.18 kB │ gzip:  10.56 kB │ map:   154.16 kB
build/chunks/AuditLogDetails.e8f7cf8d.js                    41.88 kB │ gzip:  13.90 kB │ map:   315.56 kB
build/chunks/RadioForm.42344247.js                          52.23 kB │ gzip:  14.56 kB │ map:   222.78 kB
build/chunks/System.785e505b.js                             66.09 kB │ gzip:  15.18 kB │ map:   248.53 kB
build/chunks/Calibrate.66d2a29b.js                          71.85 kB │ gzip:  23.84 kB │ map:   252.05 kB
build/chunks/ReactTable.5e05334d.js                         88.75 kB │ gzip:  27.05 kB │ map:   276.61 kB
build/chunks/Dashboard.c661cf9a.js                          90.62 kB │ gzip:  21.85 kB │ map:   520.74 kB
build/chunks/EdgesPanel.632c73b3.js                        144.59 kB │ gzip:  35.80 kB │ map:   527.81 kB
build/chunks/RadiosPanelNew.d6f12b99.js                    145.13 kB │ gzip:  39.02 kB │ map:   561.51 kB
build/chunks/SubscribersPanel.7ba29318.js                  162.95 kB │ gzip:  53.10 kB │ map:   575.13 kB
build/chunks/DataGrid.e95452a3.js                          280.40 kB │ gzip:  84.81 kB │ map: 1,359.73 kB
build/chunks/highcharts.37d44240.js                        296.73 kB │ gzip: 106.33 kB │ map:   694.32 kB
build/chunks/EditNotes.2442a230.js                         489.27 kB │ gzip: 132.59 kB │ map: 1,675.29 kB
build/js/index.25e65b53.js                               2,129.56 kB │ gzip: 470.96 kB │ map: 5,381.66 kB

(!) Some chunks are larger than 1000 kBs after minification. Consider:
- Using dynamic import() to code-split the application
- Use build.rollupOptions.output.manualChunks to improve chunking: https://rollupjs.org/configuration-options/#output-manualchunks
- Adjust chunk size limit for this warning via build.chunkSizeWarningLimit.
✓ built in 3m
Done in 182.42s.
Compilation done...
Complete at Fri Jul 21 10:34:02 AM EDT 2023
\n ************************************************** \n
Compiling at Sat Jul 22 02:30:00 AM EDT 2023
Pulling latest changes from Git...
From https://github.com/Highway9-Networks/h9-saas
   1288dd28f..e767f5994  main                  -> origin/main
   7121dd0f2..b1f53f255  bhuvaneshne_asan_full -> origin/bhuvaneshne_asan_full
   16b81b499..2834368cc  feature/ushiva_new    -> origin/feature/ushiva_new
   52e6482a6..11bae0b70  fix/CGW_UI_Change_RetryOption -> origin/fix/CGW_UI_Change_RetryOption
 * [new branch]          fix/UI-Change_AirSpan -> origin/fix/UI-Change_AirSpan
   f0c74b279..4f7a6a654  imran-automation      -> origin/imran-automation
   2d57fcd4b..dea91656f  private/akshay-33     -> origin/private/akshay-33
   115de3060..199bbf139  xpJain/change2        -> origin/xpJain/change2
Updating 1288dd28f..e767f5994
Fast-forward
 common/adapters/airspan/airspanApi.go              |  64 +++++++++-
 common/adapters/airspan/airspanConfig.go           |   4 +
 common/common.mk                                   |   2 +-
 common/constants/timers.go                         |   3 +
 edge/carriergw/mocngw/mocngw/tasks/access/access.c |   3 +-
 edge/carriergw/mocngw/mocngw/tasks/access/access.h |   2 +-
 .../mocngw/mocngw/tasks/access/access_encoder.c    | 139 +++++++++++++++++----
 .../mocngw/mocngw/tasks/network/network_encoder.c  |   2 +-
 .../mocngw/mocngw/tasks/s1ap/s1ap_dummy.c          |   5 +
 .../mocngw/mocngw/tasks/s1ap/s1ap_mme_handlers.c   |   4 +-
 orch/orch-ui/src/constants/index.ts                |   8 +-
 orch/orch-ui/src/helpers/index.jsx                 |   2 +
 .../views/edges/Operator/OperatorDetailsInfo.jsx   |   9 +-
 .../src/views/radios/Edit/CellNFrequency.tsx       |  62 +++++++--
 14 files changed, 257 insertions(+), 52 deletions(-)
Compiling the orch UI code...
Deleting build...
Folder build deleted.
Folder A is unchanged.
yarn
yarn install v1.22.19
[1/4] Resolving packages...
success Already up-to-date.
Done in 1.22s.
yarn run build
yarn run v1.22.19
$ vite build
vite v4.3.9 building for production...
[plugin:vite-plugin-eslint] LintOnStart is turned on, and it will check for all matching files.
transforming...
✓ 13545 modules transformed.
rendering chunks...
computing gzip size...
build/assets/svg/pin.svg                                     0.85 kB │ gzip:   0.44 kB
build/assets/svg/current.svg                                 0.96 kB │ gzip:   0.47 kB
build/index.html                                             1.00 kB │ gzip:   0.53 kB
build/assets/svg/celltower.svg                               2.73 kB │ gzip:   1.41 kB
build/assets/svg/green-plain.svg                             3.30 kB │ gzip:   1.25 kB
build/assets/svg/pointer.svg                                 3.36 kB │ gzip:   1.27 kB
build/assets/svg/pointer-green.svg                           4.26 kB │ gzip:   1.56 kB
build/assets/svg/pointer-grey.svg                            4.26 kB │ gzip:   1.56 kB
build/assets/svg/markerA.svg                                 4.71 kB │ gzip:   1.66 kB
build/assets/woff2/roboto-vietnamese-400-normal.woff2        5.56 kB
build/assets/svg/markerB.svg                                 5.70 kB │ gzip:   2.12 kB
build/assets/woff2/roboto-greek-400-normal.woff2             7.11 kB
build/assets/svg/Radio-Indoor-Icon.svg                       7.43 kB │ gzip:   1.99 kB
build/assets/woff2/roboto-cyrillic-400-normal.woff2          9.63 kB
build/assets/woff2/roboto-latin-ext-400-normal.woff2        11.87 kB
build/assets/woff2/roboto-cyrillic-ext-400-normal.woff2     15.34 kB
build/assets/woff2/roboto-latin-400-normal.woff2            15.74 kB
build/assets/woff/roboto-all-400-normal.woff                65.46 kB
build/assets/css/EdgesPanel.css                              0.06 kB │ gzip:   0.08 kB
build/assets/css/RadiosPanelNew.css                          0.22 kB │ gzip:   0.17 kB
build/assets/css/SubscribersPanel.css                        0.23 kB │ gzip:   0.17 kB
build/assets/css/Diagnostics.css                             0.29 kB │ gzip:   0.21 kB
build/assets/css/Calibrate.css                               0.64 kB │ gzip:   0.40 kB
build/assets/css/ReactTable.css                              1.32 kB │ gzip:   0.56 kB
build/assets/css/index.css                                   1.77 kB │ gzip:   0.77 kB
build/assets/css/Dashboard.css                               4.02 kB │ gzip:   2.01 kB
build/assets/css/EditNotes.css                              17.96 kB │ gzip:   3.16 kB
build/chunks/styled.4d8570d4.js                              0.12 kB │ gzip:   0.14 kB │ map:     0.34 kB
build/chunks/QoS-service.c0b72993.js                         0.26 kB │ gzip:   0.22 kB │ map:     0.80 kB
build/chunks/LightTooltip.782ff5e0.js                        0.34 kB │ gzip:   0.28 kB │ map:     1.06 kB
build/chunks/ArrowForwardIosSharp.9fe4e35e.js                0.36 kB │ gzip:   0.29 kB │ map:     1.12 kB
build/chunks/hardwareInventory-service.b3415787.js           0.38 kB │ gzip:   0.30 kB │ map:     1.14 kB
build/chunks/NotImplemented.09d6c171.js                      0.55 kB │ gzip:   0.40 kB │ map:     1.39 kB
build/chunks/AccordianSummary.8c511dd1.js                    0.63 kB │ gzip:   0.44 kB │ map:     1.72 kB
build/chunks/Card.b2ff8239.js                                0.63 kB │ gzip:   0.43 kB │ map:     4.60 kB
build/chunks/useInterval.9dbb3c1b.js                         0.71 kB │ gzip:   0.41 kB │ map:     3.67 kB
build/chunks/TimeDateInput.8ee77181.js                       0.88 kB │ gzip:   0.50 kB │ map:     3.03 kB
build/chunks/LineChart.93bb4e8f.js                           1.05 kB │ gzip:   0.66 kB │ map:     3.88 kB
build/chunks/adaptV4Theme.2ec7ad0c.js                        1.13 kB │ gzip:   0.54 kB │ map:     4.98 kB
build/chunks/TabPanel.7cce459a.js                            1.14 kB │ gzip:   0.63 kB │ map:     4.33 kB
build/chunks/ModalDialogComponent.f18fd6fe.js                1.28 kB │ gzip:   0.70 kB │ map:     4.53 kB
build/chunks/index.406b26ee.js                               2.03 kB │ gzip:   0.68 kB │ map:     5.97 kB
build/chunks/HealthGauge.2f1cd95a.js                         2.37 kB │ gzip:   1.29 kB │ map:     8.47 kB
build/chunks/useSupport.6d4664b1.js                          2.45 kB │ gzip:   1.08 kB │ map:    10.12 kB
build/chunks/Checkbox.a6bbbf66.js                            2.46 kB │ gzip:   1.15 kB │ map:    13.67 kB
build/chunks/radioHelper.3c301b90.js                         2.58 kB │ gzip:   1.17 kB │ map:     8.50 kB
build/chunks/AuditLog.b1faef89.js                            3.71 kB │ gzip:   1.58 kB │ map:    14.13 kB
build/chunks/SlideUpTransition.6304e23f.js                   4.03 kB │ gzip:   1.61 kB │ map:    19.76 kB
build/chunks/index.5c2cf446.js                               4.14 kB │ gzip:   1.48 kB │ map:    13.64 kB
build/chunks/Logs.aaff29ce.js                                4.78 kB │ gzip:   2.11 kB │ map:    19.49 kB
build/chunks/AccordionSummary.01e95588.js                    5.73 kB │ gzip:   1.97 kB │ map:    27.76 kB
build/chunks/useStyles.a2685645.js                           6.39 kB │ gzip:   2.38 kB │ map:    26.35 kB
build/chunks/web-vitals.dfcc5b9a.js                          6.98 kB │ gzip:   2.58 kB │ map:    16.56 kB
build/chunks/TablePagination.0fd6a445.js                     8.27 kB │ gzip:   3.16 kB │ map:    42.12 kB
build/chunks/NetworkStats.73412d75.js                        8.90 kB │ gzip:   3.30 kB │ map:    33.00 kB
build/chunks/DnnPanel.8a92047d.js                            9.67 kB │ gzip:   3.66 kB │ map:    37.84 kB
build/chunks/airspan.a7005898.js                            10.94 kB │ gzip:   3.25 kB │ map:    34.71 kB
build/chunks/GMap.03e4b0b0.js                               16.54 kB │ gzip:   5.28 kB │ map:    51.13 kB
build/chunks/Diagnostics.1e793327.js                        23.61 kB │ gzip:   7.55 kB │ map:    89.63 kB
build/chunks/index.292058f8.js                              41.18 kB │ gzip:  10.55 kB │ map:   154.16 kB
build/chunks/AuditLogDetails.d0903ef8.js                    41.88 kB │ gzip:  13.90 kB │ map:   315.56 kB
build/chunks/RadioForm.4028e62f.js                          52.86 kB │ gzip:  14.68 kB │ map:   225.84 kB
build/chunks/System.4e77a791.js                             66.09 kB │ gzip:  15.18 kB │ map:   248.53 kB
build/chunks/Calibrate.7dbd400f.js                          71.85 kB │ gzip:  23.84 kB │ map:   252.05 kB
build/chunks/ReactTable.aeae6c05.js                         88.75 kB │ gzip:  27.05 kB │ map:   276.62 kB
build/chunks/Dashboard.2cae25bb.js                          90.62 kB │ gzip:  21.85 kB │ map:   520.74 kB
build/chunks/EdgesPanel.02d44869.js                        144.77 kB │ gzip:  35.83 kB │ map:   528.23 kB
build/chunks/RadiosPanelNew.0a3c9e0a.js                    145.13 kB │ gzip:  39.03 kB │ map:   561.51 kB
build/chunks/SubscribersPanel.e27035ae.js                  162.95 kB │ gzip:  53.10 kB │ map:   575.13 kB
build/chunks/DataGrid.44e204f1.js                          280.40 kB │ gzip:  84.80 kB │ map: 1,359.73 kB
build/chunks/highcharts.cbf06198.js                        296.73 kB │ gzip: 106.33 kB │ map:   694.32 kB
build/chunks/EditNotes.f5af9e31.js                         489.27 kB │ gzip: 132.59 kB │ map: 1,675.29 kB
build/js/index.43e0e25e.js                               2,129.66 kB │ gzip: 470.97 kB │ map: 5,382.00 kB

(!) Some chunks are larger than 1000 kBs after minification. Consider:
- Using dynamic import() to code-split the application
- Use build.rollupOptions.output.manualChunks to improve chunking: https://rollupjs.org/configuration-options/#output-manualchunks
- Adjust chunk size limit for this warning via build.chunkSizeWarningLimit.
✓ built in 4m 16s
Done in 265.25s.
Compilation done...
Complete at Sat Jul 22 02:34:43 AM EDT 2023
\n ************************************************** \n
Compiling at Sat Jul 22 07:30:00 AM EDT 2023
Pulling latest changes from Git...
From https://github.com/Highway9-Networks/h9-saas
   b1f53f255..68bafa327  bhuvaneshne_asan_full -> origin/bhuvaneshne_asan_full
   dea91656f..fc550c5e8  private/akshay-33     -> origin/private/akshay-33
Already up to date.
Compiling the orch UI code...
Deleting build...
Folder build deleted.
Folder A is unchanged.
yarn
yarn install v1.22.19
[1/4] Resolving packages...
success Already up-to-date.
Done in 0.79s.
yarn run build
yarn run v1.22.19
$ vite build
vite v4.3.9 building for production...
[plugin:vite-plugin-eslint] LintOnStart is turned on, and it will check for all matching files.
transforming...
✓ 13545 modules transformed.
rendering chunks...
computing gzip size...
build/assets/svg/pin.svg                                     0.85 kB │ gzip:   0.44 kB
build/assets/svg/current.svg                                 0.96 kB │ gzip:   0.47 kB
build/index.html                                             1.00 kB │ gzip:   0.53 kB
build/assets/svg/celltower.svg                               2.73 kB │ gzip:   1.41 kB
build/assets/svg/green-plain.svg                             3.30 kB │ gzip:   1.25 kB
build/assets/svg/pointer.svg                                 3.36 kB │ gzip:   1.27 kB
build/assets/svg/pointer-green.svg                           4.26 kB │ gzip:   1.56 kB
build/assets/svg/pointer-grey.svg                            4.26 kB │ gzip:   1.56 kB
build/assets/svg/markerA.svg                                 4.71 kB │ gzip:   1.66 kB
build/assets/woff2/roboto-vietnamese-400-normal.woff2        5.56 kB
build/assets/svg/markerB.svg                                 5.70 kB │ gzip:   2.12 kB
build/assets/woff2/roboto-greek-400-normal.woff2             7.11 kB
build/assets/svg/Radio-Indoor-Icon.svg                       7.43 kB │ gzip:   1.99 kB
build/assets/woff2/roboto-cyrillic-400-normal.woff2          9.63 kB
build/assets/woff2/roboto-latin-ext-400-normal.woff2        11.87 kB
build/assets/woff2/roboto-cyrillic-ext-400-normal.woff2     15.34 kB
build/assets/woff2/roboto-latin-400-normal.woff2            15.74 kB
build/assets/woff/roboto-all-400-normal.woff                65.46 kB
build/assets/css/EdgesPanel.css                              0.06 kB │ gzip:   0.08 kB
build/assets/css/RadiosPanelNew.css                          0.22 kB │ gzip:   0.17 kB
build/assets/css/SubscribersPanel.css                        0.23 kB │ gzip:   0.17 kB
build/assets/css/Diagnostics.css                             0.29 kB │ gzip:   0.21 kB
build/assets/css/Calibrate.css                               0.64 kB │ gzip:   0.40 kB
build/assets/css/ReactTable.css                              1.32 kB │ gzip:   0.56 kB
build/assets/css/index.css                                   1.77 kB │ gzip:   0.77 kB
build/assets/css/Dashboard.css                               4.02 kB │ gzip:   2.01 kB
build/assets/css/EditNotes.css                              17.96 kB │ gzip:   3.16 kB
build/chunks/styled.4d8570d4.js                              0.12 kB │ gzip:   0.14 kB │ map:     0.34 kB
build/chunks/QoS-service.c0b72993.js                         0.26 kB │ gzip:   0.22 kB │ map:     0.80 kB
build/chunks/LightTooltip.782ff5e0.js                        0.34 kB │ gzip:   0.28 kB │ map:     1.06 kB
build/chunks/ArrowForwardIosSharp.9fe4e35e.js                0.36 kB │ gzip:   0.29 kB │ map:     1.12 kB
build/chunks/hardwareInventory-service.b3415787.js           0.38 kB │ gzip:   0.30 kB │ map:     1.14 kB
build/chunks/NotImplemented.09d6c171.js                      0.55 kB │ gzip:   0.40 kB │ map:     1.39 kB
build/chunks/AccordianSummary.8c511dd1.js                    0.63 kB │ gzip:   0.44 kB │ map:     1.72 kB
build/chunks/Card.b2ff8239.js                                0.63 kB │ gzip:   0.43 kB │ map:     4.60 kB
build/chunks/useInterval.9dbb3c1b.js                         0.71 kB │ gzip:   0.41 kB │ map:     3.67 kB
build/chunks/TimeDateInput.8ee77181.js                       0.88 kB │ gzip:   0.50 kB │ map:     3.03 kB
build/chunks/LineChart.93bb4e8f.js                           1.05 kB │ gzip:   0.66 kB │ map:     3.88 kB
build/chunks/adaptV4Theme.2ec7ad0c.js                        1.13 kB │ gzip:   0.54 kB │ map:     4.98 kB
build/chunks/TabPanel.7cce459a.js                            1.14 kB │ gzip:   0.63 kB │ map:     4.33 kB
build/chunks/ModalDialogComponent.f18fd6fe.js                1.28 kB │ gzip:   0.70 kB │ map:     4.53 kB
build/chunks/index.406b26ee.js                               2.03 kB │ gzip:   0.68 kB │ map:     5.97 kB
build/chunks/HealthGauge.2f1cd95a.js                         2.37 kB │ gzip:   1.29 kB │ map:     8.47 kB
build/chunks/useSupport.6d4664b1.js                          2.45 kB │ gzip:   1.08 kB │ map:    10.12 kB
build/chunks/Checkbox.a6bbbf66.js                            2.46 kB │ gzip:   1.15 kB │ map:    13.67 kB
build/chunks/radioHelper.3c301b90.js                         2.58 kB │ gzip:   1.17 kB │ map:     8.50 kB
build/chunks/AuditLog.b1faef89.js                            3.71 kB │ gzip:   1.58 kB │ map:    14.13 kB
build/chunks/SlideUpTransition.6304e23f.js                   4.03 kB │ gzip:   1.61 kB │ map:    19.76 kB
build/chunks/index.5c2cf446.js                               4.14 kB │ gzip:   1.48 kB │ map:    13.64 kB
build/chunks/Logs.aaff29ce.js                                4.78 kB │ gzip:   2.11 kB │ map:    19.49 kB
build/chunks/AccordionSummary.01e95588.js                    5.73 kB │ gzip:   1.97 kB │ map:    27.76 kB
build/chunks/useStyles.a2685645.js                           6.39 kB │ gzip:   2.38 kB │ map:    26.35 kB
build/chunks/web-vitals.dfcc5b9a.js                          6.98 kB │ gzip:   2.58 kB │ map:    16.56 kB
build/chunks/TablePagination.0fd6a445.js                     8.27 kB │ gzip:   3.16 kB │ map:    42.12 kB
build/chunks/NetworkStats.73412d75.js                        8.90 kB │ gzip:   3.30 kB │ map:    33.00 kB
build/chunks/DnnPanel.8a92047d.js                            9.67 kB │ gzip:   3.66 kB │ map:    37.84 kB
build/chunks/airspan.a7005898.js                            10.94 kB │ gzip:   3.25 kB │ map:    34.71 kB
build/chunks/GMap.03e4b0b0.js                               16.54 kB │ gzip:   5.28 kB │ map:    51.13 kB
build/chunks/Diagnostics.1e793327.js                        23.61 kB │ gzip:   7.55 kB │ map:    89.63 kB
build/chunks/index.292058f8.js                              41.18 kB │ gzip:  10.55 kB │ map:   154.16 kB
build/chunks/AuditLogDetails.d0903ef8.js                    41.88 kB │ gzip:  13.90 kB │ map:   315.56 kB
build/chunks/RadioForm.4028e62f.js                          52.86 kB │ gzip:  14.68 kB │ map:   225.84 kB
build/chunks/System.4e77a791.js                             66.09 kB │ gzip:  15.18 kB │ map:   248.53 kB
build/chunks/Calibrate.7dbd400f.js                          71.85 kB │ gzip:  23.84 kB │ map:   252.05 kB
build/chunks/ReactTable.aeae6c05.js                         88.75 kB │ gzip:  27.05 kB │ map:   276.62 kB
build/chunks/Dashboard.2cae25bb.js                          90.62 kB │ gzip:  21.85 kB │ map:   520.74 kB
build/chunks/EdgesPanel.02d44869.js                        144.77 kB │ gzip:  35.83 kB │ map:   528.23 kB
build/chunks/RadiosPanelNew.0a3c9e0a.js                    145.13 kB │ gzip:  39.03 kB │ map:   561.51 kB
build/chunks/SubscribersPanel.e27035ae.js                  162.95 kB │ gzip:  53.10 kB │ map:   575.13 kB
build/chunks/DataGrid.44e204f1.js                          280.40 kB │ gzip:  84.80 kB │ map: 1,359.73 kB
build/chunks/highcharts.cbf06198.js                        296.73 kB │ gzip: 106.33 kB │ map:   694.32 kB
build/chunks/EditNotes.f5af9e31.js                         489.27 kB │ gzip: 132.59 kB │ map: 1,675.29 kB
build/js/index.43e0e25e.js                               2,129.66 kB │ gzip: 470.97 kB │ map: 5,382.00 kB

(!) Some chunks are larger than 1000 kBs after minification. Consider:
- Using dynamic import() to code-split the application
- Use build.rollupOptions.output.manualChunks to improve chunking: https://rollupjs.org/configuration-options/#output-manualchunks
- Adjust chunk size limit for this warning via build.chunkSizeWarningLimit.
✓ built in 2m 49s
Done in 171.41s.
Compilation done...
Complete at Sat Jul 22 07:32:55 AM EDT 2023
\n ************************************************** \n
Compiling at Sun Jul 23 02:30:00 AM EDT 2023
Pulling latest changes from Git...
Already up to date.
Compiling the orch UI code...
Deleting build...
Folder build deleted.
Folder A is unchanged.
yarn
yarn install v1.22.19
[1/4] Resolving packages...
success Already up-to-date.
Done in 1.31s.
yarn run build
yarn run v1.22.19
$ vite build
vite v4.3.9 building for production...
[plugin:vite-plugin-eslint] LintOnStart is turned on, and it will check for all matching files.
transforming...
✓ 13545 modules transformed.
rendering chunks...
computing gzip size...
build/assets/svg/pin.svg                                     0.85 kB │ gzip:   0.44 kB
build/assets/svg/current.svg                                 0.96 kB │ gzip:   0.47 kB
build/index.html                                             1.00 kB │ gzip:   0.53 kB
build/assets/svg/celltower.svg                               2.73 kB │ gzip:   1.41 kB
build/assets/svg/green-plain.svg                             3.30 kB │ gzip:   1.25 kB
build/assets/svg/pointer.svg                                 3.36 kB │ gzip:   1.27 kB
build/assets/svg/pointer-green.svg                           4.26 kB │ gzip:   1.56 kB
build/assets/svg/pointer-grey.svg                            4.26 kB │ gzip:   1.56 kB
build/assets/svg/markerA.svg                                 4.71 kB │ gzip:   1.66 kB
build/assets/woff2/roboto-vietnamese-400-normal.woff2        5.56 kB
build/assets/svg/markerB.svg                                 5.70 kB │ gzip:   2.12 kB
build/assets/woff2/roboto-greek-400-normal.woff2             7.11 kB
build/assets/svg/Radio-Indoor-Icon.svg                       7.43 kB │ gzip:   1.99 kB
build/assets/woff2/roboto-cyrillic-400-normal.woff2          9.63 kB
build/assets/woff2/roboto-latin-ext-400-normal.woff2        11.87 kB
build/assets/woff2/roboto-cyrillic-ext-400-normal.woff2     15.34 kB
build/assets/woff2/roboto-latin-400-normal.woff2            15.74 kB
build/assets/woff/roboto-all-400-normal.woff                65.46 kB
build/assets/css/EdgesPanel.css                              0.06 kB │ gzip:   0.08 kB
build/assets/css/RadiosPanelNew.css                          0.22 kB │ gzip:   0.17 kB
build/assets/css/SubscribersPanel.css                        0.23 kB │ gzip:   0.17 kB
build/assets/css/Diagnostics.css                             0.29 kB │ gzip:   0.21 kB
build/assets/css/Calibrate.css                               0.64 kB │ gzip:   0.40 kB
build/assets/css/ReactTable.css                              1.32 kB │ gzip:   0.56 kB
build/assets/css/index.css                                   1.77 kB │ gzip:   0.77 kB
build/assets/css/Dashboard.css                               4.02 kB │ gzip:   2.01 kB
build/assets/css/EditNotes.css                              17.96 kB │ gzip:   3.16 kB
build/chunks/styled.4d8570d4.js                              0.12 kB │ gzip:   0.14 kB │ map:     0.34 kB
build/chunks/QoS-service.c0b72993.js                         0.26 kB │ gzip:   0.22 kB │ map:     0.80 kB
build/chunks/LightTooltip.782ff5e0.js                        0.34 kB │ gzip:   0.28 kB │ map:     1.06 kB
build/chunks/ArrowForwardIosSharp.9fe4e35e.js                0.36 kB │ gzip:   0.29 kB │ map:     1.12 kB
build/chunks/hardwareInventory-service.b3415787.js           0.38 kB │ gzip:   0.30 kB │ map:     1.14 kB
build/chunks/NotImplemented.09d6c171.js                      0.55 kB │ gzip:   0.40 kB │ map:     1.39 kB
build/chunks/AccordianSummary.8c511dd1.js                    0.63 kB │ gzip:   0.44 kB │ map:     1.72 kB
build/chunks/Card.b2ff8239.js                                0.63 kB │ gzip:   0.43 kB │ map:     4.60 kB
build/chunks/useInterval.9dbb3c1b.js                         0.71 kB │ gzip:   0.41 kB │ map:     3.67 kB
build/chunks/TimeDateInput.8ee77181.js                       0.88 kB │ gzip:   0.50 kB │ map:     3.03 kB
build/chunks/LineChart.93bb4e8f.js                           1.05 kB │ gzip:   0.66 kB │ map:     3.88 kB
build/chunks/adaptV4Theme.2ec7ad0c.js                        1.13 kB │ gzip:   0.54 kB │ map:     4.98 kB
build/chunks/TabPanel.7cce459a.js                            1.14 kB │ gzip:   0.63 kB │ map:     4.33 kB
build/chunks/ModalDialogComponent.f18fd6fe.js                1.28 kB │ gzip:   0.70 kB │ map:     4.53 kB
build/chunks/index.406b26ee.js                               2.03 kB │ gzip:   0.68 kB │ map:     5.97 kB
build/chunks/HealthGauge.2f1cd95a.js                         2.37 kB │ gzip:   1.29 kB │ map:     8.47 kB
build/chunks/useSupport.6d4664b1.js                          2.45 kB │ gzip:   1.08 kB │ map:    10.12 kB
build/chunks/Checkbox.a6bbbf66.js                            2.46 kB │ gzip:   1.15 kB │ map:    13.67 kB
build/chunks/radioHelper.3c301b90.js                         2.58 kB │ gzip:   1.17 kB │ map:     8.50 kB
build/chunks/AuditLog.b1faef89.js                            3.71 kB │ gzip:   1.58 kB │ map:    14.13 kB
build/chunks/SlideUpTransition.6304e23f.js                   4.03 kB │ gzip:   1.61 kB │ map:    19.76 kB
build/chunks/index.5c2cf446.js                               4.14 kB │ gzip:   1.48 kB │ map:    13.64 kB
build/chunks/Logs.aaff29ce.js                                4.78 kB │ gzip:   2.11 kB │ map:    19.49 kB
build/chunks/AccordionSummary.01e95588.js                    5.73 kB │ gzip:   1.97 kB │ map:    27.76 kB
build/chunks/useStyles.a2685645.js                           6.39 kB │ gzip:   2.38 kB │ map:    26.35 kB
build/chunks/web-vitals.dfcc5b9a.js                          6.98 kB │ gzip:   2.58 kB │ map:    16.56 kB
build/chunks/TablePagination.0fd6a445.js                     8.27 kB │ gzip:   3.16 kB │ map:    42.12 kB
build/chunks/NetworkStats.73412d75.js                        8.90 kB │ gzip:   3.30 kB │ map:    33.00 kB
build/chunks/DnnPanel.8a92047d.js                            9.67 kB │ gzip:   3.66 kB │ map:    37.84 kB
build/chunks/airspan.a7005898.js                            10.94 kB │ gzip:   3.25 kB │ map:    34.71 kB
build/chunks/GMap.03e4b0b0.js                               16.54 kB │ gzip:   5.28 kB │ map:    51.13 kB
build/chunks/Diagnostics.1e793327.js                        23.61 kB │ gzip:   7.55 kB │ map:    89.63 kB
build/chunks/index.292058f8.js                              41.18 kB │ gzip:  10.55 kB │ map:   154.16 kB
build/chunks/AuditLogDetails.d0903ef8.js                    41.88 kB │ gzip:  13.90 kB │ map:   315.56 kB
build/chunks/RadioForm.4028e62f.js                          52.86 kB │ gzip:  14.68 kB │ map:   225.84 kB
build/chunks/System.4e77a791.js                             66.09 kB │ gzip:  15.18 kB │ map:   248.53 kB
build/chunks/Calibrate.7dbd400f.js                          71.85 kB │ gzip:  23.84 kB │ map:   252.05 kB
build/chunks/ReactTable.aeae6c05.js                         88.75 kB │ gzip:  27.05 kB │ map:   276.62 kB
build/chunks/Dashboard.2cae25bb.js                          90.62 kB │ gzip:  21.85 kB │ map:   520.74 kB
build/chunks/EdgesPanel.02d44869.js                        144.77 kB │ gzip:  35.83 kB │ map:   528.23 kB
build/chunks/RadiosPanelNew.0a3c9e0a.js                    145.13 kB │ gzip:  39.03 kB │ map:   561.51 kB
build/chunks/SubscribersPanel.e27035ae.js                  162.95 kB │ gzip:  53.10 kB │ map:   575.13 kB
build/chunks/DataGrid.44e204f1.js                          280.40 kB │ gzip:  84.80 kB │ map: 1,359.73 kB
build/chunks/highcharts.cbf06198.js                        296.73 kB │ gzip: 106.33 kB │ map:   694.32 kB
build/chunks/EditNotes.f5af9e31.js                         489.27 kB │ gzip: 132.59 kB │ map: 1,675.29 kB
build/js/index.43e0e25e.js                               2,129.66 kB │ gzip: 470.97 kB │ map: 5,382.00 kB

(!) Some chunks are larger than 1000 kBs after minification. Consider:
- Using dynamic import() to code-split the application
- Use build.rollupOptions.output.manualChunks to improve chunking: https://rollupjs.org/configuration-options/#output-manualchunks
- Adjust chunk size limit for this warning via build.chunkSizeWarningLimit.
✓ built in 2m 57s
Done in 178.98s.
Compilation done...
Complete at Sun Jul 23 02:33:02 AM EDT 2023
\n ************************************************** \n
Compiling at Sun Jul 23 07:30:00 AM EDT 2023
Pulling latest changes from Git...
Already up to date.
Compiling the orch UI code...
Deleting build...
Folder build deleted.
Folder A is unchanged.
yarn
yarn install v1.22.19
[1/4] Resolving packages...
success Already up-to-date.
Done in 0.79s.
yarn run build
yarn run v1.22.19
$ vite build
vite v4.3.9 building for production...
[plugin:vite-plugin-eslint] LintOnStart is turned on, and it will check for all matching files.
transforming...
✓ 13545 modules transformed.
rendering chunks...
computing gzip size...
build/assets/svg/pin.svg                                     0.85 kB │ gzip:   0.44 kB
build/assets/svg/current.svg                                 0.96 kB │ gzip:   0.47 kB
build/index.html                                             1.00 kB │ gzip:   0.53 kB
build/assets/svg/celltower.svg                               2.73 kB │ gzip:   1.41 kB
build/assets/svg/green-plain.svg                             3.30 kB │ gzip:   1.25 kB
build/assets/svg/pointer.svg                                 3.36 kB │ gzip:   1.27 kB
build/assets/svg/pointer-green.svg                           4.26 kB │ gzip:   1.56 kB
build/assets/svg/pointer-grey.svg                            4.26 kB │ gzip:   1.56 kB
build/assets/svg/markerA.svg                                 4.71 kB │ gzip:   1.66 kB
build/assets/woff2/roboto-vietnamese-400-normal.woff2        5.56 kB
build/assets/svg/markerB.svg                                 5.70 kB │ gzip:   2.12 kB
build/assets/woff2/roboto-greek-400-normal.woff2             7.11 kB
build/assets/svg/Radio-Indoor-Icon.svg                       7.43 kB │ gzip:   1.99 kB
build/assets/woff2/roboto-cyrillic-400-normal.woff2          9.63 kB
build/assets/woff2/roboto-latin-ext-400-normal.woff2        11.87 kB
build/assets/woff2/roboto-cyrillic-ext-400-normal.woff2     15.34 kB
build/assets/woff2/roboto-latin-400-normal.woff2            15.74 kB
build/assets/woff/roboto-all-400-normal.woff                65.46 kB
build/assets/css/EdgesPanel.css                              0.06 kB │ gzip:   0.08 kB
build/assets/css/RadiosPanelNew.css                          0.22 kB │ gzip:   0.17 kB
build/assets/css/SubscribersPanel.css                        0.23 kB │ gzip:   0.17 kB
build/assets/css/Diagnostics.css                             0.29 kB │ gzip:   0.21 kB
build/assets/css/Calibrate.css                               0.64 kB │ gzip:   0.40 kB
build/assets/css/ReactTable.css                              1.32 kB │ gzip:   0.56 kB
build/assets/css/index.css                                   1.77 kB │ gzip:   0.77 kB
build/assets/css/Dashboard.css                               4.02 kB │ gzip:   2.01 kB
build/assets/css/EditNotes.css                              17.96 kB │ gzip:   3.16 kB
build/chunks/styled.4d8570d4.js                              0.12 kB │ gzip:   0.14 kB │ map:     0.34 kB
build/chunks/QoS-service.c0b72993.js                         0.26 kB │ gzip:   0.22 kB │ map:     0.80 kB
build/chunks/LightTooltip.782ff5e0.js                        0.34 kB │ gzip:   0.28 kB │ map:     1.06 kB
build/chunks/ArrowForwardIosSharp.9fe4e35e.js                0.36 kB │ gzip:   0.29 kB │ map:     1.12 kB
build/chunks/hardwareInventory-service.b3415787.js           0.38 kB │ gzip:   0.30 kB │ map:     1.14 kB
build/chunks/NotImplemented.09d6c171.js                      0.55 kB │ gzip:   0.40 kB │ map:     1.39 kB
build/chunks/AccordianSummary.8c511dd1.js                    0.63 kB │ gzip:   0.44 kB │ map:     1.72 kB
build/chunks/Card.b2ff8239.js                                0.63 kB │ gzip:   0.43 kB │ map:     4.60 kB
build/chunks/useInterval.9dbb3c1b.js                         0.71 kB │ gzip:   0.41 kB │ map:     3.67 kB
build/chunks/TimeDateInput.8ee77181.js                       0.88 kB │ gzip:   0.50 kB │ map:     3.03 kB
build/chunks/LineChart.93bb4e8f.js                           1.05 kB │ gzip:   0.66 kB │ map:     3.88 kB
build/chunks/adaptV4Theme.2ec7ad0c.js                        1.13 kB │ gzip:   0.54 kB │ map:     4.98 kB
build/chunks/TabPanel.7cce459a.js                            1.14 kB │ gzip:   0.63 kB │ map:     4.33 kB
build/chunks/ModalDialogComponent.f18fd6fe.js                1.28 kB │ gzip:   0.70 kB │ map:     4.53 kB
build/chunks/index.406b26ee.js                               2.03 kB │ gzip:   0.68 kB │ map:     5.97 kB
build/chunks/HealthGauge.2f1cd95a.js                         2.37 kB │ gzip:   1.29 kB │ map:     8.47 kB
build/chunks/useSupport.6d4664b1.js                          2.45 kB │ gzip:   1.08 kB │ map:    10.12 kB
build/chunks/Checkbox.a6bbbf66.js                            2.46 kB │ gzip:   1.15 kB │ map:    13.67 kB
build/chunks/radioHelper.3c301b90.js                         2.58 kB │ gzip:   1.17 kB │ map:     8.50 kB
build/chunks/AuditLog.b1faef89.js                            3.71 kB │ gzip:   1.58 kB │ map:    14.13 kB
build/chunks/SlideUpTransition.6304e23f.js                   4.03 kB │ gzip:   1.61 kB │ map:    19.76 kB
build/chunks/index.5c2cf446.js                               4.14 kB │ gzip:   1.48 kB │ map:    13.64 kB
build/chunks/Logs.aaff29ce.js                                4.78 kB │ gzip:   2.11 kB │ map:    19.49 kB
build/chunks/AccordionSummary.01e95588.js                    5.73 kB │ gzip:   1.97 kB │ map:    27.76 kB
build/chunks/useStyles.a2685645.js                           6.39 kB │ gzip:   2.38 kB │ map:    26.35 kB
build/chunks/web-vitals.dfcc5b9a.js                          6.98 kB │ gzip:   2.58 kB │ map:    16.56 kB
build/chunks/TablePagination.0fd6a445.js                     8.27 kB │ gzip:   3.16 kB │ map:    42.12 kB
build/chunks/NetworkStats.73412d75.js                        8.90 kB │ gzip:   3.30 kB │ map:    33.00 kB
build/chunks/DnnPanel.8a92047d.js                            9.67 kB │ gzip:   3.66 kB │ map:    37.84 kB
build/chunks/airspan.a7005898.js                            10.94 kB │ gzip:   3.25 kB │ map:    34.71 kB
build/chunks/GMap.03e4b0b0.js                               16.54 kB │ gzip:   5.28 kB │ map:    51.13 kB
build/chunks/Diagnostics.1e793327.js                        23.61 kB │ gzip:   7.55 kB │ map:    89.63 kB
build/chunks/index.292058f8.js                              41.18 kB │ gzip:  10.55 kB │ map:   154.16 kB
build/chunks/AuditLogDetails.d0903ef8.js                    41.88 kB │ gzip:  13.90 kB │ map:   315.56 kB
build/chunks/RadioForm.4028e62f.js                          52.86 kB │ gzip:  14.68 kB │ map:   225.84 kB
build/chunks/System.4e77a791.js                             66.09 kB │ gzip:  15.18 kB │ map:   248.53 kB
build/chunks/Calibrate.7dbd400f.js                          71.85 kB │ gzip:  23.84 kB │ map:   252.05 kB
build/chunks/ReactTable.aeae6c05.js                         88.75 kB │ gzip:  27.05 kB │ map:   276.62 kB
build/chunks/Dashboard.2cae25bb.js                          90.62 kB │ gzip:  21.85 kB │ map:   520.74 kB
build/chunks/EdgesPanel.02d44869.js                        144.77 kB │ gzip:  35.83 kB │ map:   528.23 kB
build/chunks/RadiosPanelNew.0a3c9e0a.js                    145.13 kB │ gzip:  39.03 kB │ map:   561.51 kB
build/chunks/SubscribersPanel.e27035ae.js                  162.95 kB │ gzip:  53.10 kB │ map:   575.13 kB
build/chunks/DataGrid.44e204f1.js                          280.40 kB │ gzip:  84.80 kB │ map: 1,359.73 kB
build/chunks/highcharts.cbf06198.js                        296.73 kB │ gzip: 106.33 kB │ map:   694.32 kB
build/chunks/EditNotes.f5af9e31.js                         489.27 kB │ gzip: 132.59 kB │ map: 1,675.29 kB
build/js/index.43e0e25e.js                               2,129.66 kB │ gzip: 470.97 kB │ map: 5,382.00 kB

(!) Some chunks are larger than 1000 kBs after minification. Consider:
- Using dynamic import() to code-split the application
- Use build.rollupOptions.output.manualChunks to improve chunking: https://rollupjs.org/configuration-options/#output-manualchunks
- Adjust chunk size limit for this warning via build.chunkSizeWarningLimit.
✓ built in 2m 52s
Done in 174.51s.
Compilation done...
Complete at Sun Jul 23 07:32:58 AM EDT 2023
\n ************************************************** \n
Compiling at Sun Jul 23 10:30:00 AM EDT 2023
Pulling latest changes from Git...
From https://github.com/Highway9-Networks/h9-saas
   618512775..a0a85770e  private/girish/20june -> origin/private/girish/20june
Already up to date.
Compiling the orch UI code...
Deleting build...
Folder build deleted.
Folder A is unchanged.
yarn
yarn install v1.22.19
[1/4] Resolving packages...
success Already up-to-date.
Done in 0.95s.
yarn run build
yarn run v1.22.19
$ vite build
vite v4.3.9 building for production...
[plugin:vite-plugin-eslint] LintOnStart is turned on, and it will check for all matching files.
transforming...
✓ 13545 modules transformed.
rendering chunks...
computing gzip size...
build/assets/svg/pin.svg                                     0.85 kB │ gzip:   0.44 kB
build/assets/svg/current.svg                                 0.96 kB │ gzip:   0.47 kB
build/index.html                                             1.00 kB │ gzip:   0.53 kB
build/assets/svg/celltower.svg                               2.73 kB │ gzip:   1.41 kB
build/assets/svg/green-plain.svg                             3.30 kB │ gzip:   1.25 kB
build/assets/svg/pointer.svg                                 3.36 kB │ gzip:   1.27 kB
build/assets/svg/pointer-green.svg                           4.26 kB │ gzip:   1.56 kB
build/assets/svg/pointer-grey.svg                            4.26 kB │ gzip:   1.56 kB
build/assets/svg/markerA.svg                                 4.71 kB │ gzip:   1.66 kB
build/assets/woff2/roboto-vietnamese-400-normal.woff2        5.56 kB
build/assets/svg/markerB.svg                                 5.70 kB │ gzip:   2.12 kB
build/assets/woff2/roboto-greek-400-normal.woff2             7.11 kB
build/assets/svg/Radio-Indoor-Icon.svg                       7.43 kB │ gzip:   1.99 kB
build/assets/woff2/roboto-cyrillic-400-normal.woff2          9.63 kB
build/assets/woff2/roboto-latin-ext-400-normal.woff2        11.87 kB
build/assets/woff2/roboto-cyrillic-ext-400-normal.woff2     15.34 kB
build/assets/woff2/roboto-latin-400-normal.woff2            15.74 kB
build/assets/woff/roboto-all-400-normal.woff                65.46 kB
build/assets/css/EdgesPanel.css                              0.06 kB │ gzip:   0.08 kB
build/assets/css/RadiosPanelNew.css                          0.22 kB │ gzip:   0.17 kB
build/assets/css/SubscribersPanel.css                        0.23 kB │ gzip:   0.17 kB
build/assets/css/Diagnostics.css                             0.29 kB │ gzip:   0.21 kB
build/assets/css/Calibrate.css                               0.64 kB │ gzip:   0.40 kB
build/assets/css/ReactTable.css                              1.32 kB │ gzip:   0.56 kB
build/assets/css/index.css                                   1.77 kB │ gzip:   0.77 kB
build/assets/css/Dashboard.css                               4.02 kB │ gzip:   2.01 kB
build/assets/css/EditNotes.css                              17.96 kB │ gzip:   3.16 kB
build/chunks/styled.4d8570d4.js                              0.12 kB │ gzip:   0.14 kB │ map:     0.34 kB
build/chunks/QoS-service.c0b72993.js                         0.26 kB │ gzip:   0.22 kB │ map:     0.80 kB
build/chunks/LightTooltip.782ff5e0.js                        0.34 kB │ gzip:   0.28 kB │ map:     1.06 kB
build/chunks/ArrowForwardIosSharp.9fe4e35e.js                0.36 kB │ gzip:   0.29 kB │ map:     1.12 kB
build/chunks/hardwareInventory-service.b3415787.js           0.38 kB │ gzip:   0.30 kB │ map:     1.14 kB
build/chunks/NotImplemented.09d6c171.js                      0.55 kB │ gzip:   0.40 kB │ map:     1.39 kB
build/chunks/AccordianSummary.8c511dd1.js                    0.63 kB │ gzip:   0.44 kB │ map:     1.72 kB
build/chunks/Card.b2ff8239.js                                0.63 kB │ gzip:   0.43 kB │ map:     4.60 kB
build/chunks/useInterval.9dbb3c1b.js                         0.71 kB │ gzip:   0.41 kB │ map:     3.67 kB
build/chunks/TimeDateInput.8ee77181.js                       0.88 kB │ gzip:   0.50 kB │ map:     3.03 kB
build/chunks/LineChart.93bb4e8f.js                           1.05 kB │ gzip:   0.66 kB │ map:     3.88 kB
build/chunks/adaptV4Theme.2ec7ad0c.js                        1.13 kB │ gzip:   0.54 kB │ map:     4.98 kB
build/chunks/TabPanel.7cce459a.js                            1.14 kB │ gzip:   0.63 kB │ map:     4.33 kB
build/chunks/ModalDialogComponent.f18fd6fe.js                1.28 kB │ gzip:   0.70 kB │ map:     4.53 kB
build/chunks/index.406b26ee.js                               2.03 kB │ gzip:   0.68 kB │ map:     5.97 kB
build/chunks/HealthGauge.2f1cd95a.js                         2.37 kB │ gzip:   1.29 kB │ map:     8.47 kB
build/chunks/useSupport.6d4664b1.js                          2.45 kB │ gzip:   1.08 kB │ map:    10.12 kB
build/chunks/Checkbox.a6bbbf66.js                            2.46 kB │ gzip:   1.15 kB │ map:    13.67 kB
build/chunks/radioHelper.3c301b90.js                         2.58 kB │ gzip:   1.17 kB │ map:     8.50 kB
build/chunks/AuditLog.b1faef89.js                            3.71 kB │ gzip:   1.58 kB │ map:    14.13 kB
build/chunks/SlideUpTransition.6304e23f.js                   4.03 kB │ gzip:   1.61 kB │ map:    19.76 kB
build/chunks/index.5c2cf446.js                               4.14 kB │ gzip:   1.48 kB │ map:    13.64 kB
build/chunks/Logs.aaff29ce.js                                4.78 kB │ gzip:   2.11 kB │ map:    19.49 kB
build/chunks/AccordionSummary.01e95588.js                    5.73 kB │ gzip:   1.97 kB │ map:    27.76 kB
build/chunks/useStyles.a2685645.js                           6.39 kB │ gzip:   2.38 kB │ map:    26.35 kB
build/chunks/web-vitals.dfcc5b9a.js                          6.98 kB │ gzip:   2.58 kB │ map:    16.56 kB
build/chunks/TablePagination.0fd6a445.js                     8.27 kB │ gzip:   3.16 kB │ map:    42.12 kB
build/chunks/NetworkStats.73412d75.js                        8.90 kB │ gzip:   3.30 kB │ map:    33.00 kB
build/chunks/DnnPanel.8a92047d.js                            9.67 kB │ gzip:   3.66 kB │ map:    37.84 kB
build/chunks/airspan.a7005898.js                            10.94 kB │ gzip:   3.25 kB │ map:    34.71 kB
build/chunks/GMap.03e4b0b0.js                               16.54 kB │ gzip:   5.28 kB │ map:    51.13 kB
build/chunks/Diagnostics.1e793327.js                        23.61 kB │ gzip:   7.55 kB │ map:    89.63 kB
build/chunks/index.292058f8.js                              41.18 kB │ gzip:  10.55 kB │ map:   154.16 kB
build/chunks/AuditLogDetails.d0903ef8.js                    41.88 kB │ gzip:  13.90 kB │ map:   315.56 kB
build/chunks/RadioForm.4028e62f.js                          52.86 kB │ gzip:  14.68 kB │ map:   225.84 kB
build/chunks/System.4e77a791.js                             66.09 kB │ gzip:  15.18 kB │ map:   248.53 kB
build/chunks/Calibrate.7dbd400f.js                          71.85 kB │ gzip:  23.84 kB │ map:   252.05 kB
build/chunks/ReactTable.aeae6c05.js                         88.75 kB │ gzip:  27.05 kB │ map:   276.62 kB
build/chunks/Dashboard.2cae25bb.js                          90.62 kB │ gzip:  21.85 kB │ map:   520.74 kB
build/chunks/EdgesPanel.02d44869.js                        144.77 kB │ gzip:  35.83 kB │ map:   528.23 kB
build/chunks/RadiosPanelNew.0a3c9e0a.js                    145.13 kB │ gzip:  39.03 kB │ map:   561.51 kB
build/chunks/SubscribersPanel.e27035ae.js                  162.95 kB │ gzip:  53.10 kB │ map:   575.13 kB
build/chunks/DataGrid.44e204f1.js                          280.40 kB │ gzip:  84.80 kB │ map: 1,359.73 kB
build/chunks/highcharts.cbf06198.js                        296.73 kB │ gzip: 106.33 kB │ map:   694.32 kB
build/chunks/EditNotes.f5af9e31.js                         489.27 kB │ gzip: 132.59 kB │ map: 1,675.29 kB
build/js/index.43e0e25e.js                               2,129.66 kB │ gzip: 470.97 kB │ map: 5,382.00 kB

(!) Some chunks are larger than 1000 kBs after minification. Consider:
- Using dynamic import() to code-split the application
- Use build.rollupOptions.output.manualChunks to improve chunking: https://rollupjs.org/configuration-options/#output-manualchunks
- Adjust chunk size limit for this warning via build.chunkSizeWarningLimit.
✓ built in 2m 44s
Done in 166.44s.
Compilation done...
Complete at Sun Jul 23 10:32:51 AM EDT 2023
\n ************************************************** \n
Compiling at Mon Jul 24 02:30:00 AM EDT 2023
Pulling latest changes from Git...
From https://github.com/Highway9-Networks/h9-saas
   e767f5994..f4e90668a  main             -> origin/main
   34f01d4a8..70b3a50dd  balaji/mmeretry  -> origin/balaji/mmeretry
 * [new branch]          flow-monitor     -> origin/flow-monitor
   4f7a6a654..4605c9693  imran-automation -> origin/imran-automation
   234dc52f4..19d1f37c8  private/abhagwat -> origin/private/abhagwat
   f78d09730..720abbda8  private/dileep/FixingIssues_04_07_23 -> origin/private/dileep/FixingIssues_04_07_23
   9136982f0..f4e90668a  vikram_mem       -> origin/vikram_mem
 * [new branch]          vmz_test_auto    -> origin/vmz_test_auto
Updating e767f5994..f4e90668a
Fast-forward
 common/adapters/airspan/airspanApi.go              |   5 +-
 common/adapters/airspan/airspanConfig.go           |   2 +-
 .../configmgr/src/cmpclient/cmpConfig/cmpConfig.go | 469 +++++++++------------
 .../configmgr/src/coreConfig/coreConfig.go         |  26 ++
 .../configmgr/src/secgw/secgwConfig/secgwConfig.go |  20 +-
 orch/orch-api/apihandler/MnoOperatorHandler.go     |   6 +-
 .../grpchandler/carriergwStateSyncHandler.go       |  55 +--
 orch/orch-api/grpchandler/shellCommandHandler.go   |  50 ++-
 .../swagger/definitions/MnoOperator.yaml           |   9 +-
 .../views/edges/Operator/OperatorDetailsInfo.jsx   |  36 +-
 10 files changed, 344 insertions(+), 334 deletions(-)
 create mode 100644 edge/carriergw/configmgr/src/coreConfig/coreConfig.go
Compiling the orch UI code...
Deleting build...
Folder build deleted.
Folder A is unchanged.
yarn
yarn install v1.22.19
[1/4] Resolving packages...
success Already up-to-date.
Done in 0.75s.
yarn run build
yarn run v1.22.19
$ vite build
vite v4.3.9 building for production...
[plugin:vite-plugin-eslint] LintOnStart is turned on, and it will check for all matching files.
transforming...
✓ 13545 modules transformed.
rendering chunks...
computing gzip size...
build/assets/svg/pin.svg                                     0.85 kB │ gzip:   0.44 kB
build/assets/svg/current.svg                                 0.96 kB │ gzip:   0.47 kB
build/index.html                                             1.00 kB │ gzip:   0.53 kB
build/assets/svg/celltower.svg                               2.73 kB │ gzip:   1.41 kB
build/assets/svg/green-plain.svg                             3.30 kB │ gzip:   1.25 kB
build/assets/svg/pointer.svg                                 3.36 kB │ gzip:   1.27 kB
build/assets/svg/pointer-green.svg                           4.26 kB │ gzip:   1.56 kB
build/assets/svg/pointer-grey.svg                            4.26 kB │ gzip:   1.56 kB
build/assets/svg/markerA.svg                                 4.71 kB │ gzip:   1.66 kB
build/assets/woff2/roboto-vietnamese-400-normal.woff2        5.56 kB
build/assets/svg/markerB.svg                                 5.70 kB │ gzip:   2.12 kB
build/assets/woff2/roboto-greek-400-normal.woff2             7.11 kB
build/assets/svg/Radio-Indoor-Icon.svg                       7.43 kB │ gzip:   1.99 kB
build/assets/woff2/roboto-cyrillic-400-normal.woff2          9.63 kB
build/assets/woff2/roboto-latin-ext-400-normal.woff2        11.87 kB
build/assets/woff2/roboto-cyrillic-ext-400-normal.woff2     15.34 kB
build/assets/woff2/roboto-latin-400-normal.woff2            15.74 kB
build/assets/woff/roboto-all-400-normal.woff                65.46 kB
build/assets/css/EdgesPanel.css                              0.06 kB │ gzip:   0.08 kB
build/assets/css/RadiosPanelNew.css                          0.22 kB │ gzip:   0.17 kB
build/assets/css/SubscribersPanel.css                        0.23 kB │ gzip:   0.17 kB
build/assets/css/Diagnostics.css                             0.29 kB │ gzip:   0.21 kB
build/assets/css/Calibrate.css                               0.64 kB │ gzip:   0.40 kB
build/assets/css/ReactTable.css                              1.32 kB │ gzip:   0.56 kB
build/assets/css/index.css                                   1.77 kB │ gzip:   0.77 kB
build/assets/css/Dashboard.css                               4.02 kB │ gzip:   2.01 kB
build/assets/css/EditNotes.css                              17.96 kB │ gzip:   3.16 kB
build/chunks/styled.16912785.js                              0.12 kB │ gzip:   0.13 kB │ map:     0.34 kB
build/chunks/QoS-service.3271e47b.js                         0.26 kB │ gzip:   0.22 kB │ map:     0.80 kB
build/chunks/LightTooltip.3de91a59.js                        0.34 kB │ gzip:   0.28 kB │ map:     1.06 kB
build/chunks/ArrowForwardIosSharp.43b10c95.js                0.36 kB │ gzip:   0.29 kB │ map:     1.12 kB
build/chunks/hardwareInventory-service.a67c594a.js           0.38 kB │ gzip:   0.30 kB │ map:     1.14 kB
build/chunks/NotImplemented.3a6bf371.js                      0.55 kB │ gzip:   0.40 kB │ map:     1.39 kB
build/chunks/AccordianSummary.e6003e7c.js                    0.63 kB │ gzip:   0.44 kB │ map:     1.72 kB
build/chunks/Card.80d1126b.js                                0.63 kB │ gzip:   0.43 kB │ map:     4.60 kB
build/chunks/useInterval.37a4d127.js                         0.71 kB │ gzip:   0.41 kB │ map:     3.67 kB
build/chunks/TimeDateInput.a8a643f4.js                       0.88 kB │ gzip:   0.50 kB │ map:     3.03 kB
build/chunks/LineChart.6fa8ef24.js                           1.05 kB │ gzip:   0.66 kB │ map:     3.88 kB
build/chunks/adaptV4Theme.2f016dd5.js                        1.13 kB │ gzip:   0.54 kB │ map:     4.98 kB
build/chunks/TabPanel.d23ec6b4.js                            1.14 kB │ gzip:   0.63 kB │ map:     4.33 kB
build/chunks/ModalDialogComponent.99f931e8.js                1.28 kB │ gzip:   0.71 kB │ map:     4.53 kB
build/chunks/index.e50d829b.js                               2.03 kB │ gzip:   0.69 kB │ map:     5.97 kB
build/chunks/HealthGauge.109c8385.js                         2.37 kB │ gzip:   1.29 kB │ map:     8.47 kB
build/chunks/useSupport.d997ab58.js                          2.45 kB │ gzip:   1.08 kB │ map:    10.12 kB
build/chunks/Checkbox.4d4d0838.js                            2.46 kB │ gzip:   1.16 kB │ map:    13.67 kB
build/chunks/radioHelper.bce41c8e.js                         2.58 kB │ gzip:   1.17 kB │ map:     8.50 kB
build/chunks/AuditLog.12c8f007.js                            3.71 kB │ gzip:   1.58 kB │ map:    14.13 kB
build/chunks/SlideUpTransition.0b031def.js                   4.03 kB │ gzip:   1.61 kB │ map:    19.76 kB
build/chunks/index.910ad5e9.js                               4.14 kB │ gzip:   1.48 kB │ map:    13.64 kB
build/chunks/Logs.d5f2397e.js                                4.78 kB │ gzip:   2.11 kB │ map:    19.49 kB
build/chunks/AccordionSummary.4b850291.js                    5.73 kB │ gzip:   1.97 kB │ map:    27.76 kB
build/chunks/useStyles.7ce94396.js                           6.39 kB │ gzip:   2.38 kB │ map:    26.35 kB
build/chunks/web-vitals.dfcc5b9a.js                          6.98 kB │ gzip:   2.58 kB │ map:    16.56 kB
build/chunks/TablePagination.04ca19fc.js                     8.27 kB │ gzip:   3.16 kB │ map:    42.12 kB
build/chunks/NetworkStats.79138bee.js                        8.90 kB │ gzip:   3.31 kB │ map:    33.00 kB
build/chunks/DnnPanel.758f8dfc.js                            9.67 kB │ gzip:   3.67 kB │ map:    37.84 kB
build/chunks/airspan.35f25bf9.js                            10.94 kB │ gzip:   3.25 kB │ map:    34.71 kB
build/chunks/GMap.2a8fcbae.js                               16.54 kB │ gzip:   5.28 kB │ map:    51.13 kB
build/chunks/Diagnostics.3bb3820f.js                        23.61 kB │ gzip:   7.55 kB │ map:    89.63 kB
build/chunks/index.0f3fabc9.js                              41.18 kB │ gzip:  10.56 kB │ map:   154.16 kB
build/chunks/AuditLogDetails.a013d9a3.js                    41.88 kB │ gzip:  13.90 kB │ map:   315.56 kB
build/chunks/RadioForm.9ddf72e2.js                          52.86 kB │ gzip:  14.68 kB │ map:   225.84 kB
build/chunks/System.ee36bbbb.js                             66.09 kB │ gzip:  15.17 kB │ map:   248.53 kB
build/chunks/Calibrate.5a3307de.js                          71.85 kB │ gzip:  23.84 kB │ map:   252.05 kB
build/chunks/ReactTable.5b2ada0d.js                         88.75 kB │ gzip:  27.05 kB │ map:   276.62 kB
build/chunks/Dashboard.93ca6cfb.js                          90.62 kB │ gzip:  21.85 kB │ map:   520.74 kB
build/chunks/RadiosPanelNew.ba5e46a3.js                    145.13 kB │ gzip:  39.02 kB │ map:   561.51 kB
build/chunks/EdgesPanel.77703624.js                        145.19 kB │ gzip:  35.91 kB │ map:   529.71 kB
build/chunks/SubscribersPanel.c6372406.js                  162.95 kB │ gzip:  53.10 kB │ map:   575.13 kB
build/chunks/DataGrid.15cc38cd.js                          280.40 kB │ gzip:  84.81 kB │ map: 1,359.73 kB
build/chunks/highcharts.72367679.js                        296.73 kB │ gzip: 106.33 kB │ map:   694.32 kB
build/chunks/EditNotes.16bd5aaa.js                         489.27 kB │ gzip: 132.59 kB │ map: 1,675.29 kB
build/js/index.62c1eba5.js                               2,129.66 kB │ gzip: 470.97 kB │ map: 5,382.00 kB

(!) Some chunks are larger than 1000 kBs after minification. Consider:
- Using dynamic import() to code-split the application
- Use build.rollupOptions.output.manualChunks to improve chunking: https://rollupjs.org/configuration-options/#output-manualchunks
- Adjust chunk size limit for this warning via build.chunkSizeWarningLimit.
✓ built in 2m 53s
Done in 175.47s.
Compilation done...
Complete at Mon Jul 24 02:33:00 AM EDT 2023
\n ************************************************** \n
Compiling at Mon Jul 24 07:30:00 AM EDT 2023
Pulling latest changes from Git...
From https://github.com/Highway9-Networks/h9-saas
   f4e90668a..cb7f3146a  main                    -> origin/main
   70b3a50dd..aec7af92d  balaji/mmeretry         -> origin/balaji/mmeretry
   2834368cc..52082c0b9  feature/ushiva_new      -> origin/feature/ushiva_new
   19d1f37c8..5b486cf48  private/abhagwat        -> origin/private/abhagwat
   fc550c5e8..f60a177d2  private/akshay-33       -> origin/private/akshay-33
 * [new branch]          private/akshay-live-acp -> origin/private/akshay-live-acp
   720abbda8..fbadab789  private/dileep/FixingIssues_04_07_23 -> origin/private/dileep/FixingIssues_04_07_23
   199bbf139..6353b57f9  xpJain/change2          -> origin/xpJain/change2
 * [new tag]             main-prod-10.29.2       -> main-prod-10.29.2
Updating f4e90668a..cb7f3146a
Fast-forward
 common/common.mk                                   |   2 +-
 .../orch-api/apihandler/MnoOperatorRadioHandler.go |   2 +-
 orch/orch-common/utils/radioUtils.go               |   9 +-
 .../src/components/GoogleMaps/GoogleMap.tsx        |   2 +
 orch/orch-ui/src/components/ReactTable/index.css   |   1 -
 orch/orch-ui/src/components/TextResources.jsx      |   3 +-
 orch/orch-ui/src/helpers/fake-backend.jsx          |  10 +-
 orch/orch-ui/src/helpers/fakeData.ts               |  69 ++-
 orch/orch-ui/src/helpers/fetchConfig.ts            |   5 +-
 orch/orch-ui/src/helpers/radioHelper.jsx           |  13 +-
 orch/orch-ui/src/navigation/AppRoutes.tsx          |   2 +-
 orch/orch-ui/src/services/operator-service.ts      |  64 ++-
 .../src/store/context/OperatorRAdioSlice.ts        |  42 ++
 orch/orch-ui/src/store/index.ts                    |   2 +
 orch/orch-ui/src/types/OperatorQuery.ts            |  16 +
 orch/orch-ui/src/types/requestOptions.ts           |   2 +-
 .../orch-ui/src/views/adminstration/AdminPanel.jsx |   4 +-
 .../views/adminstration/Tabs/AAAServerProfile.jsx  |   4 +-
 .../Tabs/{RifConfig.jsx => AccessConfig.jsx}       |  15 +-
 .../src/views/adminstration/Tabs/ApiToken.jsx      | 167 ++++---
 .../src/views/adminstration/Tabs/CACert.jsx        |  11 +-
 .../src/views/adminstration/Tabs/General.jsx       |   3 +-
 .../views/adminstration/Tabs/MobilityProfiles.jsx  |   4 +-
 .../src/views/adminstration/Tabs/Monitoring.jsx    |   4 +-
 .../src/views/adminstration/Tabs/System.jsx        |   4 +-
 orch/orch-ui/src/views/audit/AuditLog.tsx          |   6 +-
 .../ClusterInfoTable/ClusterDataTable.jsx          |   8 +-
 .../views/dashboard/Widgets/DashboardWidgets.tsx   |   5 +-
 .../diagnostics/RadioSimulator/RadioSimulator.tsx  |   5 +-
 .../RadioSimulator/RadioSimulatorTable.tsx         |   5 +-
 .../src/views/diagnostics/Simulator/Simulator.tsx  |   8 +-
 .../{Diagnostics.tsx => SimulatorPanel.tsx}        |   7 +-
 .../edges/CarrierGateway/CarrierGatewayTabs.tsx    |   6 +-
 orch/orch-ui/src/views/edges/EdgesPanel.tsx        | 479 ++++++++++-----------
 .../edges/Operator/OperatorCellAndFrequency.tsx    | 158 +++++++
 .../views/edges/Operator/OperatorDetailsInfo.jsx   |  12 +-
 .../views/edges/Operator/OperatorRadioDialog.tsx   | 233 ++++++++++
 .../src/views/edges/Operator/OperatorRadios.jsx    |  84 ++++
 .../views/edges/Operator/OperatorRadiosTable.tsx   |  87 ++++
 .../src/views/edges/Operator/useOperatorRadios.ts  |  76 ++++
 orch/orch-ui/src/views/hardwareInventory/index.jsx |   2 +-
 orch/orch-ui/src/views/radios/ConnectedDevices.jsx |   9 +-
 orch/orch-ui/src/views/radios/RadioMetrics.tsx     |   6 +-
 orch/orch-ui/src/views/radios/RadiosPanelNew.jsx   |  15 +-
 44 files changed, 1270 insertions(+), 401 deletions(-)
 create mode 100644 orch/orch-ui/src/store/context/OperatorRAdioSlice.ts
 rename orch/orch-ui/src/views/adminstration/Tabs/{RifConfig.jsx => AccessConfig.jsx} (93%)
 rename orch/orch-ui/src/views/diagnostics/{Diagnostics.tsx => SimulatorPanel.tsx} (93%)
 create mode 100644 orch/orch-ui/src/views/edges/Operator/OperatorCellAndFrequency.tsx
 create mode 100644 orch/orch-ui/src/views/edges/Operator/OperatorRadioDialog.tsx
 create mode 100644 orch/orch-ui/src/views/edges/Operator/OperatorRadios.jsx
 create mode 100644 orch/orch-ui/src/views/edges/Operator/OperatorRadiosTable.tsx
 create mode 100644 orch/orch-ui/src/views/edges/Operator/useOperatorRadios.ts
Compiling the orch UI code...
Deleting build...
Folder build deleted.
Folder A is unchanged.
yarn
yarn install v1.22.19
[1/4] Resolving packages...
success Already up-to-date.
Done in 0.76s.
yarn run build
yarn run v1.22.19
$ vite build
vite v4.3.9 building for production...
[plugin:vite-plugin-eslint] LintOnStart is turned on, and it will check for all matching files.
transforming...
✓ 13551 modules transformed.
rendering chunks...
computing gzip size...
build/assets/svg/pin.svg                                     0.85 kB │ gzip:   0.44 kB
build/assets/svg/current.svg                                 0.96 kB │ gzip:   0.47 kB
build/index.html                                             1.00 kB │ gzip:   0.53 kB
build/assets/svg/celltower.svg                               2.73 kB │ gzip:   1.41 kB
build/assets/svg/green-plain.svg                             3.30 kB │ gzip:   1.25 kB
build/assets/svg/pointer.svg                                 3.36 kB │ gzip:   1.27 kB
build/assets/svg/pointer-green.svg                           4.26 kB │ gzip:   1.56 kB
build/assets/svg/pointer-grey.svg                            4.26 kB │ gzip:   1.56 kB
build/assets/svg/markerA.svg                                 4.71 kB │ gzip:   1.66 kB
build/assets/woff2/roboto-vietnamese-400-normal.woff2        5.56 kB
build/assets/svg/markerB.svg                                 5.70 kB │ gzip:   2.12 kB
build/assets/woff2/roboto-greek-400-normal.woff2             7.11 kB
build/assets/svg/Radio-Indoor-Icon.svg                       7.43 kB │ gzip:   1.99 kB
build/assets/woff2/roboto-cyrillic-400-normal.woff2          9.63 kB
build/assets/woff2/roboto-latin-ext-400-normal.woff2        11.87 kB
build/assets/woff2/roboto-cyrillic-ext-400-normal.woff2     15.34 kB
build/assets/woff2/roboto-latin-400-normal.woff2            15.74 kB
build/assets/woff/roboto-all-400-normal.woff                65.46 kB
build/assets/css/EdgesPanel.css                              0.06 kB │ gzip:   0.08 kB
build/assets/css/RadiosPanelNew.css                          0.22 kB │ gzip:   0.17 kB
build/assets/css/SubscribersPanel.css                        0.23 kB │ gzip:   0.17 kB
build/assets/css/SimulatorPanel.css                          0.29 kB │ gzip:   0.21 kB
build/assets/css/Calibrate.css                               0.64 kB │ gzip:   0.40 kB
build/assets/css/ReactTable.css                              1.30 kB │ gzip:   0.55 kB
build/assets/css/index.css                                   1.77 kB │ gzip:   0.77 kB
build/assets/css/Dashboard.css                               4.02 kB │ gzip:   2.01 kB
build/assets/css/EditNotes.css                              17.96 kB │ gzip:   3.16 kB
build/chunks/styled.e233bb9e.js                              0.12 kB │ gzip:   0.13 kB │ map:     0.34 kB
build/chunks/QoS-service.c4bd060a.js                         0.26 kB │ gzip:   0.22 kB │ map:     0.80 kB
build/chunks/LightTooltip.57509f2c.js                        0.34 kB │ gzip:   0.28 kB │ map:     1.06 kB
build/chunks/ArrowForwardIosSharp.ddd5bfe9.js                0.36 kB │ gzip:   0.29 kB │ map:     1.12 kB
build/chunks/hardwareInventory-service.5533bba5.js           0.38 kB │ gzip:   0.30 kB │ map:     1.14 kB
build/chunks/NotImplemented.7f8e8a1c.js                      0.55 kB │ gzip:   0.40 kB │ map:     1.39 kB
build/chunks/Card.e81e6835.js                                0.63 kB │ gzip:   0.43 kB │ map:     4.60 kB
build/chunks/useInterval.ac8dc947.js                         0.71 kB │ gzip:   0.41 kB │ map:     3.67 kB
build/chunks/TimeDateInput.4f9bea5c.js                       0.88 kB │ gzip:   0.50 kB │ map:     3.03 kB
build/chunks/LineChart.b25c5682.js                           1.05 kB │ gzip:   0.66 kB │ map:     3.88 kB
build/chunks/adaptV4Theme.948ee7e4.js                        1.13 kB │ gzip:   0.54 kB │ map:     4.98 kB
build/chunks/TabPanel.a93a04eb.js                            1.14 kB │ gzip:   0.63 kB │ map:     4.33 kB
build/chunks/ModalDialogComponent.e3c83dd6.js                1.28 kB │ gzip:   0.70 kB │ map:     4.53 kB
build/chunks/ModelDialogComponentNew.a42f367e.js             1.47 kB │ gzip:   0.84 kB │ map:     5.12 kB
build/chunks/index.9baa5959.js                               2.03 kB │ gzip:   0.69 kB │ map:     5.97 kB
build/chunks/HealthGauge.d71c8d8a.js                         2.37 kB │ gzip:   1.29 kB │ map:     8.47 kB
build/chunks/useSupport.57eb4369.js                          2.45 kB │ gzip:   1.08 kB │ map:    10.12 kB
build/chunks/Checkbox.b29d1442.js                            2.46 kB │ gzip:   1.16 kB │ map:    13.67 kB
build/chunks/radioHelper.69d0c124.js                         2.61 kB │ gzip:   1.18 kB │ map:     8.57 kB
build/chunks/AuditLog.68707474.js                            3.61 kB │ gzip:   1.52 kB │ map:    13.92 kB
build/chunks/SlideUpTransition.c72db760.js                   4.03 kB │ gzip:   1.61 kB │ map:    19.76 kB
build/chunks/index.0c08dbbf.js                               4.10 kB │ gzip:   1.46 kB │ map:    13.58 kB
build/chunks/Logs.61eaa9db.js                                4.78 kB │ gzip:   2.11 kB │ map:    19.49 kB
build/chunks/AccordionSummary.c534f745.js                    5.73 kB │ gzip:   1.97 kB │ map:    27.76 kB
build/chunks/useStyles.0d9c15df.js                           6.39 kB │ gzip:   2.38 kB │ map:    26.35 kB
build/chunks/web-vitals.dfcc5b9a.js                          6.98 kB │ gzip:   2.58 kB │ map:    16.56 kB
build/chunks/TablePagination.f28a6281.js                     8.27 kB │ gzip:   3.16 kB │ map:    42.12 kB
build/chunks/NetworkStats.99a5fcbc.js                        8.90 kB │ gzip:   3.30 kB │ map:    33.00 kB
build/chunks/DnnPanel.6abc69de.js                            9.67 kB │ gzip:   3.67 kB │ map:    37.84 kB
build/chunks/airspan.3bae65c4.js                            10.94 kB │ gzip:   3.27 kB │ map:    34.71 kB
build/chunks/setupInfo.b20c55b9.js                          16.54 kB │ gzip:   5.25 kB │ map:    51.18 kB
build/chunks/SimulatorPanel.c8eb047f.js                     23.56 kB │ gzip:   7.53 kB │ map:    89.49 kB
build/chunks/index.23e1a14e.js                              41.18 kB │ gzip:  10.55 kB │ map:   154.16 kB
build/chunks/AuditLogDetails.e3c644d4.js                    41.88 kB │ gzip:  13.90 kB │ map:   315.56 kB
build/chunks/RadioForm.774f9899.js                          52.08 kB │ gzip:  14.43 kB │ map:   222.36 kB
build/chunks/System.bb7803d7.js                             66.62 kB │ gzip:  15.19 kB │ map:   250.31 kB
build/chunks/Calibrate.8cce503f.js                          71.85 kB │ gzip:  23.84 kB │ map:   252.10 kB
build/chunks/ReactTable.3e4e3db6.js                         88.75 kB │ gzip:  27.05 kB │ map:   276.62 kB
build/chunks/Dashboard.15cf5e1a.js                          90.52 kB │ gzip:  21.81 kB │ map:   520.47 kB
build/chunks/RadiosPanelNew.76380b54.js                    145.05 kB │ gzip:  39.07 kB │ map:   561.23 kB
build/chunks/EdgesPanel.9c8a2a23.js                        152.70 kB │ gzip:  37.65 kB │ map:   562.37 kB
build/chunks/SubscribersPanel.aa160e26.js                  162.95 kB │ gzip:  53.10 kB │ map:   575.13 kB
build/chunks/DataGrid.c0a9fdcd.js                          280.40 kB │ gzip:  84.80 kB │ map: 1,359.73 kB
build/chunks/highcharts.52c6ffc2.js                        296.73 kB │ gzip: 106.33 kB │ map:   694.32 kB
build/chunks/EditNotes.a25055b1.js                         489.27 kB │ gzip: 132.59 kB │ map: 1,675.29 kB
build/js/index.2bfe4efd.js                               2,131.11 kB │ gzip: 471.20 kB │ map: 5,387.41 kB

(!) Some chunks are larger than 1000 kBs after minification. Consider:
- Using dynamic import() to code-split the application
- Use build.rollupOptions.output.manualChunks to improve chunking: https://rollupjs.org/configuration-options/#output-manualchunks
- Adjust chunk size limit for this warning via build.chunkSizeWarningLimit.
✓ built in 3m 13s
Done in 196.35s.
Compilation done...
Complete at Mon Jul 24 07:33:21 AM EDT 2023
\n ************************************************** \n
Compiling at Mon Jul 24 10:30:00 AM EDT 2023
Pulling latest changes from Git...
From https://github.com/Highway9-Networks/h9-saas
   68bafa327..1e3b3c034  bhuvaneshne_asan_full -> origin/bhuvaneshne_asan_full
   5b486cf48..7fdcd3940  private/abhagwat      -> origin/private/abhagwat
   fbadab789..bedcde661  private/dileep/FixingIssues_04_07_23 -> origin/private/dileep/FixingIssues_04_07_23
Already up to date.
Compiling the orch UI code...
Deleting build...
Folder build deleted.
Folder A is unchanged.
yarn
yarn install v1.22.19
[1/4] Resolving packages...
success Already up-to-date.
Done in 1.21s.
yarn run build
yarn run v1.22.19
$ vite build
vite v4.3.9 building for production...
[plugin:vite-plugin-eslint] LintOnStart is turned on, and it will check for all matching files.
transforming...
✓ 13551 modules transformed.
rendering chunks...
computing gzip size...
build/assets/svg/pin.svg                                     0.85 kB │ gzip:   0.44 kB
build/assets/svg/current.svg                                 0.96 kB │ gzip:   0.47 kB
build/index.html                                             1.00 kB │ gzip:   0.53 kB
build/assets/svg/celltower.svg                               2.73 kB │ gzip:   1.41 kB
build/assets/svg/green-plain.svg                             3.30 kB │ gzip:   1.25 kB
build/assets/svg/pointer.svg                                 3.36 kB │ gzip:   1.27 kB
build/assets/svg/pointer-green.svg                           4.26 kB │ gzip:   1.56 kB
build/assets/svg/pointer-grey.svg                            4.26 kB │ gzip:   1.56 kB
build/assets/svg/markerA.svg                                 4.71 kB │ gzip:   1.66 kB
build/assets/woff2/roboto-vietnamese-400-normal.woff2        5.56 kB
build/assets/svg/markerB.svg                                 5.70 kB │ gzip:   2.12 kB
build/assets/woff2/roboto-greek-400-normal.woff2             7.11 kB
build/assets/svg/Radio-Indoor-Icon.svg                       7.43 kB │ gzip:   1.99 kB
build/assets/woff2/roboto-cyrillic-400-normal.woff2          9.63 kB
build/assets/woff2/roboto-latin-ext-400-normal.woff2        11.87 kB
build/assets/woff2/roboto-cyrillic-ext-400-normal.woff2     15.34 kB
build/assets/woff2/roboto-latin-400-normal.woff2            15.74 kB
build/assets/woff/roboto-all-400-normal.woff                65.46 kB
build/assets/css/EdgesPanel.css                              0.06 kB │ gzip:   0.08 kB
build/assets/css/RadiosPanelNew.css                          0.22 kB │ gzip:   0.17 kB
build/assets/css/SubscribersPanel.css                        0.23 kB │ gzip:   0.17 kB
build/assets/css/SimulatorPanel.css                          0.29 kB │ gzip:   0.21 kB
build/assets/css/Calibrate.css                               0.64 kB │ gzip:   0.40 kB
build/assets/css/ReactTable.css                              1.30 kB │ gzip:   0.55 kB
build/assets/css/index.css                                   1.77 kB │ gzip:   0.77 kB
build/assets/css/Dashboard.css                               4.02 kB │ gzip:   2.01 kB
build/assets/css/EditNotes.css                              17.96 kB │ gzip:   3.16 kB
build/chunks/styled.e233bb9e.js                              0.12 kB │ gzip:   0.13 kB │ map:     0.34 kB
build/chunks/QoS-service.c4bd060a.js                         0.26 kB │ gzip:   0.22 kB │ map:     0.80 kB
build/chunks/LightTooltip.57509f2c.js                        0.34 kB │ gzip:   0.28 kB │ map:     1.06 kB
build/chunks/ArrowForwardIosSharp.ddd5bfe9.js                0.36 kB │ gzip:   0.29 kB │ map:     1.12 kB
build/chunks/hardwareInventory-service.5533bba5.js           0.38 kB │ gzip:   0.30 kB │ map:     1.14 kB
build/chunks/NotImplemented.7f8e8a1c.js                      0.55 kB │ gzip:   0.40 kB │ map:     1.39 kB
build/chunks/Card.e81e6835.js                                0.63 kB │ gzip:   0.43 kB │ map:     4.60 kB
build/chunks/useInterval.ac8dc947.js                         0.71 kB │ gzip:   0.41 kB │ map:     3.67 kB
build/chunks/TimeDateInput.4f9bea5c.js                       0.88 kB │ gzip:   0.50 kB │ map:     3.03 kB
build/chunks/LineChart.b25c5682.js                           1.05 kB │ gzip:   0.66 kB │ map:     3.88 kB
build/chunks/adaptV4Theme.948ee7e4.js                        1.13 kB │ gzip:   0.54 kB │ map:     4.98 kB
build/chunks/TabPanel.a93a04eb.js                            1.14 kB │ gzip:   0.63 kB │ map:     4.33 kB
build/chunks/ModalDialogComponent.e3c83dd6.js                1.28 kB │ gzip:   0.70 kB │ map:     4.53 kB
build/chunks/ModelDialogComponentNew.a42f367e.js             1.47 kB │ gzip:   0.84 kB │ map:     5.12 kB
build/chunks/index.9baa5959.js                               2.03 kB │ gzip:   0.69 kB │ map:     5.97 kB
build/chunks/HealthGauge.d71c8d8a.js                         2.37 kB │ gzip:   1.29 kB │ map:     8.47 kB
build/chunks/useSupport.57eb4369.js                          2.45 kB │ gzip:   1.08 kB │ map:    10.12 kB
build/chunks/Checkbox.b29d1442.js                            2.46 kB │ gzip:   1.16 kB │ map:    13.67 kB
build/chunks/radioHelper.69d0c124.js                         2.61 kB │ gzip:   1.18 kB │ map:     8.57 kB
build/chunks/AuditLog.68707474.js                            3.61 kB │ gzip:   1.52 kB │ map:    13.92 kB
build/chunks/SlideUpTransition.c72db760.js                   4.03 kB │ gzip:   1.61 kB │ map:    19.76 kB
build/chunks/index.0c08dbbf.js                               4.10 kB │ gzip:   1.46 kB │ map:    13.58 kB
build/chunks/Logs.61eaa9db.js                                4.78 kB │ gzip:   2.11 kB │ map:    19.49 kB
build/chunks/AccordionSummary.c534f745.js                    5.73 kB │ gzip:   1.97 kB │ map:    27.76 kB
build/chunks/useStyles.0d9c15df.js                           6.39 kB │ gzip:   2.38 kB │ map:    26.35 kB
build/chunks/web-vitals.dfcc5b9a.js                          6.98 kB │ gzip:   2.58 kB │ map:    16.56 kB
build/chunks/TablePagination.f28a6281.js                     8.27 kB │ gzip:   3.16 kB │ map:    42.12 kB
build/chunks/NetworkStats.99a5fcbc.js                        8.90 kB │ gzip:   3.30 kB │ map:    33.00 kB
build/chunks/DnnPanel.6abc69de.js                            9.67 kB │ gzip:   3.67 kB │ map:    37.84 kB
build/chunks/airspan.3bae65c4.js                            10.94 kB │ gzip:   3.27 kB │ map:    34.71 kB
build/chunks/setupInfo.b20c55b9.js                          16.54 kB │ gzip:   5.25 kB │ map:    51.18 kB
build/chunks/SimulatorPanel.c8eb047f.js                     23.56 kB │ gzip:   7.53 kB │ map:    89.49 kB
build/chunks/index.23e1a14e.js                              41.18 kB │ gzip:  10.55 kB │ map:   154.16 kB
build/chunks/AuditLogDetails.e3c644d4.js                    41.88 kB │ gzip:  13.90 kB │ map:   315.56 kB
build/chunks/RadioForm.774f9899.js                          52.08 kB │ gzip:  14.43 kB │ map:   222.36 kB
build/chunks/System.bb7803d7.js                             66.62 kB │ gzip:  15.19 kB │ map:   250.31 kB
build/chunks/Calibrate.8cce503f.js                          71.85 kB │ gzip:  23.84 kB │ map:   252.10 kB
build/chunks/ReactTable.3e4e3db6.js                         88.75 kB │ gzip:  27.05 kB │ map:   276.62 kB
build/chunks/Dashboard.15cf5e1a.js                          90.52 kB │ gzip:  21.81 kB │ map:   520.47 kB
build/chunks/RadiosPanelNew.76380b54.js                    145.05 kB │ gzip:  39.07 kB │ map:   561.23 kB
build/chunks/EdgesPanel.9c8a2a23.js                        152.70 kB │ gzip:  37.65 kB │ map:   562.37 kB
build/chunks/SubscribersPanel.aa160e26.js                  162.95 kB │ gzip:  53.10 kB │ map:   575.13 kB
build/chunks/DataGrid.c0a9fdcd.js                          280.40 kB │ gzip:  84.80 kB │ map: 1,359.73 kB
build/chunks/highcharts.52c6ffc2.js                        296.73 kB │ gzip: 106.33 kB │ map:   694.32 kB
build/chunks/EditNotes.a25055b1.js                         489.27 kB │ gzip: 132.59 kB │ map: 1,675.29 kB
build/js/index.2bfe4efd.js                               2,131.11 kB │ gzip: 471.20 kB │ map: 5,387.41 kB

(!) Some chunks are larger than 1000 kBs after minification. Consider:
- Using dynamic import() to code-split the application
- Use build.rollupOptions.output.manualChunks to improve chunking: https://rollupjs.org/configuration-options/#output-manualchunks
- Adjust chunk size limit for this warning via build.chunkSizeWarningLimit.
✓ built in 3m 4s
Done in 187.25s.
Compilation done...
Complete at Mon Jul 24 10:33:14 AM EDT 2023
\n ************************************************** \n
Compiling at Tue Jul 25 02:30:00 AM EDT 2023
Pulling latest changes from Git...
From https://github.com/Highway9-Networks/h9-saas
   cb7f3146a..ee392b204  main                    -> origin/main
   aec7af92d..2a9495ae2  balaji/mmeretry         -> origin/balaji/mmeretry
   b996ff8b1..0de1f98c2  balaji/pwsrestart       -> origin/balaji/pwsrestart
   1e3b3c034..3d895efbc  bhuvaneshne_asan_full   -> origin/bhuvaneshne_asan_full
 * [new branch]          private/aditya/feature/9231 -> origin/private/aditya/feature/9231
   f60a177d2..ce7fa1b16  private/akshay-33       -> origin/private/akshay-33
   1f53a6806..417cdec22  private/akshay-live-acp -> origin/private/akshay-live-acp
 * [new branch]          private/ishika/issue_9622 -> origin/private/ishika/issue_9622
   81640a4af..0de1f98c2  private/mdighe/mocn-fixes -> origin/private/mdighe/mocn-fixes
 * [new branch]          surya_9615_mocn_thrput_calc -> origin/surya_9615_mocn_thrput_calc
   f4e90668a..9aa439ab4  vikram_mem              -> origin/vikram_mem
   f4e90668a..bcb3e1f68  vmz_test_auto           -> origin/vmz_test_auto
   6353b57f9..aa17ec113  xpJain/change2          -> origin/xpJain/change2
Updating cb7f3146a..ee392b204
Fast-forward
 common/adapters/airspan/airspanConfig.go           |   6 +-
 common/common.mk                                   |   8 +-
 .../mocngw/mocngw/tasks/access/access_encoder.c    |   9 +-
 .../mocngw_datapath/mocn_datapathd/h9_ofc_app.py   |  45 ++-
 .../mocngw_datapath/mocn_datapathd/metrics.py      |  10 +
 orch/orch-common/orchSettings/settingsMap.go       |   2 +-
 orch/orch-ui/src/navigation/Layout.tsx             |   2 +-
 orch/orch-ui/src/styles/theme.ts                   |   9 +
 orch/orch-ui/src/views/dashboard/Dashboard.tsx     |   4 +-
 .../views/edges/Operator/OperatorRadioDialog.tsx   |  10 +-
 .../src/views/edges/Operator/OperatorRadios.jsx    |   4 +-
 .../src/views/edges/Operator/useOperatorRadios.ts  |  29 +-
 .../src/views/radios/AddNeighbourListDialog.jsx    |   8 +-
 orch/orch-ui/src/views/radios/Edit/RadioForm.tsx   |  23 ++
 .../src/views/radios/RadioGroup/EdgeCard.tsx       |  16 +-
 .../src/views/radios/RadioMobilitySetup.jsx        |   6 +-
 orch/orch-ui/src/views/radios/RadiosPanelNew.jsx   |   4 +-
 test/framework/CSP.py                              | 299 +++++++++++-----
 test/framework/common/decors.py                    |  37 ++
 test/framework/radio.py                            |  33 +-
 test/framework/utils/baicells.py                   |  34 +-
 test/framework/utils/remote_client.py              |  17 +-
 test/scripts/keywords.py                           | 138 ++++++--
 .../scripts/systemtest/edge/test_aws_edge_cases.py | 106 +++---
 .../scripts/systemtest/edge/test_gcp_edge_cases.py |  72 ++--
 .../edge/test_nw_extension_edge_cases.py           |  68 +++-
 .../systemtest/edge/test_private_edge_cases.py     | 105 ++++--
 .../radio/test_radio_carrier_mode_cases.py         |  58 +++-
 .../systemtest/radio/test_radio_site_cases.py      |  51 ++-
 test/setup_demo.json                               | 386 +++++++++++----------
 test/setup_track1.json                             |  52 ++-
 test/setup_track1_upgrade.json                     |  44 ++-
 test/test_run_bat.sh                               |   2 +-
 test/test_run_weekly_demo.sh                       |   5 +
 34 files changed, 1135 insertions(+), 567 deletions(-)
 create mode 100644 test/test_run_weekly_demo.sh
Compiling the orch UI code...
Deleting build...
Folder build deleted.
Folder A is unchanged.
yarn
yarn install v1.22.19
[1/4] Resolving packages...
success Already up-to-date.
Done in 1.42s.
yarn run build
yarn run v1.22.19
$ vite build
vite v4.3.9 building for production...
[plugin:vite-plugin-eslint] LintOnStart is turned on, and it will check for all matching files.
transforming...
✓ 13551 modules transformed.
rendering chunks...
computing gzip size...
build/assets/svg/pin.svg                                     0.85 kB │ gzip:   0.44 kB
build/assets/svg/current.svg                                 0.96 kB │ gzip:   0.47 kB
build/index.html                                             1.00 kB │ gzip:   0.53 kB
build/assets/svg/celltower.svg                               2.73 kB │ gzip:   1.41 kB
build/assets/svg/green-plain.svg                             3.30 kB │ gzip:   1.25 kB
build/assets/svg/pointer.svg                                 3.36 kB │ gzip:   1.27 kB
build/assets/svg/pointer-green.svg                           4.26 kB │ gzip:   1.56 kB
build/assets/svg/pointer-grey.svg                            4.26 kB │ gzip:   1.56 kB
build/assets/svg/markerA.svg                                 4.71 kB │ gzip:   1.66 kB
build/assets/woff2/roboto-vietnamese-400-normal.woff2        5.56 kB
build/assets/svg/markerB.svg                                 5.70 kB │ gzip:   2.12 kB
build/assets/woff2/roboto-greek-400-normal.woff2             7.11 kB
build/assets/svg/Radio-Indoor-Icon.svg                       7.43 kB │ gzip:   1.99 kB
build/assets/woff2/roboto-cyrillic-400-normal.woff2          9.63 kB
build/assets/woff2/roboto-latin-ext-400-normal.woff2        11.87 kB
build/assets/woff2/roboto-cyrillic-ext-400-normal.woff2     15.34 kB
build/assets/woff2/roboto-latin-400-normal.woff2            15.74 kB
build/assets/woff/roboto-all-400-normal.woff                65.46 kB
build/assets/css/EdgesPanel.css                              0.06 kB │ gzip:   0.08 kB
build/assets/css/RadiosPanelNew.css                          0.22 kB │ gzip:   0.17 kB
build/assets/css/SubscribersPanel.css                        0.23 kB │ gzip:   0.17 kB
build/assets/css/SimulatorPanel.css                          0.29 kB │ gzip:   0.21 kB
build/assets/css/Calibrate.css                               0.64 kB │ gzip:   0.40 kB
build/assets/css/ReactTable.css                              1.30 kB │ gzip:   0.55 kB
build/assets/css/index.css                                   1.77 kB │ gzip:   0.77 kB
build/assets/css/Dashboard.css                               4.02 kB │ gzip:   2.01 kB
build/assets/css/EditNotes.css                              17.96 kB │ gzip:   3.16 kB
build/chunks/styled.787a637e.js                              0.12 kB │ gzip:   0.14 kB │ map:     0.34 kB
build/chunks/QoS-service.cc5f1b19.js                         0.26 kB │ gzip:   0.22 kB │ map:     0.80 kB
build/chunks/LightTooltip.13831941.js                        0.34 kB │ gzip:   0.28 kB │ map:     1.06 kB
build/chunks/ArrowForwardIosSharp.a17f164b.js                0.36 kB │ gzip:   0.29 kB │ map:     1.12 kB
build/chunks/hardwareInventory-service.28fd1665.js           0.38 kB │ gzip:   0.30 kB │ map:     1.14 kB
build/chunks/NotImplemented.eb745151.js                      0.55 kB │ gzip:   0.40 kB │ map:     1.39 kB
build/chunks/Card.2df454b1.js                                0.63 kB │ gzip:   0.43 kB │ map:     4.60 kB
build/chunks/useInterval.e02720c3.js                         0.71 kB │ gzip:   0.41 kB │ map:     3.67 kB
build/chunks/TimeDateInput.12827d44.js                       0.88 kB │ gzip:   0.50 kB │ map:     3.03 kB
build/chunks/LineChart.c5aa940f.js                           1.05 kB │ gzip:   0.66 kB │ map:     3.88 kB
build/chunks/adaptV4Theme.a0ac46d3.js                        1.13 kB │ gzip:   0.54 kB │ map:     4.98 kB
build/chunks/TabPanel.5fb02792.js                            1.14 kB │ gzip:   0.63 kB │ map:     4.33 kB
build/chunks/ModalDialogComponent.51489846.js                1.28 kB │ gzip:   0.71 kB │ map:     4.53 kB
build/chunks/ModelDialogComponentNew.3fed323d.js             1.47 kB │ gzip:   0.84 kB │ map:     5.12 kB
build/chunks/index.1e920bff.js                               2.03 kB │ gzip:   0.69 kB │ map:     5.97 kB
build/chunks/HealthGauge.9aa3931a.js                         2.37 kB │ gzip:   1.29 kB │ map:     8.47 kB
build/chunks/useSupport.dc9c93e8.js                          2.45 kB │ gzip:   1.08 kB │ map:    10.12 kB
build/chunks/Checkbox.27ab6bf1.js                            2.46 kB │ gzip:   1.16 kB │ map:    13.67 kB
build/chunks/radioHelper.b0868731.js                         2.61 kB │ gzip:   1.18 kB │ map:     8.57 kB
build/chunks/AuditLog.103a5af7.js                            3.61 kB │ gzip:   1.52 kB │ map:    13.92 kB
build/chunks/SlideUpTransition.b32070b0.js                   4.03 kB │ gzip:   1.61 kB │ map:    19.76 kB
build/chunks/index.92132d23.js                               4.10 kB │ gzip:   1.46 kB │ map:    13.58 kB
build/chunks/Logs.9bd96342.js                                4.78 kB │ gzip:   2.11 kB │ map:    19.49 kB
build/chunks/AccordionSummary.edd81b18.js                    5.73 kB │ gzip:   1.97 kB │ map:    27.76 kB
build/chunks/useStyles.e9c01a87.js                           6.39 kB │ gzip:   2.38 kB │ map:    26.35 kB
build/chunks/web-vitals.dfcc5b9a.js                          6.98 kB │ gzip:   2.58 kB │ map:    16.56 kB
build/chunks/TablePagination.7ed6d578.js                     8.27 kB │ gzip:   3.16 kB │ map:    42.12 kB
build/chunks/NetworkStats.85128733.js                        8.90 kB │ gzip:   3.30 kB │ map:    33.00 kB
build/chunks/DnnPanel.81a7cc5d.js                            9.67 kB │ gzip:   3.67 kB │ map:    37.84 kB
build/chunks/airspan.5241f955.js                            10.94 kB │ gzip:   3.26 kB │ map:    34.71 kB
build/chunks/setupInfo.ed95b4c3.js                          16.54 kB │ gzip:   5.25 kB │ map:    51.18 kB
build/chunks/SimulatorPanel.97b3780b.js                     23.56 kB │ gzip:   7.53 kB │ map:    89.49 kB
build/chunks/index.021bb628.js                              41.18 kB │ gzip:  10.56 kB │ map:   154.16 kB
build/chunks/AuditLogDetails.ed380a17.js                    41.88 kB │ gzip:  13.90 kB │ map:   315.56 kB
build/chunks/RadioForm.efed49e8.js                          52.42 kB │ gzip:  14.56 kB │ map:   224.24 kB
build/chunks/System.2109f7e9.js                             66.62 kB │ gzip:  15.18 kB │ map:   250.31 kB
build/chunks/Calibrate.85890f77.js                          71.85 kB │ gzip:  23.84 kB │ map:   252.10 kB
build/chunks/ReactTable.5f058393.js                         88.75 kB │ gzip:  27.05 kB │ map:   276.62 kB
build/chunks/Dashboard.902bead8.js                          90.52 kB │ gzip:  21.81 kB │ map:   520.47 kB
build/chunks/RadiosPanelNew.80fd0280.js                    145.08 kB │ gzip:  39.07 kB │ map:   561.44 kB
build/chunks/EdgesPanel.47092da3.js                        152.79 kB │ gzip:  37.70 kB │ map:   562.75 kB
build/chunks/SubscribersPanel.246cada6.js                  162.95 kB │ gzip:  53.10 kB │ map:   575.13 kB
build/chunks/DataGrid.ba398f5f.js                          280.40 kB │ gzip:  84.81 kB │ map: 1,359.73 kB
build/chunks/highcharts.06dde9be.js                        296.73 kB │ gzip: 106.33 kB │ map:   694.32 kB
build/chunks/EditNotes.c8759c92.js                         489.27 kB │ gzip: 132.59 kB │ map: 1,675.29 kB
build/js/index.03eb2ae8.js                               2,131.20 kB │ gzip: 471.24 kB │ map: 5,387.66 kB

(!) Some chunks are larger than 1000 kBs after minification. Consider:
- Using dynamic import() to code-split the application
- Use build.rollupOptions.output.manualChunks to improve chunking: https://rollupjs.org/configuration-options/#output-manualchunks
- Adjust chunk size limit for this warning via build.chunkSizeWarningLimit.
✓ built in 3m 10s
Done in 193.08s.
Compilation done...
Complete at Tue Jul 25 02:33:19 AM EDT 2023
\n ************************************************** \n
Compiling at Tue Jul 25 07:30:01 AM EDT 2023
Pulling latest changes from Git...
From https://github.com/Highway9-Networks/h9-saas
   ee392b204..47e55e17f  main              -> origin/main
   7ffaaff30..fe003675b  EdgeEdit_Redux/Typescript -> origin/EdgeEdit_Redux/Typescript
   2a9495ae2..c43460ee4  balaji/mmeretry   -> origin/balaji/mmeretry
   0de1f98c2..d3ec0afbe  balaji/pwsrestart -> origin/balaji/pwsrestart
   9aa439ab4..de5eca944  vikram_mem        -> origin/vikram_mem
 * [new branch]          vmz_feature_auto  -> origin/vmz_feature_auto
   aa17ec113..423e0c381  xpJain/change2    -> origin/xpJain/change2
Updating ee392b204..47e55e17f
Fast-forward
 common/common.mk                                   |   2 +-
 .../mocngw/common/redis_utils/redis_client.cpp     |   2 +-
 edge/carriergw/mocngw/mocngw/inc/mme_events.h      |   2 +-
 edge/carriergw/mocngw/mocngw/inc/s1ap_state.h      |   4 +-
 .../mocngw/mocngw/tasks/access/access_encoder.c    | 125 ++++++++------
 .../mocngw/mocngw/tasks/mme_app/mme_app_context.c  |  17 +-
 .../mocngw/tasks/mme_app/mme_app_itti_messaging.c  |   3 +-
 .../mocngw/mocngw/tasks/mme_app/mme_events.cpp     |   2 -
 edge/carriergw/mocngw/mocngw/tasks/nas/nas_proc.c  |   2 +-
 .../mocngw/mocngw/tasks/network/network.c          |  12 +-
 .../mocngw/mocngw/tasks/network/network.h          |   2 +-
 .../mocngw/mocngw/tasks/network/network_encoder.c  | 108 ++++++++-----
 .../mocngw/mocngw/tasks/network/network_util.c     |   2 -
 .../mocngw/mocngw/tasks/s1ap/s1ap_dummy.c          | 180 ++++++++++++---------
 .../mocngw/mocngw/tasks/s1ap/s1ap_mme_encoder.c    |   4 +-
 .../mocngw/mocngw/tasks/s1ap/s1ap_mme_handlers.c   |  78 +++++----
 .../mocngw/tasks/s1ap/s1ap_mme_nas_procedures.c    |  11 +-
 orch/orch-api/apihandler/MnoOperatorHandler.go     |  77 +--------
 orch/orch-api/apihandler/OperationRestHandler.go   |   2 +
 orch/orch-api/operationHandler/secgwConfig.go      |  64 ++++++++
 orch/orch-common/authorizer/authorizer.go          |  12 ++
 orch/orch-common/swagger-api/swagger/swagger.yaml  |  30 ----
 .../serviceInstanceManagerService.go               |   7 +-
 23 files changed, 414 insertions(+), 334 deletions(-)
 create mode 100644 orch/orch-api/operationHandler/secgwConfig.go
Compiling the orch UI code...
Deleting build...
Folder build deleted.
Folder A is unchanged.
yarn
yarn install v1.22.19
[1/4] Resolving packages...
success Already up-to-date.
Done in 1.10s.
yarn run build
yarn run v1.22.19
$ vite build
vite v4.3.9 building for production...
[plugin:vite-plugin-eslint] LintOnStart is turned on, and it will check for all matching files.
transforming...
✓ 13551 modules transformed.
rendering chunks...
computing gzip size...
build/assets/svg/pin.svg                                     0.85 kB │ gzip:   0.44 kB
build/assets/svg/current.svg                                 0.96 kB │ gzip:   0.47 kB
build/index.html                                             1.00 kB │ gzip:   0.53 kB
build/assets/svg/celltower.svg                               2.73 kB │ gzip:   1.41 kB
build/assets/svg/green-plain.svg                             3.30 kB │ gzip:   1.25 kB
build/assets/svg/pointer.svg                                 3.36 kB │ gzip:   1.27 kB
build/assets/svg/pointer-green.svg                           4.26 kB │ gzip:   1.56 kB
build/assets/svg/pointer-grey.svg                            4.26 kB │ gzip:   1.56 kB
build/assets/svg/markerA.svg                                 4.71 kB │ gzip:   1.66 kB
build/assets/woff2/roboto-vietnamese-400-normal.woff2        5.56 kB
build/assets/svg/markerB.svg                                 5.70 kB │ gzip:   2.12 kB
build/assets/woff2/roboto-greek-400-normal.woff2             7.11 kB
build/assets/svg/Radio-Indoor-Icon.svg                       7.43 kB │ gzip:   1.99 kB
build/assets/woff2/roboto-cyrillic-400-normal.woff2          9.63 kB
build/assets/woff2/roboto-latin-ext-400-normal.woff2        11.87 kB
build/assets/woff2/roboto-cyrillic-ext-400-normal.woff2     15.34 kB
build/assets/woff2/roboto-latin-400-normal.woff2            15.74 kB
build/assets/woff/roboto-all-400-normal.woff                65.46 kB
build/assets/css/EdgesPanel.css                              0.06 kB │ gzip:   0.08 kB
build/assets/css/RadiosPanelNew.css                          0.22 kB │ gzip:   0.17 kB
build/assets/css/SubscribersPanel.css                        0.23 kB │ gzip:   0.17 kB
build/assets/css/SimulatorPanel.css                          0.29 kB │ gzip:   0.21 kB
build/assets/css/Calibrate.css                               0.64 kB │ gzip:   0.40 kB
build/assets/css/ReactTable.css                              1.30 kB │ gzip:   0.55 kB
build/assets/css/index.css                                   1.77 kB │ gzip:   0.77 kB
build/assets/css/Dashboard.css                               4.02 kB │ gzip:   2.01 kB
build/assets/css/EditNotes.css                              17.96 kB │ gzip:   3.16 kB
build/chunks/styled.787a637e.js                              0.12 kB │ gzip:   0.14 kB │ map:     0.34 kB
build/chunks/QoS-service.cc5f1b19.js                         0.26 kB │ gzip:   0.22 kB │ map:     0.80 kB
build/chunks/LightTooltip.13831941.js                        0.34 kB │ gzip:   0.28 kB │ map:     1.06 kB
build/chunks/ArrowForwardIosSharp.a17f164b.js                0.36 kB │ gzip:   0.29 kB │ map:     1.12 kB
build/chunks/hardwareInventory-service.28fd1665.js           0.38 kB │ gzip:   0.30 kB │ map:     1.14 kB
build/chunks/NotImplemented.eb745151.js                      0.55 kB │ gzip:   0.40 kB │ map:     1.39 kB
build/chunks/Card.2df454b1.js                                0.63 kB │ gzip:   0.43 kB │ map:     4.60 kB
build/chunks/useInterval.e02720c3.js                         0.71 kB │ gzip:   0.41 kB │ map:     3.67 kB
build/chunks/TimeDateInput.12827d44.js                       0.88 kB │ gzip:   0.50 kB │ map:     3.03 kB
build/chunks/LineChart.c5aa940f.js                           1.05 kB │ gzip:   0.66 kB │ map:     3.88 kB
build/chunks/adaptV4Theme.a0ac46d3.js                        1.13 kB │ gzip:   0.54 kB │ map:     4.98 kB
build/chunks/TabPanel.5fb02792.js                            1.14 kB │ gzip:   0.63 kB │ map:     4.33 kB
build/chunks/ModalDialogComponent.51489846.js                1.28 kB │ gzip:   0.71 kB │ map:     4.53 kB
build/chunks/ModelDialogComponentNew.3fed323d.js             1.47 kB │ gzip:   0.84 kB │ map:     5.12 kB
build/chunks/index.1e920bff.js                               2.03 kB │ gzip:   0.69 kB │ map:     5.97 kB
build/chunks/HealthGauge.9aa3931a.js                         2.37 kB │ gzip:   1.29 kB │ map:     8.47 kB
build/chunks/useSupport.dc9c93e8.js                          2.45 kB │ gzip:   1.08 kB │ map:    10.12 kB
build/chunks/Checkbox.27ab6bf1.js                            2.46 kB │ gzip:   1.16 kB │ map:    13.67 kB
build/chunks/radioHelper.b0868731.js                         2.61 kB │ gzip:   1.18 kB │ map:     8.57 kB
build/chunks/AuditLog.103a5af7.js                            3.61 kB │ gzip:   1.52 kB │ map:    13.92 kB
build/chunks/SlideUpTransition.b32070b0.js                   4.03 kB │ gzip:   1.61 kB │ map:    19.76 kB
build/chunks/index.92132d23.js                               4.10 kB │ gzip:   1.46 kB │ map:    13.58 kB
build/chunks/Logs.9bd96342.js                                4.78 kB │ gzip:   2.11 kB │ map:    19.49 kB
build/chunks/AccordionSummary.edd81b18.js                    5.73 kB │ gzip:   1.97 kB │ map:    27.76 kB
build/chunks/useStyles.e9c01a87.js                           6.39 kB │ gzip:   2.38 kB │ map:    26.35 kB
build/chunks/web-vitals.dfcc5b9a.js                          6.98 kB │ gzip:   2.58 kB │ map:    16.56 kB
build/chunks/TablePagination.7ed6d578.js                     8.27 kB │ gzip:   3.16 kB │ map:    42.12 kB
build/chunks/NetworkStats.85128733.js                        8.90 kB │ gzip:   3.30 kB │ map:    33.00 kB
build/chunks/DnnPanel.81a7cc5d.js                            9.67 kB │ gzip:   3.67 kB │ map:    37.84 kB
build/chunks/airspan.5241f955.js                            10.94 kB │ gzip:   3.26 kB │ map:    34.71 kB
build/chunks/setupInfo.ed95b4c3.js                          16.54 kB │ gzip:   5.25 kB │ map:    51.18 kB
build/chunks/SimulatorPanel.97b3780b.js                     23.56 kB │ gzip:   7.53 kB │ map:    89.49 kB
build/chunks/index.021bb628.js                              41.18 kB │ gzip:  10.56 kB │ map:   154.16 kB
build/chunks/AuditLogDetails.ed380a17.js                    41.88 kB │ gzip:  13.90 kB │ map:   315.56 kB
build/chunks/RadioForm.efed49e8.js                          52.42 kB │ gzip:  14.56 kB │ map:   224.24 kB
build/chunks/System.2109f7e9.js                             66.62 kB │ gzip:  15.18 kB │ map:   250.31 kB
build/chunks/Calibrate.85890f77.js                          71.85 kB │ gzip:  23.84 kB │ map:   252.10 kB
build/chunks/ReactTable.5f058393.js                         88.75 kB │ gzip:  27.05 kB │ map:   276.62 kB
build/chunks/Dashboard.902bead8.js                          90.52 kB │ gzip:  21.81 kB │ map:   520.47 kB
build/chunks/RadiosPanelNew.80fd0280.js                    145.08 kB │ gzip:  39.07 kB │ map:   561.44 kB
build/chunks/EdgesPanel.47092da3.js                        152.79 kB │ gzip:  37.70 kB │ map:   562.75 kB
build/chunks/SubscribersPanel.246cada6.js                  162.95 kB │ gzip:  53.10 kB │ map:   575.13 kB
build/chunks/DataGrid.ba398f5f.js                          280.40 kB │ gzip:  84.81 kB │ map: 1,359.73 kB
build/chunks/highcharts.06dde9be.js                        296.73 kB │ gzip: 106.33 kB │ map:   694.32 kB
build/chunks/EditNotes.c8759c92.js                         489.27 kB │ gzip: 132.59 kB │ map: 1,675.29 kB
build/js/index.03eb2ae8.js                               2,131.20 kB │ gzip: 471.24 kB │ map: 5,387.66 kB

(!) Some chunks are larger than 1000 kBs after minification. Consider:
- Using dynamic import() to code-split the application
- Use build.rollupOptions.output.manualChunks to improve chunking: https://rollupjs.org/configuration-options/#output-manualchunks
- Adjust chunk size limit for this warning via build.chunkSizeWarningLimit.
✓ built in 5m 7s
Done in 311.85s.
Compilation done...
Complete at Tue Jul 25 07:35:23 AM EDT 2023
\n ************************************************** \n
Compiling at Tue Jul 25 10:30:01 AM EDT 2023
Pulling latest changes from Git...
From https://github.com/Highway9-Networks/h9-saas
   47e55e17f..a889ebcd2  main                    -> origin/main
   fe003675b..2701a270a  EdgeEdit_Redux/Typescript -> origin/EdgeEdit_Redux/Typescript
   c43460ee4..6cacd2a3c  balaji/mmeretry         -> origin/balaji/mmeretry
   d3ec0afbe..a889ebcd2  balaji/pwsrestart       -> origin/balaji/pwsrestart
   7fdcd3940..66b92f4d3  private/abhagwat        -> origin/private/abhagwat
   ce7fa1b16..2e97d384b  private/akshay-33       -> origin/private/akshay-33
   ce17dfc58..59652f0af  private/ankita/airspan-mobility -> origin/private/ankita/airspan-mobility
   bedcde661..f0a03753e  private/dileep/FixingIssues_04_07_23 -> origin/private/dileep/FixingIssues_04_07_23
   0de1f98c2..964672778  private/mdighe/mocn-fixes -> origin/private/mdighe/mocn-fixes
 * [new branch]          xpJain/edge-certConfgi  -> origin/xpJain/edge-certConfgi
 * [new branch]          xpJain/ptp-sync-profile -> origin/xpJain/ptp-sync-profile
Updating 47e55e17f..a889ebcd2
Fast-forward
 common/adapters/airspan/airspanConfig.go           |  65 ++++++------
 common/common.mk                                   |   2 +-
 .../mocngw/mocngw/tasks/access/access_encoder.c    | 118 +++++++++++++++------
 .../mocngw/mocngw/tasks/config/mocn_dp_client.cc   |  27 ++---
 .../mocngw/mocngw/tasks/network/network_encoder.c  |  54 +++++++---
 .../mocngw/mocngw/tasks/s1ap/s1ap_dummy.c          |  38 ++++---
 .../orch-service/orch-service-deployment.yaml      |  11 +-
 orch/orch-api/apihandler/RadiosRestHandler.go      |   4 +
 orch/orch-common/utils/radioUtils.go               |   7 +-
 .../mnoOperatorService/mnoOperatorRadioService.go  |   4 +-
 orch/orch-ui/src/components/TextResources.jsx      |   3 +
 orch/orch-ui/src/helpers/index.jsx                 |   4 +-
 orch/orch-ui/src/views/edges/EdgeEdit.jsx          |   9 +-
 .../src/views/edges/Operator/CMPV2Config.jsx       |   2 +
 .../src/views/edges/Operator/CoreInfoTabel.jsx     |  11 +-
 .../views/edges/Operator/OperatorCoreConfig.jsx    |   2 +-
 .../views/edges/Operator/OperatorDetailsDialog.jsx |   6 ++
 .../views/edges/Operator/OperatorRadioDialog.tsx   |  26 ++++-
 18 files changed, 264 insertions(+), 129 deletions(-)
Compiling the orch UI code...
Deleting build...
Folder build deleted.
Folder A is unchanged.
yarn
yarn install v1.22.19
[1/4] Resolving packages...
success Already up-to-date.
Done in 0.91s.
yarn run build
yarn run v1.22.19
$ vite build
vite v4.3.9 building for production...
[plugin:vite-plugin-eslint] LintOnStart is turned on, and it will check for all matching files.
transforming...
✓ 13551 modules transformed.
rendering chunks...
computing gzip size...
build/assets/svg/pin.svg                                     0.85 kB │ gzip:   0.44 kB
build/assets/svg/current.svg                                 0.96 kB │ gzip:   0.47 kB
build/index.html                                             1.00 kB │ gzip:   0.53 kB
build/assets/svg/celltower.svg                               2.73 kB │ gzip:   1.41 kB
build/assets/svg/green-plain.svg                             3.30 kB │ gzip:   1.25 kB
build/assets/svg/pointer.svg                                 3.36 kB │ gzip:   1.27 kB
build/assets/svg/pointer-green.svg                           4.26 kB │ gzip:   1.56 kB
build/assets/svg/pointer-grey.svg                            4.26 kB │ gzip:   1.56 kB
build/assets/svg/markerA.svg                                 4.71 kB │ gzip:   1.66 kB
build/assets/woff2/roboto-vietnamese-400-normal.woff2        5.56 kB
build/assets/svg/markerB.svg                                 5.70 kB │ gzip:   2.12 kB
build/assets/woff2/roboto-greek-400-normal.woff2             7.11 kB
build/assets/svg/Radio-Indoor-Icon.svg                       7.43 kB │ gzip:   1.99 kB
build/assets/woff2/roboto-cyrillic-400-normal.woff2          9.63 kB
build/assets/woff2/roboto-latin-ext-400-normal.woff2        11.87 kB
build/assets/woff2/roboto-cyrillic-ext-400-normal.woff2     15.34 kB
build/assets/woff2/roboto-latin-400-normal.woff2            15.74 kB
build/assets/woff/roboto-all-400-normal.woff                65.46 kB
build/assets/css/EdgesPanel.css                              0.06 kB │ gzip:   0.08 kB
build/assets/css/RadiosPanelNew.css                          0.22 kB │ gzip:   0.17 kB
build/assets/css/SubscribersPanel.css                        0.23 kB │ gzip:   0.17 kB
build/assets/css/SimulatorPanel.css                          0.29 kB │ gzip:   0.21 kB
build/assets/css/Calibrate.css                               0.64 kB │ gzip:   0.40 kB
build/assets/css/ReactTable.css                              1.30 kB │ gzip:   0.55 kB
build/assets/css/index.css                                   1.77 kB │ gzip:   0.77 kB
build/assets/css/Dashboard.css                               4.02 kB │ gzip:   2.01 kB
build/assets/css/EditNotes.css                              17.96 kB │ gzip:   3.16 kB
build/chunks/styled.9104d17c.js                              0.12 kB │ gzip:   0.14 kB │ map:     0.34 kB
build/chunks/QoS-service.3f3fdccd.js                         0.26 kB │ gzip:   0.21 kB │ map:     0.80 kB
build/chunks/LightTooltip.b1b12863.js                        0.34 kB │ gzip:   0.28 kB │ map:     1.06 kB
build/chunks/ArrowForwardIosSharp.a61a5f9e.js                0.36 kB │ gzip:   0.29 kB │ map:     1.12 kB
build/chunks/hardwareInventory-service.3d4ba30c.js           0.38 kB │ gzip:   0.30 kB │ map:     1.14 kB
build/chunks/NotImplemented.b40abe6e.js                      0.55 kB │ gzip:   0.40 kB │ map:     1.39 kB
build/chunks/Card.10ae3327.js                                0.63 kB │ gzip:   0.43 kB │ map:     4.60 kB
build/chunks/useInterval.045a0315.js                         0.71 kB │ gzip:   0.41 kB │ map:     3.67 kB
build/chunks/TimeDateInput.c4b96078.js                       0.88 kB │ gzip:   0.50 kB │ map:     3.03 kB
build/chunks/LineChart.d7f84576.js                           1.05 kB │ gzip:   0.66 kB │ map:     3.88 kB
build/chunks/adaptV4Theme.7883e479.js                        1.13 kB │ gzip:   0.54 kB │ map:     4.98 kB
build/chunks/TabPanel.a2a3b95b.js                            1.14 kB │ gzip:   0.63 kB │ map:     4.33 kB
build/chunks/ModalDialogComponent.eb2200fd.js                1.28 kB │ gzip:   0.70 kB │ map:     4.53 kB
build/chunks/ModelDialogComponentNew.ebc02a06.js             1.47 kB │ gzip:   0.84 kB │ map:     5.12 kB
build/chunks/index.ae0bb467.js                               2.05 kB │ gzip:   0.69 kB │ map:     6.13 kB
build/chunks/HealthGauge.be0f246e.js                         2.37 kB │ gzip:   1.29 kB │ map:     8.47 kB
build/chunks/useSupport.71aaaf70.js                          2.45 kB │ gzip:   1.08 kB │ map:    10.12 kB
build/chunks/Checkbox.639c604e.js                            2.46 kB │ gzip:   1.16 kB │ map:    13.67 kB
build/chunks/radioHelper.52a3270a.js                         2.61 kB │ gzip:   1.18 kB │ map:     8.57 kB
build/chunks/AuditLog.cacdcf0c.js                            3.61 kB │ gzip:   1.52 kB │ map:    13.92 kB
build/chunks/SlideUpTransition.028741ae.js                   4.03 kB │ gzip:   1.61 kB │ map:    19.76 kB
build/chunks/index.135e5821.js                               4.10 kB │ gzip:   1.46 kB │ map:    13.58 kB
build/chunks/Logs.2172dfda.js                                4.78 kB │ gzip:   2.11 kB │ map:    19.49 kB
build/chunks/AccordionSummary.4bd35e05.js                    5.73 kB │ gzip:   1.97 kB │ map:    27.76 kB
build/chunks/useStyles.24ad20e7.js                           6.39 kB │ gzip:   2.38 kB │ map:    26.35 kB
build/chunks/web-vitals.dfcc5b9a.js                          6.98 kB │ gzip:   2.58 kB │ map:    16.56 kB
build/chunks/TablePagination.670d1e1a.js                     8.27 kB │ gzip:   3.16 kB │ map:    42.12 kB
build/chunks/NetworkStats.f55b96ba.js                        8.90 kB │ gzip:   3.30 kB │ map:    33.00 kB
build/chunks/DnnPanel.67d69699.js                            9.67 kB │ gzip:   3.67 kB │ map:    37.84 kB
build/chunks/airspan.163d012a.js                            10.94 kB │ gzip:   3.26 kB │ map:    34.71 kB
build/chunks/setupInfo.1339482c.js                          16.54 kB │ gzip:   5.25 kB │ map:    51.18 kB
build/chunks/SimulatorPanel.6beea936.js                     23.56 kB │ gzip:   7.53 kB │ map:    89.49 kB
build/chunks/index.b414668d.js                              41.18 kB │ gzip:  10.55 kB │ map:   154.16 kB
build/chunks/AuditLogDetails.7a4ab47a.js                    41.88 kB │ gzip:  13.90 kB │ map:   315.56 kB
build/chunks/RadioForm.7a72a496.js                          52.42 kB │ gzip:  14.56 kB │ map:   224.24 kB
build/chunks/System.3d003943.js                             66.62 kB │ gzip:  15.19 kB │ map:   250.31 kB
build/chunks/Calibrate.44d1cb03.js                          71.85 kB │ gzip:  23.84 kB │ map:   252.10 kB
build/chunks/ReactTable.348c69c8.js                         88.75 kB │ gzip:  27.05 kB │ map:   276.62 kB
build/chunks/Dashboard.4f5562a9.js                          90.52 kB │ gzip:  21.81 kB │ map:   520.47 kB
build/chunks/RadiosPanelNew.4645a90e.js                    145.08 kB │ gzip:  39.07 kB │ map:   561.44 kB
build/chunks/EdgesPanel.76c971e5.js                        153.38 kB │ gzip:  37.90 kB │ map:   564.89 kB
build/chunks/SubscribersPanel.718a6782.js                  162.95 kB │ gzip:  53.10 kB │ map:   575.13 kB
build/chunks/DataGrid.2a7435b8.js                          280.40 kB │ gzip:  84.81 kB │ map: 1,359.73 kB
build/chunks/highcharts.65e369c3.js                        296.73 kB │ gzip: 106.33 kB │ map:   694.32 kB
build/chunks/EditNotes.9e0090da.js                         489.27 kB │ gzip: 132.59 kB │ map: 1,675.29 kB
build/js/index.48abc3ef.js                               2,131.30 kB │ gzip: 471.28 kB │ map: 5,387.91 kB

(!) Some chunks are larger than 1000 kBs after minification. Consider:
- Using dynamic import() to code-split the application
- Use build.rollupOptions.output.manualChunks to improve chunking: https://rollupjs.org/configuration-options/#output-manualchunks
- Adjust chunk size limit for this warning via build.chunkSizeWarningLimit.
✓ built in 2m 54s
Done in 176.46s.
Compilation done...
Complete at Tue Jul 25 10:33:02 AM EDT 2023
\n ************************************************** \n
Compiling at Wed Jul 26 02:30:01 AM EDT 2023
Pulling latest changes from Git...
From https://github.com/Highway9-Networks/h9-saas
   a889ebcd2..c91b7c06a  main                   -> origin/main
   a889ebcd2..1c1b7666a  balaji/pwsrestart      -> origin/balaji/pwsrestart
 * [new branch]          pingmon_test_auto      -> origin/pingmon_test_auto
   59652f0af..297ce7bbe  private/ankita/airspan-mobility -> origin/private/ankita/airspan-mobility
 * [new branch]          surya_9615_cgw_thrput_calc2 -> origin/surya_9615_cgw_thrput_calc2
   de5eca944..b891f9fae  vikram_mem             -> origin/vikram_mem
   f0dbd6b26..f7cb5ebc6  xpJain/edge-certConfgi -> origin/xpJain/edge-certConfgi
Updating a889ebcd2..c91b7c06a
Fast-forward
 common/adapters/airspan/airspan.go                    | 17 +++++++++++++++--
 common/adapters/airspan/airspanApi.go                 | 17 +++++++++++------
 common/adapters/airspan/airspanConfig.go              | 17 ++++++++++-------
 common/adapters/airspan/airspanMobility.go            |  2 +-
 common/adapters/airspan/airspanUtils.go               | 14 ++++++++++++++
 common/adapters/radioCommon/BaseRadioManager.go       |  5 +++++
 common/adapters/radioCommon/radioCommon.go            |  2 ++
 common/adapters/radioCommon/radioManagerInstance.go   |  1 +
 common/tests/airspan/airspan_test.go                  | 10 ++++++++--
 .../mocngw/mocngw/tasks/mme_app/mme_app_bearer.c      | 19 +++++++++++--------
 .../mocngw/mocngw/tasks/mme_app/mme_app_context.c     |  2 +-
 .../mocngw/mocngw/tasks/mme_app/mme_app_main.c        |  3 +++
 .../mocngw/mocngw/tasks/mme_app/mme_app_sgs_reset.c   |  5 ++++-
 .../swagger-api/swagger/definitions/Radio.yaml        |  2 ++
 .../services/radioService/radioService.go             | 12 ++++++++++++
 15 files changed, 100 insertions(+), 28 deletions(-)
Compiling the orch UI code...
Deleting build...
Folder build deleted.
Folder A is unchanged.
yarn
yarn install v1.22.19
[1/4] Resolving packages...
success Already up-to-date.
Done in 1.05s.
yarn run build
yarn run v1.22.19
$ vite build
vite v4.3.9 building for production...
[plugin:vite-plugin-eslint] LintOnStart is turned on, and it will check for all matching files.
transforming...
✓ 13551 modules transformed.
rendering chunks...
computing gzip size...
build/assets/svg/pin.svg                                     0.85 kB │ gzip:   0.44 kB
build/assets/svg/current.svg                                 0.96 kB │ gzip:   0.47 kB
build/index.html                                             1.00 kB │ gzip:   0.53 kB
build/assets/svg/celltower.svg                               2.73 kB │ gzip:   1.41 kB
build/assets/svg/green-plain.svg                             3.30 kB │ gzip:   1.25 kB
build/assets/svg/pointer.svg                                 3.36 kB │ gzip:   1.27 kB
build/assets/svg/pointer-green.svg                           4.26 kB │ gzip:   1.56 kB
build/assets/svg/pointer-grey.svg                            4.26 kB │ gzip:   1.56 kB
build/assets/svg/markerA.svg                                 4.71 kB │ gzip:   1.66 kB
build/assets/woff2/roboto-vietnamese-400-normal.woff2        5.56 kB
build/assets/svg/markerB.svg                                 5.70 kB │ gzip:   2.12 kB
build/assets/woff2/roboto-greek-400-normal.woff2             7.11 kB
build/assets/svg/Radio-Indoor-Icon.svg                       7.43 kB │ gzip:   1.99 kB
build/assets/woff2/roboto-cyrillic-400-normal.woff2          9.63 kB
build/assets/woff2/roboto-latin-ext-400-normal.woff2        11.87 kB
build/assets/woff2/roboto-cyrillic-ext-400-normal.woff2     15.34 kB
build/assets/woff2/roboto-latin-400-normal.woff2            15.74 kB
build/assets/woff/roboto-all-400-normal.woff                65.46 kB
build/assets/css/EdgesPanel.css                              0.06 kB │ gzip:   0.08 kB
build/assets/css/RadiosPanelNew.css                          0.22 kB │ gzip:   0.17 kB
build/assets/css/SubscribersPanel.css                        0.23 kB │ gzip:   0.17 kB
build/assets/css/SimulatorPanel.css                          0.29 kB │ gzip:   0.21 kB
build/assets/css/Calibrate.css                               0.64 kB │ gzip:   0.40 kB
build/assets/css/ReactTable.css                              1.30 kB │ gzip:   0.55 kB
build/assets/css/index.css                                   1.77 kB │ gzip:   0.77 kB
build/assets/css/Dashboard.css                               4.02 kB │ gzip:   2.01 kB
build/assets/css/EditNotes.css                              17.96 kB │ gzip:   3.16 kB
build/chunks/styled.9104d17c.js                              0.12 kB │ gzip:   0.14 kB │ map:     0.34 kB
build/chunks/QoS-service.3f3fdccd.js                         0.26 kB │ gzip:   0.21 kB │ map:     0.80 kB
build/chunks/LightTooltip.b1b12863.js                        0.34 kB │ gzip:   0.28 kB │ map:     1.06 kB
build/chunks/ArrowForwardIosSharp.a61a5f9e.js                0.36 kB │ gzip:   0.29 kB │ map:     1.12 kB
build/chunks/hardwareInventory-service.3d4ba30c.js           0.38 kB │ gzip:   0.30 kB │ map:     1.14 kB
build/chunks/NotImplemented.b40abe6e.js                      0.55 kB │ gzip:   0.40 kB │ map:     1.39 kB
build/chunks/Card.10ae3327.js                                0.63 kB │ gzip:   0.43 kB │ map:     4.60 kB
build/chunks/useInterval.045a0315.js                         0.71 kB │ gzip:   0.41 kB │ map:     3.67 kB
build/chunks/TimeDateInput.c4b96078.js                       0.88 kB │ gzip:   0.50 kB │ map:     3.03 kB
build/chunks/LineChart.d7f84576.js                           1.05 kB │ gzip:   0.66 kB │ map:     3.88 kB
build/chunks/adaptV4Theme.7883e479.js                        1.13 kB │ gzip:   0.54 kB │ map:     4.98 kB
build/chunks/TabPanel.a2a3b95b.js                            1.14 kB │ gzip:   0.63 kB │ map:     4.33 kB
build/chunks/ModalDialogComponent.eb2200fd.js                1.28 kB │ gzip:   0.70 kB │ map:     4.53 kB
build/chunks/ModelDialogComponentNew.ebc02a06.js             1.47 kB │ gzip:   0.84 kB │ map:     5.12 kB
build/chunks/index.ae0bb467.js                               2.05 kB │ gzip:   0.69 kB │ map:     6.13 kB
build/chunks/HealthGauge.be0f246e.js                         2.37 kB │ gzip:   1.29 kB │ map:     8.47 kB
build/chunks/useSupport.71aaaf70.js                          2.45 kB │ gzip:   1.08 kB │ map:    10.12 kB
build/chunks/Checkbox.639c604e.js                            2.46 kB │ gzip:   1.16 kB │ map:    13.67 kB
build/chunks/radioHelper.52a3270a.js                         2.61 kB │ gzip:   1.18 kB │ map:     8.57 kB
build/chunks/AuditLog.cacdcf0c.js                            3.61 kB │ gzip:   1.52 kB │ map:    13.92 kB
build/chunks/SlideUpTransition.028741ae.js                   4.03 kB │ gzip:   1.61 kB │ map:    19.76 kB
build/chunks/index.135e5821.js                               4.10 kB │ gzip:   1.46 kB │ map:    13.58 kB
build/chunks/Logs.2172dfda.js                                4.78 kB │ gzip:   2.11 kB │ map:    19.49 kB
build/chunks/AccordionSummary.4bd35e05.js                    5.73 kB │ gzip:   1.97 kB │ map:    27.76 kB
build/chunks/useStyles.24ad20e7.js                           6.39 kB │ gzip:   2.38 kB │ map:    26.35 kB
build/chunks/web-vitals.dfcc5b9a.js                          6.98 kB │ gzip:   2.58 kB │ map:    16.56 kB
build/chunks/TablePagination.670d1e1a.js                     8.27 kB │ gzip:   3.16 kB │ map:    42.12 kB
build/chunks/NetworkStats.f55b96ba.js                        8.90 kB │ gzip:   3.30 kB │ map:    33.00 kB
build/chunks/DnnPanel.67d69699.js                            9.67 kB │ gzip:   3.67 kB │ map:    37.84 kB
build/chunks/airspan.163d012a.js                            10.94 kB │ gzip:   3.26 kB │ map:    34.71 kB
build/chunks/setupInfo.1339482c.js                          16.54 kB │ gzip:   5.25 kB │ map:    51.18 kB
build/chunks/SimulatorPanel.6beea936.js                     23.56 kB │ gzip:   7.53 kB │ map:    89.49 kB
build/chunks/index.b414668d.js                              41.18 kB │ gzip:  10.55 kB │ map:   154.16 kB
build/chunks/AuditLogDetails.7a4ab47a.js                    41.88 kB │ gzip:  13.90 kB │ map:   315.56 kB
build/chunks/RadioForm.7a72a496.js                          52.42 kB │ gzip:  14.56 kB │ map:   224.24 kB
build/chunks/System.3d003943.js                             66.62 kB │ gzip:  15.19 kB │ map:   250.31 kB
build/chunks/Calibrate.44d1cb03.js                          71.85 kB │ gzip:  23.84 kB │ map:   252.10 kB
build/chunks/ReactTable.348c69c8.js                         88.75 kB │ gzip:  27.05 kB │ map:   276.62 kB
build/chunks/Dashboard.4f5562a9.js                          90.52 kB │ gzip:  21.81 kB │ map:   520.47 kB
build/chunks/RadiosPanelNew.4645a90e.js                    145.08 kB │ gzip:  39.07 kB │ map:   561.44 kB
build/chunks/EdgesPanel.76c971e5.js                        153.38 kB │ gzip:  37.90 kB │ map:   564.89 kB
build/chunks/SubscribersPanel.718a6782.js                  162.95 kB │ gzip:  53.10 kB │ map:   575.13 kB
build/chunks/DataGrid.2a7435b8.js                          280.40 kB │ gzip:  84.81 kB │ map: 1,359.73 kB
build/chunks/highcharts.65e369c3.js                        296.73 kB │ gzip: 106.33 kB │ map:   694.32 kB
build/chunks/EditNotes.9e0090da.js                         489.27 kB │ gzip: 132.59 kB │ map: 1,675.29 kB
build/js/index.48abc3ef.js                               2,131.30 kB │ gzip: 471.28 kB │ map: 5,387.91 kB

(!) Some chunks are larger than 1000 kBs after minification. Consider:
- Using dynamic import() to code-split the application
- Use build.rollupOptions.output.manualChunks to improve chunking: https://rollupjs.org/configuration-options/#output-manualchunks
- Adjust chunk size limit for this warning via build.chunkSizeWarningLimit.
✓ built in 3m 14s
Done in 198.01s.
Compilation done...
Complete at Wed Jul 26 02:33:24 AM EDT 2023
\n ************************************************** \n
Compiling at Wed Jul 26 07:30:00 AM EDT 2023
Pulling latest changes from Git...
From https://github.com/Highway9-Networks/h9-saas
   c91b7c06a..e37270428  main                    -> origin/main
 * [new branch]          DhruvSoniH9-patch-1     -> origin/DhruvSoniH9-patch-1
   52082c0b9..b02f92d61  feature/ushiva_new      -> origin/feature/ushiva_new
   66b92f4d3..8980ecec8  private/abhagwat        -> origin/private/abhagwat
   2e97d384b..11b9df77f  private/akshay-33       -> origin/private/akshay-33
   417cdec22..c8415164d  private/akshay-live-acp -> origin/private/akshay-live-acp
 * [new branch]          private/akshay-new-34   -> origin/private/akshay-new-34
   964672778..9435c02d3  private/mdighe/mocn-fixes -> origin/private/mdighe/mocn-fixes
   b891f9fae..cc2c118ad  vikram_mem              -> origin/vikram_mem
   f7cb5ebc6..b44e3152f  xpJain/edge-certConfgi  -> origin/xpJain/edge-certConfgi
Updating c91b7c06a..e37270428
Fast-forward
 common/common.mk                                   |   6 +-
 .../mocngw_datapath/mocn_datapathd/h9_ofc_app.py   |   8 +-
 orch/orch-api/apihandler/RadiosRestHandler.go      |  16 +-
 .../hardwareInventoryService/hardwareInventory.go  |   4 +-
 orch/orch-ui/src/services/edge-service.ts          |   2 +-
 orch/orch-ui/src/store/context/EdgeEditSlice.ts    | 220 ++++++++++++++
 orch/orch-ui/src/store/index.ts                    |   2 +
 orch/orch-ui/src/types/edge.ts                     | 149 ++++++----
 orch/orch-ui/src/views/edges/EdgeEdit.jsx          |  32 +-
 orch/orch-ui/src/views/edges/Edit/CertCard.tsx     | 151 ++++++++++
 orch/orch-ui/src/views/edges/Edit/EdgeAAA.tsx      | 114 +++++++
 .../src/views/edges/Edit/EdgeCertConfig.tsx        |  37 +++
 orch/orch-ui/src/views/edges/Edit/EdgeForm.tsx     | 195 ++++++++++++
 orch/orch-ui/src/views/edges/Edit/EdgeGeneral.tsx  | 113 +++++++
 .../src/views/edges/Edit/EdgeMonitoring.tsx        |  52 ++++
 .../src/views/edges/Edit/EdgeNetworking.tsx        | 326 +++++++++++++++++++++
 orch/orch-ui/src/views/edges/Edit/NetworkCard.tsx  | 196 +++++++++++++
 orch/orch-ui/src/views/edges/useEdgePanel.tsx      |  24 +-
 orch/orch-ui/src/views/edges/useKPIExport.tsx      |   2 +-
 orch/orch-ui/src/views/radios/RadiosPanelNew.jsx   |   4 +-
 orch/orch-ui/src/views/radios/Toolbar.jsx          |   4 +-
 .../{useKPIExport.tsx => useRadioKPIExport.tsx}    |   4 +-
 saas/saas-api/apihandler/HardwareInventory.go      |  10 +
 23 files changed, 1559 insertions(+), 112 deletions(-)
 create mode 100644 orch/orch-ui/src/store/context/EdgeEditSlice.ts
 create mode 100644 orch/orch-ui/src/views/edges/Edit/CertCard.tsx
 create mode 100644 orch/orch-ui/src/views/edges/Edit/EdgeAAA.tsx
 create mode 100644 orch/orch-ui/src/views/edges/Edit/EdgeCertConfig.tsx
 create mode 100644 orch/orch-ui/src/views/edges/Edit/EdgeForm.tsx
 create mode 100644 orch/orch-ui/src/views/edges/Edit/EdgeGeneral.tsx
 create mode 100644 orch/orch-ui/src/views/edges/Edit/EdgeMonitoring.tsx
 create mode 100644 orch/orch-ui/src/views/edges/Edit/EdgeNetworking.tsx
 create mode 100644 orch/orch-ui/src/views/edges/Edit/NetworkCard.tsx
 rename orch/orch-ui/src/views/radios/{useKPIExport.tsx => useRadioKPIExport.tsx} (97%)
Compiling the orch UI code...
Deleting build...
Folder build deleted.
Folder A is unchanged.
yarn
yarn install v1.22.19
[1/4] Resolving packages...
success Already up-to-date.
Done in 1.60s.
yarn run build
yarn run v1.22.19
$ vite build
vite v4.3.9 building for production...
[plugin:vite-plugin-eslint] LintOnStart is turned on, and it will check for all matching files.
transforming...
✓ 13560 modules transformed.
rendering chunks...
computing gzip size...
build/assets/svg/pin.svg                                     0.85 kB │ gzip:   0.44 kB
build/assets/svg/current.svg                                 0.96 kB │ gzip:   0.47 kB
build/index.html                                             1.00 kB │ gzip:   0.53 kB
build/assets/svg/celltower.svg                               2.73 kB │ gzip:   1.41 kB
build/assets/svg/green-plain.svg                             3.30 kB │ gzip:   1.25 kB
build/assets/svg/pointer.svg                                 3.36 kB │ gzip:   1.27 kB
build/assets/svg/pointer-green.svg                           4.26 kB │ gzip:   1.56 kB
build/assets/svg/pointer-grey.svg                            4.26 kB │ gzip:   1.56 kB
build/assets/svg/markerA.svg                                 4.71 kB │ gzip:   1.66 kB
build/assets/woff2/roboto-vietnamese-400-normal.woff2        5.56 kB
build/assets/svg/markerB.svg                                 5.70 kB │ gzip:   2.12 kB
build/assets/woff2/roboto-greek-400-normal.woff2             7.11 kB
build/assets/svg/Radio-Indoor-Icon.svg                       7.43 kB │ gzip:   1.99 kB
build/assets/woff2/roboto-cyrillic-400-normal.woff2          9.63 kB
build/assets/woff2/roboto-latin-ext-400-normal.woff2        11.87 kB
build/assets/woff2/roboto-cyrillic-ext-400-normal.woff2     15.34 kB
build/assets/woff2/roboto-latin-400-normal.woff2            15.74 kB
build/assets/woff/roboto-all-400-normal.woff                65.46 kB
build/assets/css/EdgesPanel.css                              0.06 kB │ gzip:   0.08 kB
build/assets/css/RadiosPanelNew.css                          0.22 kB │ gzip:   0.17 kB
build/assets/css/SubscribersPanel.css                        0.23 kB │ gzip:   0.17 kB
build/assets/css/SimulatorPanel.css                          0.29 kB │ gzip:   0.21 kB
build/assets/css/Calibrate.css                               0.64 kB │ gzip:   0.40 kB
build/assets/css/ReactTable.css                              1.30 kB │ gzip:   0.55 kB
build/assets/css/index.css                                   1.77 kB │ gzip:   0.77 kB
build/assets/css/Dashboard.css                               4.02 kB │ gzip:   2.01 kB
build/assets/css/EditNotes.css                              17.96 kB │ gzip:   3.16 kB
build/chunks/styled.abac5ba2.js                              0.12 kB │ gzip:   0.14 kB │ map:     0.34 kB
build/chunks/SlideUpTransition.02911d31.js                   0.21 kB │ gzip:   0.20 kB │ map:     0.54 kB
build/chunks/QoS-service.9259cdd1.js                         0.26 kB │ gzip:   0.21 kB │ map:     0.80 kB
build/chunks/LightTooltip.7bd483d7.js                        0.34 kB │ gzip:   0.28 kB │ map:     1.06 kB
build/chunks/ArrowForwardIosSharp.d8c11196.js                0.36 kB │ gzip:   0.29 kB │ map:     1.12 kB
build/chunks/hardwareInventory-service.94a67682.js           0.38 kB │ gzip:   0.30 kB │ map:     1.14 kB
build/chunks/NotImplemented.1023d034.js                      0.55 kB │ gzip:   0.40 kB │ map:     1.39 kB
build/chunks/Card.670d0584.js                                0.63 kB │ gzip:   0.43 kB │ map:     4.60 kB
build/chunks/useInterval.40b73d24.js                         0.71 kB │ gzip:   0.41 kB │ map:     3.67 kB
build/chunks/TimeDateInput.2318627f.js                       0.88 kB │ gzip:   0.50 kB │ map:     3.03 kB
build/chunks/LineChart.48abd3ad.js                           1.05 kB │ gzip:   0.66 kB │ map:     3.88 kB
build/chunks/adaptV4Theme.54ed3dce.js                        1.13 kB │ gzip:   0.54 kB │ map:     4.98 kB
build/chunks/TabPanel.b6146cbc.js                            1.14 kB │ gzip:   0.63 kB │ map:     4.33 kB
build/chunks/ModalDialogComponent.ea3605a4.js                1.28 kB │ gzip:   0.70 kB │ map:     4.53 kB
build/chunks/ModelDialogComponentNew.0afd0737.js             1.47 kB │ gzip:   0.84 kB │ map:     5.12 kB
build/chunks/index.46274b3e.js                               2.05 kB │ gzip:   0.69 kB │ map:     6.13 kB
build/chunks/HealthGauge.fe490136.js                         2.37 kB │ gzip:   1.29 kB │ map:     8.47 kB
build/chunks/useSupport.2b0057c0.js                          2.45 kB │ gzip:   1.08 kB │ map:    10.12 kB
build/chunks/Checkbox.e9c75d39.js                            2.46 kB │ gzip:   1.16 kB │ map:    13.67 kB
build/chunks/radioHelper.1ff17994.js                         2.61 kB │ gzip:   1.18 kB │ map:     8.57 kB
build/chunks/AuditLog.eb4b90a1.js                            3.61 kB │ gzip:   1.52 kB │ map:    13.92 kB
build/chunks/Collapse.5639dda4.js                            3.92 kB │ gzip:   1.56 kB │ map:    19.32 kB
build/chunks/index.ddd8bde7.js                               4.10 kB │ gzip:   1.46 kB │ map:    13.58 kB
build/chunks/Logs.a17a8975.js                                4.78 kB │ gzip:   2.11 kB │ map:    19.49 kB
build/chunks/AccordionSummary.cc2d40fe.js                    5.73 kB │ gzip:   1.97 kB │ map:    27.76 kB
build/chunks/useStyles.6103d9b2.js                           6.39 kB │ gzip:   2.38 kB │ map:    26.35 kB
build/chunks/web-vitals.dfcc5b9a.js                          6.98 kB │ gzip:   2.58 kB │ map:    16.56 kB
build/chunks/TablePagination.fd51de18.js                     8.27 kB │ gzip:   3.16 kB │ map:    42.12 kB
build/chunks/NetworkStats.da789d43.js                        8.90 kB │ gzip:   3.31 kB │ map:    32.99 kB
build/chunks/DnnPanel.ca0601ee.js                            9.67 kB │ gzip:   3.67 kB │ map:    37.84 kB
build/chunks/airspan.d1a09b6d.js                            11.15 kB │ gzip:   3.37 kB │ map:    35.23 kB
build/chunks/setupInfo.e7ee1a24.js                          16.54 kB │ gzip:   5.25 kB │ map:    51.18 kB
build/chunks/SimulatorPanel.e35a5e11.js                     23.59 kB │ gzip:   7.54 kB │ map:    89.49 kB
build/chunks/index.a8a3ca1c.js                              41.22 kB │ gzip:  10.57 kB │ map:   154.16 kB
build/chunks/AuditLogDetails.e23c72b7.js                    41.88 kB │ gzip:  13.90 kB │ map:   315.56 kB
build/chunks/RadioForm.fe34cad6.js                          52.42 kB │ gzip:  14.56 kB │ map:   224.24 kB
build/chunks/System.d40050a2.js                             66.62 kB │ gzip:  15.19 kB │ map:   250.31 kB
build/chunks/Calibrate.601fcc3a.js                          71.85 kB │ gzip:  23.84 kB │ map:   252.10 kB
build/chunks/ReactTable.24e4b167.js                         88.75 kB │ gzip:  27.05 kB │ map:   276.62 kB
build/chunks/Dashboard.27c7af94.js                          90.52 kB │ gzip:  21.81 kB │ map:   520.47 kB
build/chunks/RadiosPanelNew.ba983293.js                    144.87 kB │ gzip:  38.98 kB │ map:   560.96 kB
build/chunks/EdgesPanel.319d4e85.js                        153.40 kB │ gzip:  37.68 kB │ map:   562.13 kB
build/chunks/SubscribersPanel.a0cb529f.js                  162.98 kB │ gzip:  53.11 kB │ map:   575.13 kB
build/chunks/DataGrid.99a60e6e.js                          280.40 kB │ gzip:  84.80 kB │ map: 1,359.73 kB
build/chunks/highcharts.158d265b.js                        296.73 kB │ gzip: 106.33 kB │ map:   694.32 kB
build/chunks/EditNotes.bf635e94.js                         489.26 kB │ gzip: 132.58 kB │ map: 1,675.29 kB
build/js/index.9096019e.js                               2,135.18 kB │ gzip: 472.11 kB │ map: 5,406.28 kB

(!) Some chunks are larger than 1000 kBs after minification. Consider:
- Using dynamic import() to code-split the application
- Use build.rollupOptions.output.manualChunks to improve chunking: https://rollupjs.org/configuration-options/#output-manualchunks
- Adjust chunk size limit for this warning via build.chunkSizeWarningLimit.
✓ built in 3m 4s
Done in 187.30s.
Compilation done...
Complete at Wed Jul 26 07:33:14 AM EDT 2023
\n ************************************************** \n
Compiling at Wed Jul 26 10:30:01 AM EDT 2023
Pulling latest changes from Git...
From https://github.com/Highway9-Networks/h9-saas
   e37270428..31ae81389  main                   -> origin/main
   cbce9134d..af8ef2af9  DhruvSoniH9-patch-1    -> origin/DhruvSoniH9-patch-1
   1c1b7666a..21d4777bd  balaji/pwsrestart      -> origin/balaji/pwsrestart
   8980ecec8..373e0e2fc  private/abhagwat       -> origin/private/abhagwat
   11b9df77f..a775570f4  private/akshay-33      -> origin/private/akshay-33
   a0a85770e..8c41507df  private/girish/20june  -> origin/private/girish/20june
   9435c02d3..003e61575  private/mdighe/mocn-fixes -> origin/private/mdighe/mocn-fixes
   cc2c118ad..ab3d95522  vikram_mem             -> origin/vikram_mem
   b44e3152f..5d208bfe8  xpJain/edge-certConfgi -> origin/xpJain/edge-certConfgi
Updating e37270428..31ae81389
Fast-forward
 .../grpcServer/scripts/deploy_vmc_private_cloud.sh |  6 +--
 common/common.mk                                   |  6 +--
 edge/carriergw/mocngw/mocngw/lib/deps/README       | 43 ++++++++++++++++++++++
 3 files changed, 49 insertions(+), 6 deletions(-)
 create mode 100644 edge/carriergw/mocngw/mocngw/lib/deps/README
Compiling the orch UI code...
Deleting build...
Folder build deleted.
Folder A is unchanged.
yarn
yarn install v1.22.19
[1/4] Resolving packages...
success Already up-to-date.
Done in 1.49s.
yarn run build
yarn run v1.22.19
$ vite build
vite v4.3.9 building for production...
[plugin:vite-plugin-eslint] LintOnStart is turned on, and it will check for all matching files.
transforming...
✓ 13560 modules transformed.
rendering chunks...
computing gzip size...
build/assets/svg/pin.svg                                     0.85 kB │ gzip:   0.44 kB
build/assets/svg/current.svg                                 0.96 kB │ gzip:   0.47 kB
build/index.html                                             1.00 kB │ gzip:   0.53 kB
build/assets/svg/celltower.svg                               2.73 kB │ gzip:   1.41 kB
build/assets/svg/green-plain.svg                             3.30 kB │ gzip:   1.25 kB
build/assets/svg/pointer.svg                                 3.36 kB │ gzip:   1.27 kB
build/assets/svg/pointer-grey.svg                            4.26 kB │ gzip:   1.56 kB
build/assets/svg/pointer-green.svg                           4.26 kB │ gzip:   1.56 kB
build/assets/svg/markerA.svg                                 4.71 kB │ gzip:   1.66 kB
build/assets/woff2/roboto-vietnamese-400-normal.woff2        5.56 kB
build/assets/svg/markerB.svg                                 5.70 kB │ gzip:   2.12 kB
build/assets/woff2/roboto-greek-400-normal.woff2             7.11 kB
build/assets/svg/Radio-Indoor-Icon.svg                       7.43 kB │ gzip:   1.99 kB
build/assets/woff2/roboto-cyrillic-400-normal.woff2          9.63 kB
build/assets/woff2/roboto-latin-ext-400-normal.woff2        11.87 kB
build/assets/woff2/roboto-cyrillic-ext-400-normal.woff2     15.34 kB
build/assets/woff2/roboto-latin-400-normal.woff2            15.74 kB
build/assets/woff/roboto-all-400-normal.woff                65.46 kB
build/assets/css/EdgesPanel.css                              0.06 kB │ gzip:   0.08 kB
build/assets/css/RadiosPanelNew.css                          0.22 kB │ gzip:   0.17 kB
build/assets/css/SubscribersPanel.css                        0.23 kB │ gzip:   0.17 kB
build/assets/css/SimulatorPanel.css                          0.29 kB │ gzip:   0.21 kB
build/assets/css/Calibrate.css                               0.64 kB │ gzip:   0.40 kB
build/assets/css/ReactTable.css                              1.30 kB │ gzip:   0.55 kB
build/assets/css/index.css                                   1.77 kB │ gzip:   0.77 kB
build/assets/css/Dashboard.css                               4.02 kB │ gzip:   2.01 kB
build/assets/css/EditNotes.css                              17.96 kB │ gzip:   3.16 kB
build/chunks/styled.abac5ba2.js                              0.12 kB │ gzip:   0.14 kB │ map:     0.34 kB
build/chunks/SlideUpTransition.02911d31.js                   0.21 kB │ gzip:   0.20 kB │ map:     0.54 kB
build/chunks/QoS-service.9259cdd1.js                         0.26 kB │ gzip:   0.21 kB │ map:     0.80 kB
build/chunks/LightTooltip.7bd483d7.js                        0.34 kB │ gzip:   0.28 kB │ map:     1.06 kB
build/chunks/ArrowForwardIosSharp.d8c11196.js                0.36 kB │ gzip:   0.29 kB │ map:     1.12 kB
build/chunks/hardwareInventory-service.94a67682.js           0.38 kB │ gzip:   0.30 kB │ map:     1.14 kB
build/chunks/NotImplemented.1023d034.js                      0.55 kB │ gzip:   0.40 kB │ map:     1.39 kB
build/chunks/Card.670d0584.js                                0.63 kB │ gzip:   0.43 kB │ map:     4.60 kB
build/chunks/useInterval.40b73d24.js                         0.71 kB │ gzip:   0.41 kB │ map:     3.67 kB
build/chunks/TimeDateInput.2318627f.js                       0.88 kB │ gzip:   0.50 kB │ map:     3.03 kB
build/chunks/LineChart.48abd3ad.js                           1.05 kB │ gzip:   0.66 kB │ map:     3.88 kB
build/chunks/adaptV4Theme.54ed3dce.js                        1.13 kB │ gzip:   0.54 kB │ map:     4.98 kB
build/chunks/TabPanel.b6146cbc.js                            1.14 kB │ gzip:   0.63 kB │ map:     4.33 kB
build/chunks/ModalDialogComponent.ea3605a4.js                1.28 kB │ gzip:   0.70 kB │ map:     4.53 kB
build/chunks/ModelDialogComponentNew.0afd0737.js             1.47 kB │ gzip:   0.84 kB │ map:     5.12 kB
build/chunks/index.46274b3e.js                               2.05 kB │ gzip:   0.69 kB │ map:     6.13 kB
build/chunks/HealthGauge.fe490136.js                         2.37 kB │ gzip:   1.29 kB │ map:     8.47 kB
build/chunks/useSupport.2b0057c0.js                          2.45 kB │ gzip:   1.08 kB │ map:    10.12 kB
build/chunks/Checkbox.e9c75d39.js                            2.46 kB │ gzip:   1.16 kB │ map:    13.67 kB
build/chunks/radioHelper.1ff17994.js                         2.61 kB │ gzip:   1.18 kB │ map:     8.57 kB
build/chunks/AuditLog.eb4b90a1.js                            3.61 kB │ gzip:   1.52 kB │ map:    13.92 kB
build/chunks/Collapse.5639dda4.js                            3.92 kB │ gzip:   1.56 kB │ map:    19.32 kB
build/chunks/index.ddd8bde7.js                               4.10 kB │ gzip:   1.46 kB │ map:    13.58 kB
build/chunks/Logs.a17a8975.js                                4.78 kB │ gzip:   2.11 kB │ map:    19.49 kB
build/chunks/AccordionSummary.cc2d40fe.js                    5.73 kB │ gzip:   1.97 kB │ map:    27.76 kB
build/chunks/useStyles.6103d9b2.js                           6.39 kB │ gzip:   2.38 kB │ map:    26.35 kB
build/chunks/web-vitals.dfcc5b9a.js                          6.98 kB │ gzip:   2.58 kB │ map:    16.56 kB
build/chunks/TablePagination.fd51de18.js                     8.27 kB │ gzip:   3.16 kB │ map:    42.12 kB
build/chunks/NetworkStats.da789d43.js                        8.90 kB │ gzip:   3.31 kB │ map:    32.99 kB
build/chunks/DnnPanel.ca0601ee.js                            9.67 kB │ gzip:   3.67 kB │ map:    37.84 kB
build/chunks/airspan.d1a09b6d.js                            11.15 kB │ gzip:   3.37 kB │ map:    35.23 kB
build/chunks/setupInfo.e7ee1a24.js                          16.54 kB │ gzip:   5.25 kB │ map:    51.18 kB
build/chunks/SimulatorPanel.e35a5e11.js                     23.59 kB │ gzip:   7.54 kB │ map:    89.49 kB
build/chunks/index.a8a3ca1c.js                              41.22 kB │ gzip:  10.57 kB │ map:   154.16 kB
build/chunks/AuditLogDetails.e23c72b7.js                    41.88 kB │ gzip:  13.90 kB │ map:   315.56 kB
build/chunks/RadioForm.fe34cad6.js                          52.42 kB │ gzip:  14.56 kB │ map:   224.24 kB
build/chunks/System.d40050a2.js                             66.62 kB │ gzip:  15.19 kB │ map:   250.31 kB
build/chunks/Calibrate.601fcc3a.js                          71.85 kB │ gzip:  23.84 kB │ map:   252.10 kB
build/chunks/ReactTable.24e4b167.js                         88.75 kB │ gzip:  27.05 kB │ map:   276.62 kB
build/chunks/Dashboard.27c7af94.js                          90.52 kB │ gzip:  21.81 kB │ map:   520.47 kB
build/chunks/RadiosPanelNew.ba983293.js                    144.87 kB │ gzip:  38.98 kB │ map:   560.96 kB
build/chunks/EdgesPanel.319d4e85.js                        153.40 kB │ gzip:  37.68 kB │ map:   562.13 kB
build/chunks/SubscribersPanel.a0cb529f.js                  162.98 kB │ gzip:  53.11 kB │ map:   575.13 kB
build/chunks/DataGrid.99a60e6e.js                          280.40 kB │ gzip:  84.80 kB │ map: 1,359.73 kB
build/chunks/highcharts.158d265b.js                        296.73 kB │ gzip: 106.33 kB │ map:   694.32 kB
build/chunks/EditNotes.bf635e94.js                         489.26 kB │ gzip: 132.58 kB │ map: 1,675.29 kB
build/js/index.9096019e.js                               2,135.18 kB │ gzip: 472.11 kB │ map: 5,406.28 kB

(!) Some chunks are larger than 1000 kBs after minification. Consider:
- Using dynamic import() to code-split the application
- Use build.rollupOptions.output.manualChunks to improve chunking: https://rollupjs.org/configuration-options/#output-manualchunks
- Adjust chunk size limit for this warning via build.chunkSizeWarningLimit.
✓ built in 3m 6s
Done in 189.59s.
Compilation done...
Complete at Wed Jul 26 10:33:17 AM EDT 2023
\n ************************************************** \n
Compiling at Thu Jul 27 02:30:00 AM EDT 2023
Pulling latest changes from Git...
From https://github.com/Highway9-Networks/h9-saas
   31ae81389..0acf258dd  main                  -> origin/main
 + a059473f4...0ef44a5f8 Fix_Pip3_Issue_Due_To_Paramiko -> origin/Fix_Pip3_Issue_Due_To_Paramiko  (forced update)
   21d4777bd..0acf258dd  balaji/pwsrestart     -> origin/balaji/pwsrestart
   b891f9fae..5c255a5ff  pingmon_test_auto     -> origin/pingmon_test_auto
   373e0e2fc..86daa47da  private/abhagwat      -> origin/private/abhagwat
   a775570f4..47846cc89  private/akshay-33     -> origin/private/akshay-33
   f7aa552ca..a50d64fd0  private/akshay-new-34 -> origin/private/akshay-new-34
 * [new branch]          private/akshay-new-35 -> origin/private/akshay-new-35
   2ff3a252c..cf008cc80  private/akshi/issue_9142 -> origin/private/akshi/issue_9142
   f0a03753e..0c216b059  private/dileep/FixingIssues_04_07_23 -> origin/private/dileep/FixingIssues_04_07_23
   003e61575..8db1d12cb  private/mdighe/mocn-fixes -> origin/private/mdighe/mocn-fixes
   ab3d95522..147a5c0c8  vikram_mem            -> origin/vikram_mem
Updating 31ae81389..0acf258dd
Fast-forward
 clusterAgent/grpcServer/go.mod                     |  12 +-
 common/adapters/airspan/airspanApi.go              |  18 +-
 common/adapters/airspan/airspanConfig.go           |  61 +++
 common/cmnUtils/ipUtils.go                         |  21 ++
 common/common.mk                                   |   4 +-
 common/logger/constants.go                         |   1 +
 common/metrics/metrics.go                          | 105 +++++-
 common/tests/airspan/airspan_test.go               |  11 +
 .../mocngw/mocngw/tasks/access/access_encoder.c    |   2 +-
 .../mocngw/mocngw/tasks/network/network.c          |  11 +
 .../mocngw/mocngw/tasks/network/network.h          |   3 +
 .../mocngw/mocngw/tasks/network/network_encoder.c  | 204 ++++++++++-
 .../mocngw/mocngw/tasks/s1ap/s1ap_mme_encoder.c    |   2 +
 .../mocngw/mocngw/tasks/s1ap/s1ap_mme_handlers.c   |  40 +-
 openvpn/webserver/webserver.service                |   3 +-
 orch/orch-api/apihandler/EdgesRestHandler.go       |   2 +
 orch/orch-api/apihandler/MnoOperatorHandler.go     |   6 +-
 .../apihandler/MobilityProfileRestHandler.go       |   8 +-
 orch/orch-api/apihandler/RadiosRestHandler.go      |  10 +
 .../SynchronizationProfileRestHandler.go           | 178 +++++++++
 orch/orch-common/authorizer/authorizer.go          |  12 +
 orch/orch-common/db/daoHelper.go                   |  11 +
 orch/orch-common/db/dbSynchronizationProfile.go    |   9 +
 .../swagger-api/swagger/definitions/Edge.yaml      |   5 +
 .../swagger-api/swagger/definitions/Radio.yaml     |  25 ++
 .../definitions/SynchronizationProfile.yaml        |  93 +++++
 .../swagger-api/swagger/definitions/UserRoles.yaml |   1 +
 orch/orch-common/swagger-api/swagger/swagger.yaml  | 129 +++++++
 orch/orch-service/main.go                          |   2 +
 .../services/edgeService/edgeService.go            |  23 +-
 .../radioService/synchronizationProfileService.go  | 100 +++++
 orch/orch-ui/src/components/GraphicalResources.tsx |  15 +-
 orch/orch-ui/src/components/TextResources.jsx      |   5 +-
 orch/orch-ui/src/store/context/EdgeEditSlice.ts    | 117 +++---
 orch/orch-ui/src/styles/theme.ts                   |   4 +-
 orch/orch-ui/src/types/edge.ts                     |   3 +-
 .../CarrierGateway/CarrierGatewayMetricsTabs.tsx   |  83 +++++
 orch/orch-ui/src/views/edges/EdgeKPI.tsx           |  68 ++--
 orch/orch-ui/src/views/edges/Edit/EdgeGeneral.tsx  |  26 +-
 .../src/views/edges/Operator/CoreInfoTabel.jsx     |   2 +-
 .../edges/Operator/EdgeCarrierGaretwayKPI.tsx      |  15 +
 .../edges/Operator/EdgeCarrierGatewayKPITable.tsx  |  81 ++++
 orch/orch-ui/src/views/edges/graphs/KPIList.ts     |  41 +++
 .../src/views/edges/graphs/metricsSructure.ts      | 407 +++++++++++++++++++++
 orch/orch-ui/src/views/radios/Graphs/airspan.ts    |   6 +-
 orch/orch-ui/src/views/radios/RadiosPanelNew.jsx   |   4 +-
 46 files changed, 1855 insertions(+), 134 deletions(-)
 create mode 100644 common/cmnUtils/ipUtils.go
 create mode 100644 orch/orch-api/apihandler/SynchronizationProfileRestHandler.go
 create mode 100644 orch/orch-common/db/dbSynchronizationProfile.go
 create mode 100644 orch/orch-common/swagger-api/swagger/definitions/SynchronizationProfile.yaml
 create mode 100644 orch/orch-service/services/radioService/synchronizationProfileService.go
 create mode 100644 orch/orch-ui/src/views/edges/CarrierGateway/CarrierGatewayMetricsTabs.tsx
 create mode 100644 orch/orch-ui/src/views/edges/Operator/EdgeCarrierGaretwayKPI.tsx
 create mode 100644 orch/orch-ui/src/views/edges/Operator/EdgeCarrierGatewayKPITable.tsx
 create mode 100644 orch/orch-ui/src/views/edges/graphs/KPIList.ts
 create mode 100644 orch/orch-ui/src/views/edges/graphs/metricsSructure.ts
Compiling the orch UI code...
Deleting build...
Folder build deleted.
Folder A is unchanged.
yarn
yarn install v1.22.19
[1/4] Resolving packages...
success Already up-to-date.
Done in 0.75s.
yarn run build
yarn run v1.22.19
$ vite build
vite v4.3.9 building for production...
[plugin:vite-plugin-eslint] LintOnStart is turned on, and it will check for all matching files.
transforming...
✓ 13569 modules transformed.
rendering chunks...
computing gzip size...
build/assets/svg/pin.svg                                     0.85 kB │ gzip:   0.44 kB
build/assets/svg/current.svg                                 0.96 kB │ gzip:   0.47 kB
build/index.html                                             1.00 kB │ gzip:   0.53 kB
build/assets/svg/celltower.svg                               2.73 kB │ gzip:   1.41 kB
build/assets/svg/green-plain.svg                             3.30 kB │ gzip:   1.25 kB
build/assets/svg/pointer.svg                                 3.36 kB │ gzip:   1.27 kB
build/assets/svg/pointer-green.svg                           4.26 kB │ gzip:   1.56 kB
build/assets/svg/pointer-grey.svg                            4.26 kB │ gzip:   1.56 kB
build/assets/svg/markerA.svg                                 4.71 kB │ gzip:   1.66 kB
build/assets/woff2/roboto-vietnamese-400-normal.woff2        5.56 kB
build/assets/svg/markerB.svg                                 5.70 kB │ gzip:   2.12 kB
build/assets/woff2/roboto-greek-400-normal.woff2             7.11 kB
build/assets/svg/Radio-Indoor-Icon.svg                       7.43 kB │ gzip:   1.99 kB
build/assets/woff2/roboto-cyrillic-400-normal.woff2          9.63 kB
build/assets/woff2/roboto-latin-ext-400-normal.woff2        11.87 kB
build/assets/woff2/roboto-cyrillic-ext-400-normal.woff2     15.34 kB
build/assets/woff2/roboto-latin-400-normal.woff2            15.74 kB
build/assets/woff/roboto-all-400-normal.woff                65.46 kB
build/assets/css/EdgesPanel.css                              0.06 kB │ gzip:   0.08 kB
build/assets/css/RadiosPanelNew.css                          0.22 kB │ gzip:   0.17 kB
build/assets/css/SubscribersPanel.css                        0.23 kB │ gzip:   0.17 kB
build/assets/css/SimulatorPanel.css                          0.29 kB │ gzip:   0.21 kB
build/assets/css/Calibrate.css                               0.64 kB │ gzip:   0.40 kB
build/assets/css/ReactTable.css                              1.30 kB │ gzip:   0.55 kB
build/assets/css/index.css                                   1.77 kB │ gzip:   0.77 kB
build/assets/css/Dashboard.css                               4.02 kB │ gzip:   2.01 kB
build/assets/css/EditNotes.css                              17.96 kB │ gzip:   3.16 kB
build/chunks/styled.6ae2f490.js                              0.12 kB │ gzip:   0.14 kB │ map:     0.34 kB
build/chunks/SlideUpTransition.5f3de45b.js                   0.21 kB │ gzip:   0.19 kB │ map:     0.54 kB
build/chunks/QoS-service.c720d5b8.js                         0.26 kB │ gzip:   0.22 kB │ map:     0.80 kB
build/chunks/LightTooltip.e6d33118.js                        0.34 kB │ gzip:   0.28 kB │ map:     1.06 kB
build/chunks/ArrowForwardIosSharp.b2bcd032.js                0.36 kB │ gzip:   0.29 kB │ map:     1.12 kB
build/chunks/hardwareInventory-service.f533c2fc.js           0.38 kB │ gzip:   0.30 kB │ map:     1.14 kB
build/chunks/NotImplemented.daa3c618.js                      0.55 kB │ gzip:   0.40 kB │ map:     1.39 kB
build/chunks/Card.8d929e47.js                                0.63 kB │ gzip:   0.43 kB │ map:     4.60 kB
build/chunks/useInterval.56708a83.js                         0.71 kB │ gzip:   0.41 kB │ map:     3.67 kB
build/chunks/TimeDateInput.bfd84ac5.js                       0.88 kB │ gzip:   0.50 kB │ map:     3.03 kB
build/chunks/LineChart.d8a33800.js                           1.05 kB │ gzip:   0.66 kB │ map:     3.88 kB
build/chunks/adaptV4Theme.2e0186d3.js                        1.13 kB │ gzip:   0.54 kB │ map:     4.98 kB
build/chunks/TabPanel.7e391d6e.js                            1.14 kB │ gzip:   0.63 kB │ map:     4.33 kB
build/chunks/ModalDialogComponent.3dcc453b.js                1.28 kB │ gzip:   0.70 kB │ map:     4.53 kB
build/chunks/ModelDialogComponentNew.d94d7ad4.js             1.47 kB │ gzip:   0.84 kB │ map:     5.12 kB
build/chunks/index.d57603d7.js                               2.05 kB │ gzip:   0.69 kB │ map:     6.13 kB
build/chunks/HealthGauge.31166bc3.js                         2.37 kB │ gzip:   1.29 kB │ map:     8.47 kB
build/chunks/useSupport.06ac0807.js                          2.45 kB │ gzip:   1.08 kB │ map:    10.12 kB
build/chunks/Checkbox.83335db7.js                            2.46 kB │ gzip:   1.16 kB │ map:    13.67 kB
build/chunks/radioHelper.624aacb3.js                         2.61 kB │ gzip:   1.18 kB │ map:     8.57 kB
build/chunks/AuditLog.093b528c.js                            3.61 kB │ gzip:   1.52 kB │ map:    13.92 kB
build/chunks/Collapse.e24a52f8.js                            3.92 kB │ gzip:   1.56 kB │ map:    19.32 kB
build/chunks/index.5861bb74.js                               4.10 kB │ gzip:   1.46 kB │ map:    13.58 kB
build/chunks/Logs.1e6feabb.js                                4.78 kB │ gzip:   2.11 kB │ map:    19.49 kB
build/chunks/AccordionSummary.65ae6ffc.js                    5.73 kB │ gzip:   1.97 kB │ map:    27.76 kB
build/chunks/useStyles.bd939b79.js                           6.39 kB │ gzip:   2.38 kB │ map:    26.35 kB
build/chunks/web-vitals.dfcc5b9a.js                          6.98 kB │ gzip:   2.58 kB │ map:    16.56 kB
build/chunks/TablePagination.c4ea0090.js                     8.27 kB │ gzip:   3.16 kB │ map:    42.12 kB
build/chunks/NetworkStats.27cf118a.js                        8.90 kB │ gzip:   3.30 kB │ map:    32.99 kB
build/chunks/DnnPanel.f2a6d714.js                            9.67 kB │ gzip:   3.66 kB │ map:    37.84 kB
build/chunks/airspan.aa87ac1c.js                            11.15 kB │ gzip:   3.37 kB │ map:    35.23 kB
build/chunks/setupInfo.a04821c7.js                          16.54 kB │ gzip:   5.25 kB │ map:    51.18 kB
build/chunks/SimulatorPanel.50764ef7.js                     23.59 kB │ gzip:   7.54 kB │ map:    89.49 kB
build/chunks/index.be3ac8ec.js                              41.22 kB │ gzip:  10.57 kB │ map:   154.16 kB
build/chunks/AuditLogDetails.f24af304.js                    41.88 kB │ gzip:  13.90 kB │ map:   315.56 kB
build/chunks/RadioForm.558b0a4a.js                          52.42 kB │ gzip:  14.56 kB │ map:   224.24 kB
build/chunks/System.8e6e000d.js                             66.62 kB │ gzip:  15.18 kB │ map:   250.31 kB
build/chunks/Calibrate.c592dc0e.js                          71.85 kB │ gzip:  23.84 kB │ map:   252.10 kB
build/chunks/ReactTable.a372a17c.js                         88.75 kB │ gzip:  27.05 kB │ map:   276.62 kB
build/chunks/Dashboard.243ce450.js                          90.52 kB │ gzip:  21.81 kB │ map:   520.47 kB
build/chunks/RadiosPanelNew.62c6af66.js                    144.85 kB │ gzip:  38.96 kB │ map:   560.92 kB
build/chunks/EdgesPanel.58614a4e.js                        162.02 kB │ gzip:  39.44 kB │ map:   589.63 kB
build/chunks/SubscribersPanel.f05bf033.js                  162.98 kB │ gzip:  53.11 kB │ map:   575.13 kB
build/chunks/DataGrid.3522bdd1.js                          280.40 kB │ gzip:  84.80 kB │ map: 1,359.73 kB
build/chunks/highcharts.2035119c.js                        296.73 kB │ gzip: 106.33 kB │ map:   694.32 kB
build/chunks/EditNotes.e4f0a3c3.js                         489.26 kB │ gzip: 132.58 kB │ map: 1,675.29 kB
build/js/index.dd128bd6.js                               2,135.93 kB │ gzip: 472.32 kB │ map: 5,408.69 kB

(!) Some chunks are larger than 1000 kBs after minification. Consider:
- Using dynamic import() to code-split the application
- Use build.rollupOptions.output.manualChunks to improve chunking: https://rollupjs.org/configuration-options/#output-manualchunks
- Adjust chunk size limit for this warning via build.chunkSizeWarningLimit.
✓ built in 3m 10s
Done in 193.20s.
Compilation done...
Complete at Thu Jul 27 02:33:19 AM EDT 2023
\n ************************************************** \n
Compiling at Thu Jul 27 10:30:01 AM EDT 2023
Pulling latest changes from Git...
From https://github.com/Highway9-Networks/h9-saas
   0acf258dd..01663c0cc  main                    -> origin/main
 * [new branch]          fix/Bedrock-EventDetails -> origin/fix/Bedrock-EventDetails
   47846cc89..efd7a0e39  private/akshay-33       -> origin/private/akshay-33
   c8415164d..f64355abe  private/akshay-live-acp -> origin/private/akshay-live-acp
   85581bbe8..fccb4e942  private/akshay-new-35   -> origin/private/akshay-new-35
 * [new branch]          private/ankita/A3       -> origin/private/ankita/A3
   297ce7bbe..ce7d114bb  private/ankita/airspan-mobility -> origin/private/ankita/airspan-mobility
 * [new branch]          private/ankita/mmeInactive -> origin/private/ankita/mmeInactive
   0c216b059..a682237a8  private/dileep/FixingIssues_04_07_23 -> origin/private/dileep/FixingIssues_04_07_23
   8db1d12cb..e0cae7ac7  private/mdighe/mocn-fixes -> origin/private/mdighe/mocn-fixes
 * [new branch]          surya_remove_ovs_restart -> origin/surya_remove_ovs_restart
   5d208bfe8..beabaad81  xpJain/edge-certConfgi  -> origin/xpJain/edge-certConfgi
   69fadf1ca..8f533cdda  xpJain/fp-revist        -> origin/xpJain/fp-revist
   ae25c73f1..ba69fb50c  xpJain/ptp-sync-profile -> origin/xpJain/ptp-sync-profile
Updating 0acf258dd..01663c0cc
Fast-forward
 clusterAgent/grpcClient/Dockerfile                 |   8 +-
 common/adapters/airspan/airspanConfig.go           |  11 ++
 common/adapters/airspan/airspanMobility.go         |  25 ++--
 common/tests/airspan/airspan_test.go               |   7 +-
 .../mocngw/mocngw/tasks/access/access_encoder.c    |  15 +--
 .../mocngw/mocngw/tasks/config/mocn_dp_client.cc   | 108 ++---------------
 .../mocngw/mocngw/tasks/config/mocn_dp_client.h    | 135 +++++++++++++++++++++
 .../orch-api/apihandler/MnoOperatorRadioHandler.go |  25 ++++
 orch/orch-service/Dockerfile                       |  23 ++--
 .../services/edgeService/edgeInterfaceCheck.go     |   3 +-
 .../services/radioService/radioEciManagement.go    |   4 +-
 orch/orch-ui/src/components/EventsComponent.tsx    |   4 +-
 orch/orch-ui/src/store/context/EdgeEditSlice.ts    |  25 ++--
 orch/orch-ui/src/types/edge.ts                     |   6 +-
 orch/orch-ui/src/views/edges/Edit/CertCard.tsx     |  11 +-
 .../src/views/edges/Edit/EdgeCertConfig.tsx        |  14 +--
 saas/saas-common/auditing/auditing.go              |   6 +-
 saas/saas-service/Dockerfile                       |  15 ++-
 test/framework/CSP.py                              |  87 ++++++++++++-
 test/scripts/keywords.py                           |  70 +++++++++++
 .../systemtest/edge/test_private_edge_cases.py     |  69 +++++++++--
 .../publish-edge-to-production.sh                  |   2 +-
 22 files changed, 478 insertions(+), 195 deletions(-)
Compiling the orch UI code...
Deleting build...
Folder build deleted.
Folder A is unchanged.
yarn
yarn install v1.22.19
[1/4] Resolving packages...
success Already up-to-date.
Done in 0.95s.
yarn run build
yarn run v1.22.19
$ vite build
vite v4.3.9 building for production...
[plugin:vite-plugin-eslint] LintOnStart is turned on, and it will check for all matching files.
transforming...
✓ 13569 modules transformed.
rendering chunks...
computing gzip size...
build/assets/svg/pin.svg                                     0.85 kB │ gzip:   0.44 kB
build/assets/svg/current.svg                                 0.96 kB │ gzip:   0.47 kB
build/index.html                                             1.00 kB │ gzip:   0.53 kB
build/assets/svg/celltower.svg                               2.73 kB │ gzip:   1.41 kB
build/assets/svg/green-plain.svg                             3.30 kB │ gzip:   1.25 kB
build/assets/svg/pointer.svg                                 3.36 kB │ gzip:   1.27 kB
build/assets/svg/pointer-green.svg                           4.26 kB │ gzip:   1.56 kB
build/assets/svg/pointer-grey.svg                            4.26 kB │ gzip:   1.56 kB
build/assets/svg/markerA.svg                                 4.71 kB │ gzip:   1.66 kB
build/assets/woff2/roboto-vietnamese-400-normal.woff2        5.56 kB
build/assets/svg/markerB.svg                                 5.70 kB │ gzip:   2.12 kB
build/assets/woff2/roboto-greek-400-normal.woff2             7.11 kB
build/assets/svg/Radio-Indoor-Icon.svg                       7.43 kB │ gzip:   1.99 kB
build/assets/woff2/roboto-cyrillic-400-normal.woff2          9.63 kB
build/assets/woff2/roboto-latin-ext-400-normal.woff2        11.87 kB
build/assets/woff2/roboto-cyrillic-ext-400-normal.woff2     15.34 kB
build/assets/woff2/roboto-latin-400-normal.woff2            15.74 kB
build/assets/woff/roboto-all-400-normal.woff                65.46 kB
build/assets/css/EdgesPanel.css                              0.06 kB │ gzip:   0.08 kB
build/assets/css/RadiosPanelNew.css                          0.22 kB │ gzip:   0.17 kB
build/assets/css/SubscribersPanel.css                        0.23 kB │ gzip:   0.17 kB
build/assets/css/SimulatorPanel.css                          0.29 kB │ gzip:   0.21 kB
build/assets/css/Calibrate.css                               0.64 kB │ gzip:   0.40 kB
build/assets/css/ReactTable.css                              1.30 kB │ gzip:   0.55 kB
build/assets/css/index.css                                   1.77 kB │ gzip:   0.77 kB
build/assets/css/Dashboard.css                               4.02 kB │ gzip:   2.01 kB
build/assets/css/EditNotes.css                              17.96 kB │ gzip:   3.16 kB
build/chunks/styled.b37c859f.js                              0.12 kB │ gzip:   0.14 kB │ map:     0.34 kB
build/chunks/SlideUpTransition.9409078e.js                   0.21 kB │ gzip:   0.19 kB │ map:     0.54 kB
build/chunks/QoS-service.88d61344.js                         0.26 kB │ gzip:   0.22 kB │ map:     0.80 kB
build/chunks/LightTooltip.c2861fcf.js                        0.34 kB │ gzip:   0.28 kB │ map:     1.06 kB
build/chunks/ArrowForwardIosSharp.0b5f94dc.js                0.36 kB │ gzip:   0.29 kB │ map:     1.12 kB
build/chunks/hardwareInventory-service.234e1fc3.js           0.38 kB │ gzip:   0.29 kB │ map:     1.14 kB
build/chunks/NotImplemented.3146106e.js                      0.55 kB │ gzip:   0.40 kB │ map:     1.39 kB
build/chunks/Card.3e4c6241.js                                0.63 kB │ gzip:   0.43 kB │ map:     4.60 kB
build/chunks/useInterval.56ffb543.js                         0.71 kB │ gzip:   0.41 kB │ map:     3.67 kB
build/chunks/TimeDateInput.2c4ac597.js                       0.88 kB │ gzip:   0.50 kB │ map:     3.03 kB
build/chunks/LineChart.1ac5aea7.js                           1.05 kB │ gzip:   0.66 kB │ map:     3.88 kB
build/chunks/adaptV4Theme.c50a5a7a.js                        1.13 kB │ gzip:   0.54 kB │ map:     4.98 kB
build/chunks/TabPanel.22f0f811.js                            1.14 kB │ gzip:   0.63 kB │ map:     4.33 kB
build/chunks/ModalDialogComponent.898d5259.js                1.28 kB │ gzip:   0.70 kB │ map:     4.53 kB
build/chunks/ModelDialogComponentNew.f72be741.js             1.47 kB │ gzip:   0.84 kB │ map:     5.12 kB
build/chunks/index.3ef09e94.js                               2.05 kB │ gzip:   0.69 kB │ map:     6.13 kB
build/chunks/HealthGauge.a1f55546.js                         2.37 kB │ gzip:   1.29 kB │ map:     8.47 kB
build/chunks/useSupport.6c123364.js                          2.45 kB │ gzip:   1.08 kB │ map:    10.12 kB
build/chunks/Checkbox.3bfb1e89.js                            2.46 kB │ gzip:   1.15 kB │ map:    13.67 kB
build/chunks/radioHelper.60304e60.js                         2.61 kB │ gzip:   1.18 kB │ map:     8.57 kB
build/chunks/AuditLog.cdc1c737.js                            3.61 kB │ gzip:   1.52 kB │ map:    13.92 kB
build/chunks/Collapse.e7f7f3a5.js                            3.92 kB │ gzip:   1.56 kB │ map:    19.32 kB
build/chunks/index.e0198be2.js                               4.10 kB │ gzip:   1.46 kB │ map:    13.58 kB
build/chunks/Logs.04133f3c.js                                4.78 kB │ gzip:   2.11 kB │ map:    19.49 kB
build/chunks/AccordionSummary.9202d0a7.js                    5.73 kB │ gzip:   1.97 kB │ map:    27.76 kB
build/chunks/useStyles.f2fc4e5c.js                           6.39 kB │ gzip:   2.38 kB │ map:    26.35 kB
build/chunks/web-vitals.dfcc5b9a.js                          6.98 kB │ gzip:   2.58 kB │ map:    16.56 kB
build/chunks/TablePagination.80a264d5.js                     8.27 kB │ gzip:   3.16 kB │ map:    42.12 kB
build/chunks/NetworkStats.572e6124.js                        8.90 kB │ gzip:   3.30 kB │ map:    32.99 kB
build/chunks/DnnPanel.35f5bde6.js                            9.67 kB │ gzip:   3.67 kB │ map:    37.84 kB
build/chunks/airspan.854f555c.js                            10.94 kB │ gzip:   3.27 kB │ map:    34.71 kB
build/chunks/setupInfo.22afdc86.js                          16.54 kB │ gzip:   5.25 kB │ map:    51.18 kB
build/chunks/SimulatorPanel.31086d69.js                     23.59 kB │ gzip:   7.54 kB │ map:    89.49 kB
build/chunks/index.d5eb22ca.js                              41.22 kB │ gzip:  10.57 kB │ map:   154.16 kB
build/chunks/AuditLogDetails.cb6a16a2.js                    41.88 kB │ gzip:  13.90 kB │ map:   315.56 kB
build/chunks/RadioForm.2e95d32c.js                          52.42 kB │ gzip:  14.55 kB │ map:   224.24 kB
build/chunks/System.b5e280a2.js                             66.62 kB │ gzip:  15.18 kB │ map:   250.31 kB
build/chunks/Calibrate.db1990ef.js                          71.85 kB │ gzip:  23.84 kB │ map:   252.10 kB
build/chunks/ReactTable.a4fc2a26.js                         88.75 kB │ gzip:  27.05 kB │ map:   276.62 kB
build/chunks/Dashboard.3a0fac36.js                          90.52 kB │ gzip:  21.81 kB │ map:   520.47 kB
build/chunks/RadiosPanelNew.cdd216aa.js                    145.05 kB │ gzip:  39.06 kB │ map:   561.42 kB
build/chunks/EdgesPanel.ac7ab31b.js                        161.47 kB │ gzip:  39.30 kB │ map:   588.64 kB
build/chunks/SubscribersPanel.9575c2d8.js                  162.98 kB │ gzip:  53.11 kB │ map:   575.13 kB
build/chunks/DataGrid.d4097fde.js                          280.40 kB │ gzip:  84.81 kB │ map: 1,359.73 kB
build/chunks/highcharts.536239fa.js                        296.73 kB │ gzip: 106.33 kB │ map:   694.32 kB
build/chunks/EditNotes.2d33019a.js                         489.25 kB │ gzip: 132.58 kB │ map: 1,675.28 kB
build/js/index.eacda92e.js                               2,135.64 kB │ gzip: 472.28 kB │ map: 5,408.42 kB

(!) Some chunks are larger than 1000 kBs after minification. Consider:
- Using dynamic import() to code-split the application
- Use build.rollupOptions.output.manualChunks to improve chunking: https://rollupjs.org/configuration-options/#output-manualchunks
- Adjust chunk size limit for this warning via build.chunkSizeWarningLimit.
✓ built in 3m 28s
Done in 211.63s.
Compilation done...
Complete at Thu Jul 27 10:33:39 AM EDT 2023
\n ************************************************** \n
Compiling at Fri Jul 28 02:30:00 AM EDT 2023
Pulling latest changes from Git...
From https://github.com/Highway9-Networks/h9-saas
   01663c0cc..6d4576753  main                    -> origin/main
 * [new branch]          ReactTable-Search-_Tenants/userPage -> origin/ReactTable-Search-_Tenants/userPage
   0acf258dd..4acec9f1f  balaji/pwsrestart       -> origin/balaji/pwsrestart
   b02f92d61..b041c2496  feature/ushiva_new      -> origin/feature/ushiva_new
   86daa47da..18146073f  private/abhagwat        -> origin/private/abhagwat
   efd7a0e39..734111ec5  private/akshay-33       -> origin/private/akshay-33
   a682237a8..6f03694b7  private/dileep/FixingIssues_04_07_23 -> origin/private/dileep/FixingIssues_04_07_23
   8c41507df..49a46fc3f  private/girish/20june   -> origin/private/girish/20june
   e0cae7ac7..4b900dcb5  private/mdighe/mocn-fixes -> origin/private/mdighe/mocn-fixes
 * [new branch]          private/mdighe/mocn-metric-fix -> origin/private/mdighe/mocn-metric-fix
   147a5c0c8..abed02c4d  vikram_mem              -> origin/vikram_mem
   ba69fb50c..2cbe37c2e  xpJain/ptp-sync-profile -> origin/xpJain/ptp-sync-profile
Updating 01663c0cc..6d4576753
Fast-forward
 common/common.mk                                   |  10 +-
 orch/orch-api/apihandler/MnoOperatorHandler.go     | 170 +++++++-----
 orch/orch-common/swagger-api/swagger/swagger.yaml  |  22 +-
 .../carriergw-setup/tasks/carriergw-setups.yaml    |   6 +
 .../edgeOrderFullfilmentService.go                 |   4 +
 orch/orch-ui/src/components/GraphicalResources.tsx |   2 +
 orch/orch-ui/src/constants/routes.ts               |   2 +
 orch/orch-ui/src/helpers/utils.ts                  |  20 ++
 orch/orch-ui/src/navigation/AppRoutes.tsx          |   3 +
 orch/orch-ui/src/services/mobility-service.ts      |  11 +-
 orch/orch-ui/src/store/context/radioEditSlice.ts   |   3 +
 orch/orch-ui/src/store/context/syncProfileSlice.ts |  71 +++++
 orch/orch-ui/src/store/index.ts                    |   2 +
 orch/orch-ui/src/types/SyncProfile.ts              |  45 ++++
 orch/orch-ui/src/types/radio.ts                    |  13 +
 .../orch-ui/src/views/adminstration/AdminPanel.jsx | 160 ------------
 .../orch-ui/src/views/adminstration/AdminPanel.tsx |  60 +++++
 .../src/views/adminstration/Tabs/AccessConfig.jsx  |   2 +-
 .../src/views/adminstration/Tabs/ApiToken.jsx      |   2 +-
 .../src/views/adminstration/Tabs/CACert.jsx        |   2 +-
 .../src/views/adminstration/Tabs/General.jsx       |   2 +-
 .../views/adminstration/Tabs/SupportSettings.jsx   |  57 +---
 .../src/views/adminstration/Tabs/System.jsx        |   2 +-
 orch/orch-ui/src/views/profiles/ProfilePanel.tsx   |  53 ++++
 .../aaa}/AAAServerAdd.jsx                          |   8 +-
 .../Tabs => profiles/aaa}/AAAServerProfile.jsx     |   4 +-
 .../mobility}/MobilityDialog.jsx                   |  16 +-
 .../mobility}/MobilityProfiles.jsx                 |   4 +-
 .../Tabs => profiles/monitoring}/Monitoring.jsx    |   4 +-
 .../monitoring}/SNMPDialog.jsx                     |  10 +-
 .../views/profiles/syncprofile/SyncProfileForm.tsx | 290 +++++++++++++++++++++
 .../views/profiles/syncprofile/SyncProfiles.tsx    | 203 +++++++++++++++
 orch/orch-ui/src/views/radios/Edit/RadioForm.tsx   |   2 +
 .../orch-ui/src/views/radios/Edit/RadioGeneral.tsx |  30 ++-
 orch/orch-ui/src/views/radios/KPIMetricDialog.tsx  |   2 -
 orch/orch-ui/src/views/radios/RadioSummary.tsx     |  44 +++-
 36 files changed, 1015 insertions(+), 326 deletions(-)
 create mode 100644 orch/orch-ui/src/store/context/syncProfileSlice.ts
 create mode 100644 orch/orch-ui/src/types/SyncProfile.ts
 delete mode 100644 orch/orch-ui/src/views/adminstration/AdminPanel.jsx
 create mode 100644 orch/orch-ui/src/views/adminstration/AdminPanel.tsx
 create mode 100644 orch/orch-ui/src/views/profiles/ProfilePanel.tsx
 rename orch/orch-ui/src/views/{adminstration => profiles/aaa}/AAAServerAdd.jsx (96%)
 rename orch/orch-ui/src/views/{adminstration/Tabs => profiles/aaa}/AAAServerProfile.jsx (98%)
 rename orch/orch-ui/src/views/{adminstration => profiles/mobility}/MobilityDialog.jsx (96%)
 rename orch/orch-ui/src/views/{adminstration/Tabs => profiles/mobility}/MobilityProfiles.jsx (98%)
 rename orch/orch-ui/src/views/{adminstration/Tabs => profiles/monitoring}/Monitoring.jsx (98%)
 rename orch/orch-ui/src/views/{adminstration => profiles/monitoring}/SNMPDialog.jsx (98%)
 create mode 100644 orch/orch-ui/src/views/profiles/syncprofile/SyncProfileForm.tsx
 create mode 100644 orch/orch-ui/src/views/profiles/syncprofile/SyncProfiles.tsx
Compiling the orch UI code...
Deleting build...
Folder build deleted.
Folder A is unchanged.
yarn
yarn install v1.22.19
[1/4] Resolving packages...
success Already up-to-date.
Done in 0.62s.
yarn run build
yarn run v1.22.19
$ vite build
vite v4.3.9 building for production...
[plugin:vite-plugin-eslint] LintOnStart is turned on, and it will check for all matching files.
transforming...
✓ 13574 modules transformed.
rendering chunks...
computing gzip size...
build/assets/svg/pin.svg                                     0.85 kB │ gzip:   0.44 kB
build/assets/svg/current.svg                                 0.96 kB │ gzip:   0.47 kB
build/index.html                                             1.00 kB │ gzip:   0.53 kB
build/assets/svg/celltower.svg                               2.73 kB │ gzip:   1.41 kB
build/assets/svg/green-plain.svg                             3.30 kB │ gzip:   1.25 kB
build/assets/svg/pointer.svg                                 3.36 kB │ gzip:   1.27 kB
build/assets/svg/pointer-green.svg                           4.26 kB │ gzip:   1.56 kB
build/assets/svg/pointer-grey.svg                            4.26 kB │ gzip:   1.56 kB
build/assets/svg/markerA.svg                                 4.71 kB │ gzip:   1.66 kB
build/assets/woff2/roboto-vietnamese-400-normal.woff2        5.56 kB
build/assets/svg/markerB.svg                                 5.70 kB │ gzip:   2.12 kB
build/assets/woff2/roboto-greek-400-normal.woff2             7.11 kB
build/assets/svg/Radio-Indoor-Icon.svg                       7.43 kB │ gzip:   1.99 kB
build/assets/woff2/roboto-cyrillic-400-normal.woff2          9.63 kB
build/assets/woff2/roboto-latin-ext-400-normal.woff2        11.87 kB
build/assets/woff2/roboto-cyrillic-ext-400-normal.woff2     15.34 kB
build/assets/woff2/roboto-latin-400-normal.woff2            15.74 kB
build/assets/woff/roboto-all-400-normal.woff                65.46 kB
build/assets/css/EdgesPanel.css                              0.06 kB │ gzip:   0.08 kB
build/assets/css/RadiosPanelNew.css                          0.22 kB │ gzip:   0.17 kB
build/assets/css/SubscribersPanel.css                        0.23 kB │ gzip:   0.17 kB
build/assets/css/SimulatorPanel.css                          0.29 kB │ gzip:   0.21 kB
build/assets/css/Calibrate.css                               0.64 kB │ gzip:   0.40 kB
build/assets/css/ReactTable.css                              1.30 kB │ gzip:   0.55 kB
build/assets/css/index.css                                   1.77 kB │ gzip:   0.77 kB
build/assets/css/Dashboard.css                               4.02 kB │ gzip:   2.01 kB
build/assets/css/EditNotes.css                              17.96 kB │ gzip:   3.16 kB
build/chunks/styled.291dec14.js                              0.12 kB │ gzip:   0.13 kB │ map:     0.34 kB
build/chunks/SlideUpTransition.ad030f14.js                   0.21 kB │ gzip:   0.19 kB │ map:     0.54 kB
build/chunks/QoS-service.4cc2e953.js                         0.26 kB │ gzip:   0.22 kB │ map:     0.80 kB
build/chunks/LightTooltip.4756504b.js                        0.34 kB │ gzip:   0.28 kB │ map:     1.06 kB
build/chunks/ArrowForwardIosSharp.3b7206d3.js                0.36 kB │ gzip:   0.29 kB │ map:     1.12 kB
build/chunks/hardwareInventory-service.0c33b221.js           0.38 kB │ gzip:   0.30 kB │ map:     1.14 kB
build/chunks/NotImplemented.60f3d433.js                      0.55 kB │ gzip:   0.40 kB │ map:     1.39 kB
build/chunks/Card.99115060.js                                0.64 kB │ gzip:   0.43 kB │ map:     4.60 kB
build/chunks/useExport.0156f2c5.js                           0.66 kB │ gzip:   0.45 kB │ map:     3.00 kB
build/chunks/useInterval.bef57189.js                         0.71 kB │ gzip:   0.41 kB │ map:     3.67 kB
build/chunks/TimeDateInput.37b2cf2a.js                       0.88 kB │ gzip:   0.50 kB │ map:     3.03 kB
build/chunks/LineChart.e1577763.js                           1.05 kB │ gzip:   0.66 kB │ map:     3.88 kB
build/chunks/TabPanel.8d0b0750.js                            1.14 kB │ gzip:   0.63 kB │ map:     4.33 kB
build/chunks/ModalDialogComponent.2c3690b3.js                1.28 kB │ gzip:   0.70 kB │ map:     4.53 kB
build/chunks/ModelDialogComponentNew.27a776de.js             1.47 kB │ gzip:   0.84 kB │ map:     5.12 kB
build/chunks/index.2a775748.js                               2.05 kB │ gzip:   0.69 kB │ map:     6.13 kB
build/chunks/HealthGauge.3ca9d744.js                         2.37 kB │ gzip:   1.29 kB │ map:     8.47 kB
build/chunks/useSupport.b4fd363a.js                          2.45 kB │ gzip:   1.08 kB │ map:    10.12 kB
build/chunks/Checkbox.ce0715d3.js                            2.46 kB │ gzip:   1.16 kB │ map:    13.67 kB
build/chunks/radioHelper.b5e619b1.js                         2.61 kB │ gzip:   1.18 kB │ map:     8.57 kB
build/chunks/AuditLog.012ee8b1.js                            3.61 kB │ gzip:   1.52 kB │ map:    13.92 kB
build/chunks/Collapse.5f11508c.js                            3.92 kB │ gzip:   1.56 kB │ map:    19.32 kB
build/chunks/index.2d4b88dd.js                               4.10 kB │ gzip:   1.46 kB │ map:    13.58 kB
build/chunks/Logs.2e15e738.js                                4.78 kB │ gzip:   2.11 kB │ map:    19.49 kB
build/chunks/System.47f4db49.js                              4.87 kB │ gzip:   2.11 kB │ map:    18.81 kB
build/chunks/AccordionSummary.facde2d1.js                    5.73 kB │ gzip:   1.97 kB │ map:    27.76 kB
build/chunks/useStyles.7072c323.js                           6.40 kB │ gzip:   2.38 kB │ map:    26.35 kB
build/chunks/web-vitals.dfcc5b9a.js                          6.98 kB │ gzip:   2.58 kB │ map:    16.56 kB
build/chunks/TablePagination.f5ca8979.js                     8.27 kB │ gzip:   3.16 kB │ map:    42.12 kB
build/chunks/NetworkStats.2c678658.js                        8.90 kB │ gzip:   3.31 kB │ map:    33.00 kB
build/chunks/DnnPanel.350e41fa.js                            9.67 kB │ gzip:   3.67 kB │ map:    37.84 kB
build/chunks/airspan.dfe068c3.js                            10.94 kB │ gzip:   3.26 kB │ map:    34.71 kB
build/chunks/setupInfo.5b2d82b7.js                          16.54 kB │ gzip:   5.25 kB │ map:    51.18 kB
build/chunks/SimulatorPanel.9cdd215d.js                     23.59 kB │ gzip:   7.54 kB │ map:    89.49 kB
build/chunks/AdminPanel.e39918f4.js                         33.08 kB │ gzip:   8.11 kB │ map:   119.86 kB
build/chunks/ProfilePanel.eecb41e6.js                       35.10 kB │ gzip:   8.78 kB │ map:   134.99 kB
build/chunks/index.40c2c847.js                              41.22 kB │ gzip:  10.57 kB │ map:   154.16 kB
build/chunks/AuditLogDetails.bfa177f1.js                    41.88 kB │ gzip:  13.90 kB │ map:   315.56 kB
build/chunks/RadioForm.0fc9de97.js                          52.83 kB │ gzip:  14.67 kB │ map:   226.32 kB
build/chunks/Calibrate.12bf2f66.js                          71.85 kB │ gzip:  23.84 kB │ map:   252.10 kB
build/chunks/ReactTable.a12c5d4b.js                         88.76 kB │ gzip:  27.05 kB │ map:   276.62 kB
build/chunks/Dashboard.18d3170c.js                          90.52 kB │ gzip:  21.82 kB │ map:   520.47 kB
build/chunks/RadiosPanelNew.d8c3efd0.js                    146.60 kB │ gzip:  39.56 kB │ map:   567.56 kB
build/chunks/EdgesPanel.083a8ddf.js                        161.47 kB │ gzip:  39.30 kB │ map:   588.64 kB
build/chunks/SubscribersPanel.61f913b3.js                  162.91 kB │ gzip:  53.08 kB │ map:   575.13 kB
build/chunks/DataGrid.3404d65d.js                          280.40 kB │ gzip:  84.81 kB │ map: 1,359.73 kB
build/chunks/highcharts.ee7cbd2c.js                        296.73 kB │ gzip: 106.33 kB │ map:   694.32 kB
build/chunks/EditNotes.f8dd0c05.js                         489.25 kB │ gzip: 132.58 kB │ map: 1,675.28 kB
build/js/index.7ee3f361.js                               2,137.47 kB │ gzip: 472.79 kB │ map: 5,415.68 kB

(!) Some chunks are larger than 1000 kBs after minification. Consider:
- Using dynamic import() to code-split the application
- Use build.rollupOptions.output.manualChunks to improve chunking: https://rollupjs.org/configuration-options/#output-manualchunks
- Adjust chunk size limit for this warning via build.chunkSizeWarningLimit.
✓ built in 1m 54s
Done in 116.21s.
Compilation done...
Complete at Fri Jul 28 02:32:01 AM EDT 2023
\n ************************************************** \n
Compiling at Fri Jul 28 07:30:00 AM EDT 2023
Pulling latest changes from Git...
From https://github.com/Highway9-Networks/h9-saas
   6d4576753..5298581d1  main                    -> origin/main
   4acec9f1f..3862dcd6c  balaji/pwsrestart       -> origin/balaji/pwsrestart
   f6196d1da..043aaf3d9  dpka/main               -> origin/dpka/main
 * [new branch]          fix/Edge-Location_Editable -> origin/fix/Edge-Location_Editable
   734111ec5..0c2cc199a  private/akshay-33       -> origin/private/akshay-33
 * [new branch]          private/ankita/airspan-passwordChange -> origin/private/ankita/airspan-passwordChange
 * [new branch]          private/ankita/airspan-x2 -> origin/private/ankita/airspan-x2
   6f03694b7..e805bede0  private/dileep/FixingIssues_04_07_23 -> origin/private/dileep/FixingIssues_04_07_23
 * [new branch]          private/girish/28jul    -> origin/private/girish/28jul
   ce22279c7..c785100d3  private/mdighe/mocn-metric-fix -> origin/private/mdighe/mocn-metric-fix
 * [new branch]          surya_9770_mocn_pipelined_start -> origin/surya_9770_mocn_pipelined_start
 * [new branch]          temp-branch             -> origin/temp-branch
   abed02c4d..93f1f57e5  vikram_mem              -> origin/vikram_mem
   2cbe37c2e..67f95ddc5  xpJain/ptp-sync-profile -> origin/xpJain/ptp-sync-profile
Updating 6d4576753..5298581d1
Fast-forward
 common/adapters/airspan/airspanConfig.go           |  14 +-
 common/common.mk                                   |  10 +-
 common/metrics/edge_metrics/edgeMetrics.go         |  99 +++++
 common/metrics/metrics.go                          | 105 +----
 .../mocngw/common/redis_utils/redis_client.cpp     |   1 -
 .../mocngw/common/redis_utils/redis_client.h       |  20 +-
 .../mocngw/protos/lte/protos/mocn_redis_db.proto   |  24 +-
 edge/carriergw/mocngw/mocngw/tasks/access/access.h |   1 +
 .../mocngw/mocngw/tasks/access/access_encoder.c    |  62 +++
 .../mocngw/mocngw/tasks/config/CMakeLists.txt      |   3 +
 edge/carriergw/mocngw/mocngw/tasks/config/config.c |   3 +
 .../mocngw/tasks/config/mocn_state_client.cc       | 442 ++++++++++-----------
 .../mocngw/mocngw/tasks/config/mocn_state_client.h |   2 +
 .../mocngw/tasks/mme_app/mme_app_state_manager.h   |   3 +-
 .../mocngw/mocngw/tasks/mme_app/mme_events.cpp     |  14 +-
 .../mocngw/mocngw/tasks/s1ap/s1ap_mme_handlers.c   |  91 ++++-
 .../mocngw/mocngw/tasks/vmc_sync/CMakeLists.txt    |   3 +-
 .../mocngw/mocngw/tasks/vmc_sync/state_sync.cc     | 274 ++++++++++---
 .../mocngw/mocngw/tasks/vmc_sync/state_sync.h      |  25 +-
 .../mocngw/mocngw/tasks/vmc_sync/vmc_sync.c        |   8 +
 orch/orch-api/apihandler/DiagnosticsRestHandler.go |   5 +-
 .../grpchandler/carriergwStateSyncHandler.go       |  93 +++++
 .../protobuf/proto/carriergwstatesync.proto        |  12 +
 .../scripts/edge-scripts/activate_agw.sh           |   4 +
 orch/orch-ui/src/components/GraphicalResources.tsx |  14 +-
 orch/orch-ui/src/hooks/useOperatorDetails.jsx      |  10 +-
 orch/orch-ui/src/store/context/syncProfileSlice.ts |   2 +-
 orch/orch-ui/src/types/SyncProfile.ts              |   6 +-
 .../CarrierGateway/CarrierGatewayEdgeInfo.jsx      |  16 +-
 .../CarrierGateway/CarrierGatewayMetricsTabs.tsx   |   3 +-
 .../edges/CarrierGateway/ConnectedEdgeDevices.jsx  |  43 +-
 .../views/edges/CarrierGateway/ConnectedRadios.jsx |  26 +-
 orch/orch-ui/src/views/edges/EdgeKPI.tsx           |  12 +-
 .../edges/Operator/EdgeCarrierGaretwayKPI.tsx      |  15 +-
 .../edges/Operator/EdgeCarrierGatewayKPITable.tsx  |   3 +-
 .../views/edges/Operator/OperatorRadiosTable.tsx   |   6 -
 orch/orch-ui/src/views/edges/graphs/KPIList.ts     |   6 +-
 .../src/views/edges/graphs/metricsSructure.ts      | 277 +++++++++----
 orch/orch-ui/src/views/profiles/ProfilePanel.tsx   |   9 +-
 .../src/views/profiles/aaa/AAAServerProfile.jsx    |   6 +-
 .../views/profiles/mobility/MobilityProfiles.jsx   |   6 +-
 .../src/views/profiles/monitoring/Monitoring.jsx   |   6 +-
 .../views/profiles/syncprofile/SyncProfileForm.tsx |  64 +--
 .../views/profiles/syncprofile/SyncProfiles.tsx    |  21 +-
 .../src/views/radios/AddNeighbourListDialog.jsx    |  16 +-
 orch/orch-ui/src/views/radios/Graphs/airspan.ts    |  95 -----
 46 files changed, 1266 insertions(+), 714 deletions(-)
Compiling the orch UI code...
Deleting build...
Folder build deleted.
Folder A is unchanged.
yarn
yarn install v1.22.19
[1/4] Resolving packages...
success Already up-to-date.
Done in 0.57s.
yarn run build
yarn run v1.22.19
$ vite build
vite v4.3.9 building for production...
[plugin:vite-plugin-eslint] LintOnStart is turned on, and it will check for all matching files.
transforming...
✓ 13576 modules transformed.
rendering chunks...
computing gzip size...
build/assets/svg/pin.svg                                     0.85 kB │ gzip:   0.44 kB
build/assets/svg/current.svg                                 0.96 kB │ gzip:   0.47 kB
build/index.html                                             1.00 kB │ gzip:   0.53 kB
build/assets/svg/celltower.svg                               2.73 kB │ gzip:   1.41 kB
build/assets/svg/green-plain.svg                             3.30 kB │ gzip:   1.25 kB
build/assets/svg/pointer.svg                                 3.36 kB │ gzip:   1.27 kB
build/assets/svg/pointer-grey.svg                            4.26 kB │ gzip:   1.56 kB
build/assets/svg/pointer-green.svg                           4.26 kB │ gzip:   1.56 kB
build/assets/svg/markerA.svg                                 4.71 kB │ gzip:   1.66 kB
build/assets/woff2/roboto-vietnamese-400-normal.woff2        5.56 kB
build/assets/svg/markerB.svg                                 5.70 kB │ gzip:   2.12 kB
build/assets/woff2/roboto-greek-400-normal.woff2             7.11 kB
build/assets/svg/Radio-Indoor-Icon.svg                       7.43 kB │ gzip:   1.99 kB
build/assets/woff2/roboto-cyrillic-400-normal.woff2          9.63 kB
build/assets/woff2/roboto-latin-ext-400-normal.woff2        11.87 kB
build/assets/woff2/roboto-cyrillic-ext-400-normal.woff2     15.34 kB
build/assets/woff2/roboto-latin-400-normal.woff2            15.74 kB
build/assets/woff/roboto-all-400-normal.woff                65.46 kB
build/assets/css/EdgesPanel.css                              0.06 kB │ gzip:   0.08 kB
build/assets/css/RadiosPanelNew.css                          0.22 kB │ gzip:   0.17 kB
build/assets/css/SubscribersPanel.css                        0.23 kB │ gzip:   0.17 kB
build/assets/css/SimulatorPanel.css                          0.29 kB │ gzip:   0.21 kB
build/assets/css/Calibrate.css                               0.64 kB │ gzip:   0.40 kB
build/assets/css/ReactTable.css                              1.30 kB │ gzip:   0.55 kB
build/assets/css/index.css                                   1.77 kB │ gzip:   0.77 kB
build/assets/css/Dashboard.css                               4.02 kB │ gzip:   2.01 kB
build/assets/css/EditNotes.css                              17.96 kB │ gzip:   3.16 kB
build/chunks/styled.782e1891.js                              0.12 kB │ gzip:   0.14 kB │ map:     0.34 kB
build/chunks/SlideUpTransition.6699db87.js                   0.21 kB │ gzip:   0.19 kB │ map:     0.54 kB
build/chunks/QoS-service.dfa62b81.js                         0.26 kB │ gzip:   0.22 kB │ map:     0.80 kB
build/chunks/LightTooltip.185ba402.js                        0.34 kB │ gzip:   0.28 kB │ map:     1.06 kB
build/chunks/ArrowForwardIosSharp.340893f1.js                0.36 kB │ gzip:   0.29 kB │ map:     1.12 kB
build/chunks/hardwareInventory-service.2678db28.js           0.38 kB │ gzip:   0.30 kB │ map:     1.14 kB
build/chunks/NotImplemented.6244d21a.js                      0.55 kB │ gzip:   0.40 kB │ map:     1.39 kB
build/chunks/Card.70ce883b.js                                0.64 kB │ gzip:   0.43 kB │ map:     4.60 kB
build/chunks/useExport.a0eb73df.js                           0.66 kB │ gzip:   0.45 kB │ map:     3.00 kB
build/chunks/useInterval.adc66104.js                         0.71 kB │ gzip:   0.41 kB │ map:     3.67 kB
build/chunks/TimeDateInput.3a8257b3.js                       0.88 kB │ gzip:   0.50 kB │ map:     3.03 kB
build/chunks/LineChart.c32cacb3.js                           1.05 kB │ gzip:   0.66 kB │ map:     3.88 kB
build/chunks/TabPanel.83c4f10f.js                            1.14 kB │ gzip:   0.63 kB │ map:     4.33 kB
build/chunks/ModalDialogComponent.9ece1703.js                1.28 kB │ gzip:   0.70 kB │ map:     4.53 kB
build/chunks/ModelDialogComponentNew.daaf5f62.js             1.47 kB │ gzip:   0.84 kB │ map:     5.12 kB
build/chunks/index.dfc2d69a.js                               2.05 kB │ gzip:   0.69 kB │ map:     6.13 kB
build/chunks/HealthGauge.1a480af4.js                         2.37 kB │ gzip:   1.29 kB │ map:     8.47 kB
build/chunks/useSupport.26ed54da.js                          2.45 kB │ gzip:   1.08 kB │ map:    10.12 kB
build/chunks/Checkbox.c08a0cf1.js                            2.46 kB │ gzip:   1.16 kB │ map:    13.67 kB
build/chunks/radioHelper.8c14e3cd.js                         2.61 kB │ gzip:   1.18 kB │ map:     8.57 kB
build/chunks/AuditLog.c7bc6c08.js                            3.61 kB │ gzip:   1.52 kB │ map:    13.92 kB
build/chunks/Collapse.0f3cd026.js                            3.92 kB │ gzip:   1.56 kB │ map:    19.32 kB
build/chunks/index.55d36ba5.js                               4.10 kB │ gzip:   1.46 kB │ map:    13.58 kB
build/chunks/Logs.e2129420.js                                4.78 kB │ gzip:   2.11 kB │ map:    19.49 kB
build/chunks/System.6d830ed5.js                              4.87 kB │ gzip:   2.11 kB │ map:    18.81 kB
build/chunks/AccordionSummary.156dc8da.js                    5.73 kB │ gzip:   1.97 kB │ map:    27.76 kB
build/chunks/useStyles.1aa5527b.js                           6.40 kB │ gzip:   2.38 kB │ map:    26.35 kB
build/chunks/web-vitals.dfcc5b9a.js                          6.98 kB │ gzip:   2.58 kB │ map:    16.56 kB
build/chunks/TablePagination.228e36c8.js                     8.27 kB │ gzip:   3.16 kB │ map:    42.12 kB
build/chunks/NetworkStats.54230444.js                        8.90 kB │ gzip:   3.31 kB │ map:    33.00 kB
build/chunks/DnnPanel.5d389104.js                            9.67 kB │ gzip:   3.67 kB │ map:    37.84 kB
build/chunks/airspan.31c7e773.js                             9.79 kB │ gzip:   3.11 kB │ map:    31.47 kB
build/chunks/setupInfo.e930250d.js                          16.54 kB │ gzip:   5.25 kB │ map:    51.18 kB
build/chunks/SimulatorPanel.e555ab5a.js                     23.59 kB │ gzip:   7.55 kB │ map:    89.49 kB
build/chunks/AdminPanel.305ed84a.js                         33.08 kB │ gzip:   8.11 kB │ map:   119.86 kB
build/chunks/ProfilePanel.7932ddae.js                       35.39 kB │ gzip:   8.80 kB │ map:   136.44 kB
build/chunks/index.1134ba60.js                              41.22 kB │ gzip:  10.57 kB │ map:   154.16 kB
build/chunks/AuditLogDetails.ae60d880.js                    41.88 kB │ gzip:  13.90 kB │ map:   315.56 kB
build/chunks/RadioForm.411a9354.js                          52.96 kB │ gzip:  14.72 kB │ map:   226.70 kB
build/chunks/Calibrate.158f507e.js                          71.85 kB │ gzip:  23.84 kB │ map:   252.10 kB
build/chunks/ReactTable.f4299664.js                         88.76 kB │ gzip:  27.05 kB │ map:   276.62 kB
build/chunks/Dashboard.08a5cc95.js                          90.52 kB │ gzip:  21.81 kB │ map:   520.47 kB
build/chunks/RadiosPanelNew.97d55ade.js                    146.60 kB │ gzip:  39.56 kB │ map:   567.56 kB
build/chunks/EdgesPanel.4312ed85.js                        162.72 kB │ gzip:  39.63 kB │ map:   593.33 kB
build/chunks/SubscribersPanel.53848c63.js                  162.91 kB │ gzip:  53.08 kB │ map:   575.13 kB
build/chunks/DataGrid.99451be6.js                          280.40 kB │ gzip:  84.81 kB │ map: 1,359.73 kB
build/chunks/highcharts.79fe96eb.js                        296.73 kB │ gzip: 106.33 kB │ map:   694.32 kB
build/chunks/EditNotes.c7e2ec9d.js                         489.25 kB │ gzip: 132.58 kB │ map: 1,675.28 kB
build/js/index.2ab8da28.js                               2,140.05 kB │ gzip: 473.77 kB │ map: 5,419.88 kB

(!) Some chunks are larger than 1000 kBs after minification. Consider:
- Using dynamic import() to code-split the application
- Use build.rollupOptions.output.manualChunks to improve chunking: https://rollupjs.org/configuration-options/#output-manualchunks
- Adjust chunk size limit for this warning via build.chunkSizeWarningLimit.
✓ built in 1m 56s
Done in 118.07s.
Compilation done...
Complete at Fri Jul 28 07:32:03 AM EDT 2023
\n ************************************************** \n
Compiling at Fri Jul 28 10:30:00 AM EDT 2023
Pulling latest changes from Git...
From https://github.com/Highway9-Networks/h9-saas
   5298581d1..419b5f034  main                   -> origin/main
   b041c2496..fe8ad74a2  feature/ushiva_new     -> origin/feature/ushiva_new
 * [new branch]          fix/ErrorMessage_OperatorRadio -> origin/fix/ErrorMessage_OperatorRadio
 * [new branch]          fix/OverWrite_TacValue -> origin/fix/OverWrite_TacValue
 * [new branch]          pimgmon-0              -> origin/pimgmon-0
   18146073f..e6a39b0aa  private/abhagwat       -> origin/private/abhagwat
   e805bede0..e99611579  private/dileep/FixingIssues_04_07_23 -> origin/private/dileep/FixingIssues_04_07_23
 * [new branch]          private/girish/28jul2  -> origin/private/girish/28jul2
Updating 5298581d1..419b5f034
Fast-forward
 common/common.mk                                   |   4 +-
 .../configmgr/src/secgw/secgwConfig/secgwConfig.go |  12 +-
 .../configmgr/template/ipsec.conf.template         |   1 +
 .../mocngw/mocngw/tasks/access/access_encoder.c    | 145 +++++++++++------
 .../mocngw/mocngw/tasks/vmc_sync/state_sync.cc     |   2 +
 .../scripts/edge-scripts/pingmon/ping_log.py       |   4 +-
 orch/orch-ui/src/constants/index.ts                |   2 +-
 orch/orch-ui/src/types/SyncProfile.ts              |   1 -
 .../CarrierGateway/CarrierGatewayMetricsTabs.tsx   |   5 +-
 orch/orch-ui/src/views/edges/Edit/EdgeGeneral.tsx  |   2 +-
 .../edges/Operator/EdgeCarrierGaretwayKPI.tsx      |   8 +-
 orch/orch-ui/src/views/edges/graphs/KPIList.ts     |   9 ++
 .../src/views/edges/graphs/metricsSructure.ts      | 177 +++++++++++----------
 .../views/profiles/syncprofile/SyncProfileForm.tsx |  15 +-
 .../views/profiles/syncprofile/SyncProfiles.tsx    |  47 ++++--
 orch/orch-ui/src/views/radios/KPIList.ts           |  11 +-
 packetstreamer/startCapture.sh                     |  27 +++-
 17 files changed, 284 insertions(+), 188 deletions(-)
Compiling the orch UI code...
Deleting build...
Folder build deleted.
Folder A is unchanged.
yarn
yarn install v1.22.19
[1/4] Resolving packages...
success Already up-to-date.
Done in 0.76s.
yarn run build
yarn run v1.22.19
$ vite build
vite v4.3.9 building for production...
[plugin:vite-plugin-eslint] LintOnStart is turned on, and it will check for all matching files.
transforming...
✓ 13576 modules transformed.
rendering chunks...
computing gzip size...
build/assets/svg/pin.svg                                     0.85 kB │ gzip:   0.44 kB
build/assets/svg/current.svg                                 0.96 kB │ gzip:   0.47 kB
build/index.html                                             1.00 kB │ gzip:   0.53 kB
build/assets/svg/celltower.svg                               2.73 kB │ gzip:   1.41 kB
build/assets/svg/green-plain.svg                             3.30 kB │ gzip:   1.25 kB
build/assets/svg/pointer.svg                                 3.36 kB │ gzip:   1.27 kB
build/assets/svg/pointer-green.svg                           4.26 kB │ gzip:   1.56 kB
build/assets/svg/pointer-grey.svg                            4.26 kB │ gzip:   1.56 kB
build/assets/svg/markerA.svg                                 4.71 kB │ gzip:   1.66 kB
build/assets/woff2/roboto-vietnamese-400-normal.woff2        5.56 kB
build/assets/svg/markerB.svg                                 5.70 kB │ gzip:   2.12 kB
build/assets/woff2/roboto-greek-400-normal.woff2             7.11 kB
build/assets/svg/Radio-Indoor-Icon.svg                       7.43 kB │ gzip:   1.99 kB
build/assets/woff2/roboto-cyrillic-400-normal.woff2          9.63 kB
build/assets/woff2/roboto-latin-ext-400-normal.woff2        11.87 kB
build/assets/woff2/roboto-cyrillic-ext-400-normal.woff2     15.34 kB
build/assets/woff2/roboto-latin-400-normal.woff2            15.74 kB
build/assets/woff/roboto-all-400-normal.woff                65.46 kB
build/assets/css/EdgesPanel.css                              0.06 kB │ gzip:   0.08 kB
build/assets/css/RadiosPanelNew.css                          0.22 kB │ gzip:   0.17 kB
build/assets/css/SubscribersPanel.css                        0.23 kB │ gzip:   0.17 kB
build/assets/css/SimulatorPanel.css                          0.29 kB │ gzip:   0.21 kB
build/assets/css/Calibrate.css                               0.64 kB │ gzip:   0.40 kB
build/assets/css/ReactTable.css                              1.30 kB │ gzip:   0.55 kB
build/assets/css/index.css                                   1.77 kB │ gzip:   0.77 kB
build/assets/css/Dashboard.css                               4.02 kB │ gzip:   2.01 kB
build/assets/css/EditNotes.css                              17.96 kB │ gzip:   3.16 kB
build/chunks/styled.5f770cf9.js                              0.12 kB │ gzip:   0.13 kB │ map:     0.34 kB
build/chunks/SlideUpTransition.8177b4eb.js                   0.21 kB │ gzip:   0.19 kB │ map:     0.54 kB
build/chunks/QoS-service.8d2ee2f9.js                         0.26 kB │ gzip:   0.22 kB │ map:     0.80 kB
build/chunks/LightTooltip.01b653b6.js                        0.34 kB │ gzip:   0.28 kB │ map:     1.06 kB
build/chunks/ArrowForwardIosSharp.95064615.js                0.36 kB │ gzip:   0.29 kB │ map:     1.12 kB
build/chunks/hardwareInventory-service.992a0e93.js           0.38 kB │ gzip:   0.30 kB │ map:     1.14 kB
build/chunks/NotImplemented.3ae55130.js                      0.55 kB │ gzip:   0.40 kB │ map:     1.39 kB
build/chunks/Card.66fa9d4a.js                                0.64 kB │ gzip:   0.43 kB │ map:     4.60 kB
build/chunks/useExport.d83fa63c.js                           0.66 kB │ gzip:   0.45 kB │ map:     3.00 kB
build/chunks/useInterval.472c3b8a.js                         0.71 kB │ gzip:   0.41 kB │ map:     3.67 kB
build/chunks/TimeDateInput.2a89d211.js                       0.88 kB │ gzip:   0.50 kB │ map:     3.03 kB
build/chunks/LineChart.9e622bc6.js                           1.05 kB │ gzip:   0.66 kB │ map:     3.88 kB
build/chunks/TabPanel.5a034833.js                            1.14 kB │ gzip:   0.63 kB │ map:     4.33 kB
build/chunks/ModalDialogComponent.e63b7eef.js                1.28 kB │ gzip:   0.70 kB │ map:     4.53 kB
build/chunks/ModelDialogComponentNew.d9137244.js             1.47 kB │ gzip:   0.84 kB │ map:     5.12 kB
build/chunks/index.cf4828fd.js                               2.05 kB │ gzip:   0.69 kB │ map:     6.13 kB
build/chunks/HealthGauge.c6536e10.js                         2.37 kB │ gzip:   1.29 kB │ map:     8.47 kB
build/chunks/useSupport.f4aed8b8.js                          2.45 kB │ gzip:   1.08 kB │ map:    10.12 kB
build/chunks/Checkbox.a67bd3b7.js                            2.46 kB │ gzip:   1.16 kB │ map:    13.67 kB
build/chunks/radioHelper.63d00fbd.js                         2.61 kB │ gzip:   1.18 kB │ map:     8.57 kB
build/chunks/AuditLog.f7c4a123.js                            3.61 kB │ gzip:   1.52 kB │ map:    13.92 kB
build/chunks/Collapse.4dfca25a.js                            3.92 kB │ gzip:   1.56 kB │ map:    19.32 kB
build/chunks/index.72c9e267.js                               4.10 kB │ gzip:   1.46 kB │ map:    13.58 kB
build/chunks/Logs.6f03ad47.js                                4.78 kB │ gzip:   2.11 kB │ map:    19.49 kB
build/chunks/System.6da5fa8a.js                              4.87 kB │ gzip:   2.11 kB │ map:    18.81 kB
build/chunks/AccordionSummary.0ce4d14d.js                    5.73 kB │ gzip:   1.97 kB │ map:    27.76 kB
build/chunks/useStyles.172f9c05.js                           6.40 kB │ gzip:   2.38 kB │ map:    26.35 kB
build/chunks/web-vitals.dfcc5b9a.js                          6.98 kB │ gzip:   2.58 kB │ map:    16.56 kB
build/chunks/TablePagination.92d1b8fb.js                     8.27 kB │ gzip:   3.16 kB │ map:    42.12 kB
build/chunks/NetworkStats.bc51aad6.js                        8.90 kB │ gzip:   3.31 kB │ map:    33.00 kB
build/chunks/airspan.6878cff3.js                             9.48 kB │ gzip:   3.01 kB │ map:    31.00 kB
build/chunks/DnnPanel.35755997.js                            9.67 kB │ gzip:   3.67 kB │ map:    37.84 kB
build/chunks/setupInfo.975a2876.js                          16.54 kB │ gzip:   5.25 kB │ map:    51.18 kB
build/chunks/SimulatorPanel.21e363ed.js                     23.59 kB │ gzip:   7.55 kB │ map:    89.49 kB
build/chunks/AdminPanel.54149ae0.js                         33.08 kB │ gzip:   8.11 kB │ map:   119.86 kB
build/chunks/ProfilePanel.d2bf1102.js                       35.37 kB │ gzip:   8.77 kB │ map:   136.85 kB
build/chunks/index.bd9f6eb5.js                              41.22 kB │ gzip:  10.57 kB │ map:   154.16 kB
build/chunks/AuditLogDetails.262da231.js                    41.88 kB │ gzip:  13.90 kB │ map:   315.56 kB
build/chunks/RadioForm.80c1833b.js                          52.96 kB │ gzip:  14.72 kB │ map:   226.70 kB
build/chunks/Calibrate.cab00b2f.js                          71.85 kB │ gzip:  23.84 kB │ map:   252.10 kB
build/chunks/ReactTable.7d39c8d3.js                         88.76 kB │ gzip:  27.05 kB │ map:   276.62 kB
build/chunks/Dashboard.a2c86b39.js                          90.52 kB │ gzip:  21.81 kB │ map:   520.47 kB
build/chunks/RadiosPanelNew.244bd63a.js                    146.60 kB │ gzip:  39.56 kB │ map:   567.56 kB
build/chunks/SubscribersPanel.d1e6ee89.js                  162.91 kB │ gzip:  53.08 kB │ map:   575.13 kB
build/chunks/EdgesPanel.45bd1579.js                        163.01 kB │ gzip:  39.70 kB │ map:   593.47 kB
build/chunks/DataGrid.1a356f5a.js                          280.40 kB │ gzip:  84.81 kB │ map: 1,359.73 kB
build/chunks/highcharts.f0b5bf72.js                        296.73 kB │ gzip: 106.33 kB │ map:   694.32 kB
build/chunks/EditNotes.c3597f81.js                         489.25 kB │ gzip: 132.58 kB │ map: 1,675.28 kB
build/js/index.6b0b9229.js                               2,140.05 kB │ gzip: 473.76 kB │ map: 5,419.88 kB

(!) Some chunks are larger than 1000 kBs after minification. Consider:
- Using dynamic import() to code-split the application
- Use build.rollupOptions.output.manualChunks to improve chunking: https://rollupjs.org/configuration-options/#output-manualchunks
- Adjust chunk size limit for this warning via build.chunkSizeWarningLimit.
✓ built in 1m 53s
Done in 115.31s.
Compilation done...
Complete at Fri Jul 28 10:31:59 AM EDT 2023
\n ************************************************** \n
Compiling at Sat Jul 29 02:30:01 AM EDT 2023
Pulling latest changes from Git...
From https://github.com/Highway9-Networks/h9-saas
   419b5f034..38021e89d  main                  -> origin/main
   3862dcd6c..7d3dd7c39  balaji/pwsrestart     -> origin/balaji/pwsrestart
   e6a39b0aa..21e5b35a0  private/abhagwat      -> origin/private/abhagwat
   0c2cc199a..8b622a83a  private/akshay-33     -> origin/private/akshay-33
   fccb4e942..87fb8b774  private/akshay-new-35 -> origin/private/akshay-new-35
   5a3670a62..4a40b42f9  private/ankita/mmeInactive -> origin/private/ankita/mmeInactive
 * [new branch]          private/ankita/mobility-fixes -> origin/private/ankita/mobility-fixes
Updating 419b5f034..38021e89d
Fast-forward
 common/adapters/airspan/airspan.go                 |  12 +-
 common/adapters/airspan/airspanApi.go              |  27 ++--
 common/adapters/airspan/airspanConfig.go           |  49 ++++--
 common/adapters/airspan/airspanUtils.go            |  25 ++-
 common/adapters/baicells/baicells.go               |  16 +-
 common/adapters/radioCommon/BaseRadioManager.go    |   9 +-
 common/adapters/radioCommon/radioCommon.go         |   5 +-
 .../adapters/radioCommon/radioManagerInstance.go   |   3 +-
 common/c2cUpgrade/controller/scripts/edge.js       |  22 +++
 .../c2cUpgrade/controller/scripts/edgeVpnConfig.js |  40 +++++
 common/c2cUpgrade/controller/scripts/upgrade.js    |   6 +
 common/c2cUpgrade/controller/upgrade-flow.json     |   3 +-
 common/common.mk                                   |   8 +-
 common/metrics/edge_metrics/edgeMetrics.go         |   8 +-
 common/tests/airspan/airspan_test.go               |   2 +-
 edge/carriergw/mocngw/mocngw/inc/s1ap_types.h      |   1 +
 .../mocngw/mocngw/inc/sctp_messages_types.h        |   1 +
 .../mocngw/tasks/config/mocn_state_client.cc       |   4 +-
 .../mocngw/mocngw/tasks/config/mocn_state_client.h |   2 +-
 .../mocngw/mocngw/tasks/s1ap/s1ap_mme_handlers.c   |   2 +
 .../mocngw/mocngw/tasks/vmc_sync/state_sync.cc     |   2 +
 .../mocngw/mocngw/tasks/vmc_sync/vmc_sync.c        |   5 +-
 orch/orch-api/apihandler/EdgesRestHandler.go       |  28 +++-
 orch/orch-api/apihandler/RadiosRestHandler.go      |   6 +-
 .../grpchandler/scripts/configureIpsecCerts.py     |  48 ++++++
 .../scripts/configureIpsecConnections.py           |  72 +++++++++
 orch/orch-api/grpchandler/scripts/configure_vpn.sh |  28 ----
 .../grpchandler/scripts}/edge_utils.sh             |   8 +-
 orch/orch-common/db/dbEdgeVpnConfig.go             |  20 ++-
 orch/orch-common/ipsecUtil/ipsecUtil.go            | 177 +++++++++++++++++++++
 .../swagger/definitions/ControlPlaneInfo.yaml      |   1 +
 .../swagger-api/swagger/definitions/Edge.yaml      |  13 ++
 .../swagger-api/swagger/definitions/Radio.yaml     |   2 +
 .../swagger/definitions/UserPlaneInfo.yaml         |   1 +
 .../scripts/edge-scripts/activate_agw.sh           |   3 +
 .../scripts/edge-scripts/ipsec.conf.template       |   8 +-
 .../services/edgeService/edgeDeploy.go             |  10 +-
 .../services/edgeService/edgeService.go            |  75 ++++++---
 .../hardwareInventoryService/hardwareInventory.go  | 130 +++++++++++++++
 .../services/radioService/radioService.go          |  51 +++++-
 orch/orch-ui/src/store/context/EdgeEditSlice.ts    |  40 ++---
 orch/orch-ui/src/types/edge.ts                     |   6 +-
 orch/orch-ui/src/views/edges/Edit/CertCard.tsx     |   4 +-
 .../src/views/edges/Edit/EdgeCertConfig.tsx        |   2 +-
 .../views/edges/Operator/OperatorRadioDialog.tsx   |  13 +-
 .../hardwareInventory/hardwareList.yaml            |   2 +
 46 files changed, 838 insertions(+), 162 deletions(-)
 create mode 100644 common/c2cUpgrade/controller/scripts/edgeVpnConfig.js
 create mode 100644 orch/orch-api/grpchandler/scripts/configureIpsecCerts.py
 create mode 100644 orch/orch-api/grpchandler/scripts/configureIpsecConnections.py
 rename orch/{orch-service/scripts/edge-scripts => orch-api/grpchandler/scripts}/edge_utils.sh (76%)
Compiling the orch UI code...
Deleting build...
Folder build deleted.
Folder A is unchanged.
yarn
yarn install v1.22.19
[1/4] Resolving packages...
success Already up-to-date.
Done in 0.54s.
yarn run build
yarn run v1.22.19
$ vite build
vite v4.3.9 building for production...
[plugin:vite-plugin-eslint] LintOnStart is turned on, and it will check for all matching files.
transforming...
✓ 13576 modules transformed.
rendering chunks...
computing gzip size...
build/assets/svg/pin.svg                                     0.85 kB │ gzip:   0.44 kB
build/assets/svg/current.svg                                 0.96 kB │ gzip:   0.47 kB
build/index.html                                             1.00 kB │ gzip:   0.53 kB
build/assets/svg/celltower.svg                               2.73 kB │ gzip:   1.41 kB
build/assets/svg/green-plain.svg                             3.30 kB │ gzip:   1.25 kB
build/assets/svg/pointer.svg                                 3.36 kB │ gzip:   1.27 kB
build/assets/svg/pointer-green.svg                           4.26 kB │ gzip:   1.56 kB
build/assets/svg/pointer-grey.svg                            4.26 kB │ gzip:   1.56 kB
build/assets/svg/markerA.svg                                 4.71 kB │ gzip:   1.66 kB
build/assets/woff2/roboto-vietnamese-400-normal.woff2        5.56 kB
build/assets/svg/markerB.svg                                 5.70 kB │ gzip:   2.12 kB
build/assets/woff2/roboto-greek-400-normal.woff2             7.11 kB
build/assets/svg/Radio-Indoor-Icon.svg                       7.43 kB │ gzip:   1.99 kB
build/assets/woff2/roboto-cyrillic-400-normal.woff2          9.63 kB
build/assets/woff2/roboto-latin-ext-400-normal.woff2        11.87 kB
build/assets/woff2/roboto-cyrillic-ext-400-normal.woff2     15.34 kB
build/assets/woff2/roboto-latin-400-normal.woff2            15.74 kB
build/assets/woff/roboto-all-400-normal.woff                65.46 kB
build/assets/css/EdgesPanel.css                              0.06 kB │ gzip:   0.08 kB
build/assets/css/RadiosPanelNew.css                          0.22 kB │ gzip:   0.17 kB
build/assets/css/SubscribersPanel.css                        0.23 kB │ gzip:   0.17 kB
build/assets/css/SimulatorPanel.css                          0.29 kB │ gzip:   0.21 kB
build/assets/css/Calibrate.css                               0.64 kB │ gzip:   0.40 kB
build/assets/css/ReactTable.css                              1.30 kB │ gzip:   0.55 kB
build/assets/css/index.css                                   1.77 kB │ gzip:   0.77 kB
build/assets/css/Dashboard.css                               4.02 kB │ gzip:   2.01 kB
build/assets/css/EditNotes.css                              17.96 kB │ gzip:   3.16 kB
build/chunks/styled.bce4712c.js                              0.12 kB │ gzip:   0.13 kB │ map:     0.34 kB
build/chunks/SlideUpTransition.fa447dbf.js                   0.21 kB │ gzip:   0.19 kB │ map:     0.54 kB
build/chunks/QoS-service.ee322279.js                         0.26 kB │ gzip:   0.22 kB │ map:     0.80 kB
build/chunks/LightTooltip.2444c758.js                        0.34 kB │ gzip:   0.28 kB │ map:     1.06 kB
build/chunks/ArrowForwardIosSharp.9feab651.js                0.36 kB │ gzip:   0.29 kB │ map:     1.12 kB
build/chunks/hardwareInventory-service.548a5fa1.js           0.38 kB │ gzip:   0.30 kB │ map:     1.14 kB
build/chunks/NotImplemented.016b05a6.js                      0.55 kB │ gzip:   0.40 kB │ map:     1.39 kB
build/chunks/Card.2f3b5f08.js                                0.64 kB │ gzip:   0.43 kB │ map:     4.60 kB
build/chunks/useExport.6fba55f4.js                           0.66 kB │ gzip:   0.45 kB │ map:     3.00 kB
build/chunks/useInterval.ce0e4a96.js                         0.71 kB │ gzip:   0.41 kB │ map:     3.67 kB
build/chunks/TimeDateInput.3ac2e3bc.js                       0.88 kB │ gzip:   0.50 kB │ map:     3.03 kB
build/chunks/LineChart.3ac90f3c.js                           1.05 kB │ gzip:   0.66 kB │ map:     3.88 kB
build/chunks/TabPanel.1e10b215.js                            1.14 kB │ gzip:   0.63 kB │ map:     4.33 kB
build/chunks/ModalDialogComponent.5d34138c.js                1.28 kB │ gzip:   0.71 kB │ map:     4.53 kB
build/chunks/ModelDialogComponentNew.0508cf13.js             1.47 kB │ gzip:   0.84 kB │ map:     5.12 kB
build/chunks/index.46dd78c4.js                               2.05 kB │ gzip:   0.69 kB │ map:     6.13 kB
build/chunks/HealthGauge.7f719e37.js                         2.37 kB │ gzip:   1.29 kB │ map:     8.47 kB
build/chunks/useSupport.e262baf7.js                          2.45 kB │ gzip:   1.08 kB │ map:    10.12 kB
build/chunks/Checkbox.03be16e2.js                            2.46 kB │ gzip:   1.16 kB │ map:    13.67 kB
build/chunks/radioHelper.af6985a3.js                         2.61 kB │ gzip:   1.18 kB │ map:     8.57 kB
build/chunks/AuditLog.ce3a187d.js                            3.61 kB │ gzip:   1.52 kB │ map:    13.92 kB
build/chunks/Collapse.79468945.js                            3.92 kB │ gzip:   1.56 kB │ map:    19.32 kB
build/chunks/index.78d9c2d6.js                               4.10 kB │ gzip:   1.46 kB │ map:    13.58 kB
build/chunks/Logs.82b5f336.js                                4.78 kB │ gzip:   2.11 kB │ map:    19.49 kB
build/chunks/System.ad147b9c.js                              4.87 kB │ gzip:   2.11 kB │ map:    18.81 kB
build/chunks/AccordionSummary.6ee3c0a9.js                    5.73 kB │ gzip:   1.97 kB │ map:    27.76 kB
build/chunks/useStyles.0ee8b62c.js                           6.40 kB │ gzip:   2.38 kB │ map:    26.35 kB
build/chunks/web-vitals.dfcc5b9a.js                          6.98 kB │ gzip:   2.58 kB │ map:    16.56 kB
build/chunks/TablePagination.b9438289.js                     8.27 kB │ gzip:   3.16 kB │ map:    42.12 kB
build/chunks/NetworkStats.fd3b2610.js                        8.90 kB │ gzip:   3.31 kB │ map:    33.00 kB
build/chunks/airspan.5fa903a0.js                             9.48 kB │ gzip:   3.01 kB │ map:    31.00 kB
build/chunks/DnnPanel.9d69c55c.js                            9.67 kB │ gzip:   3.67 kB │ map:    37.84 kB
build/chunks/setupInfo.36e1efde.js                          16.54 kB │ gzip:   5.25 kB │ map:    51.18 kB
build/chunks/SimulatorPanel.8a5a28ea.js                     23.59 kB │ gzip:   7.54 kB │ map:    89.49 kB
build/chunks/AdminPanel.67949657.js                         33.08 kB │ gzip:   8.11 kB │ map:   119.86 kB
build/chunks/ProfilePanel.891b9545.js                       35.37 kB │ gzip:   8.76 kB │ map:   136.85 kB
build/chunks/index.bc2dc42c.js                              41.22 kB │ gzip:  10.57 kB │ map:   154.16 kB
build/chunks/AuditLogDetails.0391e98b.js                    41.88 kB │ gzip:  13.90 kB │ map:   315.56 kB
build/chunks/RadioForm.47abc34a.js                          52.96 kB │ gzip:  14.72 kB │ map:   226.70 kB
build/chunks/Calibrate.3014747a.js                          71.85 kB │ gzip:  23.84 kB │ map:   252.10 kB
build/chunks/ReactTable.0b699960.js                         88.76 kB │ gzip:  27.05 kB │ map:   276.62 kB
build/chunks/Dashboard.82a77bbb.js                          90.52 kB │ gzip:  21.81 kB │ map:   520.47 kB
build/chunks/RadiosPanelNew.46c146c5.js                    146.60 kB │ gzip:  39.56 kB │ map:   567.56 kB
build/chunks/SubscribersPanel.29d12a93.js                  162.91 kB │ gzip:  53.08 kB │ map:   575.13 kB
build/chunks/EdgesPanel.5b01e31a.js                        163.12 kB │ gzip:  39.73 kB │ map:   593.97 kB
build/chunks/DataGrid.bcd2064a.js                          280.40 kB │ gzip:  84.81 kB │ map: 1,359.73 kB
build/chunks/highcharts.2b302682.js                        296.73 kB │ gzip: 106.33 kB │ map:   694.32 kB
build/chunks/EditNotes.7c1a3515.js                         489.25 kB │ gzip: 132.58 kB │ map: 1,675.28 kB
build/js/index.21fc52e2.js                               2,139.99 kB │ gzip: 473.76 kB │ map: 5,419.78 kB

(!) Some chunks are larger than 1000 kBs after minification. Consider:
- Using dynamic import() to code-split the application
- Use build.rollupOptions.output.manualChunks to improve chunking: https://rollupjs.org/configuration-options/#output-manualchunks
- Adjust chunk size limit for this warning via build.chunkSizeWarningLimit.
✓ built in 1m 54s
Done in 115.78s.
Compilation done...
Complete at Sat Jul 29 02:32:00 AM EDT 2023
\n ************************************************** \n
Compiling at Sat Jul 29 07:30:00 AM EDT 2023
Pulling latest changes from Git...
From https://github.com/Highway9-Networks/h9-saas
   38021e89d..1e155d1dc  main              -> origin/main
   8b622a83a..9080edb82  private/akshay-33 -> origin/private/akshay-33
   a94247e9d..7529e0810  private/ankita/mobility-fixes -> origin/private/ankita/mobility-fixes
Updating 38021e89d..1e155d1dc
Fast-forward
 common/adapters/airspan/airspanConfig.go   |  36 +++++++--
 common/adapters/airspan/airspanMobility.go | 122 ++++++++++++++++++-----------
 common/adapters/radioCommon/radioCommon.go |   2 +
 common/common.mk                           |   4 +-
 common/tests/airspan/airspan_test.go       |   4 +-
 5 files changed, 111 insertions(+), 57 deletions(-)
Compiling the orch UI code...
Deleting build...
Folder build deleted.
Folder A is unchanged.
yarn
yarn install v1.22.19
[1/4] Resolving packages...
success Already up-to-date.
Done in 0.75s.
yarn run build
yarn run v1.22.19
$ vite build
vite v4.3.9 building for production...
[plugin:vite-plugin-eslint] LintOnStart is turned on, and it will check for all matching files.
transforming...
✓ 13576 modules transformed.
rendering chunks...
computing gzip size...
build/assets/svg/pin.svg                                     0.85 kB │ gzip:   0.44 kB
build/assets/svg/current.svg                                 0.96 kB │ gzip:   0.47 kB
build/index.html                                             1.00 kB │ gzip:   0.53 kB
build/assets/svg/celltower.svg                               2.73 kB │ gzip:   1.41 kB
build/assets/svg/green-plain.svg                             3.30 kB │ gzip:   1.25 kB
build/assets/svg/pointer.svg                                 3.36 kB │ gzip:   1.27 kB
build/assets/svg/pointer-green.svg                           4.26 kB │ gzip:   1.56 kB
build/assets/svg/pointer-grey.svg                            4.26 kB │ gzip:   1.56 kB
build/assets/svg/markerA.svg                                 4.71 kB │ gzip:   1.66 kB
build/assets/woff2/roboto-vietnamese-400-normal.woff2        5.56 kB
build/assets/svg/markerB.svg                                 5.70 kB │ gzip:   2.12 kB
build/assets/woff2/roboto-greek-400-normal.woff2             7.11 kB
build/assets/svg/Radio-Indoor-Icon.svg                       7.43 kB │ gzip:   1.99 kB
build/assets/woff2/roboto-cyrillic-400-normal.woff2          9.63 kB
build/assets/woff2/roboto-latin-ext-400-normal.woff2        11.87 kB
build/assets/woff2/roboto-cyrillic-ext-400-normal.woff2     15.34 kB
build/assets/woff2/roboto-latin-400-normal.woff2            15.74 kB
build/assets/woff/roboto-all-400-normal.woff                65.46 kB
build/assets/css/EdgesPanel.css                              0.06 kB │ gzip:   0.08 kB
build/assets/css/RadiosPanelNew.css                          0.22 kB │ gzip:   0.17 kB
build/assets/css/SubscribersPanel.css                        0.23 kB │ gzip:   0.17 kB
build/assets/css/SimulatorPanel.css                          0.29 kB │ gzip:   0.21 kB
build/assets/css/Calibrate.css                               0.64 kB │ gzip:   0.40 kB
build/assets/css/ReactTable.css                              1.30 kB │ gzip:   0.55 kB
build/assets/css/index.css                                   1.77 kB │ gzip:   0.77 kB
build/assets/css/Dashboard.css                               4.02 kB │ gzip:   2.01 kB
build/assets/css/EditNotes.css                              17.96 kB │ gzip:   3.16 kB
build/chunks/styled.bce4712c.js                              0.12 kB │ gzip:   0.13 kB │ map:     0.34 kB
build/chunks/SlideUpTransition.fa447dbf.js                   0.21 kB │ gzip:   0.19 kB │ map:     0.54 kB
build/chunks/QoS-service.ee322279.js                         0.26 kB │ gzip:   0.22 kB │ map:     0.80 kB
build/chunks/LightTooltip.2444c758.js                        0.34 kB │ gzip:   0.28 kB │ map:     1.06 kB
build/chunks/ArrowForwardIosSharp.9feab651.js                0.36 kB │ gzip:   0.29 kB │ map:     1.12 kB
build/chunks/hardwareInventory-service.548a5fa1.js           0.38 kB │ gzip:   0.30 kB │ map:     1.14 kB
build/chunks/NotImplemented.016b05a6.js                      0.55 kB │ gzip:   0.40 kB │ map:     1.39 kB
build/chunks/Card.2f3b5f08.js                                0.64 kB │ gzip:   0.43 kB │ map:     4.60 kB
build/chunks/useExport.6fba55f4.js                           0.66 kB │ gzip:   0.45 kB │ map:     3.00 kB
build/chunks/useInterval.ce0e4a96.js                         0.71 kB │ gzip:   0.41 kB │ map:     3.67 kB
build/chunks/TimeDateInput.3ac2e3bc.js                       0.88 kB │ gzip:   0.50 kB │ map:     3.03 kB
build/chunks/LineChart.3ac90f3c.js                           1.05 kB │ gzip:   0.66 kB │ map:     3.88 kB
build/chunks/TabPanel.1e10b215.js                            1.14 kB │ gzip:   0.63 kB │ map:     4.33 kB
build/chunks/ModalDialogComponent.5d34138c.js                1.28 kB │ gzip:   0.71 kB │ map:     4.53 kB
build/chunks/ModelDialogComponentNew.0508cf13.js             1.47 kB │ gzip:   0.84 kB │ map:     5.12 kB
build/chunks/index.46dd78c4.js                               2.05 kB │ gzip:   0.69 kB │ map:     6.13 kB
build/chunks/HealthGauge.7f719e37.js                         2.37 kB │ gzip:   1.29 kB │ map:     8.47 kB
build/chunks/useSupport.e262baf7.js                          2.45 kB │ gzip:   1.08 kB │ map:    10.12 kB
build/chunks/Checkbox.03be16e2.js                            2.46 kB │ gzip:   1.16 kB │ map:    13.67 kB
build/chunks/radioHelper.af6985a3.js                         2.61 kB │ gzip:   1.18 kB │ map:     8.57 kB
build/chunks/AuditLog.ce3a187d.js                            3.61 kB │ gzip:   1.52 kB │ map:    13.92 kB
build/chunks/Collapse.79468945.js                            3.92 kB │ gzip:   1.56 kB │ map:    19.32 kB
build/chunks/index.78d9c2d6.js                               4.10 kB │ gzip:   1.46 kB │ map:    13.58 kB
build/chunks/Logs.82b5f336.js                                4.78 kB │ gzip:   2.11 kB │ map:    19.49 kB
build/chunks/System.ad147b9c.js                              4.87 kB │ gzip:   2.11 kB │ map:    18.81 kB
build/chunks/AccordionSummary.6ee3c0a9.js                    5.73 kB │ gzip:   1.97 kB │ map:    27.76 kB
build/chunks/useStyles.0ee8b62c.js                           6.40 kB │ gzip:   2.38 kB │ map:    26.35 kB
build/chunks/web-vitals.dfcc5b9a.js                          6.98 kB │ gzip:   2.58 kB │ map:    16.56 kB
build/chunks/TablePagination.b9438289.js                     8.27 kB │ gzip:   3.16 kB │ map:    42.12 kB
build/chunks/NetworkStats.fd3b2610.js                        8.90 kB │ gzip:   3.31 kB │ map:    33.00 kB
build/chunks/airspan.5fa903a0.js                             9.48 kB │ gzip:   3.01 kB │ map:    31.00 kB
build/chunks/DnnPanel.9d69c55c.js                            9.67 kB │ gzip:   3.67 kB │ map:    37.84 kB
build/chunks/setupInfo.36e1efde.js                          16.54 kB │ gzip:   5.25 kB │ map:    51.18 kB
build/chunks/SimulatorPanel.8a5a28ea.js                     23.59 kB │ gzip:   7.54 kB │ map:    89.49 kB
build/chunks/AdminPanel.67949657.js                         33.08 kB │ gzip:   8.11 kB │ map:   119.86 kB
build/chunks/ProfilePanel.891b9545.js                       35.37 kB │ gzip:   8.76 kB │ map:   136.85 kB
build/chunks/index.bc2dc42c.js                              41.22 kB │ gzip:  10.57 kB │ map:   154.16 kB
build/chunks/AuditLogDetails.0391e98b.js                    41.88 kB │ gzip:  13.90 kB │ map:   315.56 kB
build/chunks/RadioForm.47abc34a.js                          52.96 kB │ gzip:  14.72 kB │ map:   226.70 kB
build/chunks/Calibrate.3014747a.js                          71.85 kB │ gzip:  23.84 kB │ map:   252.10 kB
build/chunks/ReactTable.0b699960.js                         88.76 kB │ gzip:  27.05 kB │ map:   276.62 kB
build/chunks/Dashboard.82a77bbb.js                          90.52 kB │ gzip:  21.81 kB │ map:   520.47 kB
build/chunks/RadiosPanelNew.46c146c5.js                    146.60 kB │ gzip:  39.56 kB │ map:   567.56 kB
build/chunks/SubscribersPanel.29d12a93.js                  162.91 kB │ gzip:  53.08 kB │ map:   575.13 kB
build/chunks/EdgesPanel.5b01e31a.js                        163.12 kB │ gzip:  39.73 kB │ map:   593.97 kB
build/chunks/DataGrid.bcd2064a.js                          280.40 kB │ gzip:  84.81 kB │ map: 1,359.73 kB
build/chunks/highcharts.2b302682.js                        296.73 kB │ gzip: 106.33 kB │ map:   694.32 kB
build/chunks/EditNotes.7c1a3515.js                         489.25 kB │ gzip: 132.58 kB │ map: 1,675.28 kB
build/js/index.21fc52e2.js                               2,139.99 kB │ gzip: 473.76 kB │ map: 5,419.78 kB

(!) Some chunks are larger than 1000 kBs after minification. Consider:
- Using dynamic import() to code-split the application
- Use build.rollupOptions.output.manualChunks to improve chunking: https://rollupjs.org/configuration-options/#output-manualchunks
- Adjust chunk size limit for this warning via build.chunkSizeWarningLimit.
✓ built in 1m 51s
Done in 113.16s.
Compilation done...
Complete at Sat Jul 29 07:31:57 AM EDT 2023
\n ************************************************** \n
Compiling at Sat Jul 29 10:30:00 AM EDT 2023
Pulling latest changes from Git...
Already up to date.
Compiling the orch UI code...
Deleting build...
Folder build deleted.
Folder A is unchanged.
yarn
yarn install v1.22.19
[1/4] Resolving packages...
success Already up-to-date.
Done in 0.53s.
yarn run build
yarn run v1.22.19
$ vite build
vite v4.3.9 building for production...
[plugin:vite-plugin-eslint] LintOnStart is turned on, and it will check for all matching files.
transforming...
✓ 13576 modules transformed.
rendering chunks...
computing gzip size...
build/assets/svg/pin.svg                                     0.85 kB │ gzip:   0.44 kB
build/assets/svg/current.svg                                 0.96 kB │ gzip:   0.47 kB
build/index.html                                             1.00 kB │ gzip:   0.53 kB
build/assets/svg/celltower.svg                               2.73 kB │ gzip:   1.41 kB
build/assets/svg/green-plain.svg                             3.30 kB │ gzip:   1.25 kB
build/assets/svg/pointer.svg                                 3.36 kB │ gzip:   1.27 kB
build/assets/svg/pointer-green.svg                           4.26 kB │ gzip:   1.56 kB
build/assets/svg/pointer-grey.svg                            4.26 kB │ gzip:   1.56 kB
build/assets/svg/markerA.svg                                 4.71 kB │ gzip:   1.66 kB
build/assets/woff2/roboto-vietnamese-400-normal.woff2        5.56 kB
build/assets/svg/markerB.svg                                 5.70 kB │ gzip:   2.12 kB
build/assets/woff2/roboto-greek-400-normal.woff2             7.11 kB
build/assets/svg/Radio-Indoor-Icon.svg                       7.43 kB │ gzip:   1.99 kB
build/assets/woff2/roboto-cyrillic-400-normal.woff2          9.63 kB
build/assets/woff2/roboto-latin-ext-400-normal.woff2        11.87 kB
build/assets/woff2/roboto-cyrillic-ext-400-normal.woff2     15.34 kB
build/assets/woff2/roboto-latin-400-normal.woff2            15.74 kB
build/assets/woff/roboto-all-400-normal.woff                65.46 kB
build/assets/css/EdgesPanel.css                              0.06 kB │ gzip:   0.08 kB
build/assets/css/RadiosPanelNew.css                          0.22 kB │ gzip:   0.17 kB
build/assets/css/SubscribersPanel.css                        0.23 kB │ gzip:   0.17 kB
build/assets/css/SimulatorPanel.css                          0.29 kB │ gzip:   0.21 kB
build/assets/css/Calibrate.css                               0.64 kB │ gzip:   0.40 kB
build/assets/css/ReactTable.css                              1.30 kB │ gzip:   0.55 kB
build/assets/css/index.css                                   1.77 kB │ gzip:   0.77 kB
build/assets/css/Dashboard.css                               4.02 kB │ gzip:   2.01 kB
build/assets/css/EditNotes.css                              17.96 kB │ gzip:   3.16 kB
build/chunks/styled.bce4712c.js                              0.12 kB │ gzip:   0.13 kB │ map:     0.34 kB
build/chunks/SlideUpTransition.fa447dbf.js                   0.21 kB │ gzip:   0.19 kB │ map:     0.54 kB
build/chunks/QoS-service.ee322279.js                         0.26 kB │ gzip:   0.22 kB │ map:     0.80 kB
build/chunks/LightTooltip.2444c758.js                        0.34 kB │ gzip:   0.28 kB │ map:     1.06 kB
build/chunks/ArrowForwardIosSharp.9feab651.js                0.36 kB │ gzip:   0.29 kB │ map:     1.12 kB
build/chunks/hardwareInventory-service.548a5fa1.js           0.38 kB │ gzip:   0.30 kB │ map:     1.14 kB
build/chunks/NotImplemented.016b05a6.js                      0.55 kB │ gzip:   0.40 kB │ map:     1.39 kB
build/chunks/Card.2f3b5f08.js                                0.64 kB │ gzip:   0.43 kB │ map:     4.60 kB
build/chunks/useExport.6fba55f4.js                           0.66 kB │ gzip:   0.45 kB │ map:     3.00 kB
build/chunks/useInterval.ce0e4a96.js                         0.71 kB │ gzip:   0.41 kB │ map:     3.67 kB
build/chunks/TimeDateInput.3ac2e3bc.js                       0.88 kB │ gzip:   0.50 kB │ map:     3.03 kB
build/chunks/LineChart.3ac90f3c.js                           1.05 kB │ gzip:   0.66 kB │ map:     3.88 kB
build/chunks/TabPanel.1e10b215.js                            1.14 kB │ gzip:   0.63 kB │ map:     4.33 kB
build/chunks/ModalDialogComponent.5d34138c.js                1.28 kB │ gzip:   0.71 kB │ map:     4.53 kB
build/chunks/ModelDialogComponentNew.0508cf13.js             1.47 kB │ gzip:   0.84 kB │ map:     5.12 kB
build/chunks/index.46dd78c4.js                               2.05 kB │ gzip:   0.69 kB │ map:     6.13 kB
build/chunks/HealthGauge.7f719e37.js                         2.37 kB │ gzip:   1.29 kB │ map:     8.47 kB
build/chunks/useSupport.e262baf7.js                          2.45 kB │ gzip:   1.08 kB │ map:    10.12 kB
build/chunks/Checkbox.03be16e2.js                            2.46 kB │ gzip:   1.16 kB │ map:    13.67 kB
build/chunks/radioHelper.af6985a3.js                         2.61 kB │ gzip:   1.18 kB │ map:     8.57 kB
build/chunks/AuditLog.ce3a187d.js                            3.61 kB │ gzip:   1.52 kB │ map:    13.92 kB
build/chunks/Collapse.79468945.js                            3.92 kB │ gzip:   1.56 kB │ map:    19.32 kB
build/chunks/index.78d9c2d6.js                               4.10 kB │ gzip:   1.46 kB │ map:    13.58 kB
build/chunks/Logs.82b5f336.js                                4.78 kB │ gzip:   2.11 kB │ map:    19.49 kB
build/chunks/System.ad147b9c.js                              4.87 kB │ gzip:   2.11 kB │ map:    18.81 kB
build/chunks/AccordionSummary.6ee3c0a9.js                    5.73 kB │ gzip:   1.97 kB │ map:    27.76 kB
build/chunks/useStyles.0ee8b62c.js                           6.40 kB │ gzip:   2.38 kB │ map:    26.35 kB
build/chunks/web-vitals.dfcc5b9a.js                          6.98 kB │ gzip:   2.58 kB │ map:    16.56 kB
build/chunks/TablePagination.b9438289.js                     8.27 kB │ gzip:   3.16 kB │ map:    42.12 kB
build/chunks/NetworkStats.fd3b2610.js                        8.90 kB │ gzip:   3.31 kB │ map:    33.00 kB
build/chunks/airspan.5fa903a0.js                             9.48 kB │ gzip:   3.01 kB │ map:    31.00 kB
build/chunks/DnnPanel.9d69c55c.js                            9.67 kB │ gzip:   3.67 kB │ map:    37.84 kB
build/chunks/setupInfo.36e1efde.js                          16.54 kB │ gzip:   5.25 kB │ map:    51.18 kB
build/chunks/SimulatorPanel.8a5a28ea.js                     23.59 kB │ gzip:   7.54 kB │ map:    89.49 kB
build/chunks/AdminPanel.67949657.js                         33.08 kB │ gzip:   8.11 kB │ map:   119.86 kB
build/chunks/ProfilePanel.891b9545.js                       35.37 kB │ gzip:   8.76 kB │ map:   136.85 kB
build/chunks/index.bc2dc42c.js                              41.22 kB │ gzip:  10.57 kB │ map:   154.16 kB
build/chunks/AuditLogDetails.0391e98b.js                    41.88 kB │ gzip:  13.90 kB │ map:   315.56 kB
build/chunks/RadioForm.47abc34a.js                          52.96 kB │ gzip:  14.72 kB │ map:   226.70 kB
build/chunks/Calibrate.3014747a.js                          71.85 kB │ gzip:  23.84 kB │ map:   252.10 kB
build/chunks/ReactTable.0b699960.js                         88.76 kB │ gzip:  27.05 kB │ map:   276.62 kB
build/chunks/Dashboard.82a77bbb.js                          90.52 kB │ gzip:  21.81 kB │ map:   520.47 kB
build/chunks/RadiosPanelNew.46c146c5.js                    146.60 kB │ gzip:  39.56 kB │ map:   567.56 kB
build/chunks/SubscribersPanel.29d12a93.js                  162.91 kB │ gzip:  53.08 kB │ map:   575.13 kB
build/chunks/EdgesPanel.5b01e31a.js                        163.12 kB │ gzip:  39.73 kB │ map:   593.97 kB
build/chunks/DataGrid.bcd2064a.js                          280.40 kB │ gzip:  84.81 kB │ map: 1,359.73 kB
build/chunks/highcharts.2b302682.js                        296.73 kB │ gzip: 106.33 kB │ map:   694.32 kB
build/chunks/EditNotes.7c1a3515.js                         489.25 kB │ gzip: 132.58 kB │ map: 1,675.28 kB
build/js/index.21fc52e2.js                               2,139.99 kB │ gzip: 473.76 kB │ map: 5,419.78 kB

(!) Some chunks are larger than 1000 kBs after minification. Consider:
- Using dynamic import() to code-split the application
- Use build.rollupOptions.output.manualChunks to improve chunking: https://rollupjs.org/configuration-options/#output-manualchunks
- Adjust chunk size limit for this warning via build.chunkSizeWarningLimit.
✓ built in 1m 53s
Done in 115.43s.
Compilation done...
Complete at Sat Jul 29 10:31:58 AM EDT 2023
\n ************************************************** \n
Compiling at Sun Jul 30 02:30:00 AM EDT 2023
Pulling latest changes from Git...
From https://github.com/Highway9-Networks/h9-saas
   1e155d1dc..c9da2f025  main              -> origin/main
   21e5b35a0..dd132979b  private/abhagwat  -> origin/private/abhagwat
   9080edb82..985ad08a5  private/akshay-33 -> origin/private/akshay-33
Updating 1e155d1dc..c9da2f025
Fast-forward
 common/common.mk                                               | 4 ++--
 orch/orch-api/grpchandler/scripts/configureIpsecCerts.py       | 2 +-
 orch/orch-api/grpchandler/scripts/configureIpsecConnections.py | 2 +-
 orch/orch-api/grpchandler/scripts/edge_utils.sh                | 3 ++-
 saas/saas-api/Dockerfile                                       | 1 -
 5 files changed, 6 insertions(+), 6 deletions(-)
Compiling the orch UI code...
Deleting build...
Folder build deleted.
Folder A is unchanged.
yarn
yarn install v1.22.19
[1/4] Resolving packages...
success Already up-to-date.
Done in 0.63s.
yarn run build
yarn run v1.22.19
$ vite build
vite v4.3.9 building for production...
[plugin:vite-plugin-eslint] LintOnStart is turned on, and it will check for all matching files.
transforming...
✓ 13576 modules transformed.
rendering chunks...
computing gzip size...
build/assets/svg/pin.svg                                     0.85 kB │ gzip:   0.44 kB
build/assets/svg/current.svg                                 0.96 kB │ gzip:   0.47 kB
build/index.html                                             1.00 kB │ gzip:   0.53 kB
build/assets/svg/celltower.svg                               2.73 kB │ gzip:   1.41 kB
build/assets/svg/green-plain.svg                             3.30 kB │ gzip:   1.25 kB
build/assets/svg/pointer.svg                                 3.36 kB │ gzip:   1.27 kB
build/assets/svg/pointer-grey.svg                            4.26 kB │ gzip:   1.56 kB
build/assets/svg/pointer-green.svg                           4.26 kB │ gzip:   1.56 kB
build/assets/svg/markerA.svg                                 4.71 kB │ gzip:   1.66 kB
build/assets/woff2/roboto-vietnamese-400-normal.woff2        5.56 kB
build/assets/svg/markerB.svg                                 5.70 kB │ gzip:   2.12 kB
build/assets/woff2/roboto-greek-400-normal.woff2             7.11 kB
build/assets/svg/Radio-Indoor-Icon.svg                       7.43 kB │ gzip:   1.99 kB
build/assets/woff2/roboto-cyrillic-400-normal.woff2          9.63 kB
build/assets/woff2/roboto-latin-ext-400-normal.woff2        11.87 kB
build/assets/woff2/roboto-cyrillic-ext-400-normal.woff2     15.34 kB
build/assets/woff2/roboto-latin-400-normal.woff2            15.74 kB
build/assets/woff/roboto-all-400-normal.woff                65.46 kB
build/assets/css/EdgesPanel.css                              0.06 kB │ gzip:   0.08 kB
build/assets/css/RadiosPanelNew.css                          0.22 kB │ gzip:   0.17 kB
build/assets/css/SubscribersPanel.css                        0.23 kB │ gzip:   0.17 kB
build/assets/css/SimulatorPanel.css                          0.29 kB │ gzip:   0.21 kB
build/assets/css/Calibrate.css                               0.64 kB │ gzip:   0.40 kB
build/assets/css/ReactTable.css                              1.30 kB │ gzip:   0.55 kB
build/assets/css/index.css                                   1.77 kB │ gzip:   0.77 kB
build/assets/css/Dashboard.css                               4.02 kB │ gzip:   2.01 kB
build/assets/css/EditNotes.css                              17.96 kB │ gzip:   3.16 kB
build/chunks/styled.bce4712c.js                              0.12 kB │ gzip:   0.13 kB │ map:     0.34 kB
build/chunks/SlideUpTransition.fa447dbf.js                   0.21 kB │ gzip:   0.19 kB │ map:     0.54 kB
build/chunks/QoS-service.ee322279.js                         0.26 kB │ gzip:   0.22 kB │ map:     0.80 kB
build/chunks/LightTooltip.2444c758.js                        0.34 kB │ gzip:   0.28 kB │ map:     1.06 kB
build/chunks/ArrowForwardIosSharp.9feab651.js                0.36 kB │ gzip:   0.29 kB │ map:     1.12 kB
build/chunks/hardwareInventory-service.548a5fa1.js           0.38 kB │ gzip:   0.30 kB │ map:     1.14 kB
build/chunks/NotImplemented.016b05a6.js                      0.55 kB │ gzip:   0.40 kB │ map:     1.39 kB
build/chunks/Card.2f3b5f08.js                                0.64 kB │ gzip:   0.43 kB │ map:     4.60 kB
build/chunks/useExport.6fba55f4.js                           0.66 kB │ gzip:   0.45 kB │ map:     3.00 kB
build/chunks/useInterval.ce0e4a96.js                         0.71 kB │ gzip:   0.41 kB │ map:     3.67 kB
build/chunks/TimeDateInput.3ac2e3bc.js                       0.88 kB │ gzip:   0.50 kB │ map:     3.03 kB
build/chunks/LineChart.3ac90f3c.js                           1.05 kB │ gzip:   0.66 kB │ map:     3.88 kB
build/chunks/TabPanel.1e10b215.js                            1.14 kB │ gzip:   0.63 kB │ map:     4.33 kB
build/chunks/ModalDialogComponent.5d34138c.js                1.28 kB │ gzip:   0.71 kB │ map:     4.53 kB
build/chunks/ModelDialogComponentNew.0508cf13.js             1.47 kB │ gzip:   0.84 kB │ map:     5.12 kB
build/chunks/index.46dd78c4.js                               2.05 kB │ gzip:   0.69 kB │ map:     6.13 kB
build/chunks/HealthGauge.7f719e37.js                         2.37 kB │ gzip:   1.29 kB │ map:     8.47 kB
build/chunks/useSupport.e262baf7.js                          2.45 kB │ gzip:   1.08 kB │ map:    10.12 kB
build/chunks/Checkbox.03be16e2.js                            2.46 kB │ gzip:   1.16 kB │ map:    13.67 kB
build/chunks/radioHelper.af6985a3.js                         2.61 kB │ gzip:   1.18 kB │ map:     8.57 kB
build/chunks/AuditLog.ce3a187d.js                            3.61 kB │ gzip:   1.52 kB │ map:    13.92 kB
build/chunks/Collapse.79468945.js                            3.92 kB │ gzip:   1.56 kB │ map:    19.32 kB
build/chunks/index.78d9c2d6.js                               4.10 kB │ gzip:   1.46 kB │ map:    13.58 kB
build/chunks/Logs.82b5f336.js                                4.78 kB │ gzip:   2.11 kB │ map:    19.49 kB
build/chunks/System.ad147b9c.js                              4.87 kB │ gzip:   2.11 kB │ map:    18.81 kB
build/chunks/AccordionSummary.6ee3c0a9.js                    5.73 kB │ gzip:   1.97 kB │ map:    27.76 kB
build/chunks/useStyles.0ee8b62c.js                           6.40 kB │ gzip:   2.38 kB │ map:    26.35 kB
build/chunks/web-vitals.dfcc5b9a.js                          6.98 kB │ gzip:   2.58 kB │ map:    16.56 kB
build/chunks/TablePagination.b9438289.js                     8.27 kB │ gzip:   3.16 kB │ map:    42.12 kB
build/chunks/NetworkStats.fd3b2610.js                        8.90 kB │ gzip:   3.31 kB │ map:    33.00 kB
build/chunks/airspan.5fa903a0.js                             9.48 kB │ gzip:   3.01 kB │ map:    31.00 kB
build/chunks/DnnPanel.9d69c55c.js                            9.67 kB │ gzip:   3.67 kB │ map:    37.84 kB
build/chunks/setupInfo.36e1efde.js                          16.54 kB │ gzip:   5.25 kB │ map:    51.18 kB
build/chunks/SimulatorPanel.8a5a28ea.js                     23.59 kB │ gzip:   7.54 kB │ map:    89.49 kB
build/chunks/AdminPanel.67949657.js                         33.08 kB │ gzip:   8.11 kB │ map:   119.86 kB
build/chunks/ProfilePanel.891b9545.js                       35.37 kB │ gzip:   8.76 kB │ map:   136.85 kB
build/chunks/index.bc2dc42c.js                              41.22 kB │ gzip:  10.57 kB │ map:   154.16 kB
build/chunks/AuditLogDetails.0391e98b.js                    41.88 kB │ gzip:  13.90 kB │ map:   315.56 kB
build/chunks/RadioForm.47abc34a.js                          52.96 kB │ gzip:  14.72 kB │ map:   226.70 kB
build/chunks/Calibrate.3014747a.js                          71.85 kB │ gzip:  23.84 kB │ map:   252.10 kB
build/chunks/ReactTable.0b699960.js                         88.76 kB │ gzip:  27.05 kB │ map:   276.62 kB
build/chunks/Dashboard.82a77bbb.js                          90.52 kB │ gzip:  21.81 kB │ map:   520.47 kB
build/chunks/RadiosPanelNew.46c146c5.js                    146.60 kB │ gzip:  39.56 kB │ map:   567.56 kB
build/chunks/SubscribersPanel.29d12a93.js                  162.91 kB │ gzip:  53.08 kB │ map:   575.13 kB
build/chunks/EdgesPanel.5b01e31a.js                        163.12 kB │ gzip:  39.73 kB │ map:   593.97 kB
build/chunks/DataGrid.bcd2064a.js                          280.40 kB │ gzip:  84.81 kB │ map: 1,359.73 kB
build/chunks/highcharts.2b302682.js                        296.73 kB │ gzip: 106.33 kB │ map:   694.32 kB
build/chunks/EditNotes.7c1a3515.js                         489.25 kB │ gzip: 132.58 kB │ map: 1,675.28 kB
build/js/index.21fc52e2.js                               2,139.99 kB │ gzip: 473.76 kB │ map: 5,419.78 kB

(!) Some chunks are larger than 1000 kBs after minification. Consider:
- Using dynamic import() to code-split the application
- Use build.rollupOptions.output.manualChunks to improve chunking: https://rollupjs.org/configuration-options/#output-manualchunks
- Adjust chunk size limit for this warning via build.chunkSizeWarningLimit.
✓ built in 1m 56s
Done in 117.73s.
Compilation done...
Complete at Sun Jul 30 02:32:01 AM EDT 2023
\n ************************************************** \n
Compiling at Sun Jul 30 07:30:00 AM EDT 2023
Pulling latest changes from Git...
From https://github.com/Highway9-Networks/h9-saas
   c9da2f025..a2ceebcb2  main             -> origin/main
   dd132979b..6f43c71c7  private/abhagwat -> origin/private/abhagwat
Updating c9da2f025..a2ceebcb2
Fast-forward
 common/common.mk | 4 ++--
 1 file changed, 2 insertions(+), 2 deletions(-)
Compiling the orch UI code...
Deleting build...
Folder build deleted.
Folder A is unchanged.
yarn
yarn install v1.22.19
[1/4] Resolving packages...
success Already up-to-date.
Done in 0.54s.
yarn run build
yarn run v1.22.19
$ vite build
vite v4.3.9 building for production...
[plugin:vite-plugin-eslint] LintOnStart is turned on, and it will check for all matching files.
transforming...
✓ 13576 modules transformed.
rendering chunks...
computing gzip size...
build/assets/svg/pin.svg                                     0.85 kB │ gzip:   0.44 kB
build/assets/svg/current.svg                                 0.96 kB │ gzip:   0.47 kB
build/index.html                                             1.00 kB │ gzip:   0.53 kB
build/assets/svg/celltower.svg                               2.73 kB │ gzip:   1.41 kB
build/assets/svg/green-plain.svg                             3.30 kB │ gzip:   1.25 kB
build/assets/svg/pointer.svg                                 3.36 kB │ gzip:   1.27 kB
build/assets/svg/pointer-green.svg                           4.26 kB │ gzip:   1.56 kB
build/assets/svg/pointer-grey.svg                            4.26 kB │ gzip:   1.56 kB
build/assets/svg/markerA.svg                                 4.71 kB │ gzip:   1.66 kB
build/assets/woff2/roboto-vietnamese-400-normal.woff2        5.56 kB
build/assets/svg/markerB.svg                                 5.70 kB │ gzip:   2.12 kB
build/assets/woff2/roboto-greek-400-normal.woff2             7.11 kB
build/assets/svg/Radio-Indoor-Icon.svg                       7.43 kB │ gzip:   1.99 kB
build/assets/woff2/roboto-cyrillic-400-normal.woff2          9.63 kB
build/assets/woff2/roboto-latin-ext-400-normal.woff2        11.87 kB
build/assets/woff2/roboto-cyrillic-ext-400-normal.woff2     15.34 kB
build/assets/woff2/roboto-latin-400-normal.woff2            15.74 kB
build/assets/woff/roboto-all-400-normal.woff                65.46 kB
build/assets/css/EdgesPanel.css                              0.06 kB │ gzip:   0.08 kB
build/assets/css/RadiosPanelNew.css                          0.22 kB │ gzip:   0.17 kB
build/assets/css/SubscribersPanel.css                        0.23 kB │ gzip:   0.17 kB
build/assets/css/SimulatorPanel.css                          0.29 kB │ gzip:   0.21 kB
build/assets/css/Calibrate.css                               0.64 kB │ gzip:   0.40 kB
build/assets/css/ReactTable.css                              1.30 kB │ gzip:   0.55 kB
build/assets/css/index.css                                   1.77 kB │ gzip:   0.77 kB
build/assets/css/Dashboard.css                               4.02 kB │ gzip:   2.01 kB
build/assets/css/EditNotes.css                              17.96 kB │ gzip:   3.16 kB
build/chunks/styled.bce4712c.js                              0.12 kB │ gzip:   0.13 kB │ map:     0.34 kB
build/chunks/SlideUpTransition.fa447dbf.js                   0.21 kB │ gzip:   0.19 kB │ map:     0.54 kB
build/chunks/QoS-service.ee322279.js                         0.26 kB │ gzip:   0.22 kB │ map:     0.80 kB
build/chunks/LightTooltip.2444c758.js                        0.34 kB │ gzip:   0.28 kB │ map:     1.06 kB
build/chunks/ArrowForwardIosSharp.9feab651.js                0.36 kB │ gzip:   0.29 kB │ map:     1.12 kB
build/chunks/hardwareInventory-service.548a5fa1.js           0.38 kB │ gzip:   0.30 kB │ map:     1.14 kB
build/chunks/NotImplemented.016b05a6.js                      0.55 kB │ gzip:   0.40 kB │ map:     1.39 kB
build/chunks/Card.2f3b5f08.js                                0.64 kB │ gzip:   0.43 kB │ map:     4.60 kB
build/chunks/useExport.6fba55f4.js                           0.66 kB │ gzip:   0.45 kB │ map:     3.00 kB
build/chunks/useInterval.ce0e4a96.js                         0.71 kB │ gzip:   0.41 kB │ map:     3.67 kB
build/chunks/TimeDateInput.3ac2e3bc.js                       0.88 kB │ gzip:   0.50 kB │ map:     3.03 kB
build/chunks/LineChart.3ac90f3c.js                           1.05 kB │ gzip:   0.66 kB │ map:     3.88 kB
build/chunks/TabPanel.1e10b215.js                            1.14 kB │ gzip:   0.63 kB │ map:     4.33 kB
build/chunks/ModalDialogComponent.5d34138c.js                1.28 kB │ gzip:   0.71 kB │ map:     4.53 kB
build/chunks/ModelDialogComponentNew.0508cf13.js             1.47 kB │ gzip:   0.84 kB │ map:     5.12 kB
build/chunks/index.46dd78c4.js                               2.05 kB │ gzip:   0.69 kB │ map:     6.13 kB
build/chunks/HealthGauge.7f719e37.js                         2.37 kB │ gzip:   1.29 kB │ map:     8.47 kB
build/chunks/useSupport.e262baf7.js                          2.45 kB │ gzip:   1.08 kB │ map:    10.12 kB
build/chunks/Checkbox.03be16e2.js                            2.46 kB │ gzip:   1.16 kB │ map:    13.67 kB
build/chunks/radioHelper.af6985a3.js                         2.61 kB │ gzip:   1.18 kB │ map:     8.57 kB
build/chunks/AuditLog.ce3a187d.js                            3.61 kB │ gzip:   1.52 kB │ map:    13.92 kB
build/chunks/Collapse.79468945.js                            3.92 kB │ gzip:   1.56 kB │ map:    19.32 kB
build/chunks/index.78d9c2d6.js                               4.10 kB │ gzip:   1.46 kB │ map:    13.58 kB
build/chunks/Logs.82b5f336.js                                4.78 kB │ gzip:   2.11 kB │ map:    19.49 kB
build/chunks/System.ad147b9c.js                              4.87 kB │ gzip:   2.11 kB │ map:    18.81 kB
build/chunks/AccordionSummary.6ee3c0a9.js                    5.73 kB │ gzip:   1.97 kB │ map:    27.76 kB
build/chunks/useStyles.0ee8b62c.js                           6.40 kB │ gzip:   2.38 kB │ map:    26.35 kB
build/chunks/web-vitals.dfcc5b9a.js                          6.98 kB │ gzip:   2.58 kB │ map:    16.56 kB
build/chunks/TablePagination.b9438289.js                     8.27 kB │ gzip:   3.16 kB │ map:    42.12 kB
build/chunks/NetworkStats.fd3b2610.js                        8.90 kB │ gzip:   3.31 kB │ map:    33.00 kB
build/chunks/airspan.5fa903a0.js                             9.48 kB │ gzip:   3.01 kB │ map:    31.00 kB
build/chunks/DnnPanel.9d69c55c.js                            9.67 kB │ gzip:   3.67 kB │ map:    37.84 kB
build/chunks/setupInfo.36e1efde.js                          16.54 kB │ gzip:   5.25 kB │ map:    51.18 kB
build/chunks/SimulatorPanel.8a5a28ea.js                     23.59 kB │ gzip:   7.54 kB │ map:    89.49 kB
build/chunks/AdminPanel.67949657.js                         33.08 kB │ gzip:   8.11 kB │ map:   119.86 kB
build/chunks/ProfilePanel.891b9545.js                       35.37 kB │ gzip:   8.76 kB │ map:   136.85 kB
build/chunks/index.bc2dc42c.js                              41.22 kB │ gzip:  10.57 kB │ map:   154.16 kB
build/chunks/AuditLogDetails.0391e98b.js                    41.88 kB │ gzip:  13.90 kB │ map:   315.56 kB
build/chunks/RadioForm.47abc34a.js                          52.96 kB │ gzip:  14.72 kB │ map:   226.70 kB
build/chunks/Calibrate.3014747a.js                          71.85 kB │ gzip:  23.84 kB │ map:   252.10 kB
build/chunks/ReactTable.0b699960.js                         88.76 kB │ gzip:  27.05 kB │ map:   276.62 kB
build/chunks/Dashboard.82a77bbb.js                          90.52 kB │ gzip:  21.81 kB │ map:   520.47 kB
build/chunks/RadiosPanelNew.46c146c5.js                    146.60 kB │ gzip:  39.56 kB │ map:   567.56 kB
build/chunks/SubscribersPanel.29d12a93.js                  162.91 kB │ gzip:  53.08 kB │ map:   575.13 kB
build/chunks/EdgesPanel.5b01e31a.js                        163.12 kB │ gzip:  39.73 kB │ map:   593.97 kB
build/chunks/DataGrid.bcd2064a.js                          280.40 kB │ gzip:  84.81 kB │ map: 1,359.73 kB
build/chunks/highcharts.2b302682.js                        296.73 kB │ gzip: 106.33 kB │ map:   694.32 kB
build/chunks/EditNotes.7c1a3515.js                         489.25 kB │ gzip: 132.58 kB │ map: 1,675.28 kB
build/js/index.21fc52e2.js                               2,139.99 kB │ gzip: 473.76 kB │ map: 5,419.78 kB

(!) Some chunks are larger than 1000 kBs after minification. Consider:
- Using dynamic import() to code-split the application
- Use build.rollupOptions.output.manualChunks to improve chunking: https://rollupjs.org/configuration-options/#output-manualchunks
- Adjust chunk size limit for this warning via build.chunkSizeWarningLimit.
✓ built in 1m 51s
Done in 113.36s.
Compilation done...
Complete at Sun Jul 30 07:31:56 AM EDT 2023
\n ************************************************** \n
Compiling at Sun Jul 30 10:30:00 AM EDT 2023
Pulling latest changes from Git...
Already up to date.
Compiling the orch UI code...
Deleting build...
Folder build deleted.
Folder A is unchanged.
yarn
yarn install v1.22.19
[1/4] Resolving packages...
success Already up-to-date.
Done in 0.54s.
yarn run build
yarn run v1.22.19
$ vite build
vite v4.3.9 building for production...
[plugin:vite-plugin-eslint] LintOnStart is turned on, and it will check for all matching files.
transforming...
✓ 13576 modules transformed.
rendering chunks...
computing gzip size...
build/assets/svg/pin.svg                                     0.85 kB │ gzip:   0.44 kB
build/assets/svg/current.svg                                 0.96 kB │ gzip:   0.47 kB
build/index.html                                             1.00 kB │ gzip:   0.53 kB
build/assets/svg/celltower.svg                               2.73 kB │ gzip:   1.41 kB
build/assets/svg/green-plain.svg                             3.30 kB │ gzip:   1.25 kB
build/assets/svg/pointer.svg                                 3.36 kB │ gzip:   1.27 kB
build/assets/svg/pointer-green.svg                           4.26 kB │ gzip:   1.56 kB
build/assets/svg/pointer-grey.svg                            4.26 kB │ gzip:   1.56 kB
build/assets/svg/markerA.svg                                 4.71 kB │ gzip:   1.66 kB
build/assets/woff2/roboto-vietnamese-400-normal.woff2        5.56 kB
build/assets/svg/markerB.svg                                 5.70 kB │ gzip:   2.12 kB
build/assets/woff2/roboto-greek-400-normal.woff2             7.11 kB
build/assets/svg/Radio-Indoor-Icon.svg                       7.43 kB │ gzip:   1.99 kB
build/assets/woff2/roboto-cyrillic-400-normal.woff2          9.63 kB
build/assets/woff2/roboto-latin-ext-400-normal.woff2        11.87 kB
build/assets/woff2/roboto-cyrillic-ext-400-normal.woff2     15.34 kB
build/assets/woff2/roboto-latin-400-normal.woff2            15.74 kB
build/assets/woff/roboto-all-400-normal.woff                65.46 kB
build/assets/css/EdgesPanel.css                              0.06 kB │ gzip:   0.08 kB
build/assets/css/RadiosPanelNew.css                          0.22 kB │ gzip:   0.17 kB
build/assets/css/SubscribersPanel.css                        0.23 kB │ gzip:   0.17 kB
build/assets/css/SimulatorPanel.css                          0.29 kB │ gzip:   0.21 kB
build/assets/css/Calibrate.css                               0.64 kB │ gzip:   0.40 kB
build/assets/css/ReactTable.css                              1.30 kB │ gzip:   0.55 kB
build/assets/css/index.css                                   1.77 kB │ gzip:   0.77 kB
build/assets/css/Dashboard.css                               4.02 kB │ gzip:   2.01 kB
build/assets/css/EditNotes.css                              17.96 kB │ gzip:   3.16 kB
build/chunks/styled.bce4712c.js                              0.12 kB │ gzip:   0.13 kB │ map:     0.34 kB
build/chunks/SlideUpTransition.fa447dbf.js                   0.21 kB │ gzip:   0.19 kB │ map:     0.54 kB
build/chunks/QoS-service.ee322279.js                         0.26 kB │ gzip:   0.22 kB │ map:     0.80 kB
build/chunks/LightTooltip.2444c758.js                        0.34 kB │ gzip:   0.28 kB │ map:     1.06 kB
build/chunks/ArrowForwardIosSharp.9feab651.js                0.36 kB │ gzip:   0.29 kB │ map:     1.12 kB
build/chunks/hardwareInventory-service.548a5fa1.js           0.38 kB │ gzip:   0.30 kB │ map:     1.14 kB
build/chunks/NotImplemented.016b05a6.js                      0.55 kB │ gzip:   0.40 kB │ map:     1.39 kB
build/chunks/Card.2f3b5f08.js                                0.64 kB │ gzip:   0.43 kB │ map:     4.60 kB
build/chunks/useExport.6fba55f4.js                           0.66 kB │ gzip:   0.45 kB │ map:     3.00 kB
build/chunks/useInterval.ce0e4a96.js                         0.71 kB │ gzip:   0.41 kB │ map:     3.67 kB
build/chunks/TimeDateInput.3ac2e3bc.js                       0.88 kB │ gzip:   0.50 kB │ map:     3.03 kB
build/chunks/LineChart.3ac90f3c.js                           1.05 kB │ gzip:   0.66 kB │ map:     3.88 kB
build/chunks/TabPanel.1e10b215.js                            1.14 kB │ gzip:   0.63 kB │ map:     4.33 kB
build/chunks/ModalDialogComponent.5d34138c.js                1.28 kB │ gzip:   0.71 kB │ map:     4.53 kB
build/chunks/ModelDialogComponentNew.0508cf13.js             1.47 kB │ gzip:   0.84 kB │ map:     5.12 kB
build/chunks/index.46dd78c4.js                               2.05 kB │ gzip:   0.69 kB │ map:     6.13 kB
build/chunks/HealthGauge.7f719e37.js                         2.37 kB │ gzip:   1.29 kB │ map:     8.47 kB
build/chunks/useSupport.e262baf7.js                          2.45 kB │ gzip:   1.08 kB │ map:    10.12 kB
build/chunks/Checkbox.03be16e2.js                            2.46 kB │ gzip:   1.16 kB │ map:    13.67 kB
build/chunks/radioHelper.af6985a3.js                         2.61 kB │ gzip:   1.18 kB │ map:     8.57 kB
build/chunks/AuditLog.ce3a187d.js                            3.61 kB │ gzip:   1.52 kB │ map:    13.92 kB
build/chunks/Collapse.79468945.js                            3.92 kB │ gzip:   1.56 kB │ map:    19.32 kB
build/chunks/index.78d9c2d6.js                               4.10 kB │ gzip:   1.46 kB │ map:    13.58 kB
build/chunks/Logs.82b5f336.js                                4.78 kB │ gzip:   2.11 kB │ map:    19.49 kB
build/chunks/System.ad147b9c.js                              4.87 kB │ gzip:   2.11 kB │ map:    18.81 kB
build/chunks/AccordionSummary.6ee3c0a9.js                    5.73 kB │ gzip:   1.97 kB │ map:    27.76 kB
build/chunks/useStyles.0ee8b62c.js                           6.40 kB │ gzip:   2.38 kB │ map:    26.35 kB
build/chunks/web-vitals.dfcc5b9a.js                          6.98 kB │ gzip:   2.58 kB │ map:    16.56 kB
build/chunks/TablePagination.b9438289.js                     8.27 kB │ gzip:   3.16 kB │ map:    42.12 kB
build/chunks/NetworkStats.fd3b2610.js                        8.90 kB │ gzip:   3.31 kB │ map:    33.00 kB
build/chunks/airspan.5fa903a0.js                             9.48 kB │ gzip:   3.01 kB │ map:    31.00 kB
build/chunks/DnnPanel.9d69c55c.js                            9.67 kB │ gzip:   3.67 kB │ map:    37.84 kB
build/chunks/setupInfo.36e1efde.js                          16.54 kB │ gzip:   5.25 kB │ map:    51.18 kB
build/chunks/SimulatorPanel.8a5a28ea.js                     23.59 kB │ gzip:   7.54 kB │ map:    89.49 kB
build/chunks/AdminPanel.67949657.js                         33.08 kB │ gzip:   8.11 kB │ map:   119.86 kB
build/chunks/ProfilePanel.891b9545.js                       35.37 kB │ gzip:   8.76 kB │ map:   136.85 kB
build/chunks/index.bc2dc42c.js                              41.22 kB │ gzip:  10.57 kB │ map:   154.16 kB
build/chunks/AuditLogDetails.0391e98b.js                    41.88 kB │ gzip:  13.90 kB │ map:   315.56 kB
build/chunks/RadioForm.47abc34a.js                          52.96 kB │ gzip:  14.72 kB │ map:   226.70 kB
build/chunks/Calibrate.3014747a.js                          71.85 kB │ gzip:  23.84 kB │ map:   252.10 kB
build/chunks/ReactTable.0b699960.js                         88.76 kB │ gzip:  27.05 kB │ map:   276.62 kB
build/chunks/Dashboard.82a77bbb.js                          90.52 kB │ gzip:  21.81 kB │ map:   520.47 kB
build/chunks/RadiosPanelNew.46c146c5.js                    146.60 kB │ gzip:  39.56 kB │ map:   567.56 kB
build/chunks/SubscribersPanel.29d12a93.js                  162.91 kB │ gzip:  53.08 kB │ map:   575.13 kB
build/chunks/EdgesPanel.5b01e31a.js                        163.12 kB │ gzip:  39.73 kB │ map:   593.97 kB
build/chunks/DataGrid.bcd2064a.js                          280.40 kB │ gzip:  84.81 kB │ map: 1,359.73 kB
build/chunks/highcharts.2b302682.js                        296.73 kB │ gzip: 106.33 kB │ map:   694.32 kB
build/chunks/EditNotes.7c1a3515.js                         489.25 kB │ gzip: 132.58 kB │ map: 1,675.28 kB
build/js/index.21fc52e2.js                               2,139.99 kB │ gzip: 473.76 kB │ map: 5,419.78 kB

(!) Some chunks are larger than 1000 kBs after minification. Consider:
- Using dynamic import() to code-split the application
- Use build.rollupOptions.output.manualChunks to improve chunking: https://rollupjs.org/configuration-options/#output-manualchunks
- Adjust chunk size limit for this warning via build.chunkSizeWarningLimit.
✓ built in 1m 53s
Done in 115.37s.
Compilation done...
Complete at Sun Jul 30 10:31:58 AM EDT 2023
\n ************************************************** \n
Compiling at Mon Jul 31 02:30:00 AM EDT 2023
Pulling latest changes from Git...
From https://github.com/Highway9-Networks/h9-saas
   a2ceebcb2..2100a763b  main             -> origin/main
   6f43c71c7..6ebb18453  private/abhagwat -> origin/private/abhagwat
   e99611579..fc3d7a81f  private/dileep/FixingIssues_04_07_23 -> origin/private/dileep/FixingIssues_04_07_23
Updating a2ceebcb2..2100a763b
Fast-forward
 common/adapters/airspan/airspan.go                 |  47 +++-
 common/adapters/airspan/airspanApi.go              |   9 +-
 common/adapters/airspan/airspanConfig.go           | 186 +++++++++++++++-
 common/adapters/airspan/airspanUtils.go            |  40 ++++
 common/adapters/radioCommon/radioCommon.go         |  37 ++++
 common/common.mk                                   |   4 +-
 common/tests/airspan/airspan_test.go               |  16 +-
 orch/orch-api/apihandler/RadiosRestHandler.go      |   2 +-
 .../apihandler/SupportChannelRestHandler.go        |   2 +-
 .../SynchronizationProfileRestHandler.go           |  30 +--
 orch/orch-api/apiserver/apiserver.go               |   1 +
 orch/orch-api/grpchandler/scripts/configure_vpn.sh |   2 +-
 orch/orch-common/db/db.go                          |   1 +
 .../swagger-api/swagger/definitions/Radio.yaml     |  10 +-
 .../definitions/SynchronizationProfile.yaml        |  17 +-
 .../services/operations/edgeOperations.go          |   2 +-
 .../orch-service/services/operations/operations.go |   4 +-
 .../services/radioService/radioService.go          |  44 ++++
 .../radioService/synchronizationProfileService.go  |  17 +-
 orch/orch-ui/src/components/GraphicalResources.tsx |   8 +-
 orch/orch-ui/src/components/Utils.jsx              |  25 ++-
 orch/orch-ui/src/types/radio.ts                    |  15 +-
 orch/orch-ui/src/views/radios/RadioSummary.tsx     |  30 ++-
 saas/saas-api/apihandler/ServiceInstance.go        |   9 +-
 .../swagger/definitions/ServiceInstance.yaml       |   4 +
 saas/saas-common/swagger-api/swagger/swagger.yaml  |   5 +
 .../serviceInstanceManagerService.go               |  45 ++--
 .../src/services/serviceInstance-service.jsx       |   4 +-
 .../DeleteServiceInstanceDialog.jsx                | 238 ++++++++++++---------
 29 files changed, 649 insertions(+), 205 deletions(-)
Compiling the orch UI code...
Deleting build...
Folder build deleted.
Folder A is unchanged.
yarn
yarn install v1.22.19
[1/4] Resolving packages...
success Already up-to-date.
Done in 0.55s.
yarn run build
yarn run v1.22.19
$ vite build
vite v4.3.9 building for production...
[plugin:vite-plugin-eslint] LintOnStart is turned on, and it will check for all matching files.
transforming...
✓ 13576 modules transformed.
rendering chunks...
computing gzip size...
build/assets/svg/pin.svg                                     0.85 kB │ gzip:   0.44 kB
build/assets/svg/current.svg                                 0.96 kB │ gzip:   0.47 kB
build/index.html                                             1.00 kB │ gzip:   0.53 kB
build/assets/svg/celltower.svg                               2.73 kB │ gzip:   1.41 kB
build/assets/svg/green-plain.svg                             3.30 kB │ gzip:   1.25 kB
build/assets/svg/pointer.svg                                 3.36 kB │ gzip:   1.27 kB
build/assets/svg/pointer-green.svg                           4.26 kB │ gzip:   1.56 kB
build/assets/svg/pointer-grey.svg                            4.26 kB │ gzip:   1.56 kB
build/assets/svg/markerA.svg                                 4.71 kB │ gzip:   1.66 kB
build/assets/woff2/roboto-vietnamese-400-normal.woff2        5.56 kB
build/assets/svg/markerB.svg                                 5.70 kB │ gzip:   2.12 kB
build/assets/woff2/roboto-greek-400-normal.woff2             7.11 kB
build/assets/svg/Radio-Indoor-Icon.svg                       7.43 kB │ gzip:   1.99 kB
build/assets/woff2/roboto-cyrillic-400-normal.woff2          9.63 kB
build/assets/woff2/roboto-latin-ext-400-normal.woff2        11.87 kB
build/assets/woff2/roboto-cyrillic-ext-400-normal.woff2     15.34 kB
build/assets/woff2/roboto-latin-400-normal.woff2            15.74 kB
build/assets/woff/roboto-all-400-normal.woff                65.46 kB
build/assets/css/EdgesPanel.css                              0.06 kB │ gzip:   0.08 kB
build/assets/css/RadiosPanelNew.css                          0.22 kB │ gzip:   0.17 kB
build/assets/css/SubscribersPanel.css                        0.23 kB │ gzip:   0.17 kB
build/assets/css/SimulatorPanel.css                          0.29 kB │ gzip:   0.21 kB
build/assets/css/Calibrate.css                               0.64 kB │ gzip:   0.40 kB
build/assets/css/ReactTable.css                              1.30 kB │ gzip:   0.55 kB
build/assets/css/index.css                                   1.77 kB │ gzip:   0.77 kB
build/assets/css/Dashboard.css                               4.02 kB │ gzip:   2.01 kB
build/assets/css/EditNotes.css                              17.96 kB │ gzip:   3.16 kB
build/chunks/styled.d14db2a6.js                              0.12 kB │ gzip:   0.14 kB │ map:     0.34 kB
build/chunks/SlideUpTransition.f3212e55.js                   0.21 kB │ gzip:   0.20 kB │ map:     0.54 kB
build/chunks/QoS-service.7e788789.js                         0.26 kB │ gzip:   0.22 kB │ map:     0.80 kB
build/chunks/LightTooltip.b0a65f60.js                        0.34 kB │ gzip:   0.28 kB │ map:     1.06 kB
build/chunks/ArrowForwardIosSharp.48e0d74a.js                0.36 kB │ gzip:   0.29 kB │ map:     1.12 kB
build/chunks/hardwareInventory-service.bacc2cfa.js           0.38 kB │ gzip:   0.30 kB │ map:     1.14 kB
build/chunks/NotImplemented.273cc415.js                      0.55 kB │ gzip:   0.40 kB │ map:     1.39 kB
build/chunks/Card.287767d0.js                                0.64 kB │ gzip:   0.43 kB │ map:     4.60 kB
build/chunks/useExport.b8c13656.js                           0.66 kB │ gzip:   0.45 kB │ map:     3.00 kB
build/chunks/useInterval.87ed6bcc.js                         0.71 kB │ gzip:   0.41 kB │ map:     3.67 kB
build/chunks/TimeDateInput.3e9f6cab.js                       0.88 kB │ gzip:   0.50 kB │ map:     3.03 kB
build/chunks/LineChart.343fbc64.js                           1.05 kB │ gzip:   0.66 kB │ map:     3.88 kB
build/chunks/TabPanel.75ce7f1b.js                            1.14 kB │ gzip:   0.63 kB │ map:     4.33 kB
build/chunks/ModalDialogComponent.50f93345.js                1.28 kB │ gzip:   0.71 kB │ map:     4.53 kB
build/chunks/ModelDialogComponentNew.9a61da20.js             1.47 kB │ gzip:   0.84 kB │ map:     5.12 kB
build/chunks/index.8393218d.js                               2.05 kB │ gzip:   0.69 kB │ map:     6.13 kB
build/chunks/HealthGauge.fae39764.js                         2.37 kB │ gzip:   1.29 kB │ map:     8.47 kB
build/chunks/useSupport.97ae3e5f.js                          2.45 kB │ gzip:   1.08 kB │ map:    10.12 kB
build/chunks/Checkbox.3221d5c5.js                            2.46 kB │ gzip:   1.16 kB │ map:    13.67 kB
build/chunks/radioHelper.93122c13.js                         2.61 kB │ gzip:   1.18 kB │ map:     8.57 kB
build/chunks/AuditLog.67cf8346.js                            3.61 kB │ gzip:   1.52 kB │ map:    13.92 kB
build/chunks/Collapse.4ee4adaf.js                            3.92 kB │ gzip:   1.56 kB │ map:    19.32 kB
build/chunks/index.29eac999.js                               4.10 kB │ gzip:   1.46 kB │ map:    13.58 kB
build/chunks/Logs.9583e058.js                                4.78 kB │ gzip:   2.11 kB │ map:    19.49 kB
build/chunks/System.65b27340.js                              4.87 kB │ gzip:   2.11 kB │ map:    18.81 kB
build/chunks/AccordionSummary.209f5413.js                    5.73 kB │ gzip:   1.97 kB │ map:    27.76 kB
build/chunks/useStyles.9f218edf.js                           6.40 kB │ gzip:   2.38 kB │ map:    26.35 kB
build/chunks/web-vitals.dfcc5b9a.js                          6.98 kB │ gzip:   2.58 kB │ map:    16.56 kB
build/chunks/TablePagination.34a3e49c.js                     8.27 kB │ gzip:   3.16 kB │ map:    42.12 kB
build/chunks/NetworkStats.a9ec0c73.js                        8.90 kB │ gzip:   3.31 kB │ map:    33.00 kB
build/chunks/airspan.a5c26dfa.js                             9.48 kB │ gzip:   3.01 kB │ map:    31.00 kB
build/chunks/DnnPanel.31c743e7.js                            9.67 kB │ gzip:   3.67 kB │ map:    37.84 kB
build/chunks/setupInfo.429f3d65.js                          16.54 kB │ gzip:   5.25 kB │ map:    51.18 kB
build/chunks/SimulatorPanel.aa90429c.js                     23.59 kB │ gzip:   7.54 kB │ map:    89.49 kB
build/chunks/AdminPanel.42e116b3.js                         33.08 kB │ gzip:   8.11 kB │ map:   119.86 kB
build/chunks/ProfilePanel.622247ca.js                       35.37 kB │ gzip:   8.76 kB │ map:   136.85 kB
build/chunks/index.880bf909.js                              41.22 kB │ gzip:  10.57 kB │ map:   154.16 kB
build/chunks/AuditLogDetails.cbbf78c0.js                    41.88 kB │ gzip:  13.90 kB │ map:   315.56 kB
build/chunks/RadioForm.5def595c.js                          52.96 kB │ gzip:  14.72 kB │ map:   226.70 kB
build/chunks/Calibrate.a1a262a8.js                          71.85 kB │ gzip:  23.84 kB │ map:   252.10 kB
build/chunks/ReactTable.292fa2e8.js                         88.76 kB │ gzip:  27.05 kB │ map:   276.62 kB
build/chunks/Dashboard.d33948ad.js                          90.52 kB │ gzip:  21.81 kB │ map:   520.47 kB
build/chunks/RadiosPanelNew.faf58931.js                    146.59 kB │ gzip:  39.56 kB │ map:   567.57 kB
build/chunks/SubscribersPanel.9439f08d.js                  162.91 kB │ gzip:  53.08 kB │ map:   575.13 kB
build/chunks/EdgesPanel.f195fd78.js                        163.12 kB │ gzip:  39.73 kB │ map:   593.97 kB
build/chunks/DataGrid.8023bbf3.js                          280.40 kB │ gzip:  84.81 kB │ map: 1,359.73 kB
build/chunks/highcharts.b04004c7.js                        296.73 kB │ gzip: 106.33 kB │ map:   694.32 kB
build/chunks/EditNotes.995f90f5.js                         489.25 kB │ gzip: 132.58 kB │ map: 1,675.28 kB
build/js/index.522619d0.js                               2,140.74 kB │ gzip: 474.00 kB │ map: 5,421.37 kB

(!) Some chunks are larger than 1000 kBs after minification. Consider:
- Using dynamic import() to code-split the application
- Use build.rollupOptions.output.manualChunks to improve chunking: https://rollupjs.org/configuration-options/#output-manualchunks
- Adjust chunk size limit for this warning via build.chunkSizeWarningLimit.
✓ built in 1m 55s
Done in 116.97s.
Compilation done...
Complete at Mon Jul 31 02:32:00 AM EDT 2023
\n ************************************************** \n
Compiling at Mon Jul 31 07:30:00 AM EDT 2023
Pulling latest changes from Git...
From https://github.com/Highway9-Networks/h9-saas
   2100a763b..f5790613b  main                    -> origin/main
 * [new branch]          Add_PodName_To_Log      -> origin/Add_PodName_To_Log
   6ebb18453..bad3719bc  private/abhagwat        -> origin/private/abhagwat
   985ad08a5..4c5c2d22b  private/akshay-33       -> origin/private/akshay-33
   fc3d7a81f..e8e8cc537  private/dileep/FixingIssues_04_07_23 -> origin/private/dileep/FixingIssues_04_07_23
 * [new branch]          surya_mocnDP_rename_prom_variables -> origin/surya_mocnDP_rename_prom_variables
   0cb7990b1..7126c380a  xpJain/changes          -> origin/xpJain/changes
   67f95ddc5..956f10cec  xpJain/ptp-sync-profile -> origin/xpJain/ptp-sync-profile
Updating 2100a763b..f5790613b
Fast-forward
 common/adapters/airspan/airspan.go                 |   8 +
 common/adapters/airspan/airspanApi.go              |  56 +-
 common/adapters/airspan/airspanConfig.go           |   6 +-
 common/adapters/airspan/airspanUtils.go            |  30 +
 common/adapters/radioCommon/BaseRadioManager.go    |  10 +
 .../adapters/radioCommon/radioManagerInstance.go   |   2 +
 common/common.mk                                   |   4 +-
 common/tests/airspan/airspan_test.go               |  15 +
 orch/orch-api/apihandler/RadiosRestHandler.go      |   4 +-
 .../services/radioService/radioService.go          |  16 +
 orch/orch-ui/src/components/TextResources.jsx      |   8 +-
 orch/orch-ui/src/components/Utils.jsx              |  12 +-
 .../CarrierGateway/CarrierGatewayEdgeInfo.jsx      |   2 +-
 .../views/edges/CarrierGateway/ConnectedRadios.jsx |   3 +-
 .../views/edges/Operator/OperatorCoreConfig.jsx    |   2 +-
 .../views/edges/Operator/OperatorDetailsDialog.jsx |   2 +-
 .../views/edges/Operator/OperatorRadioDialog.tsx   |   4 +-
 .../src/views/profiles/aaa/AAAServerProfile.jsx    |   3 +
 .../views/profiles/mobility/MobilityProfiles.jsx   |   3 +
 .../src/views/profiles/monitoring/Monitoring.jsx   |   3 +
 .../views/profiles/syncprofile/SyncProfiles.tsx    |   5 +-
 .../src/views/radios/RadioMobilitySetup.jsx        |  14 +-
 orch/orch-ui/src/views/radios/RadioSummary.tsx     |  78 +-
 saas/saas-ui/src/views/order/H9EdgeOrderDialog.jsx | 811 +++++++++++----------
 24 files changed, 633 insertions(+), 468 deletions(-)
Compiling the orch UI code...
Deleting build...
Folder build deleted.
Folder A is unchanged.
yarn
yarn install v1.22.19
[1/4] Resolving packages...
success Already up-to-date.
Done in 0.61s.
yarn run build
yarn run v1.22.19
$ vite build
vite v4.3.9 building for production...
[plugin:vite-plugin-eslint] LintOnStart is turned on, and it will check for all matching files.
transforming...
✓ 13576 modules transformed.
rendering chunks...
computing gzip size...
build/assets/svg/pin.svg                                     0.85 kB │ gzip:   0.44 kB
build/assets/svg/current.svg                                 0.96 kB │ gzip:   0.47 kB
build/index.html                                             1.00 kB │ gzip:   0.53 kB
build/assets/svg/celltower.svg                               2.73 kB │ gzip:   1.41 kB
build/assets/svg/green-plain.svg                             3.30 kB │ gzip:   1.25 kB
build/assets/svg/pointer.svg                                 3.36 kB │ gzip:   1.27 kB
build/assets/svg/pointer-green.svg                           4.26 kB │ gzip:   1.56 kB
build/assets/svg/pointer-grey.svg                            4.26 kB │ gzip:   1.56 kB
build/assets/svg/markerA.svg                                 4.71 kB │ gzip:   1.66 kB
build/assets/woff2/roboto-vietnamese-400-normal.woff2        5.56 kB
build/assets/svg/markerB.svg                                 5.70 kB │ gzip:   2.12 kB
build/assets/woff2/roboto-greek-400-normal.woff2             7.11 kB
build/assets/svg/Radio-Indoor-Icon.svg                       7.43 kB │ gzip:   1.99 kB
build/assets/woff2/roboto-cyrillic-400-normal.woff2          9.63 kB
build/assets/woff2/roboto-latin-ext-400-normal.woff2        11.87 kB
build/assets/woff2/roboto-cyrillic-ext-400-normal.woff2     15.34 kB
build/assets/woff2/roboto-latin-400-normal.woff2            15.74 kB
build/assets/woff/roboto-all-400-normal.woff                65.46 kB
build/assets/css/EdgesPanel.css                              0.06 kB │ gzip:   0.08 kB
build/assets/css/RadiosPanelNew.css                          0.22 kB │ gzip:   0.17 kB
build/assets/css/SubscribersPanel.css                        0.23 kB │ gzip:   0.17 kB
build/assets/css/SimulatorPanel.css                          0.29 kB │ gzip:   0.21 kB
build/assets/css/Calibrate.css                               0.64 kB │ gzip:   0.40 kB
build/assets/css/ReactTable.css                              1.30 kB │ gzip:   0.55 kB
build/assets/css/index.css                                   1.77 kB │ gzip:   0.77 kB
build/assets/css/Dashboard.css                               4.02 kB │ gzip:   2.01 kB
build/assets/css/EditNotes.css                              17.96 kB │ gzip:   3.16 kB
build/chunks/styled.9047538e.js                              0.12 kB │ gzip:   0.14 kB │ map:     0.34 kB
build/chunks/SlideUpTransition.033faf47.js                   0.21 kB │ gzip:   0.19 kB │ map:     0.54 kB
build/chunks/QoS-service.ed11f722.js                         0.26 kB │ gzip:   0.22 kB │ map:     0.80 kB
build/chunks/LightTooltip.1467c8f8.js                        0.34 kB │ gzip:   0.28 kB │ map:     1.06 kB
build/chunks/ArrowForwardIosSharp.5077e84f.js                0.36 kB │ gzip:   0.29 kB │ map:     1.12 kB
build/chunks/hardwareInventory-service.9ac0fa6b.js           0.38 kB │ gzip:   0.30 kB │ map:     1.14 kB
build/chunks/NotImplemented.d0425a96.js                      0.55 kB │ gzip:   0.40 kB │ map:     1.39 kB
build/chunks/Card.36563ffa.js                                0.64 kB │ gzip:   0.43 kB │ map:     4.60 kB
build/chunks/useExport.b864cd9b.js                           0.66 kB │ gzip:   0.45 kB │ map:     3.00 kB
build/chunks/useInterval.2772c16c.js                         0.71 kB │ gzip:   0.41 kB │ map:     3.67 kB
build/chunks/TimeDateInput.8d7b4f87.js                       0.88 kB │ gzip:   0.50 kB │ map:     3.03 kB
build/chunks/LineChart.ae1faa72.js                           1.05 kB │ gzip:   0.66 kB │ map:     3.88 kB
build/chunks/TabPanel.9a4a876e.js                            1.14 kB │ gzip:   0.63 kB │ map:     4.33 kB
build/chunks/ModalDialogComponent.10973650.js                1.28 kB │ gzip:   0.71 kB │ map:     4.53 kB
build/chunks/ModelDialogComponentNew.3e152d84.js             1.47 kB │ gzip:   0.84 kB │ map:     5.12 kB
build/chunks/index.4db219e4.js                               2.05 kB │ gzip:   0.69 kB │ map:     6.13 kB
build/chunks/HealthGauge.15c32dce.js                         2.37 kB │ gzip:   1.29 kB │ map:     8.47 kB
build/chunks/useSupport.c7dfdbbb.js                          2.45 kB │ gzip:   1.08 kB │ map:    10.12 kB
build/chunks/Checkbox.e49624c5.js                            2.46 kB │ gzip:   1.16 kB │ map:    13.67 kB
build/chunks/radioHelper.03d5f7bf.js                         2.61 kB │ gzip:   1.18 kB │ map:     8.57 kB
build/chunks/AuditLog.f2863046.js                            3.61 kB │ gzip:   1.52 kB │ map:    13.92 kB
build/chunks/Collapse.f26dfcd1.js                            3.92 kB │ gzip:   1.56 kB │ map:    19.32 kB
build/chunks/index.a578b831.js                               4.10 kB │ gzip:   1.46 kB │ map:    13.58 kB
build/chunks/Logs.1eedda93.js                                4.78 kB │ gzip:   2.11 kB │ map:    19.49 kB
build/chunks/System.26432518.js                              4.87 kB │ gzip:   2.11 kB │ map:    18.81 kB
build/chunks/AccordionSummary.d08fdbfc.js                    5.73 kB │ gzip:   1.96 kB │ map:    27.76 kB
build/chunks/useStyles.355959a1.js                           6.40 kB │ gzip:   2.38 kB │ map:    26.35 kB
build/chunks/web-vitals.dfcc5b9a.js                          6.98 kB │ gzip:   2.58 kB │ map:    16.56 kB
build/chunks/TablePagination.31344aa2.js                     8.27 kB │ gzip:   3.16 kB │ map:    42.12 kB
build/chunks/NetworkStats.035a7a1a.js                        8.90 kB │ gzip:   3.30 kB │ map:    32.99 kB
build/chunks/airspan.036bedec.js                             9.48 kB │ gzip:   3.01 kB │ map:    31.00 kB
build/chunks/DnnPanel.9844483e.js                            9.67 kB │ gzip:   3.67 kB │ map:    37.84 kB
build/chunks/setupInfo.6e178300.js                          16.54 kB │ gzip:   5.25 kB │ map:    51.18 kB
build/chunks/SimulatorPanel.19b683e0.js                     23.59 kB │ gzip:   7.56 kB │ map:    89.49 kB
build/chunks/AdminPanel.72fe98bc.js                         33.08 kB │ gzip:   8.12 kB │ map:   119.86 kB
build/chunks/ProfilePanel.dfb74824.js                       35.71 kB │ gzip:   8.83 kB │ map:   137.80 kB
build/chunks/index.eb68a047.js                              41.22 kB │ gzip:  10.57 kB │ map:   154.16 kB
build/chunks/AuditLogDetails.c4434772.js                    41.88 kB │ gzip:  13.90 kB │ map:   315.56 kB
build/chunks/RadioForm.defe1755.js                          53.07 kB │ gzip:  14.73 kB │ map:   227.00 kB
build/chunks/Calibrate.4777197c.js                          71.85 kB │ gzip:  23.84 kB │ map:   252.10 kB
build/chunks/ReactTable.97baa44d.js                         88.76 kB │ gzip:  27.05 kB │ map:   276.62 kB
build/chunks/Dashboard.9a83f88d.js                          90.52 kB │ gzip:  21.81 kB │ map:   520.47 kB
build/chunks/RadiosPanelNew.da1a3919.js                    146.63 kB │ gzip:  39.58 kB │ map:   567.91 kB
build/chunks/SubscribersPanel.bd484a2f.js                  162.91 kB │ gzip:  53.08 kB │ map:   575.13 kB
build/chunks/EdgesPanel.4c979651.js                        163.20 kB │ gzip:  39.78 kB │ map:   594.17 kB
build/chunks/DataGrid.bc315613.js                          280.40 kB │ gzip:  84.81 kB │ map: 1,359.73 kB
build/chunks/highcharts.10caf24a.js                        296.73 kB │ gzip: 106.33 kB │ map:   694.32 kB
build/chunks/EditNotes.5f7c5aac.js                         489.25 kB │ gzip: 132.58 kB │ map: 1,675.28 kB
build/js/index.e21b1746.js                               2,140.77 kB │ gzip: 474.02 kB │ map: 5,421.64 kB

(!) Some chunks are larger than 1000 kBs after minification. Consider:
- Using dynamic import() to code-split the application
- Use build.rollupOptions.output.manualChunks to improve chunking: https://rollupjs.org/configuration-options/#output-manualchunks
- Adjust chunk size limit for this warning via build.chunkSizeWarningLimit.
✓ built in 1m 56s
Done in 118.08s.
Compilation done...
Complete at Mon Jul 31 07:32:01 AM EDT 2023
\n ************************************************** \n
Compiling at Mon Jul 31 10:30:00 AM EDT 2023
Pulling latest changes from Git...
From https://github.com/Highway9-Networks/h9-saas
 + fd6d23ed5...c2b9c4021 Add_PodName_To_Log -> origin/Add_PodName_To_Log  (forced update)
   7d3dd7c39..f5790613b  balaji/pwsrestart  -> origin/balaji/pwsrestart
   4c5c2d22b..88348f0ee  private/akshay-33  -> origin/private/akshay-33
   e8e8cc537..8c09a0e01  private/dileep/FixingIssues_04_07_23 -> origin/private/dileep/FixingIssues_04_07_23
 * [new branch]          private/omkar/issue-9891 -> origin/private/omkar/issue-9891
   93f1f57e5..6563e91d9  vikram_mem         -> origin/vikram_mem
Already up to date.
Compiling the orch UI code...
Deleting build...
Folder build deleted.
Folder A is unchanged.
yarn
yarn install v1.22.19
[1/4] Resolving packages...
success Already up-to-date.
Done in 0.50s.
yarn run build
yarn run v1.22.19
$ vite build
vite v4.3.9 building for production...
[plugin:vite-plugin-eslint] LintOnStart is turned on, and it will check for all matching files.
transforming...
✓ 13576 modules transformed.
rendering chunks...
computing gzip size...
build/assets/svg/pin.svg                                     0.85 kB │ gzip:   0.44 kB
build/assets/svg/current.svg                                 0.96 kB │ gzip:   0.47 kB
build/index.html                                             1.00 kB │ gzip:   0.53 kB
build/assets/svg/celltower.svg                               2.73 kB │ gzip:   1.41 kB
build/assets/svg/green-plain.svg                             3.30 kB │ gzip:   1.25 kB
build/assets/svg/pointer.svg                                 3.36 kB │ gzip:   1.27 kB
build/assets/svg/pointer-green.svg                           4.26 kB │ gzip:   1.56 kB
build/assets/svg/pointer-grey.svg                            4.26 kB │ gzip:   1.56 kB
build/assets/svg/markerA.svg                                 4.71 kB │ gzip:   1.66 kB
build/assets/woff2/roboto-vietnamese-400-normal.woff2        5.56 kB
build/assets/svg/markerB.svg                                 5.70 kB │ gzip:   2.12 kB
build/assets/woff2/roboto-greek-400-normal.woff2             7.11 kB
build/assets/svg/Radio-Indoor-Icon.svg                       7.43 kB │ gzip:   1.99 kB
build/assets/woff2/roboto-cyrillic-400-normal.woff2          9.63 kB
build/assets/woff2/roboto-latin-ext-400-normal.woff2        11.87 kB
build/assets/woff2/roboto-cyrillic-ext-400-normal.woff2     15.34 kB
build/assets/woff2/roboto-latin-400-normal.woff2            15.74 kB
build/assets/woff/roboto-all-400-normal.woff                65.46 kB
build/assets/css/EdgesPanel.css                              0.06 kB │ gzip:   0.08 kB
build/assets/css/RadiosPanelNew.css                          0.22 kB │ gzip:   0.17 kB
build/assets/css/SubscribersPanel.css                        0.23 kB │ gzip:   0.17 kB
build/assets/css/SimulatorPanel.css                          0.29 kB │ gzip:   0.21 kB
build/assets/css/Calibrate.css                               0.64 kB │ gzip:   0.40 kB
build/assets/css/ReactTable.css                              1.30 kB │ gzip:   0.55 kB
build/assets/css/index.css                                   1.77 kB │ gzip:   0.77 kB
build/assets/css/Dashboard.css                               4.02 kB │ gzip:   2.01 kB
build/assets/css/EditNotes.css                              17.96 kB │ gzip:   3.16 kB
build/chunks/styled.9047538e.js                              0.12 kB │ gzip:   0.14 kB │ map:     0.34 kB
build/chunks/SlideUpTransition.033faf47.js                   0.21 kB │ gzip:   0.19 kB │ map:     0.54 kB
build/chunks/QoS-service.ed11f722.js                         0.26 kB │ gzip:   0.22 kB │ map:     0.80 kB
build/chunks/LightTooltip.1467c8f8.js                        0.34 kB │ gzip:   0.28 kB │ map:     1.06 kB
build/chunks/ArrowForwardIosSharp.5077e84f.js                0.36 kB │ gzip:   0.29 kB │ map:     1.12 kB
build/chunks/hardwareInventory-service.9ac0fa6b.js           0.38 kB │ gzip:   0.30 kB │ map:     1.14 kB
build/chunks/NotImplemented.d0425a96.js                      0.55 kB │ gzip:   0.40 kB │ map:     1.39 kB
build/chunks/Card.36563ffa.js                                0.64 kB │ gzip:   0.43 kB │ map:     4.60 kB
build/chunks/useExport.b864cd9b.js                           0.66 kB │ gzip:   0.45 kB │ map:     3.00 kB
build/chunks/useInterval.2772c16c.js                         0.71 kB │ gzip:   0.41 kB │ map:     3.67 kB
build/chunks/TimeDateInput.8d7b4f87.js                       0.88 kB │ gzip:   0.50 kB │ map:     3.03 kB
build/chunks/LineChart.ae1faa72.js                           1.05 kB │ gzip:   0.66 kB │ map:     3.88 kB
build/chunks/TabPanel.9a4a876e.js                            1.14 kB │ gzip:   0.63 kB │ map:     4.33 kB
build/chunks/ModalDialogComponent.10973650.js                1.28 kB │ gzip:   0.71 kB │ map:     4.53 kB
build/chunks/ModelDialogComponentNew.3e152d84.js             1.47 kB │ gzip:   0.84 kB │ map:     5.12 kB
build/chunks/index.4db219e4.js                               2.05 kB │ gzip:   0.69 kB │ map:     6.13 kB
build/chunks/HealthGauge.15c32dce.js                         2.37 kB │ gzip:   1.29 kB │ map:     8.47 kB
build/chunks/useSupport.c7dfdbbb.js                          2.45 kB │ gzip:   1.08 kB │ map:    10.12 kB
build/chunks/Checkbox.e49624c5.js                            2.46 kB │ gzip:   1.16 kB │ map:    13.67 kB
build/chunks/radioHelper.03d5f7bf.js                         2.61 kB │ gzip:   1.18 kB │ map:     8.57 kB
build/chunks/AuditLog.f2863046.js                            3.61 kB │ gzip:   1.52 kB │ map:    13.92 kB
build/chunks/Collapse.f26dfcd1.js                            3.92 kB │ gzip:   1.56 kB │ map:    19.32 kB
build/chunks/index.a578b831.js                               4.10 kB │ gzip:   1.46 kB │ map:    13.58 kB
build/chunks/Logs.1eedda93.js                                4.78 kB │ gzip:   2.11 kB │ map:    19.49 kB
build/chunks/System.26432518.js                              4.87 kB │ gzip:   2.11 kB │ map:    18.81 kB
build/chunks/AccordionSummary.d08fdbfc.js                    5.73 kB │ gzip:   1.96 kB │ map:    27.76 kB
build/chunks/useStyles.355959a1.js                           6.40 kB │ gzip:   2.38 kB │ map:    26.35 kB
build/chunks/web-vitals.dfcc5b9a.js                          6.98 kB │ gzip:   2.58 kB │ map:    16.56 kB
build/chunks/TablePagination.31344aa2.js                     8.27 kB │ gzip:   3.16 kB │ map:    42.12 kB
build/chunks/NetworkStats.035a7a1a.js                        8.90 kB │ gzip:   3.30 kB │ map:    32.99 kB
build/chunks/airspan.036bedec.js                             9.48 kB │ gzip:   3.01 kB │ map:    31.00 kB
build/chunks/DnnPanel.9844483e.js                            9.67 kB │ gzip:   3.67 kB │ map:    37.84 kB
build/chunks/setupInfo.6e178300.js                          16.54 kB │ gzip:   5.25 kB │ map:    51.18 kB
build/chunks/SimulatorPanel.19b683e0.js                     23.59 kB │ gzip:   7.56 kB │ map:    89.49 kB
build/chunks/AdminPanel.72fe98bc.js                         33.08 kB │ gzip:   8.12 kB │ map:   119.86 kB
build/chunks/ProfilePanel.dfb74824.js                       35.71 kB │ gzip:   8.83 kB │ map:   137.80 kB
build/chunks/index.eb68a047.js                              41.22 kB │ gzip:  10.57 kB │ map:   154.16 kB
build/chunks/AuditLogDetails.c4434772.js                    41.88 kB │ gzip:  13.90 kB │ map:   315.56 kB
build/chunks/RadioForm.defe1755.js                          53.07 kB │ gzip:  14.73 kB │ map:   227.00 kB
build/chunks/Calibrate.4777197c.js                          71.85 kB │ gzip:  23.84 kB │ map:   252.10 kB
build/chunks/ReactTable.97baa44d.js                         88.76 kB │ gzip:  27.05 kB │ map:   276.62 kB
build/chunks/Dashboard.9a83f88d.js                          90.52 kB │ gzip:  21.81 kB │ map:   520.47 kB
build/chunks/RadiosPanelNew.da1a3919.js                    146.63 kB │ gzip:  39.58 kB │ map:   567.91 kB
build/chunks/SubscribersPanel.bd484a2f.js                  162.91 kB │ gzip:  53.08 kB │ map:   575.13 kB
build/chunks/EdgesPanel.4c979651.js                        163.20 kB │ gzip:  39.78 kB │ map:   594.17 kB
build/chunks/DataGrid.bc315613.js                          280.40 kB │ gzip:  84.81 kB │ map: 1,359.73 kB
build/chunks/highcharts.10caf24a.js                        296.73 kB │ gzip: 106.33 kB │ map:   694.32 kB
build/chunks/EditNotes.5f7c5aac.js                         489.25 kB │ gzip: 132.58 kB │ map: 1,675.28 kB
build/js/index.e21b1746.js                               2,140.77 kB │ gzip: 474.02 kB │ map: 5,421.64 kB

(!) Some chunks are larger than 1000 kBs after minification. Consider:
- Using dynamic import() to code-split the application
- Use build.rollupOptions.output.manualChunks to improve chunking: https://rollupjs.org/configuration-options/#output-manualchunks
- Adjust chunk size limit for this warning via build.chunkSizeWarningLimit.
✓ built in 1m 52s
Done in 113.64s.
Compilation done...
Complete at Mon Jul 31 10:31:57 AM EDT 2023
\n ************************************************** \n
Compiling at Tue Aug  1 02:30:00 AM EDT 2023
Pulling latest changes from Git...
From https://github.com/Highway9-Networks/h9-saas
   f5790613b..24b37a7e6  main                  -> origin/main
 + c2b9c4021...b080c1a59 Add_PodName_To_Log    -> origin/Add_PodName_To_Log  (forced update)
 * [new branch]          AuditDiffOnCsp        -> origin/AuditDiffOnCsp
 * [new branch]          fix/Carrier_Radio_UI  -> origin/fix/Carrier_Radio_UI
   bad3719bc..55788dbd0  private/abhagwat      -> origin/private/abhagwat
   88348f0ee..bd48f0c91  private/akshay-33     -> origin/private/akshay-33
   87fb8b774..364d5cdef  private/akshay-new-35 -> origin/private/akshay-new-35
   6563e91d9..0a81c8caa  vikram_mem            -> origin/vikram_mem
Updating f5790613b..24b37a7e6
Fast-forward
 common/adapters/airspan/airspan.go                 |   4 +
 common/adapters/airspan/airspanConfig.go           |  34 +-
 common/adapters/airspan/airspanMobility.go         |  99 ++----
 common/adapters/radioCommon/BaseRadioManager.go    |   5 +
 common/adapters/radioCommon/radioCommon.go         |   8 +
 .../adapters/radioCommon/radioManagerInstance.go   |   1 +
 common/common.mk                                   |   4 +-
 orch/orch-api/apihandler/MnoOperatorHandler.go     |   9 +
 .../orch-api/apihandler/MnoOperatorRadioHandler.go |  55 ++-
 orch/orch-api/apihandler/RadiosRestHandler.go      |   6 +-
 orch/orch-common/db/dbMnoConnectedDevices.go       |  24 ++
 .../swagger/definitions/MnoConnectedRadios.yaml    |   1 +
 .../swagger/definitions/MnoOperatorRadio.yaml      |  11 +
 orch/orch-common/utils/radioUtils.go               |  50 +--
 .../mnoOperatorService/mnoOperatorRadioService.go  |  57 +--
 .../services/radioService/radioService.go          |  61 +++-
 orch/orch-ui/src/components/Logs.jsx               |   4 +-
 orch/orch-ui/src/components/TextResources.jsx      |   3 +-
 orch/orch-ui/src/services/operator-service.ts      |   4 +-
 .../src/store/context/OperatorRAdioSlice.ts        |   4 +-
 orch/orch-ui/src/types/OperatorQuery.ts            |  16 +
 orch/orch-ui/src/views/edges/EdgeEdit.jsx          |   4 +-
 .../views/edges/Operator/OperatorRadioDialog.tsx   | 389 ++++++++++++++-------
 23 files changed, 572 insertions(+), 281 deletions(-)
Compiling the orch UI code...
Deleting build...
Folder build deleted.
Folder A is unchanged.
yarn
yarn install v1.22.19
[1/4] Resolving packages...
success Already up-to-date.
Done in 0.62s.
yarn run build
yarn run v1.22.19
$ vite build
vite v4.3.9 building for production...
[plugin:vite-plugin-eslint] LintOnStart is turned on, and it will check for all matching files.
transforming...
✓ 13576 modules transformed.
rendering chunks...
computing gzip size...
build/assets/svg/pin.svg                                     0.85 kB │ gzip:   0.44 kB
build/assets/svg/current.svg                                 0.96 kB │ gzip:   0.47 kB
build/index.html                                             1.00 kB │ gzip:   0.53 kB
build/assets/svg/celltower.svg                               2.73 kB │ gzip:   1.41 kB
build/assets/svg/green-plain.svg                             3.30 kB │ gzip:   1.25 kB
build/assets/svg/pointer.svg                                 3.36 kB │ gzip:   1.27 kB
build/assets/svg/pointer-green.svg                           4.26 kB │ gzip:   1.56 kB
build/assets/svg/pointer-grey.svg                            4.26 kB │ gzip:   1.56 kB
build/assets/svg/markerA.svg                                 4.71 kB │ gzip:   1.66 kB
build/assets/woff2/roboto-vietnamese-400-normal.woff2        5.56 kB
build/assets/svg/markerB.svg                                 5.70 kB │ gzip:   2.12 kB
build/assets/woff2/roboto-greek-400-normal.woff2             7.11 kB
build/assets/svg/Radio-Indoor-Icon.svg                       7.43 kB │ gzip:   1.99 kB
build/assets/woff2/roboto-cyrillic-400-normal.woff2          9.63 kB
build/assets/woff2/roboto-latin-ext-400-normal.woff2        11.87 kB
build/assets/woff2/roboto-cyrillic-ext-400-normal.woff2     15.34 kB
build/assets/woff2/roboto-latin-400-normal.woff2            15.74 kB
build/assets/woff/roboto-all-400-normal.woff                65.46 kB
build/assets/css/EdgesPanel.css                              0.06 kB │ gzip:   0.08 kB
build/assets/css/RadiosPanelNew.css                          0.22 kB │ gzip:   0.17 kB
build/assets/css/SubscribersPanel.css                        0.23 kB │ gzip:   0.17 kB
build/assets/css/SimulatorPanel.css                          0.29 kB │ gzip:   0.21 kB
build/assets/css/Calibrate.css                               0.64 kB │ gzip:   0.40 kB
build/assets/css/ReactTable.css                              1.30 kB │ gzip:   0.55 kB
build/assets/css/index.css                                   1.77 kB │ gzip:   0.77 kB
build/assets/css/Dashboard.css                               4.02 kB │ gzip:   2.01 kB
build/assets/css/EditNotes.css                              17.96 kB │ gzip:   3.16 kB
build/chunks/styled.1f64513b.js                              0.12 kB │ gzip:   0.14 kB │ map:     0.34 kB
build/chunks/SlideUpTransition.de03a962.js                   0.21 kB │ gzip:   0.20 kB │ map:     0.54 kB
build/chunks/QoS-service.7827d966.js                         0.26 kB │ gzip:   0.22 kB │ map:     0.80 kB
build/chunks/LightTooltip.814732c6.js                        0.34 kB │ gzip:   0.29 kB │ map:     1.06 kB
build/chunks/ArrowForwardIosSharp.308a618a.js                0.36 kB │ gzip:   0.29 kB │ map:     1.12 kB
build/chunks/hardwareInventory-service.f74c6ed7.js           0.38 kB │ gzip:   0.30 kB │ map:     1.14 kB
build/chunks/NotImplemented.922eeada.js                      0.55 kB │ gzip:   0.40 kB │ map:     1.39 kB
build/chunks/Card.add83e5c.js                                0.64 kB │ gzip:   0.43 kB │ map:     4.60 kB
build/chunks/useExport.bf4f2d91.js                           0.66 kB │ gzip:   0.45 kB │ map:     3.00 kB
build/chunks/useInterval.943c2220.js                         0.71 kB │ gzip:   0.41 kB │ map:     3.67 kB
build/chunks/TimeDateInput.30ed6e14.js                       0.88 kB │ gzip:   0.50 kB │ map:     3.03 kB
build/chunks/LineChart.1d39b331.js                           1.05 kB │ gzip:   0.66 kB │ map:     3.88 kB
build/chunks/TabPanel.981e966a.js                            1.14 kB │ gzip:   0.63 kB │ map:     4.33 kB
build/chunks/ModalDialogComponent.a83127cc.js                1.28 kB │ gzip:   0.71 kB │ map:     4.53 kB
build/chunks/ModelDialogComponentNew.df702ff9.js             1.47 kB │ gzip:   0.84 kB │ map:     5.12 kB
build/chunks/index.dfe80f9e.js                               2.05 kB │ gzip:   0.69 kB │ map:     6.13 kB
build/chunks/HealthGauge.46c0a75c.js                         2.37 kB │ gzip:   1.29 kB │ map:     8.47 kB
build/chunks/useSupport.ad83a4cc.js                          2.45 kB │ gzip:   1.08 kB │ map:    10.12 kB
build/chunks/Checkbox.479f4dae.js                            2.46 kB │ gzip:   1.16 kB │ map:    13.67 kB
build/chunks/radioHelper.c4c0fb7a.js                         2.61 kB │ gzip:   1.18 kB │ map:     8.57 kB
build/chunks/AuditLog.8af6130a.js                            3.61 kB │ gzip:   1.52 kB │ map:    13.92 kB
build/chunks/Collapse.79fb7d98.js                            3.92 kB │ gzip:   1.56 kB │ map:    19.32 kB
build/chunks/index.342f8385.js                               4.10 kB │ gzip:   1.46 kB │ map:    13.58 kB
build/chunks/Logs.9c026157.js                                4.78 kB │ gzip:   2.12 kB │ map:    19.51 kB
build/chunks/System.5d576834.js                              4.87 kB │ gzip:   2.11 kB │ map:    18.81 kB
build/chunks/AccordionSummary.ba0a097f.js                    5.73 kB │ gzip:   1.96 kB │ map:    27.76 kB
build/chunks/useStyles.eae5a6e6.js                           6.40 kB │ gzip:   2.38 kB │ map:    26.35 kB
build/chunks/web-vitals.dfcc5b9a.js                          6.98 kB │ gzip:   2.58 kB │ map:    16.56 kB
build/chunks/TablePagination.87a05e60.js                     8.27 kB │ gzip:   3.16 kB │ map:    42.12 kB
build/chunks/NetworkStats.0740dc3e.js                        8.90 kB │ gzip:   3.31 kB │ map:    32.99 kB
build/chunks/airspan.8285f517.js                             9.48 kB │ gzip:   3.01 kB │ map:    31.00 kB
build/chunks/DnnPanel.aebd2be9.js                            9.67 kB │ gzip:   3.67 kB │ map:    37.84 kB
build/chunks/setupInfo.a7a8c30a.js                          16.54 kB │ gzip:   5.25 kB │ map:    51.18 kB
build/chunks/SimulatorPanel.94d1914d.js                     23.59 kB │ gzip:   7.55 kB │ map:    89.49 kB
build/chunks/AdminPanel.381bf717.js                         33.08 kB │ gzip:   8.11 kB │ map:   119.86 kB
build/chunks/ProfilePanel.df92049d.js                       35.71 kB │ gzip:   8.83 kB │ map:   137.80 kB
build/chunks/index.e1ee0c5e.js                              41.22 kB │ gzip:  10.57 kB │ map:   154.16 kB
build/chunks/AuditLogDetails.669fba23.js                    41.88 kB │ gzip:  13.90 kB │ map:   315.56 kB
build/chunks/RadioForm.fb821c2a.js                          53.07 kB │ gzip:  14.73 kB │ map:   227.00 kB
build/chunks/Calibrate.3e29b393.js                          71.85 kB │ gzip:  23.84 kB │ map:   252.10 kB
build/chunks/ReactTable.333521a6.js                         88.76 kB │ gzip:  27.05 kB │ map:   276.62 kB
build/chunks/Dashboard.d0c21bfc.js                          90.52 kB │ gzip:  21.81 kB │ map:   520.47 kB
build/chunks/RadiosPanelNew.9c003f48.js                    146.63 kB │ gzip:  39.57 kB │ map:   567.91 kB
build/chunks/SubscribersPanel.ca2935bf.js                  162.91 kB │ gzip:  53.08 kB │ map:   575.13 kB
build/chunks/EdgesPanel.c60e005e.js                        165.16 kB │ gzip:  40.10 kB │ map:   602.02 kB
build/chunks/DataGrid.36f43a08.js                          280.40 kB │ gzip:  84.81 kB │ map: 1,359.73 kB
build/chunks/highcharts.92a9b5f3.js                        296.73 kB │ gzip: 106.33 kB │ map:   694.32 kB
build/chunks/EditNotes.71e9694e.js                         489.25 kB │ gzip: 132.58 kB │ map: 1,675.28 kB
build/js/index.22640698.js                               2,140.80 kB │ gzip: 474.03 kB │ map: 5,421.75 kB

(!) Some chunks are larger than 1000 kBs after minification. Consider:
- Using dynamic import() to code-split the application
- Use build.rollupOptions.output.manualChunks to improve chunking: https://rollupjs.org/configuration-options/#output-manualchunks
- Adjust chunk size limit for this warning via build.chunkSizeWarningLimit.
✓ built in 1m 52s
Done in 113.60s.
Compilation done...
Complete at Tue Aug  1 02:31:59 AM EDT 2023
\n ************************************************** \n
Compiling at Tue Aug  1 07:30:01 AM EDT 2023
Pulling latest changes from Git...
From https://github.com/Highway9-Networks/h9-saas
   24b37a7e6..dde746bcc  main              -> origin/main
   55788dbd0..179e9d670  private/abhagwat  -> origin/private/abhagwat
   cb2cb8fe3..9a6d4808f  private/abhagwat-release -> origin/private/abhagwat-release
   bd48f0c91..5d51d5c34  private/akshay-33 -> origin/private/akshay-33
   7529e0810..3abe578ad  private/ankita/mobility-fixes -> origin/private/ankita/mobility-fixes
   8c09a0e01..27b7c85f1  private/dileep/FixingIssues_04_07_23 -> origin/private/dileep/FixingIssues_04_07_23
   0a81c8caa..d59978815  vikram_mem        -> origin/vikram_mem
   7126c380a..3dbc3aa50  xpJain/changes    -> origin/xpJain/changes
Updating 24b37a7e6..dde746bcc
Fast-forward
 common/common.mk                                   |   4 +-
 .../grpchandler/scripts/configureIpsecCerts.py     |  28 ++++--
 .../scripts/edge-scripts/activate_agw.sh           |  29 +++++-
 .../services/radioService/radioService.go          |  28 +++---
 orch/orch-ui/src/components/GraphicalResources.tsx |   4 +-
 orch/orch-ui/src/components/Logs.jsx               |   2 +-
 orch/orch-ui/src/components/TextResources.jsx      |   1 +
 orch/orch-ui/src/constants/routes.ts               |   2 +-
 orch/orch-ui/src/helpers/fetchConfig.ts            |   2 +
 orch/orch-ui/src/services/operation-service.ts     |   7 +-
 orch/orch-ui/src/services/operator-service.ts      |   9 +-
 orch/orch-ui/src/store/context/radioSlice.ts       |   8 +-
 orch/orch-ui/src/styles/theme.ts                   |   3 +
 .../orch-ui/src/views/adminstration/AdminPanel.tsx |   2 +-
 .../src/views/adminstration/Tabs/AccessConfig.jsx  |  90 ++++++++---------
 .../src/views/adminstration/Tabs/ApiToken.jsx      |  96 +++++++++---------
 .../src/views/adminstration/Tabs/CACert.jsx        |  90 ++++++++---------
 .../src/views/adminstration/Tabs/System.jsx        |  55 +++++------
 .../edges/CarrierGateway/ConnectedEdgeDevices.jsx  |   2 +-
 .../views/edges/CarrierGateway/ConnectedRadios.jsx |   4 +
 .../src/views/edges/Edit/EdgeCertConfig.tsx        |  33 -------
 orch/orch-ui/src/views/edges/Edit/EdgeForm.tsx     |   8 +-
 orch/orch-ui/src/views/edges/Edit/EdgeGeneral.tsx  |  25 +----
 orch/orch-ui/src/views/edges/Edit/EdgeSecurity.tsx |  65 ++++++++++++
 .../edges/Operator/OperatorCellAndFrequency.tsx    | 109 ++++++++-------------
 .../src/views/edges/Operator/OperatorDetails.jsx   |   9 +-
 .../views/edges/Operator/OperatorDetailsDialog.jsx |   5 +-
 .../views/edges/Operator/OperatorRadioDialog.tsx   |  84 ++++++++++++++--
 orch/orch-ui/src/views/radios/useRadioExport.tsx   |  42 ++++----
 orch/orch-ui/src/views/radios/useRadioToolbar.tsx  |   7 +-
 30 files changed, 458 insertions(+), 395 deletions(-)
 delete mode 100644 orch/orch-ui/src/views/edges/Edit/EdgeCertConfig.tsx
 create mode 100644 orch/orch-ui/src/views/edges/Edit/EdgeSecurity.tsx
Compiling the orch UI code...
Deleting build...
Folder build deleted.
Folder A is unchanged.
yarn
yarn install v1.22.19
[1/4] Resolving packages...
success Already up-to-date.
Done in 0.49s.
yarn run build
yarn run v1.22.19
$ vite build
vite v4.3.9 building for production...
[plugin:vite-plugin-eslint] LintOnStart is turned on, and it will check for all matching files.
transforming...
✓ 13576 modules transformed.
rendering chunks...
computing gzip size...
build/assets/svg/pin.svg                                     0.85 kB │ gzip:   0.44 kB
build/assets/svg/current.svg                                 0.96 kB │ gzip:   0.47 kB
build/index.html                                             1.00 kB │ gzip:   0.53 kB
build/assets/svg/celltower.svg                               2.73 kB │ gzip:   1.41 kB
build/assets/svg/green-plain.svg                             3.30 kB │ gzip:   1.25 kB
build/assets/svg/pointer.svg                                 3.36 kB │ gzip:   1.27 kB
build/assets/svg/pointer-green.svg                           4.26 kB │ gzip:   1.56 kB
build/assets/svg/pointer-grey.svg                            4.26 kB │ gzip:   1.56 kB
build/assets/svg/markerA.svg                                 4.71 kB │ gzip:   1.66 kB
build/assets/woff2/roboto-vietnamese-400-normal.woff2        5.56 kB
build/assets/svg/markerB.svg                                 5.70 kB │ gzip:   2.12 kB
build/assets/woff2/roboto-greek-400-normal.woff2             7.11 kB
build/assets/svg/Radio-Indoor-Icon.svg                       7.43 kB │ gzip:   1.99 kB
build/assets/woff2/roboto-cyrillic-400-normal.woff2          9.63 kB
build/assets/woff2/roboto-latin-ext-400-normal.woff2        11.87 kB
build/assets/woff2/roboto-cyrillic-ext-400-normal.woff2     15.34 kB
build/assets/woff2/roboto-latin-400-normal.woff2            15.74 kB
build/assets/woff/roboto-all-400-normal.woff                65.46 kB
build/assets/css/EdgesPanel.css                              0.06 kB │ gzip:   0.08 kB
build/assets/css/RadiosPanelNew.css                          0.22 kB │ gzip:   0.17 kB
build/assets/css/SubscribersPanel.css                        0.23 kB │ gzip:   0.17 kB
build/assets/css/SimulatorPanel.css                          0.29 kB │ gzip:   0.21 kB
build/assets/css/Calibrate.css                               0.64 kB │ gzip:   0.40 kB
build/assets/css/ReactTable.css                              1.30 kB │ gzip:   0.55 kB
build/assets/css/index.css                                   1.77 kB │ gzip:   0.77 kB
build/assets/css/Dashboard.css                               4.02 kB │ gzip:   2.01 kB
build/assets/css/EditNotes.css                              17.96 kB │ gzip:   3.16 kB
build/chunks/styled.559e5bf2.js                              0.12 kB │ gzip:   0.14 kB │ map:     0.34 kB
build/chunks/SlideUpTransition.a2f321bb.js                   0.21 kB │ gzip:   0.20 kB │ map:     0.54 kB
build/chunks/QoS-service.7cd41db9.js                         0.26 kB │ gzip:   0.22 kB │ map:     0.80 kB
build/chunks/LightTooltip.555809d2.js                        0.34 kB │ gzip:   0.28 kB │ map:     1.06 kB
build/chunks/ArrowForwardIosSharp.fec7facc.js                0.36 kB │ gzip:   0.29 kB │ map:     1.12 kB
build/chunks/hardwareInventory-service.a0945020.js           0.38 kB │ gzip:   0.30 kB │ map:     1.14 kB
build/chunks/NotImplemented.e8c08b51.js                      0.55 kB │ gzip:   0.40 kB │ map:     1.39 kB
build/chunks/Card.da8286cf.js                                0.64 kB │ gzip:   0.43 kB │ map:     4.60 kB
build/chunks/useExport.3fdb5b46.js                           0.66 kB │ gzip:   0.45 kB │ map:     3.00 kB
build/chunks/useInterval.2c247f34.js                         0.71 kB │ gzip:   0.41 kB │ map:     3.67 kB
build/chunks/TimeDateInput.557a331e.js                       0.88 kB │ gzip:   0.50 kB │ map:     3.03 kB
build/chunks/LineChart.45863a2e.js                           1.05 kB │ gzip:   0.66 kB │ map:     3.88 kB
build/chunks/TabPanel.45bb05a9.js                            1.14 kB │ gzip:   0.63 kB │ map:     4.33 kB
build/chunks/ModalDialogComponent.5146f6b3.js                1.28 kB │ gzip:   0.71 kB │ map:     4.53 kB
build/chunks/ModelDialogComponentNew.d94122cb.js             1.47 kB │ gzip:   0.84 kB │ map:     5.12 kB
build/chunks/index.e0632cd9.js                               2.05 kB │ gzip:   0.69 kB │ map:     6.13 kB
build/chunks/HealthGauge.5f051005.js                         2.37 kB │ gzip:   1.29 kB │ map:     8.47 kB
build/chunks/useSupport.f544fd8e.js                          2.45 kB │ gzip:   1.08 kB │ map:    10.12 kB
build/chunks/Checkbox.07080209.js                            2.46 kB │ gzip:   1.16 kB │ map:    13.67 kB
build/chunks/radioHelper.f9103f5d.js                         2.61 kB │ gzip:   1.18 kB │ map:     8.57 kB
build/chunks/AuditLog.0f0ce502.js                            3.61 kB │ gzip:   1.52 kB │ map:    13.92 kB
build/chunks/Collapse.0a531c72.js                            3.92 kB │ gzip:   1.56 kB │ map:    19.32 kB
build/chunks/index.ccf15e44.js                               4.10 kB │ gzip:   1.46 kB │ map:    13.58 kB
build/chunks/System.da329ed2.js                              4.53 kB │ gzip:   2.01 kB │ map:    17.85 kB
build/chunks/Logs.80fe49f1.js                                4.79 kB │ gzip:   2.12 kB │ map:    19.53 kB
build/chunks/AccordionSummary.34828b61.js                    5.73 kB │ gzip:   1.97 kB │ map:    27.76 kB
build/chunks/useStyles.9c3745f1.js                           6.40 kB │ gzip:   2.38 kB │ map:    26.35 kB
build/chunks/web-vitals.dfcc5b9a.js                          6.98 kB │ gzip:   2.58 kB │ map:    16.56 kB
build/chunks/TablePagination.099b99a3.js                     8.27 kB │ gzip:   3.16 kB │ map:    42.12 kB
build/chunks/NetworkStats.a8aa95e0.js                        8.90 kB │ gzip:   3.31 kB │ map:    32.99 kB
build/chunks/airspan.80e1d91e.js                             9.48 kB │ gzip:   3.01 kB │ map:    31.00 kB
build/chunks/DnnPanel.fb4bbe92.js                            9.67 kB │ gzip:   3.67 kB │ map:    37.84 kB
build/chunks/setupInfo.83726882.js                          16.54 kB │ gzip:   5.25 kB │ map:    51.18 kB
build/chunks/SimulatorPanel.71c9b6f4.js                     23.59 kB │ gzip:   7.55 kB │ map:    89.49 kB
build/chunks/AdminPanel.61d54f12.js                         32.24 kB │ gzip:   8.03 kB │ map:   116.95 kB
build/chunks/ProfilePanel.c84598d6.js                       35.71 kB │ gzip:   8.83 kB │ map:   137.80 kB
build/chunks/index.f7f7f7fc.js                              41.22 kB │ gzip:  10.57 kB │ map:   154.16 kB
build/chunks/AuditLogDetails.0a6df829.js                    41.88 kB │ gzip:  13.90 kB │ map:   315.56 kB
build/chunks/RadioForm.36e25ba1.js                          53.07 kB │ gzip:  14.74 kB │ map:   227.00 kB
build/chunks/Calibrate.7280f3b5.js                          71.85 kB │ gzip:  23.84 kB │ map:   252.10 kB
build/chunks/ReactTable.15d96804.js                         88.76 kB │ gzip:  27.06 kB │ map:   276.62 kB
build/chunks/Dashboard.bd733e6a.js                          90.52 kB │ gzip:  21.81 kB │ map:   520.47 kB
build/chunks/RadiosPanelNew.9fc38c65.js                    146.58 kB │ gzip:  39.55 kB │ map:   567.43 kB
build/chunks/SubscribersPanel.fa21d05a.js                  162.91 kB │ gzip:  53.08 kB │ map:   575.13 kB
build/chunks/EdgesPanel.114ef6c3.js                        166.23 kB │ gzip:  40.41 kB │ map:   606.08 kB
build/chunks/DataGrid.bb6a7163.js                          280.40 kB │ gzip:  84.81 kB │ map: 1,359.73 kB
build/chunks/highcharts.9b33b605.js                        296.73 kB │ gzip: 106.33 kB │ map:   694.32 kB
build/chunks/EditNotes.df5eb95a.js                         489.25 kB │ gzip: 132.58 kB │ map: 1,675.28 kB
build/js/index.d7822564.js                               2,141.05 kB │ gzip: 474.10 kB │ map: 5,422.53 kB

(!) Some chunks are larger than 1000 kBs after minification. Consider:
- Using dynamic import() to code-split the application
- Use build.rollupOptions.output.manualChunks to improve chunking: https://rollupjs.org/configuration-options/#output-manualchunks
- Adjust chunk size limit for this warning via build.chunkSizeWarningLimit.
✓ built in 1m 50s
Done in 111.94s.
Compilation done...
Complete at Tue Aug  1 07:31:56 AM EDT 2023
\n ************************************************** \n
Compiling at Tue Aug  1 10:30:01 AM EDT 2023
Pulling latest changes from Git...
From https://github.com/Highway9-Networks/h9-saas
   dde746bcc..31d2a4fdb  main                -> origin/main
   f5790613b..949720c55  balaji/pwsrestart   -> origin/balaji/pwsrestart
   fe8ad74a2..dd18f8903  feature/ushiva_new  -> origin/feature/ushiva_new
   b30403c62..9fedb6a52  main-release        -> origin/main-release
   179e9d670..17ce531a7  private/abhagwat    -> origin/private/abhagwat
   5d51d5c34..04a74a5ed  private/akshay-33   -> origin/private/akshay-33
   27b7c85f1..c91ace1eb  private/dileep/FixingIssues_04_07_23 -> origin/private/dileep/FixingIssues_04_07_23
 * [new branch]          private/girish/1aug -> origin/private/girish/1aug
 * [new branch]          surya_9888_mocn_throughput_issue -> origin/surya_9888_mocn_throughput_issue
Updating dde746bcc..31d2a4fdb
Fast-forward
 common/adapters/airspan/airspanConfig.go           |  12 +-
 common/adapters/airspan/airspanKpi.go              |  28 +-
 common/common.mk                                   |   6 +-
 common/metrics/metrics.go                          |  28 +-
 .../mocngw/tasks/config/mocn_state_client.cc       | 632 ++++++++++-----------
 .../mocngw/mocngw/tasks/config/mocn_state_client.h |  86 ++-
 .../mocngw/mocngw/tasks/network/network.c          |  19 +-
 .../mocngw/mocngw/tasks/vmc_sync/vmc_sync.c        |  10 +-
 .../mocngw_datapath/mocn_datapathd/h9_ofc_app.py   |   2 +
 .../mocn_datapathd/mocn_datapathd.yml              |   2 +-
 orch/gcp.mk                                        |   4 +-
 .../services/radioService/radioService.go          |   3 +
 .../edges/CarrierGateway/ConnectedEdgeDevices.jsx  |   9 +-
 orch/orch-ui/src/views/edges/graphs/KPIList.ts     |   4 +-
 orch/orch-ui/src/views/radios/Graphs/airspan.ts    |  10 +-
 orch/orch-ui/src/views/radios/KPIList.ts           |  28 +-
 16 files changed, 468 insertions(+), 415 deletions(-)
Compiling the orch UI code...
Deleting build...
Folder build deleted.
Folder A is unchanged.
yarn
yarn install v1.22.19
[1/4] Resolving packages...
success Already up-to-date.
Done in 0.64s.
yarn run build
yarn run v1.22.19
$ vite build
vite v4.3.9 building for production...
[plugin:vite-plugin-eslint] LintOnStart is turned on, and it will check for all matching files.
transforming...
✓ 13576 modules transformed.
rendering chunks...
computing gzip size...
build/assets/svg/pin.svg                                     0.85 kB │ gzip:   0.44 kB
build/assets/svg/current.svg                                 0.96 kB │ gzip:   0.47 kB
build/index.html                                             1.00 kB │ gzip:   0.53 kB
build/assets/svg/celltower.svg                               2.73 kB │ gzip:   1.41 kB
build/assets/svg/green-plain.svg                             3.30 kB │ gzip:   1.25 kB
build/assets/svg/pointer.svg                                 3.36 kB │ gzip:   1.27 kB
build/assets/svg/pointer-green.svg                           4.26 kB │ gzip:   1.56 kB
build/assets/svg/pointer-grey.svg                            4.26 kB │ gzip:   1.56 kB
build/assets/svg/markerA.svg                                 4.71 kB │ gzip:   1.66 kB
build/assets/woff2/roboto-vietnamese-400-normal.woff2        5.56 kB
build/assets/svg/markerB.svg                                 5.70 kB │ gzip:   2.12 kB
build/assets/woff2/roboto-greek-400-normal.woff2             7.11 kB
build/assets/svg/Radio-Indoor-Icon.svg                       7.43 kB │ gzip:   1.99 kB
build/assets/woff2/roboto-cyrillic-400-normal.woff2          9.63 kB
build/assets/woff2/roboto-latin-ext-400-normal.woff2        11.87 kB
build/assets/woff2/roboto-cyrillic-ext-400-normal.woff2     15.34 kB
build/assets/woff2/roboto-latin-400-normal.woff2            15.74 kB
build/assets/woff/roboto-all-400-normal.woff                65.46 kB
build/assets/css/EdgesPanel.css                              0.06 kB │ gzip:   0.08 kB
build/assets/css/RadiosPanelNew.css                          0.22 kB │ gzip:   0.17 kB
build/assets/css/SubscribersPanel.css                        0.23 kB │ gzip:   0.17 kB
build/assets/css/SimulatorPanel.css                          0.29 kB │ gzip:   0.21 kB
build/assets/css/Calibrate.css                               0.64 kB │ gzip:   0.40 kB
build/assets/css/ReactTable.css                              1.30 kB │ gzip:   0.55 kB
build/assets/css/index.css                                   1.77 kB │ gzip:   0.77 kB
build/assets/css/Dashboard.css                               4.02 kB │ gzip:   2.01 kB
build/assets/css/EditNotes.css                              17.96 kB │ gzip:   3.16 kB
build/chunks/styled.d5c7ab13.js                              0.12 kB │ gzip:   0.13 kB │ map:     0.34 kB
build/chunks/SlideUpTransition.cf418da5.js                   0.21 kB │ gzip:   0.19 kB │ map:     0.54 kB
build/chunks/QoS-service.b6d272d7.js                         0.26 kB │ gzip:   0.22 kB │ map:     0.80 kB
build/chunks/LightTooltip.6e47cf3a.js                        0.34 kB │ gzip:   0.28 kB │ map:     1.06 kB
build/chunks/ArrowForwardIosSharp.82c9e61f.js                0.36 kB │ gzip:   0.29 kB │ map:     1.12 kB
build/chunks/hardwareInventory-service.d70f01f1.js           0.38 kB │ gzip:   0.30 kB │ map:     1.14 kB
build/chunks/NotImplemented.1396eb18.js                      0.55 kB │ gzip:   0.40 kB │ map:     1.39 kB
build/chunks/Card.e1301102.js                                0.64 kB │ gzip:   0.43 kB │ map:     4.60 kB
build/chunks/useExport.f27d2f78.js                           0.66 kB │ gzip:   0.45 kB │ map:     3.00 kB
build/chunks/useInterval.32eda43a.js                         0.71 kB │ gzip:   0.41 kB │ map:     3.67 kB
build/chunks/TimeDateInput.267e38b3.js                       0.88 kB │ gzip:   0.50 kB │ map:     3.03 kB
build/chunks/LineChart.8e38f504.js                           1.05 kB │ gzip:   0.66 kB │ map:     3.88 kB
build/chunks/TabPanel.4629c76b.js                            1.14 kB │ gzip:   0.63 kB │ map:     4.33 kB
build/chunks/ModalDialogComponent.e58332cb.js                1.28 kB │ gzip:   0.70 kB │ map:     4.53 kB
build/chunks/ModelDialogComponentNew.d489c716.js             1.47 kB │ gzip:   0.84 kB │ map:     5.12 kB
build/chunks/index.ae871fd7.js                               2.05 kB │ gzip:   0.69 kB │ map:     6.13 kB
build/chunks/HealthGauge.3bf53ad8.js                         2.37 kB │ gzip:   1.29 kB │ map:     8.47 kB
build/chunks/useSupport.2019ffba.js                          2.45 kB │ gzip:   1.08 kB │ map:    10.12 kB
build/chunks/Checkbox.d063805b.js                            2.46 kB │ gzip:   1.16 kB │ map:    13.67 kB
build/chunks/radioHelper.f88e46a6.js                         2.61 kB │ gzip:   1.18 kB │ map:     8.57 kB
build/chunks/AuditLog.999ffcfe.js                            3.61 kB │ gzip:   1.52 kB │ map:    13.92 kB
build/chunks/Collapse.da4bb493.js                            3.92 kB │ gzip:   1.56 kB │ map:    19.32 kB
build/chunks/index.3477f9a6.js                               4.10 kB │ gzip:   1.46 kB │ map:    13.58 kB
build/chunks/System.9e07131d.js                              4.53 kB │ gzip:   2.00 kB │ map:    17.85 kB
build/chunks/Logs.a960416e.js                                4.79 kB │ gzip:   2.12 kB │ map:    19.53 kB
build/chunks/AccordionSummary.d470e7e1.js                    5.73 kB │ gzip:   1.97 kB │ map:    27.76 kB
build/chunks/useStyles.a0fd86f2.js                           6.40 kB │ gzip:   2.38 kB │ map:    26.35 kB
build/chunks/web-vitals.dfcc5b9a.js                          6.98 kB │ gzip:   2.58 kB │ map:    16.56 kB
build/chunks/TablePagination.4d6f5408.js                     8.27 kB │ gzip:   3.16 kB │ map:    42.12 kB
build/chunks/NetworkStats.5f638a27.js                        8.90 kB │ gzip:   3.31 kB │ map:    32.99 kB
build/chunks/airspan.d44da2d8.js                             9.41 kB │ gzip:   3.01 kB │ map:    30.87 kB
build/chunks/DnnPanel.7033a8a5.js                            9.67 kB │ gzip:   3.67 kB │ map:    37.84 kB
build/chunks/setupInfo.6c3e1820.js                          16.54 kB │ gzip:   5.25 kB │ map:    51.18 kB
build/chunks/SimulatorPanel.b001534e.js                     23.59 kB │ gzip:   7.55 kB │ map:    89.49 kB
build/chunks/AdminPanel.1eaa4955.js                         32.24 kB │ gzip:   8.02 kB │ map:   116.95 kB
build/chunks/ProfilePanel.5e8d37f8.js                       35.71 kB │ gzip:   8.82 kB │ map:   137.80 kB
build/chunks/index.24464b42.js                              41.22 kB │ gzip:  10.58 kB │ map:   154.16 kB
build/chunks/AuditLogDetails.4bf7d7ed.js                    41.88 kB │ gzip:  13.90 kB │ map:   315.56 kB
build/chunks/RadioForm.2ca8851d.js                          53.07 kB │ gzip:  14.73 kB │ map:   227.00 kB
build/chunks/Calibrate.a28c5195.js                          71.85 kB │ gzip:  23.84 kB │ map:   252.10 kB
build/chunks/ReactTable.30d252a3.js                         88.76 kB │ gzip:  27.05 kB │ map:   276.62 kB
build/chunks/Dashboard.d325ace6.js                          90.52 kB │ gzip:  21.81 kB │ map:   520.47 kB
build/chunks/RadiosPanelNew.e739603a.js                    146.58 kB │ gzip:  39.55 kB │ map:   567.43 kB
build/chunks/SubscribersPanel.c9637813.js                  162.91 kB │ gzip:  53.08 kB │ map:   575.13 kB
build/chunks/EdgesPanel.1b10ced2.js                        166.21 kB │ gzip:  40.39 kB │ map:   606.02 kB
build/chunks/DataGrid.b1f8a33c.js                          280.40 kB │ gzip:  84.81 kB │ map: 1,359.73 kB
build/chunks/highcharts.dfa47584.js                        296.73 kB │ gzip: 106.33 kB │ map:   694.32 kB
build/chunks/EditNotes.27c95250.js                         489.25 kB │ gzip: 132.58 kB │ map: 1,675.28 kB
build/js/index.d5b7cf7d.js                               2,141.05 kB │ gzip: 474.11 kB │ map: 5,422.53 kB

(!) Some chunks are larger than 1000 kBs after minification. Consider:
- Using dynamic import() to code-split the application
- Use build.rollupOptions.output.manualChunks to improve chunking: https://rollupjs.org/configuration-options/#output-manualchunks
- Adjust chunk size limit for this warning via build.chunkSizeWarningLimit.
✓ built in 1m 57s
Done in 118.67s.
Compilation done...
Complete at Tue Aug  1 10:32:04 AM EDT 2023
\n ************************************************** \n
Compiling at Wed Aug  2 02:30:01 AM EDT 2023
Pulling latest changes from Git...
From https://github.com/Highway9-Networks/h9-saas
   31d2a4fdb..a8fa77534  main                    -> origin/main
 * [new branch]          9885_edg_upgrd_demo     -> origin/9885_edg_upgrd_demo
   949720c55..6c8ba8788  balaji/pwsrestart       -> origin/balaji/pwsrestart
   9fedb6a52..b75558ce7  main-release            -> origin/main-release
 * [new branch]          nidhi/releaseFix        -> origin/nidhi/releaseFix
   9a6d4808f..e020e3349  private/abhagwat-release -> origin/private/abhagwat-release
   04a74a5ed..f6192f2d8  private/akshay-33       -> origin/private/akshay-33
 * [new branch]          private/akshi/new_issue -> origin/private/akshi/new_issue
   c91ace1eb..5017c0785  private/dileep/FixingIssues_04_07_23 -> origin/private/dileep/FixingIssues_04_07_23
   d59978815..7046c1bf0  vikram_mem              -> origin/vikram_mem
   3dbc3aa50..a8fa77534  xpJain/changes          -> origin/xpJain/changes
Updating 31d2a4fdb..a8fa77534
Fast-forward
 common/adapters/airspan/airspanMobility.go         | 78 +++++++++----------
 common/common.mk                                   | 10 +--
 .../tasks/nas/emm/msg/TrackingAreaUpdateRequest.c  | 15 ++++
 .../tasks/nas/emm/msg/TrackingAreaUpdateRequest.h  |  5 ++
 .../mocngw/mocngw/tasks/network/network.c          | 13 +++-
 .../mocngw/mocngw/tasks/s1ap/s1ap_dummy.c          |  9 ++-
 orch/orch-api/apihandler/MnoOperatorHandler.go     | 18 ++++-
 .../grpchandler/carriergwStateSyncHandler.go       | 87 +++++++++++-----------
 orch/orch-common/db/dbMnoConnectedDevices.go       |  4 +-
 saas/saas-api/apihandler/ServiceInstance.go        |  4 +
 10 files changed, 150 insertions(+), 93 deletions(-)
Compiling the orch UI code...
Deleting build...
Folder build deleted.
Folder A is unchanged.
yarn
yarn install v1.22.19
[1/4] Resolving packages...
success Already up-to-date.
Done in 0.61s.
yarn run build
yarn run v1.22.19
$ vite build
vite v4.3.9 building for production...
[plugin:vite-plugin-eslint] LintOnStart is turned on, and it will check for all matching files.
transforming...
✓ 13576 modules transformed.
rendering chunks...
computing gzip size...
build/assets/svg/pin.svg                                     0.85 kB │ gzip:   0.44 kB
build/assets/svg/current.svg                                 0.96 kB │ gzip:   0.47 kB
build/index.html                                             1.00 kB │ gzip:   0.53 kB
build/assets/svg/celltower.svg                               2.73 kB │ gzip:   1.41 kB
build/assets/svg/green-plain.svg                             3.30 kB │ gzip:   1.25 kB
build/assets/svg/pointer.svg                                 3.36 kB │ gzip:   1.27 kB
build/assets/svg/pointer-green.svg                           4.26 kB │ gzip:   1.56 kB
build/assets/svg/pointer-grey.svg                            4.26 kB │ gzip:   1.56 kB
build/assets/svg/markerA.svg                                 4.71 kB │ gzip:   1.66 kB
build/assets/woff2/roboto-vietnamese-400-normal.woff2        5.56 kB
build/assets/svg/markerB.svg                                 5.70 kB │ gzip:   2.12 kB
build/assets/woff2/roboto-greek-400-normal.woff2             7.11 kB
build/assets/svg/Radio-Indoor-Icon.svg                       7.43 kB │ gzip:   1.99 kB
build/assets/woff2/roboto-cyrillic-400-normal.woff2          9.63 kB
build/assets/woff2/roboto-latin-ext-400-normal.woff2        11.87 kB
build/assets/woff2/roboto-cyrillic-ext-400-normal.woff2     15.34 kB
build/assets/woff2/roboto-latin-400-normal.woff2            15.74 kB
build/assets/woff/roboto-all-400-normal.woff                65.46 kB
build/assets/css/EdgesPanel.css                              0.06 kB │ gzip:   0.08 kB
build/assets/css/RadiosPanelNew.css                          0.22 kB │ gzip:   0.17 kB
build/assets/css/SubscribersPanel.css                        0.23 kB │ gzip:   0.17 kB
build/assets/css/SimulatorPanel.css                          0.29 kB │ gzip:   0.21 kB
build/assets/css/Calibrate.css                               0.64 kB │ gzip:   0.40 kB
build/assets/css/ReactTable.css                              1.30 kB │ gzip:   0.55 kB
build/assets/css/index.css                                   1.77 kB │ gzip:   0.77 kB
build/assets/css/Dashboard.css                               4.02 kB │ gzip:   2.01 kB
build/assets/css/EditNotes.css                              17.96 kB │ gzip:   3.16 kB
build/chunks/styled.d5c7ab13.js                              0.12 kB │ gzip:   0.13 kB │ map:     0.34 kB
build/chunks/SlideUpTransition.cf418da5.js                   0.21 kB │ gzip:   0.19 kB │ map:     0.54 kB
build/chunks/QoS-service.b6d272d7.js                         0.26 kB │ gzip:   0.22 kB │ map:     0.80 kB
build/chunks/LightTooltip.6e47cf3a.js                        0.34 kB │ gzip:   0.28 kB │ map:     1.06 kB
build/chunks/ArrowForwardIosSharp.82c9e61f.js                0.36 kB │ gzip:   0.29 kB │ map:     1.12 kB
build/chunks/hardwareInventory-service.d70f01f1.js           0.38 kB │ gzip:   0.30 kB │ map:     1.14 kB
build/chunks/NotImplemented.1396eb18.js                      0.55 kB │ gzip:   0.40 kB │ map:     1.39 kB
build/chunks/Card.e1301102.js                                0.64 kB │ gzip:   0.43 kB │ map:     4.60 kB
build/chunks/useExport.f27d2f78.js                           0.66 kB │ gzip:   0.45 kB │ map:     3.00 kB
build/chunks/useInterval.32eda43a.js                         0.71 kB │ gzip:   0.41 kB │ map:     3.67 kB
build/chunks/TimeDateInput.267e38b3.js                       0.88 kB │ gzip:   0.50 kB │ map:     3.03 kB
build/chunks/LineChart.8e38f504.js                           1.05 kB │ gzip:   0.66 kB │ map:     3.88 kB
build/chunks/TabPanel.4629c76b.js                            1.14 kB │ gzip:   0.63 kB │ map:     4.33 kB
build/chunks/ModalDialogComponent.e58332cb.js                1.28 kB │ gzip:   0.70 kB │ map:     4.53 kB
build/chunks/ModelDialogComponentNew.d489c716.js             1.47 kB │ gzip:   0.84 kB │ map:     5.12 kB
build/chunks/index.ae871fd7.js                               2.05 kB │ gzip:   0.69 kB │ map:     6.13 kB
build/chunks/HealthGauge.3bf53ad8.js                         2.37 kB │ gzip:   1.29 kB │ map:     8.47 kB
build/chunks/useSupport.2019ffba.js                          2.45 kB │ gzip:   1.08 kB │ map:    10.12 kB
build/chunks/Checkbox.d063805b.js                            2.46 kB │ gzip:   1.16 kB │ map:    13.67 kB
build/chunks/radioHelper.f88e46a6.js                         2.61 kB │ gzip:   1.18 kB │ map:     8.57 kB
build/chunks/AuditLog.999ffcfe.js                            3.61 kB │ gzip:   1.52 kB │ map:    13.92 kB
build/chunks/Collapse.da4bb493.js                            3.92 kB │ gzip:   1.56 kB │ map:    19.32 kB
build/chunks/index.3477f9a6.js                               4.10 kB │ gzip:   1.46 kB │ map:    13.58 kB
build/chunks/System.9e07131d.js                              4.53 kB │ gzip:   2.00 kB │ map:    17.85 kB
build/chunks/Logs.a960416e.js                                4.79 kB │ gzip:   2.12 kB │ map:    19.53 kB
build/chunks/AccordionSummary.d470e7e1.js                    5.73 kB │ gzip:   1.97 kB │ map:    27.76 kB
build/chunks/useStyles.a0fd86f2.js                           6.40 kB │ gzip:   2.38 kB │ map:    26.35 kB
build/chunks/web-vitals.dfcc5b9a.js                          6.98 kB │ gzip:   2.58 kB │ map:    16.56 kB
build/chunks/TablePagination.4d6f5408.js                     8.27 kB │ gzip:   3.16 kB │ map:    42.12 kB
build/chunks/NetworkStats.5f638a27.js                        8.90 kB │ gzip:   3.31 kB │ map:    32.99 kB
build/chunks/airspan.d44da2d8.js                             9.41 kB │ gzip:   3.01 kB │ map:    30.87 kB
build/chunks/DnnPanel.7033a8a5.js                            9.67 kB │ gzip:   3.67 kB │ map:    37.84 kB
build/chunks/setupInfo.6c3e1820.js                          16.54 kB │ gzip:   5.25 kB │ map:    51.18 kB
build/chunks/SimulatorPanel.b001534e.js                     23.59 kB │ gzip:   7.55 kB │ map:    89.49 kB
build/chunks/AdminPanel.1eaa4955.js                         32.24 kB │ gzip:   8.02 kB │ map:   116.95 kB
build/chunks/ProfilePanel.5e8d37f8.js                       35.71 kB │ gzip:   8.82 kB │ map:   137.80 kB
build/chunks/index.24464b42.js                              41.22 kB │ gzip:  10.58 kB │ map:   154.16 kB
build/chunks/AuditLogDetails.4bf7d7ed.js                    41.88 kB │ gzip:  13.90 kB │ map:   315.56 kB
build/chunks/RadioForm.2ca8851d.js                          53.07 kB │ gzip:  14.73 kB │ map:   227.00 kB
build/chunks/Calibrate.a28c5195.js                          71.85 kB │ gzip:  23.84 kB │ map:   252.10 kB
build/chunks/ReactTable.30d252a3.js                         88.76 kB │ gzip:  27.05 kB │ map:   276.62 kB
build/chunks/Dashboard.d325ace6.js                          90.52 kB │ gzip:  21.81 kB │ map:   520.47 kB
build/chunks/RadiosPanelNew.e739603a.js                    146.58 kB │ gzip:  39.55 kB │ map:   567.43 kB
build/chunks/SubscribersPanel.c9637813.js                  162.91 kB │ gzip:  53.08 kB │ map:   575.13 kB
build/chunks/EdgesPanel.1b10ced2.js                        166.21 kB │ gzip:  40.39 kB │ map:   606.02 kB
build/chunks/DataGrid.b1f8a33c.js                          280.40 kB │ gzip:  84.81 kB │ map: 1,359.73 kB
build/chunks/highcharts.dfa47584.js                        296.73 kB │ gzip: 106.33 kB │ map:   694.32 kB
build/chunks/EditNotes.27c95250.js                         489.25 kB │ gzip: 132.58 kB │ map: 1,675.28 kB
build/js/index.d5b7cf7d.js                               2,141.05 kB │ gzip: 474.11 kB │ map: 5,422.53 kB

(!) Some chunks are larger than 1000 kBs after minification. Consider:
- Using dynamic import() to code-split the application
- Use build.rollupOptions.output.manualChunks to improve chunking: https://rollupjs.org/configuration-options/#output-manualchunks
- Adjust chunk size limit for this warning via build.chunkSizeWarningLimit.
✓ built in 1m 53s
Done in 115.47s.
Compilation done...
Complete at Wed Aug  2 02:32:00 AM EDT 2023
\n ************************************************** \n
Compiling at Wed Aug  2 07:30:00 AM EDT 2023
Pulling latest changes from Git...
From https://github.com/Highway9-Networks/h9-saas
   a8fa77534..1ad524ea7  main                    -> origin/main
 * [new branch]          fix/RadioLocation_Error -> origin/fix/RadioLocation_Error
   70c35c0aa..b519678e5  nidhi/releaseFix        -> origin/nidhi/releaseFix
 * [new branch]          patch-neighbour         -> origin/patch-neighbour
   f6192f2d8..c9a87c25a  private/akshay-33       -> origin/private/akshay-33
   5017c0785..02085de2f  private/dileep/FixingIssues_04_07_23 -> origin/private/dileep/FixingIssues_04_07_23
 * [new branch]          validate_release_Acl    -> origin/validate_release_Acl
   a8fa77534..24810a062  xpJain/changes          -> origin/xpJain/changes
Updating a8fa77534..1ad524ea7
Fast-forward
 common/common.mk                                   |   4 +-
 orch/orch-api/apihandler/RadiosRestHandler.go      |   2 +-
 .../swagger-api/swagger/definitions/Radio.yaml     |   8 +-
 .../services/radioService/radioConfigSync.go       |  30 +-
 .../services/radioService/radioEciManagement.go    |  29 ++
 .../services/radioService/radioService.go          |   4 +-
 orch/orch-ui/src/helpers/fetchConfig.ts            |   3 +-
 orch/orch-ui/src/types/radio.ts                    |   2 +-
 .../src/views/adminstration/Tabs/AccessConfig.jsx  |   1 +
 .../src/views/adminstration/Tabs/ApiToken.jsx      |   1 +
 .../src/views/adminstration/Tabs/CACert.jsx        |   1 +
 .../src/views/adminstration/Tabs/System.jsx        |   1 +
 orch/orch-ui/src/views/audit/AuditLog.tsx          |  75 ++-
 .../views/edges/Operator/OperatorRadioDialog.tsx   |  15 +-
 .../src/views/profiles/aaa/AAAServerProfile.jsx    |   1 +
 .../views/profiles/mobility/MobilityProfiles.jsx   |   7 +-
 .../src/views/profiles/monitoring/Monitoring.jsx   |   1 +
 .../views/profiles/syncprofile/SyncProfiles.tsx    |  19 +-
 .../src/views/radios/Edit/CellNFrequency.tsx       |  31 +-
 orch/orch-ui/src/views/radios/Edit/RadioForm.tsx   |   3 +-
 orch/orch-ui/src/views/radios/RadioInstallInfo.jsx | 437 ----------------
 orch/orch-ui/src/views/radios/RadioInstallInfo.tsx | 572 +++++++++++++++++++++
 orch/orch-ui/src/views/vmz/QOSProfile/index.jsx    |   1 +
 .../src/views/vmz/policies/PoliciesPanel.jsx       |   1 +
 24 files changed, 738 insertions(+), 511 deletions(-)
 delete mode 100644 orch/orch-ui/src/views/radios/RadioInstallInfo.jsx
 create mode 100644 orch/orch-ui/src/views/radios/RadioInstallInfo.tsx
Compiling the orch UI code...
Deleting build...
Folder build deleted.
Folder A is unchanged.
yarn
yarn install v1.22.19
[1/4] Resolving packages...
success Already up-to-date.
Done in 0.70s.
yarn run build
yarn run v1.22.19
$ vite build
vite v4.3.9 building for production...
[plugin:vite-plugin-eslint] LintOnStart is turned on, and it will check for all matching files.
transforming...
✓ 13576 modules transformed.
rendering chunks...
computing gzip size...
build/assets/svg/pin.svg                                     0.85 kB │ gzip:   0.44 kB
build/assets/svg/current.svg                                 0.96 kB │ gzip:   0.47 kB
build/index.html                                             1.00 kB │ gzip:   0.53 kB
build/assets/svg/celltower.svg                               2.73 kB │ gzip:   1.41 kB
build/assets/svg/green-plain.svg                             3.30 kB │ gzip:   1.25 kB
build/assets/svg/pointer.svg                                 3.36 kB │ gzip:   1.27 kB
build/assets/svg/pointer-green.svg                           4.26 kB │ gzip:   1.56 kB
build/assets/svg/pointer-grey.svg                            4.26 kB │ gzip:   1.56 kB
build/assets/svg/markerA.svg                                 4.71 kB │ gzip:   1.66 kB
build/assets/woff2/roboto-vietnamese-400-normal.woff2        5.56 kB
build/assets/svg/markerB.svg                                 5.70 kB │ gzip:   2.12 kB
build/assets/woff2/roboto-greek-400-normal.woff2             7.11 kB
build/assets/svg/Radio-Indoor-Icon.svg                       7.43 kB │ gzip:   1.99 kB
build/assets/woff2/roboto-cyrillic-400-normal.woff2          9.63 kB
build/assets/woff2/roboto-latin-ext-400-normal.woff2        11.87 kB
build/assets/woff2/roboto-cyrillic-ext-400-normal.woff2     15.34 kB
build/assets/woff2/roboto-latin-400-normal.woff2            15.74 kB
build/assets/woff/roboto-all-400-normal.woff                65.46 kB
build/assets/css/EdgesPanel.css                              0.06 kB │ gzip:   0.08 kB
build/assets/css/RadiosPanelNew.css                          0.22 kB │ gzip:   0.17 kB
build/assets/css/SubscribersPanel.css                        0.23 kB │ gzip:   0.17 kB
build/assets/css/SimulatorPanel.css                          0.29 kB │ gzip:   0.21 kB
build/assets/css/Calibrate.css                               0.64 kB │ gzip:   0.40 kB
build/assets/css/ReactTable.css                              1.30 kB │ gzip:   0.55 kB
build/assets/css/index.css                                   1.77 kB │ gzip:   0.77 kB
build/assets/css/Dashboard.css                               4.02 kB │ gzip:   2.01 kB
build/assets/css/EditNotes.css                              17.96 kB │ gzip:   3.16 kB
build/chunks/styled.83d1e9e4.js                              0.12 kB │ gzip:   0.14 kB │ map:     0.34 kB
build/chunks/SlideUpTransition.a315de64.js                   0.21 kB │ gzip:   0.20 kB │ map:     0.54 kB
build/chunks/QoS-service.890d94f0.js                         0.26 kB │ gzip:   0.22 kB │ map:     0.80 kB
build/chunks/LightTooltip.0ba970d6.js                        0.34 kB │ gzip:   0.28 kB │ map:     1.06 kB
build/chunks/ArrowForwardIosSharp.472e7b14.js                0.36 kB │ gzip:   0.29 kB │ map:     1.12 kB
build/chunks/hardwareInventory-service.9c155ee0.js           0.38 kB │ gzip:   0.30 kB │ map:     1.14 kB
build/chunks/NotImplemented.6a0bd0d6.js                      0.55 kB │ gzip:   0.40 kB │ map:     1.39 kB
build/chunks/Card.c92bb34a.js                                0.64 kB │ gzip:   0.43 kB │ map:     4.60 kB
build/chunks/useExport.002ec38d.js                           0.66 kB │ gzip:   0.45 kB │ map:     3.00 kB
build/chunks/useInterval.5cdec63f.js                         0.71 kB │ gzip:   0.41 kB │ map:     3.67 kB
build/chunks/TimeDateInput.a77263dd.js                       0.88 kB │ gzip:   0.50 kB │ map:     3.03 kB
build/chunks/LineChart.6b91c1d2.js                           1.05 kB │ gzip:   0.66 kB │ map:     3.88 kB
build/chunks/TabPanel.1ebf32e0.js                            1.14 kB │ gzip:   0.63 kB │ map:     4.33 kB
build/chunks/ModalDialogComponent.e434b4aa.js                1.28 kB │ gzip:   0.71 kB │ map:     4.53 kB
build/chunks/ModelDialogComponentNew.8ab2bd1a.js             1.47 kB │ gzip:   0.84 kB │ map:     5.12 kB
build/chunks/index.f56c696d.js                               2.05 kB │ gzip:   0.69 kB │ map:     6.13 kB
build/chunks/HealthGauge.217bd4db.js                         2.37 kB │ gzip:   1.29 kB │ map:     8.47 kB
build/chunks/useSupport.038b65db.js                          2.45 kB │ gzip:   1.08 kB │ map:    10.12 kB
build/chunks/Checkbox.23803afc.js                            2.46 kB │ gzip:   1.16 kB │ map:    13.67 kB
build/chunks/radioHelper.e6e01b7a.js                         2.61 kB │ gzip:   1.18 kB │ map:     8.57 kB
build/chunks/AuditLog.2bbaf967.js                            3.63 kB │ gzip:   1.54 kB │ map:    13.87 kB
build/chunks/Collapse.09913994.js                            3.92 kB │ gzip:   1.56 kB │ map:    19.32 kB
build/chunks/index.9b6c1efc.js                               4.10 kB │ gzip:   1.46 kB │ map:    13.58 kB
build/chunks/System.ae1c77fd.js                              4.55 kB │ gzip:   2.01 kB │ map:    17.89 kB
build/chunks/Logs.79138df8.js                                4.79 kB │ gzip:   2.11 kB │ map:    19.53 kB
build/chunks/AccordionSummary.803a8a0e.js                    5.73 kB │ gzip:   1.97 kB │ map:    27.76 kB
build/chunks/useStyles.e3a53e22.js                           6.40 kB │ gzip:   2.38 kB │ map:    26.35 kB
build/chunks/web-vitals.dfcc5b9a.js                          6.98 kB │ gzip:   2.58 kB │ map:    16.56 kB
build/chunks/TablePagination.53ae0f80.js                     8.27 kB │ gzip:   3.16 kB │ map:    42.12 kB
build/chunks/NetworkStats.140323d6.js                        8.90 kB │ gzip:   3.31 kB │ map:    32.99 kB
build/chunks/airspan.f67dbdc0.js                             9.41 kB │ gzip:   3.01 kB │ map:    30.87 kB
build/chunks/DnnPanel.824d0e7e.js                            9.67 kB │ gzip:   3.66 kB │ map:    37.84 kB
build/chunks/setupInfo.13debc25.js                          16.54 kB │ gzip:   5.25 kB │ map:    51.18 kB
build/chunks/SimulatorPanel.23337983.js                     23.59 kB │ gzip:   7.54 kB │ map:    89.49 kB
build/chunks/AdminPanel.8f6bb025.js                         32.29 kB │ gzip:   8.04 kB │ map:   117.08 kB
build/chunks/ProfilePanel.01b7d952.js                       35.77 kB │ gzip:   8.84 kB │ map:   138.06 kB
build/chunks/index.23bfb2e0.js                              41.25 kB │ gzip:  10.58 kB │ map:   154.24 kB
build/chunks/AuditLogDetails.e99f0362.js                    41.88 kB │ gzip:  13.90 kB │ map:   315.56 kB
build/chunks/RadioForm.ab1d46fb.js                          53.30 kB │ gzip:  14.78 kB │ map:   228.31 kB
build/chunks/Calibrate.07742d5d.js                          71.85 kB │ gzip:  23.84 kB │ map:   252.10 kB
build/chunks/ReactTable.97ff1516.js                         88.76 kB │ gzip:  27.05 kB │ map:   276.62 kB
build/chunks/Dashboard.be3768c6.js                          90.52 kB │ gzip:  21.82 kB │ map:   520.47 kB
build/chunks/RadiosPanelNew.60a3b523.js                    150.62 kB │ gzip:  41.04 kB │ map:   572.74 kB
build/chunks/SubscribersPanel.679d919e.js                  162.91 kB │ gzip:  53.07 kB │ map:   575.13 kB
build/chunks/EdgesPanel.6a561f2f.js                        166.23 kB │ gzip:  40.40 kB │ map:   606.17 kB
build/chunks/DataGrid.c9f96e6e.js                          280.40 kB │ gzip:  84.81 kB │ map: 1,359.73 kB
build/chunks/highcharts.78b08c0b.js                        296.73 kB │ gzip: 106.33 kB │ map:   694.32 kB
build/chunks/EditNotes.5007cfe6.js                         489.25 kB │ gzip: 132.58 kB │ map: 1,675.28 kB
build/js/index.286dd977.js                               2,141.06 kB │ gzip: 474.09 kB │ map: 5,422.56 kB

(!) Some chunks are larger than 1000 kBs after minification. Consider:
- Using dynamic import() to code-split the application
- Use build.rollupOptions.output.manualChunks to improve chunking: https://rollupjs.org/configuration-options/#output-manualchunks
- Adjust chunk size limit for this warning via build.chunkSizeWarningLimit.
✓ built in 1m 53s
Done in 114.85s.
Compilation done...
Complete at Wed Aug  2 07:31:59 AM EDT 2023
\n ************************************************** \n
Compiling at Wed Aug  2 10:30:00 AM EDT 2023
Pulling latest changes from Git...
From https://github.com/Highway9-Networks/h9-saas
   1ad524ea7..1327d7451  main                -> origin/main
   6c8ba8788..1ad524ea7  balaji/pwsrestart   -> origin/balaji/pwsrestart
 * [new branch]          fix/Name_Overlapping_RadioPage -> origin/fix/Name_Overlapping_RadioPage
 + b519678e5...3bfbca272 nidhi/releaseFix    -> origin/nidhi/releaseFix  (forced update)
   c9a87c25a..693367a1c  private/akshay-33   -> origin/private/akshay-33
   3abe578ad..e7a9cc0b0  private/ankita/mobility-fixes -> origin/private/ankita/mobility-fixes
   02085de2f..e410f870e  private/dileep/FixingIssues_04_07_23 -> origin/private/dileep/FixingIssues_04_07_23
 * [new branch]          private/girish/2aug -> origin/private/girish/2aug
Updating 1ad524ea7..1327d7451
Fast-forward
 .../hardwareInventoryService/hardwareInventory.go  | 36 +++++++++++++++++++++-
 1 file changed, 35 insertions(+), 1 deletion(-)
Compiling the orch UI code...
Deleting build...
Folder build deleted.
Folder A is unchanged.
yarn
yarn install v1.22.19
[1/4] Resolving packages...
success Already up-to-date.
Done in 0.64s.
yarn run build
yarn run v1.22.19
$ vite build
vite v4.3.9 building for production...
[plugin:vite-plugin-eslint] LintOnStart is turned on, and it will check for all matching files.
transforming...
✓ 13576 modules transformed.
rendering chunks...
computing gzip size...
build/assets/svg/pin.svg                                     0.85 kB │ gzip:   0.44 kB
build/assets/svg/current.svg                                 0.96 kB │ gzip:   0.47 kB
build/index.html                                             1.00 kB │ gzip:   0.53 kB
build/assets/svg/celltower.svg                               2.73 kB │ gzip:   1.41 kB
build/assets/svg/green-plain.svg                             3.30 kB │ gzip:   1.25 kB
build/assets/svg/pointer.svg                                 3.36 kB │ gzip:   1.27 kB
build/assets/svg/pointer-green.svg                           4.26 kB │ gzip:   1.56 kB
build/assets/svg/pointer-grey.svg                            4.26 kB │ gzip:   1.56 kB
build/assets/svg/markerA.svg                                 4.71 kB │ gzip:   1.66 kB
build/assets/woff2/roboto-vietnamese-400-normal.woff2        5.56 kB
build/assets/svg/markerB.svg                                 5.70 kB │ gzip:   2.12 kB
build/assets/woff2/roboto-greek-400-normal.woff2             7.11 kB
build/assets/svg/Radio-Indoor-Icon.svg                       7.43 kB │ gzip:   1.99 kB
build/assets/woff2/roboto-cyrillic-400-normal.woff2          9.63 kB
build/assets/woff2/roboto-latin-ext-400-normal.woff2        11.87 kB
build/assets/woff2/roboto-cyrillic-ext-400-normal.woff2     15.34 kB
build/assets/woff2/roboto-latin-400-normal.woff2            15.74 kB
build/assets/woff/roboto-all-400-normal.woff                65.46 kB
build/assets/css/EdgesPanel.css                              0.06 kB │ gzip:   0.08 kB
build/assets/css/RadiosPanelNew.css                          0.22 kB │ gzip:   0.17 kB
build/assets/css/SubscribersPanel.css                        0.23 kB │ gzip:   0.17 kB
build/assets/css/SimulatorPanel.css                          0.29 kB │ gzip:   0.21 kB
build/assets/css/Calibrate.css                               0.64 kB │ gzip:   0.40 kB
build/assets/css/ReactTable.css                              1.30 kB │ gzip:   0.55 kB
build/assets/css/index.css                                   1.77 kB │ gzip:   0.77 kB
build/assets/css/Dashboard.css                               4.02 kB │ gzip:   2.01 kB
build/assets/css/EditNotes.css                              17.96 kB │ gzip:   3.16 kB
build/chunks/styled.83d1e9e4.js                              0.12 kB │ gzip:   0.14 kB │ map:     0.34 kB
build/chunks/SlideUpTransition.a315de64.js                   0.21 kB │ gzip:   0.20 kB │ map:     0.54 kB
build/chunks/QoS-service.890d94f0.js                         0.26 kB │ gzip:   0.22 kB │ map:     0.80 kB
build/chunks/LightTooltip.0ba970d6.js                        0.34 kB │ gzip:   0.28 kB │ map:     1.06 kB
build/chunks/ArrowForwardIosSharp.472e7b14.js                0.36 kB │ gzip:   0.29 kB │ map:     1.12 kB
build/chunks/hardwareInventory-service.9c155ee0.js           0.38 kB │ gzip:   0.30 kB │ map:     1.14 kB
build/chunks/NotImplemented.6a0bd0d6.js                      0.55 kB │ gzip:   0.40 kB │ map:     1.39 kB
build/chunks/Card.c92bb34a.js                                0.64 kB │ gzip:   0.43 kB │ map:     4.60 kB
build/chunks/useExport.002ec38d.js                           0.66 kB │ gzip:   0.45 kB │ map:     3.00 kB
build/chunks/useInterval.5cdec63f.js                         0.71 kB │ gzip:   0.41 kB │ map:     3.67 kB
build/chunks/TimeDateInput.a77263dd.js                       0.88 kB │ gzip:   0.50 kB │ map:     3.03 kB
build/chunks/LineChart.6b91c1d2.js                           1.05 kB │ gzip:   0.66 kB │ map:     3.88 kB
build/chunks/TabPanel.1ebf32e0.js                            1.14 kB │ gzip:   0.63 kB │ map:     4.33 kB
build/chunks/ModalDialogComponent.e434b4aa.js                1.28 kB │ gzip:   0.71 kB │ map:     4.53 kB
build/chunks/ModelDialogComponentNew.8ab2bd1a.js             1.47 kB │ gzip:   0.84 kB │ map:     5.12 kB
build/chunks/index.f56c696d.js                               2.05 kB │ gzip:   0.69 kB │ map:     6.13 kB
build/chunks/HealthGauge.217bd4db.js                         2.37 kB │ gzip:   1.29 kB │ map:     8.47 kB
build/chunks/useSupport.038b65db.js                          2.45 kB │ gzip:   1.08 kB │ map:    10.12 kB
build/chunks/Checkbox.23803afc.js                            2.46 kB │ gzip:   1.16 kB │ map:    13.67 kB
build/chunks/radioHelper.e6e01b7a.js                         2.61 kB │ gzip:   1.18 kB │ map:     8.57 kB
build/chunks/AuditLog.2bbaf967.js                            3.63 kB │ gzip:   1.54 kB │ map:    13.87 kB
build/chunks/Collapse.09913994.js                            3.92 kB │ gzip:   1.56 kB │ map:    19.32 kB
build/chunks/index.9b6c1efc.js                               4.10 kB │ gzip:   1.46 kB │ map:    13.58 kB
build/chunks/System.ae1c77fd.js                              4.55 kB │ gzip:   2.01 kB │ map:    17.89 kB
build/chunks/Logs.79138df8.js                                4.79 kB │ gzip:   2.11 kB │ map:    19.53 kB
build/chunks/AccordionSummary.803a8a0e.js                    5.73 kB │ gzip:   1.97 kB │ map:    27.76 kB
build/chunks/useStyles.e3a53e22.js                           6.40 kB │ gzip:   2.38 kB │ map:    26.35 kB
build/chunks/web-vitals.dfcc5b9a.js                          6.98 kB │ gzip:   2.58 kB │ map:    16.56 kB
build/chunks/TablePagination.53ae0f80.js                     8.27 kB │ gzip:   3.16 kB │ map:    42.12 kB
build/chunks/NetworkStats.140323d6.js                        8.90 kB │ gzip:   3.31 kB │ map:    32.99 kB
build/chunks/airspan.f67dbdc0.js                             9.41 kB │ gzip:   3.01 kB │ map:    30.87 kB
build/chunks/DnnPanel.824d0e7e.js                            9.67 kB │ gzip:   3.66 kB │ map:    37.84 kB
build/chunks/setupInfo.13debc25.js                          16.54 kB │ gzip:   5.25 kB │ map:    51.18 kB
build/chunks/SimulatorPanel.23337983.js                     23.59 kB │ gzip:   7.54 kB │ map:    89.49 kB
build/chunks/AdminPanel.8f6bb025.js                         32.29 kB │ gzip:   8.04 kB │ map:   117.08 kB
build/chunks/ProfilePanel.01b7d952.js                       35.77 kB │ gzip:   8.84 kB │ map:   138.06 kB
build/chunks/index.23bfb2e0.js                              41.25 kB │ gzip:  10.58 kB │ map:   154.24 kB
build/chunks/AuditLogDetails.e99f0362.js                    41.88 kB │ gzip:  13.90 kB │ map:   315.56 kB
build/chunks/RadioForm.ab1d46fb.js                          53.30 kB │ gzip:  14.78 kB │ map:   228.31 kB
build/chunks/Calibrate.07742d5d.js                          71.85 kB │ gzip:  23.84 kB │ map:   252.10 kB
build/chunks/ReactTable.97ff1516.js                         88.76 kB │ gzip:  27.05 kB │ map:   276.62 kB
build/chunks/Dashboard.be3768c6.js                          90.52 kB │ gzip:  21.82 kB │ map:   520.47 kB
build/chunks/RadiosPanelNew.60a3b523.js                    150.62 kB │ gzip:  41.04 kB │ map:   572.74 kB
build/chunks/SubscribersPanel.679d919e.js                  162.91 kB │ gzip:  53.07 kB │ map:   575.13 kB
build/chunks/EdgesPanel.6a561f2f.js                        166.23 kB │ gzip:  40.40 kB │ map:   606.17 kB
build/chunks/DataGrid.c9f96e6e.js                          280.40 kB │ gzip:  84.81 kB │ map: 1,359.73 kB
build/chunks/highcharts.78b08c0b.js                        296.73 kB │ gzip: 106.33 kB │ map:   694.32 kB
build/chunks/EditNotes.5007cfe6.js                         489.25 kB │ gzip: 132.58 kB │ map: 1,675.28 kB
build/js/index.286dd977.js                               2,141.06 kB │ gzip: 474.09 kB │ map: 5,422.56 kB

(!) Some chunks are larger than 1000 kBs after minification. Consider:
- Using dynamic import() to code-split the application
- Use build.rollupOptions.output.manualChunks to improve chunking: https://rollupjs.org/configuration-options/#output-manualchunks
- Adjust chunk size limit for this warning via build.chunkSizeWarningLimit.
✓ built in 1m 49s
Done in 110.67s.
Compilation done...
Complete at Wed Aug  2 10:31:55 AM EDT 2023
\n ************************************************** \n
Compiling at Thu Aug  3 02:30:00 AM EDT 2023
Pulling latest changes from Git...
From https://github.com/Highway9-Networks/h9-saas
   1327d7451..f32cc1b77  main                   -> origin/main
   1ad524ea7..b3e9453a9  balaji/pwsrestart      -> origin/balaji/pwsrestart
   dd18f8903..e50fae417  feature/ushiva_new     -> origin/feature/ushiva_new
 + 817ce738b...4ab5ae2fd private/aditya/feature/9231 -> origin/private/aditya/feature/9231  (forced update)
   693367a1c..0057c8b69  private/akshay-33      -> origin/private/akshay-33
 * [new branch]          private/akshay-33-temp -> origin/private/akshay-33-temp
 * [new branch]          private/ankita/mobility-validation -> origin/private/ankita/mobility-validation
 * [new branch]          surya_mocn_9150_tcp_mss_to-1320 -> origin/surya_mocn_9150_tcp_mss_to-1320
 * [new branch]          surya_test_build_temp_branch -> origin/surya_test_build_temp_branch
   7046c1bf0..656761de9  vikram_mem             -> origin/vikram_mem
Updating 1327d7451..f32cc1b77
Fast-forward
 common/adapters/airspan/airspanMobility.go         | 34 +++++----
 common/common.mk                                   |  6 +-
 edge/carriergw/mocngw/mocngw/tasks/access/access.c | 13 ++--
 .../mocngw/mocngw/tasks/access/access_encoder.c    |  1 +
 .../mocngw/mocngw/tasks/network/network.c          | 29 +++-----
 orch/orch-api/apihandler/RadiosRestHandler.go      |  8 +-
 orch/orch-common/go.mod                            |  2 +-
 orch/orch-common/ipsecUtil/ipsecUtil.go            | 54 +++++++++++---
 .../services/operations/radioOperations.go         |  4 +
 .../services/radioService/radioGroupService.go     |  8 +-
 .../services/radioService/radioService.go          | 85 ++++++++++++++-------
 orch/orch-ui/src/store/context/EdgeEditSlice.ts    |  5 +-
 .../src/views/edges/Edit/EdgeNetworking.tsx        |  8 +-
 orch/orch-ui/src/views/radios/RadioSummary.tsx     |  9 ++-
 saas/saas-common/constants/constants.go            |  2 +
 saas/saas-common/db/baseJsonColumnSchemaDao.go     |  4 +-
 saas/saas-order-api/apihandler/OrderHandler.go     | 87 ++++++++++++++++++++--
 saas/saas-order-api/apihandler/helper.go           |  6 +-
 18 files changed, 262 insertions(+), 103 deletions(-)
Compiling the orch UI code...
Deleting build...
Folder build deleted.
Folder A is unchanged.
yarn
yarn install v1.22.19
[1/4] Resolving packages...
success Already up-to-date.
Done in 0.66s.
yarn run build
yarn run v1.22.19
$ vite build
vite v4.3.9 building for production...
[plugin:vite-plugin-eslint] LintOnStart is turned on, and it will check for all matching files.
transforming...
✓ 13576 modules transformed.
rendering chunks...
computing gzip size...
build/assets/svg/pin.svg                                     0.85 kB │ gzip:   0.44 kB
build/assets/svg/current.svg                                 0.96 kB │ gzip:   0.47 kB
build/index.html                                             1.00 kB │ gzip:   0.53 kB
build/assets/svg/celltower.svg                               2.73 kB │ gzip:   1.41 kB
build/assets/svg/green-plain.svg                             3.30 kB │ gzip:   1.25 kB
build/assets/svg/pointer.svg                                 3.36 kB │ gzip:   1.27 kB
build/assets/svg/pointer-green.svg                           4.26 kB │ gzip:   1.56 kB
build/assets/svg/pointer-grey.svg                            4.26 kB │ gzip:   1.56 kB
build/assets/svg/markerA.svg                                 4.71 kB │ gzip:   1.66 kB
build/assets/woff2/roboto-vietnamese-400-normal.woff2        5.56 kB
build/assets/svg/markerB.svg                                 5.70 kB │ gzip:   2.12 kB
build/assets/woff2/roboto-greek-400-normal.woff2             7.11 kB
build/assets/svg/Radio-Indoor-Icon.svg                       7.43 kB │ gzip:   1.99 kB
build/assets/woff2/roboto-cyrillic-400-normal.woff2          9.63 kB
build/assets/woff2/roboto-latin-ext-400-normal.woff2        11.87 kB
build/assets/woff2/roboto-cyrillic-ext-400-normal.woff2     15.34 kB
build/assets/woff2/roboto-latin-400-normal.woff2            15.74 kB
build/assets/woff/roboto-all-400-normal.woff                65.46 kB
build/assets/css/EdgesPanel.css                              0.06 kB │ gzip:   0.08 kB
build/assets/css/RadiosPanelNew.css                          0.22 kB │ gzip:   0.17 kB
build/assets/css/SubscribersPanel.css                        0.23 kB │ gzip:   0.17 kB
build/assets/css/SimulatorPanel.css                          0.29 kB │ gzip:   0.21 kB
build/assets/css/Calibrate.css                               0.64 kB │ gzip:   0.40 kB
build/assets/css/ReactTable.css                              1.30 kB │ gzip:   0.55 kB
build/assets/css/index.css                                   1.77 kB │ gzip:   0.77 kB
build/assets/css/Dashboard.css                               4.02 kB │ gzip:   2.01 kB
build/assets/css/EditNotes.css                              17.96 kB │ gzip:   3.16 kB
build/chunks/styled.b9b945c2.js                              0.12 kB │ gzip:   0.14 kB │ map:     0.34 kB
build/chunks/SlideUpTransition.d1734f04.js                   0.21 kB │ gzip:   0.20 kB │ map:     0.54 kB
build/chunks/QoS-service.0caa7f63.js                         0.26 kB │ gzip:   0.22 kB │ map:     0.80 kB
build/chunks/LightTooltip.ab6c9fba.js                        0.34 kB │ gzip:   0.28 kB │ map:     1.06 kB
build/chunks/ArrowForwardIosSharp.8a4764a0.js                0.36 kB │ gzip:   0.29 kB │ map:     1.12 kB
build/chunks/hardwareInventory-service.33acef33.js           0.38 kB │ gzip:   0.30 kB │ map:     1.14 kB
build/chunks/NotImplemented.3b4e101f.js                      0.55 kB │ gzip:   0.40 kB │ map:     1.39 kB
build/chunks/Card.d4202a7a.js                                0.64 kB │ gzip:   0.43 kB │ map:     4.60 kB
build/chunks/useExport.9453a15c.js                           0.66 kB │ gzip:   0.45 kB │ map:     3.00 kB
build/chunks/useInterval.54c6a148.js                         0.71 kB │ gzip:   0.41 kB │ map:     3.67 kB
build/chunks/TimeDateInput.648819e6.js                       0.88 kB │ gzip:   0.50 kB │ map:     3.03 kB
build/chunks/LineChart.a38ea173.js                           1.05 kB │ gzip:   0.66 kB │ map:     3.88 kB
build/chunks/TabPanel.0e58ce1a.js                            1.14 kB │ gzip:   0.63 kB │ map:     4.33 kB
build/chunks/ModalDialogComponent.ce37e9e7.js                1.28 kB │ gzip:   0.71 kB │ map:     4.53 kB
build/chunks/ModelDialogComponentNew.601951c0.js             1.47 kB │ gzip:   0.84 kB │ map:     5.12 kB
build/chunks/index.631db337.js                               2.05 kB │ gzip:   0.69 kB │ map:     6.13 kB
build/chunks/HealthGauge.e0e228d3.js                         2.37 kB │ gzip:   1.29 kB │ map:     8.47 kB
build/chunks/useSupport.87c32b78.js                          2.45 kB │ gzip:   1.08 kB │ map:    10.12 kB
build/chunks/Checkbox.86fa0355.js                            2.46 kB │ gzip:   1.16 kB │ map:    13.67 kB
build/chunks/radioHelper.6b4fca59.js                         2.61 kB │ gzip:   1.18 kB │ map:     8.57 kB
build/chunks/AuditLog.b915a14e.js                            3.63 kB │ gzip:   1.54 kB │ map:    13.87 kB
build/chunks/Collapse.68bbcc61.js                            3.92 kB │ gzip:   1.56 kB │ map:    19.32 kB
build/chunks/index.9ffdf9b7.js                               4.10 kB │ gzip:   1.46 kB │ map:    13.58 kB
build/chunks/System.d66bd204.js                              4.55 kB │ gzip:   2.02 kB │ map:    17.89 kB
build/chunks/Logs.f6e3af78.js                                4.79 kB │ gzip:   2.12 kB │ map:    19.53 kB
build/chunks/AccordionSummary.62a81fc2.js                    5.73 kB │ gzip:   1.97 kB │ map:    27.76 kB
build/chunks/useStyles.a3fb1b34.js                           6.40 kB │ gzip:   2.38 kB │ map:    26.35 kB
build/chunks/web-vitals.dfcc5b9a.js                          6.98 kB │ gzip:   2.58 kB │ map:    16.56 kB
build/chunks/TablePagination.af4e1456.js                     8.27 kB │ gzip:   3.16 kB │ map:    42.12 kB
build/chunks/NetworkStats.23c7271b.js                        8.90 kB │ gzip:   3.31 kB │ map:    32.99 kB
build/chunks/airspan.43d2f50a.js                             9.41 kB │ gzip:   3.01 kB │ map:    30.87 kB
build/chunks/DnnPanel.3bd4b0a0.js                            9.67 kB │ gzip:   3.66 kB │ map:    37.84 kB
build/chunks/setupInfo.1b700c3f.js                          16.54 kB │ gzip:   5.25 kB │ map:    51.18 kB
build/chunks/SimulatorPanel.69527f6c.js                     23.59 kB │ gzip:   7.55 kB │ map:    89.49 kB
build/chunks/AdminPanel.75dcc70a.js                         32.29 kB │ gzip:   8.04 kB │ map:   117.08 kB
build/chunks/ProfilePanel.5f56f228.js                       35.77 kB │ gzip:   8.84 kB │ map:   138.06 kB
build/chunks/index.88bf99a0.js                              41.25 kB │ gzip:  10.58 kB │ map:   154.24 kB
build/chunks/AuditLogDetails.5d7acf2a.js                    41.88 kB │ gzip:  13.90 kB │ map:   315.56 kB
build/chunks/RadioForm.8a71240d.js                          53.30 kB │ gzip:  14.78 kB │ map:   228.31 kB
build/chunks/Calibrate.f47b625a.js                          71.85 kB │ gzip:  23.84 kB │ map:   252.10 kB
build/chunks/ReactTable.b21e87fe.js                         88.76 kB │ gzip:  27.05 kB │ map:   276.62 kB
build/chunks/Dashboard.43be57ad.js                          90.52 kB │ gzip:  21.81 kB │ map:   520.47 kB
build/chunks/RadiosPanelNew.e344afa4.js                    150.72 kB │ gzip:  41.07 kB │ map:   572.97 kB
build/chunks/SubscribersPanel.0156b7bb.js                  162.91 kB │ gzip:  53.08 kB │ map:   575.13 kB
build/chunks/EdgesPanel.3f31d639.js                        166.28 kB │ gzip:  40.42 kB │ map:   606.38 kB
build/chunks/DataGrid.de358895.js                          280.40 kB │ gzip:  84.81 kB │ map: 1,359.73 kB
build/chunks/highcharts.58f4436c.js                        296.73 kB │ gzip: 106.33 kB │ map:   694.32 kB
build/chunks/EditNotes.c96313d7.js                         489.25 kB │ gzip: 132.58 kB │ map: 1,675.28 kB
build/js/index.d5a7c581.js                               2,141.12 kB │ gzip: 474.11 kB │ map: 5,422.76 kB

(!) Some chunks are larger than 1000 kBs after minification. Consider:
- Using dynamic import() to code-split the application
- Use build.rollupOptions.output.manualChunks to improve chunking: https://rollupjs.org/configuration-options/#output-manualchunks
- Adjust chunk size limit for this warning via build.chunkSizeWarningLimit.
✓ built in 1m 52s
Done in 113.90s.
Compilation done...
Complete at Thu Aug  3 02:31:58 AM EDT 2023
\n ************************************************** \n
Compiling at Thu Aug  3 07:30:00 AM EDT 2023
Pulling latest changes from Git...
From https://github.com/Highway9-Networks/h9-saas
   f32cc1b77..4a791c162  main                    -> origin/main
 * [new branch]          Fix_Release_Visibility  -> origin/Fix_Release_Visibility
 * [new branch]          Shell_Command_Log_Enhancements -> origin/Shell_Command_Log_Enhancements
   e50fae417..13d13a28e  feature/ushiva_new      -> origin/feature/ushiva_new
   17ce531a7..d426ca32e  private/abhagwat        -> origin/private/abhagwat
   364d5cdef..08e4eef9b  private/akshay-new-35   -> origin/private/akshay-new-35
   064214762..36752f4bd  private/ankita/mobility-validation -> origin/private/ankita/mobility-validation
   4aa5f31e8..c3036e132  private/baicellKPISupport -> origin/private/baicellKPISupport
   e410f870e..c6335400c  private/dileep/FixingIssues_04_07_23 -> origin/private/dileep/FixingIssues_04_07_23
 * [new branch]          surya_build_release_temp -> origin/surya_build_release_temp
 * [new branch]          surya_edge_release_temp -> origin/surya_edge_release_temp
   656761de9..1cd632a46  vikram_mem              -> origin/vikram_mem
   24810a062..e35c8b1b4  xpJain/changes          -> origin/xpJain/changes
Updating f32cc1b77..4a791c162
Fast-forward
 common/adapters/airspan/airspanConfig.go           | 73 +++++++++++-----------
 common/adapters/airspan/airspanMobility.go         | 54 +++++++++-------
 common/common.mk                                   | 12 ++--
 edge/carriergw/mocngw/mocngw/inc/amf_config.h      |  4 --
 edge/carriergw/mocngw/mocngw/inc/mme_config.h      |  2 +-
 edge/carriergw/mocngw/mocngw/tasks/access/access.c | 37 +++++------
 edge/carriergw/mocngw/mocngw/tasks/config/config.h |  2 +-
 .../mocngw/mocngw/tasks/config/mocn_config_poll.c  |  9 ++-
 .../mocngw/mocngw/tasks/config/mocn_dp_client.cc   |  4 ++
 .../files/magma_deploy/files/magma_ifaces_gtp      |  4 +-
 .../scripts/edge-scripts/activate_agw.sh           | 17 +++++
 orch/orch-ui/src/types/metricGraph.ts              |  2 +-
 orch/orch-ui/src/views/edges/Edit/EdgeForm.tsx     | 13 ++--
 .../edges/Operator/EdgeCarrierGatewayKPITable.tsx  |  2 +-
 .../src/views/radios/Graphs/highway9radios.ts      | 16 ++---
 saas/saas-common/db/baseJsonColumnSchemaDao.go     |  4 +-
 saas/saas-common/tests/db/Acl_test.go              |  4 +-
 17 files changed, 144 insertions(+), 115 deletions(-)
Compiling the orch UI code...
Deleting build...
Folder build deleted.
Folder A is unchanged.
yarn
yarn install v1.22.19
[1/4] Resolving packages...
success Already up-to-date.
Done in 0.79s.
yarn run build
yarn run v1.22.19
$ vite build
vite v4.3.9 building for production...
[plugin:vite-plugin-eslint] LintOnStart is turned on, and it will check for all matching files.
transforming...
✓ 13576 modules transformed.
rendering chunks...
computing gzip size...
build/assets/svg/pin.svg                                     0.85 kB │ gzip:   0.44 kB
build/assets/svg/current.svg                                 0.96 kB │ gzip:   0.47 kB
build/index.html                                             1.00 kB │ gzip:   0.53 kB
build/assets/svg/celltower.svg                               2.73 kB │ gzip:   1.41 kB
build/assets/svg/green-plain.svg                             3.30 kB │ gzip:   1.25 kB
build/assets/svg/pointer.svg                                 3.36 kB │ gzip:   1.27 kB
build/assets/svg/pointer-green.svg                           4.26 kB │ gzip:   1.56 kB
build/assets/svg/pointer-grey.svg                            4.26 kB │ gzip:   1.56 kB
build/assets/svg/markerA.svg                                 4.71 kB │ gzip:   1.66 kB
build/assets/woff2/roboto-vietnamese-400-normal.woff2        5.56 kB
build/assets/svg/markerB.svg                                 5.70 kB │ gzip:   2.12 kB
build/assets/woff2/roboto-greek-400-normal.woff2             7.11 kB
build/assets/svg/Radio-Indoor-Icon.svg                       7.43 kB │ gzip:   1.99 kB
build/assets/woff2/roboto-cyrillic-400-normal.woff2          9.63 kB
build/assets/woff2/roboto-latin-ext-400-normal.woff2        11.87 kB
build/assets/woff2/roboto-cyrillic-ext-400-normal.woff2     15.34 kB
build/assets/woff2/roboto-latin-400-normal.woff2            15.74 kB
build/assets/woff/roboto-all-400-normal.woff                65.46 kB
build/assets/css/EdgesPanel.css                              0.06 kB │ gzip:   0.08 kB
build/assets/css/RadiosPanelNew.css                          0.22 kB │ gzip:   0.17 kB
build/assets/css/SubscribersPanel.css                        0.23 kB │ gzip:   0.17 kB
build/assets/css/SimulatorPanel.css                          0.29 kB │ gzip:   0.21 kB
build/assets/css/Calibrate.css                               0.64 kB │ gzip:   0.40 kB
build/assets/css/ReactTable.css                              1.30 kB │ gzip:   0.55 kB
build/assets/css/index.css                                   1.77 kB │ gzip:   0.77 kB
build/assets/css/Dashboard.css                               4.02 kB │ gzip:   2.01 kB
build/assets/css/EditNotes.css                              17.96 kB │ gzip:   3.16 kB
build/chunks/styled.a5bfebbb.js                              0.12 kB │ gzip:   0.14 kB │ map:     0.34 kB
build/chunks/SlideUpTransition.334649d6.js                   0.21 kB │ gzip:   0.20 kB │ map:     0.54 kB
build/chunks/QoS-service.5246bee7.js                         0.26 kB │ gzip:   0.22 kB │ map:     0.80 kB
build/chunks/LightTooltip.5d4381ae.js                        0.34 kB │ gzip:   0.28 kB │ map:     1.06 kB
build/chunks/ArrowForwardIosSharp.f6bc75ee.js                0.36 kB │ gzip:   0.29 kB │ map:     1.12 kB
build/chunks/hardwareInventory-service.72ad4578.js           0.38 kB │ gzip:   0.30 kB │ map:     1.14 kB
build/chunks/NotImplemented.ac3e6276.js                      0.55 kB │ gzip:   0.40 kB │ map:     1.39 kB
build/chunks/Card.cd8efe62.js                                0.64 kB │ gzip:   0.43 kB │ map:     4.60 kB
build/chunks/useExport.a0367dad.js                           0.66 kB │ gzip:   0.45 kB │ map:     3.00 kB
build/chunks/useInterval.5ec4a7b1.js                         0.71 kB │ gzip:   0.41 kB │ map:     3.67 kB
build/chunks/TimeDateInput.af3b1af6.js                       0.88 kB │ gzip:   0.50 kB │ map:     3.03 kB
build/chunks/LineChart.27eab865.js                           1.05 kB │ gzip:   0.66 kB │ map:     3.88 kB
build/chunks/TabPanel.30544380.js                            1.14 kB │ gzip:   0.63 kB │ map:     4.33 kB
build/chunks/ModalDialogComponent.a5fdf624.js                1.28 kB │ gzip:   0.71 kB │ map:     4.53 kB
build/chunks/ModelDialogComponentNew.0b5ba522.js             1.47 kB │ gzip:   0.84 kB │ map:     5.12 kB
build/chunks/index.5a06cd3e.js                               2.05 kB │ gzip:   0.69 kB │ map:     6.13 kB
build/chunks/HealthGauge.7ac05467.js                         2.37 kB │ gzip:   1.29 kB │ map:     8.47 kB
build/chunks/useSupport.922f1e2e.js                          2.45 kB │ gzip:   1.08 kB │ map:    10.12 kB
build/chunks/Checkbox.f812ee11.js                            2.46 kB │ gzip:   1.16 kB │ map:    13.67 kB
build/chunks/radioHelper.031ce39e.js                         2.61 kB │ gzip:   1.18 kB │ map:     8.57 kB
build/chunks/AuditLog.0e25537a.js                            3.63 kB │ gzip:   1.54 kB │ map:    13.87 kB
build/chunks/Collapse.b70a011d.js                            3.92 kB │ gzip:   1.56 kB │ map:    19.32 kB
build/chunks/index.fb4f2b1d.js                               4.10 kB │ gzip:   1.46 kB │ map:    13.58 kB
build/chunks/System.78b8f232.js                              4.55 kB │ gzip:   2.02 kB │ map:    17.89 kB
build/chunks/Logs.1a8c7147.js                                4.79 kB │ gzip:   2.11 kB │ map:    19.53 kB
build/chunks/AccordionSummary.6ca4d31f.js                    5.73 kB │ gzip:   1.97 kB │ map:    27.76 kB
build/chunks/useStyles.d1a03069.js                           6.40 kB │ gzip:   2.38 kB │ map:    26.35 kB
build/chunks/web-vitals.dfcc5b9a.js                          6.98 kB │ gzip:   2.58 kB │ map:    16.56 kB
build/chunks/TablePagination.bb40afe9.js                     8.27 kB │ gzip:   3.16 kB │ map:    42.12 kB
build/chunks/NetworkStats.05884457.js                        8.90 kB │ gzip:   3.31 kB │ map:    32.99 kB
build/chunks/airspan.06591a66.js                             9.41 kB │ gzip:   3.01 kB │ map:    30.87 kB
build/chunks/DnnPanel.5c19359a.js                            9.67 kB │ gzip:   3.66 kB │ map:    37.84 kB
build/chunks/setupInfo.144e203d.js                          16.54 kB │ gzip:   5.25 kB │ map:    51.18 kB
build/chunks/SimulatorPanel.937776af.js                     23.59 kB │ gzip:   7.54 kB │ map:    89.49 kB
build/chunks/AdminPanel.a83c8909.js                         32.29 kB │ gzip:   8.04 kB │ map:   117.08 kB
build/chunks/ProfilePanel.dac20236.js                       35.77 kB │ gzip:   8.83 kB │ map:   138.06 kB
build/chunks/index.d2d5f1fd.js                              41.25 kB │ gzip:  10.58 kB │ map:   154.24 kB
build/chunks/AuditLogDetails.bee1356e.js                    41.88 kB │ gzip:  13.90 kB │ map:   315.56 kB
build/chunks/RadioForm.5dacabb6.js                          53.30 kB │ gzip:  14.78 kB │ map:   228.31 kB
build/chunks/Calibrate.10646cd2.js                          71.85 kB │ gzip:  23.84 kB │ map:   252.10 kB
build/chunks/ReactTable.3381b824.js                         88.76 kB │ gzip:  27.05 kB │ map:   276.62 kB
build/chunks/Dashboard.b0b777ec.js                          90.52 kB │ gzip:  21.81 kB │ map:   520.47 kB
build/chunks/RadiosPanelNew.af547bea.js                    150.72 kB │ gzip:  41.07 kB │ map:   572.97 kB
build/chunks/SubscribersPanel.ee79dec2.js                  162.91 kB │ gzip:  53.07 kB │ map:   575.13 kB
build/chunks/EdgesPanel.7f9e6c8c.js                        166.33 kB │ gzip:  40.43 kB │ map:   606.60 kB
build/chunks/DataGrid.c85ff63e.js                          280.40 kB │ gzip:  84.81 kB │ map: 1,359.73 kB
build/chunks/highcharts.fa623330.js                        296.73 kB │ gzip: 106.33 kB │ map:   694.32 kB
build/chunks/EditNotes.c351534d.js                         489.25 kB │ gzip: 132.58 kB │ map: 1,675.28 kB
build/js/index.47d62510.js                               2,141.12 kB │ gzip: 474.10 kB │ map: 5,422.76 kB

(!) Some chunks are larger than 1000 kBs after minification. Consider:
- Using dynamic import() to code-split the application
- Use build.rollupOptions.output.manualChunks to improve chunking: https://rollupjs.org/configuration-options/#output-manualchunks
- Adjust chunk size limit for this warning via build.chunkSizeWarningLimit.
✓ built in 1m 56s
Done in 118.38s.
Compilation done...
Complete at Thu Aug  3 07:32:04 AM EDT 2023
\n ************************************************** \n
Compiling at Thu Aug  3 10:30:00 AM EDT 2023
Pulling latest changes from Git...
From https://github.com/Highway9-Networks/h9-saas
   4a791c162..54d88f70d  main              -> origin/main
   b3e9453a9..ab1d40f77  balaji/pwsrestart -> origin/balaji/pwsrestart
 * [new branch]          local_10002       -> origin/local_10002
   0057c8b69..2fae4bfe0  private/akshay-33 -> origin/private/akshay-33
Updating 4a791c162..54d88f70d
Fast-forward
 common/common.mk                                       |  2 +-
 orch/orch-api/Makefile                                 |  2 +-
 orch/orch-service/scripts/edge-scripts/activate_agw.sh | 12 ++++++++----
 3 files changed, 10 insertions(+), 6 deletions(-)
Compiling the orch UI code...
Deleting build...
Folder build deleted.
Folder A is unchanged.
yarn
yarn install v1.22.19
[1/4] Resolving packages...
success Already up-to-date.
Done in 0.68s.
yarn run build
yarn run v1.22.19
$ vite build
vite v4.3.9 building for production...
[plugin:vite-plugin-eslint] LintOnStart is turned on, and it will check for all matching files.
transforming...
✓ 13576 modules transformed.
rendering chunks...
computing gzip size...
build/assets/svg/pin.svg                                     0.85 kB │ gzip:   0.44 kB
build/assets/svg/current.svg                                 0.96 kB │ gzip:   0.47 kB
build/index.html                                             1.00 kB │ gzip:   0.53 kB
build/assets/svg/celltower.svg                               2.73 kB │ gzip:   1.41 kB
build/assets/svg/green-plain.svg                             3.30 kB │ gzip:   1.25 kB
build/assets/svg/pointer.svg                                 3.36 kB │ gzip:   1.27 kB
build/assets/svg/pointer-green.svg                           4.26 kB │ gzip:   1.56 kB
build/assets/svg/pointer-grey.svg                            4.26 kB │ gzip:   1.56 kB
build/assets/svg/markerA.svg                                 4.71 kB │ gzip:   1.66 kB
build/assets/woff2/roboto-vietnamese-400-normal.woff2        5.56 kB
build/assets/svg/markerB.svg                                 5.70 kB │ gzip:   2.12 kB
build/assets/woff2/roboto-greek-400-normal.woff2             7.11 kB
build/assets/svg/Radio-Indoor-Icon.svg                       7.43 kB │ gzip:   1.99 kB
build/assets/woff2/roboto-cyrillic-400-normal.woff2          9.63 kB
build/assets/woff2/roboto-latin-ext-400-normal.woff2        11.87 kB
build/assets/woff2/roboto-cyrillic-ext-400-normal.woff2     15.34 kB
build/assets/woff2/roboto-latin-400-normal.woff2            15.74 kB
build/assets/woff/roboto-all-400-normal.woff                65.46 kB
build/assets/css/EdgesPanel.css                              0.06 kB │ gzip:   0.08 kB
build/assets/css/RadiosPanelNew.css                          0.22 kB │ gzip:   0.17 kB
build/assets/css/SubscribersPanel.css                        0.23 kB │ gzip:   0.17 kB
build/assets/css/SimulatorPanel.css                          0.29 kB │ gzip:   0.21 kB
build/assets/css/Calibrate.css                               0.64 kB │ gzip:   0.40 kB
build/assets/css/ReactTable.css                              1.30 kB │ gzip:   0.55 kB
build/assets/css/index.css                                   1.77 kB │ gzip:   0.77 kB
build/assets/css/Dashboard.css                               4.02 kB │ gzip:   2.01 kB
build/assets/css/EditNotes.css                              17.96 kB │ gzip:   3.16 kB
build/chunks/styled.a5bfebbb.js                              0.12 kB │ gzip:   0.14 kB │ map:     0.34 kB
build/chunks/SlideUpTransition.334649d6.js                   0.21 kB │ gzip:   0.20 kB │ map:     0.54 kB
build/chunks/QoS-service.5246bee7.js                         0.26 kB │ gzip:   0.22 kB │ map:     0.80 kB
build/chunks/LightTooltip.5d4381ae.js                        0.34 kB │ gzip:   0.28 kB │ map:     1.06 kB
build/chunks/ArrowForwardIosSharp.f6bc75ee.js                0.36 kB │ gzip:   0.29 kB │ map:     1.12 kB
build/chunks/hardwareInventory-service.72ad4578.js           0.38 kB │ gzip:   0.30 kB │ map:     1.14 kB
build/chunks/NotImplemented.ac3e6276.js                      0.55 kB │ gzip:   0.40 kB │ map:     1.39 kB
build/chunks/Card.cd8efe62.js                                0.64 kB │ gzip:   0.43 kB │ map:     4.60 kB
build/chunks/useExport.a0367dad.js                           0.66 kB │ gzip:   0.45 kB │ map:     3.00 kB
build/chunks/useInterval.5ec4a7b1.js                         0.71 kB │ gzip:   0.41 kB │ map:     3.67 kB
build/chunks/TimeDateInput.af3b1af6.js                       0.88 kB │ gzip:   0.50 kB │ map:     3.03 kB
build/chunks/LineChart.27eab865.js                           1.05 kB │ gzip:   0.66 kB │ map:     3.88 kB
build/chunks/TabPanel.30544380.js                            1.14 kB │ gzip:   0.63 kB │ map:     4.33 kB
build/chunks/ModalDialogComponent.a5fdf624.js                1.28 kB │ gzip:   0.71 kB │ map:     4.53 kB
build/chunks/ModelDialogComponentNew.0b5ba522.js             1.47 kB │ gzip:   0.84 kB │ map:     5.12 kB
build/chunks/index.5a06cd3e.js                               2.05 kB │ gzip:   0.69 kB │ map:     6.13 kB
build/chunks/HealthGauge.7ac05467.js                         2.37 kB │ gzip:   1.29 kB │ map:     8.47 kB
build/chunks/useSupport.922f1e2e.js                          2.45 kB │ gzip:   1.08 kB │ map:    10.12 kB
build/chunks/Checkbox.f812ee11.js                            2.46 kB │ gzip:   1.16 kB │ map:    13.67 kB
build/chunks/radioHelper.031ce39e.js                         2.61 kB │ gzip:   1.18 kB │ map:     8.57 kB
build/chunks/AuditLog.0e25537a.js                            3.63 kB │ gzip:   1.54 kB │ map:    13.87 kB
build/chunks/Collapse.b70a011d.js                            3.92 kB │ gzip:   1.56 kB │ map:    19.32 kB
build/chunks/index.fb4f2b1d.js                               4.10 kB │ gzip:   1.46 kB │ map:    13.58 kB
build/chunks/System.78b8f232.js                              4.55 kB │ gzip:   2.02 kB │ map:    17.89 kB
build/chunks/Logs.1a8c7147.js                                4.79 kB │ gzip:   2.11 kB │ map:    19.53 kB
build/chunks/AccordionSummary.6ca4d31f.js                    5.73 kB │ gzip:   1.97 kB │ map:    27.76 kB
build/chunks/useStyles.d1a03069.js                           6.40 kB │ gzip:   2.38 kB │ map:    26.35 kB
build/chunks/web-vitals.dfcc5b9a.js                          6.98 kB │ gzip:   2.58 kB │ map:    16.56 kB
build/chunks/TablePagination.bb40afe9.js                     8.27 kB │ gzip:   3.16 kB │ map:    42.12 kB
build/chunks/NetworkStats.05884457.js                        8.90 kB │ gzip:   3.31 kB │ map:    32.99 kB
build/chunks/airspan.06591a66.js                             9.41 kB │ gzip:   3.01 kB │ map:    30.87 kB
build/chunks/DnnPanel.5c19359a.js                            9.67 kB │ gzip:   3.66 kB │ map:    37.84 kB
build/chunks/setupInfo.144e203d.js                          16.54 kB │ gzip:   5.25 kB │ map:    51.18 kB
build/chunks/SimulatorPanel.937776af.js                     23.59 kB │ gzip:   7.54 kB │ map:    89.49 kB
build/chunks/AdminPanel.a83c8909.js                         32.29 kB │ gzip:   8.04 kB │ map:   117.08 kB
build/chunks/ProfilePanel.dac20236.js                       35.77 kB │ gzip:   8.83 kB │ map:   138.06 kB
build/chunks/index.d2d5f1fd.js                              41.25 kB │ gzip:  10.58 kB │ map:   154.24 kB
build/chunks/AuditLogDetails.bee1356e.js                    41.88 kB │ gzip:  13.90 kB │ map:   315.56 kB
build/chunks/RadioForm.5dacabb6.js                          53.30 kB │ gzip:  14.78 kB │ map:   228.31 kB
build/chunks/Calibrate.10646cd2.js                          71.85 kB │ gzip:  23.84 kB │ map:   252.10 kB
build/chunks/ReactTable.3381b824.js                         88.76 kB │ gzip:  27.05 kB │ map:   276.62 kB
build/chunks/Dashboard.b0b777ec.js                          90.52 kB │ gzip:  21.81 kB │ map:   520.47 kB
build/chunks/RadiosPanelNew.af547bea.js                    150.72 kB │ gzip:  41.07 kB │ map:   572.97 kB
build/chunks/SubscribersPanel.ee79dec2.js                  162.91 kB │ gzip:  53.07 kB │ map:   575.13 kB
build/chunks/EdgesPanel.7f9e6c8c.js                        166.33 kB │ gzip:  40.43 kB │ map:   606.60 kB
build/chunks/DataGrid.c85ff63e.js                          280.40 kB │ gzip:  84.81 kB │ map: 1,359.73 kB
build/chunks/highcharts.fa623330.js                        296.73 kB │ gzip: 106.33 kB │ map:   694.32 kB
build/chunks/EditNotes.c351534d.js                         489.25 kB │ gzip: 132.58 kB │ map: 1,675.28 kB
build/js/index.47d62510.js                               2,141.12 kB │ gzip: 474.10 kB │ map: 5,422.76 kB

(!) Some chunks are larger than 1000 kBs after minification. Consider:
- Using dynamic import() to code-split the application
- Use build.rollupOptions.output.manualChunks to improve chunking: https://rollupjs.org/configuration-options/#output-manualchunks
- Adjust chunk size limit for this warning via build.chunkSizeWarningLimit.
✓ built in 1m 58s
Done in 120.47s.
Compilation done...
Complete at Thu Aug  3 10:32:05 AM EDT 2023
\n ************************************************** \n
Compiling at Fri Aug  4 02:30:00 AM EDT 2023
Pulling latest changes from Git...
From https://github.com/Highway9-Networks/h9-saas
   54d88f70d..c4b4c2c5a  main             -> origin/main
 * [new branch]          bhuvaneshne_9992 -> origin/bhuvaneshne_9992
   1ef44a0ea..cbcde13ef  local_10002      -> origin/local_10002
 * [new branch]          nidhi/3aug       -> origin/nidhi/3aug
   d426ca32e..f009afaa6  private/abhagwat -> origin/private/abhagwat
   e020e3349..a14144aff  private/abhagwat-release -> origin/private/abhagwat-release
   e35c8b1b4..afd07b647  xpJain/changes   -> origin/xpJain/changes
Updating 54d88f70d..c4b4c2c5a
Fast-forward
 common/common.mk                                   |   8 ++++----
 edge/carriergw/mocngw/mocngw/CMakeLists.txt        |  11 ++++++-----
 .../mocngw/mocngw/lib/deps/libASYNC_GRPC.a         | Bin 146904 -> 151358 bytes
 edge/carriergw/mocngw/mocngw/lib/deps/libEVENTD.a  | Bin 6591988 -> 4679994 bytes
 .../mocngw/mocngw/lib/deps/libLIB_EVENT_CLIENT.a   | Bin 575790 -> 630094 bytes
 .../mocngw/mocngw/lib/deps/libMAGMA_CONFIG.a       | Bin 8366520 -> 4348472 bytes
 .../mocngw/mocngw/lib/deps/libSERVICE303_LIB.a     | Bin 24184376 -> 16587038 bytes
 .../mocngw/mocngw/lib/deps/libSERVICE_REGISTRY.a   | Bin 4338612 -> 923082 bytes
 .../scripts/edge-scripts/activate_agw.sh           |   4 ++++
 orch/orch-ui/src/components/GraphicalResources.tsx |   2 ++
 orch/orch-ui/src/views/audit/auditHelper.jsx       |   2 ++
 .../src/views/edges/PacketCaptureDialog.jsx        |  20 ++------------------
 12 files changed, 20 insertions(+), 27 deletions(-)
Compiling the orch UI code...
Deleting build...
Folder build deleted.
Folder A is unchanged.
yarn
yarn install v1.22.19
[1/4] Resolving packages...
success Already up-to-date.
Done in 0.66s.
yarn run build
yarn run v1.22.19
$ vite build
vite v4.3.9 building for production...
[plugin:vite-plugin-eslint] LintOnStart is turned on, and it will check for all matching files.
transforming...
✓ 13578 modules transformed.
rendering chunks...
computing gzip size...
build/assets/svg/pin.svg                                     0.85 kB │ gzip:   0.44 kB
build/assets/svg/current.svg                                 0.96 kB │ gzip:   0.47 kB
build/index.html                                             1.00 kB │ gzip:   0.53 kB
build/assets/svg/celltower.svg                               2.73 kB │ gzip:   1.41 kB
build/assets/svg/green-plain.svg                             3.30 kB │ gzip:   1.25 kB
build/assets/svg/pointer.svg                                 3.36 kB │ gzip:   1.27 kB
build/assets/svg/pointer-green.svg                           4.26 kB │ gzip:   1.56 kB
build/assets/svg/pointer-grey.svg                            4.26 kB │ gzip:   1.56 kB
build/assets/svg/markerA.svg                                 4.71 kB │ gzip:   1.66 kB
build/assets/woff2/roboto-vietnamese-400-normal.woff2        5.56 kB
build/assets/svg/markerB.svg                                 5.70 kB │ gzip:   2.12 kB
build/assets/woff2/roboto-greek-400-normal.woff2             7.11 kB
build/assets/svg/Radio-Indoor-Icon.svg                       7.43 kB │ gzip:   1.99 kB
build/assets/woff2/roboto-cyrillic-400-normal.woff2          9.63 kB
build/assets/woff2/roboto-latin-ext-400-normal.woff2        11.87 kB
build/assets/woff2/roboto-cyrillic-ext-400-normal.woff2     15.34 kB
build/assets/woff2/roboto-latin-400-normal.woff2            15.74 kB
build/assets/woff/roboto-all-400-normal.woff                65.46 kB
build/assets/css/EdgesPanel.css                              0.06 kB │ gzip:   0.08 kB
build/assets/css/RadiosPanelNew.css                          0.22 kB │ gzip:   0.17 kB
build/assets/css/SubscribersPanel.css                        0.23 kB │ gzip:   0.17 kB
build/assets/css/SimulatorPanel.css                          0.29 kB │ gzip:   0.21 kB
build/assets/css/Calibrate.css                               0.64 kB │ gzip:   0.40 kB
build/assets/css/ReactTable.css                              1.30 kB │ gzip:   0.55 kB
build/assets/css/index.css                                   1.77 kB │ gzip:   0.77 kB
build/assets/css/Dashboard.css                               4.02 kB │ gzip:   2.01 kB
build/assets/css/EditNotes.css                              17.96 kB │ gzip:   3.16 kB
build/chunks/styled.e417aba7.js                              0.12 kB │ gzip:   0.14 kB │ map:     0.34 kB
build/chunks/SlideUpTransition.85d26b62.js                   0.21 kB │ gzip:   0.20 kB │ map:     0.54 kB
build/chunks/QoS-service.db7e1dfe.js                         0.26 kB │ gzip:   0.22 kB │ map:     0.80 kB
build/chunks/LightTooltip.d79e81ac.js                        0.34 kB │ gzip:   0.28 kB │ map:     1.06 kB
build/chunks/ArrowForwardIosSharp.6624f146.js                0.36 kB │ gzip:   0.29 kB │ map:     1.12 kB
build/chunks/hardwareInventory-service.f99ea1c7.js           0.38 kB │ gzip:   0.30 kB │ map:     1.14 kB
build/chunks/NotImplemented.9fab1c26.js                      0.55 kB │ gzip:   0.40 kB │ map:     1.39 kB
build/chunks/Card.150e92c5.js                                0.64 kB │ gzip:   0.43 kB │ map:     4.60 kB
build/chunks/useExport.9499a749.js                           0.66 kB │ gzip:   0.45 kB │ map:     3.00 kB
build/chunks/useInterval.f29b1e33.js                         0.71 kB │ gzip:   0.41 kB │ map:     3.67 kB
build/chunks/TimeDateInput.dbfa4b5e.js                       0.88 kB │ gzip:   0.50 kB │ map:     3.03 kB
build/chunks/LineChart.ba9eccda.js                           1.05 kB │ gzip:   0.66 kB │ map:     3.88 kB
build/chunks/TabPanel.375039b2.js                            1.14 kB │ gzip:   0.63 kB │ map:     4.33 kB
build/chunks/ModalDialogComponent.58e01fcd.js                1.28 kB │ gzip:   0.71 kB │ map:     4.53 kB
build/chunks/ModelDialogComponentNew.d65a2036.js             1.47 kB │ gzip:   0.84 kB │ map:     5.12 kB
build/chunks/index.4a2b0757.js                               2.05 kB │ gzip:   0.69 kB │ map:     6.13 kB
build/chunks/HealthGauge.e55bc6d1.js                         2.37 kB │ gzip:   1.29 kB │ map:     8.47 kB
build/chunks/useSupport.9736ba9c.js                          2.45 kB │ gzip:   1.08 kB │ map:    10.12 kB
build/chunks/Checkbox.c91ff6aa.js                            2.46 kB │ gzip:   1.16 kB │ map:    13.67 kB
build/chunks/radioHelper.d1778603.js                         2.61 kB │ gzip:   1.18 kB │ map:     8.57 kB
build/chunks/AuditLog.825b4863.js                            3.63 kB │ gzip:   1.54 kB │ map:    13.87 kB
build/chunks/Collapse.2ad545e3.js                            3.92 kB │ gzip:   1.56 kB │ map:    19.32 kB
build/chunks/index.a420d563.js                               4.10 kB │ gzip:   1.46 kB │ map:    13.58 kB
build/chunks/System.19c329b5.js                              4.55 kB │ gzip:   2.02 kB │ map:    17.89 kB
build/chunks/Logs.f6825e58.js                                4.79 kB │ gzip:   2.11 kB │ map:    19.53 kB
build/chunks/AccordionSummary.1ba7995b.js                    5.73 kB │ gzip:   1.97 kB │ map:    27.76 kB
build/chunks/useStyles.a495e34d.js                           6.40 kB │ gzip:   2.38 kB │ map:    26.35 kB
build/chunks/web-vitals.dfcc5b9a.js                          6.98 kB │ gzip:   2.58 kB │ map:    16.56 kB
build/chunks/TablePagination.461cf7d5.js                     8.27 kB │ gzip:   3.16 kB │ map:    42.12 kB
build/chunks/NetworkStats.68376b52.js                        8.90 kB │ gzip:   3.30 kB │ map:    32.99 kB
build/chunks/airspan.a4c6e0cd.js                             9.41 kB │ gzip:   3.01 kB │ map:    30.87 kB
build/chunks/DnnPanel.a8c9993e.js                            9.67 kB │ gzip:   3.66 kB │ map:    37.84 kB
build/chunks/setupInfo.c026eb71.js                          16.54 kB │ gzip:   5.25 kB │ map:    51.18 kB
build/chunks/SimulatorPanel.c3cfb164.js                     23.59 kB │ gzip:   7.55 kB │ map:    89.49 kB
build/chunks/AdminPanel.0e7252c7.js                         32.29 kB │ gzip:   8.04 kB │ map:   117.08 kB
build/chunks/ProfilePanel.29ea39cd.js                       35.77 kB │ gzip:   8.84 kB │ map:   138.06 kB
build/chunks/index.b4d046bd.js                              41.25 kB │ gzip:  10.58 kB │ map:   154.24 kB
build/chunks/AuditLogDetails.8a6b4ba4.js                    41.94 kB │ gzip:  13.92 kB │ map:   315.67 kB
build/chunks/RadioForm.ad3470cf.js                          53.30 kB │ gzip:  14.78 kB │ map:   228.31 kB
build/chunks/Calibrate.0c9a9cee.js                          71.85 kB │ gzip:  23.84 kB │ map:   252.10 kB
build/chunks/ReactTable.f7362b22.js                         88.76 kB │ gzip:  27.05 kB │ map:   276.62 kB
build/chunks/Dashboard.9644232f.js                          90.52 kB │ gzip:  21.81 kB │ map:   520.47 kB
build/chunks/RadiosPanelNew.b79f9a09.js                    150.72 kB │ gzip:  41.07 kB │ map:   572.97 kB
build/chunks/SubscribersPanel.929bd9bf.js                  162.91 kB │ gzip:  53.08 kB │ map:   575.13 kB
build/chunks/EdgesPanel.84db4151.js                        166.12 kB │ gzip:  40.34 kB │ map:   605.72 kB
build/chunks/DataGrid.8ebc9271.js                          280.40 kB │ gzip:  84.81 kB │ map: 1,359.73 kB
build/chunks/highcharts.4dd5443f.js                        296.73 kB │ gzip: 106.33 kB │ map:   694.32 kB
build/chunks/EditNotes.4e6dc6bf.js                         489.25 kB │ gzip: 132.58 kB │ map: 1,675.28 kB
build/js/index.ca3c8705.js                               2,141.60 kB │ gzip: 474.30 kB │ map: 5,423.99 kB

(!) Some chunks are larger than 1000 kBs after minification. Consider:
- Using dynamic import() to code-split the application
- Use build.rollupOptions.output.manualChunks to improve chunking: https://rollupjs.org/configuration-options/#output-manualchunks
- Adjust chunk size limit for this warning via build.chunkSizeWarningLimit.
✓ built in 1m 52s
Done in 113.56s.
Compilation done...
Complete at Fri Aug  4 02:31:58 AM EDT 2023
\n ************************************************** \n
Compiling at Fri Aug  4 07:30:00 AM EDT 2023
Pulling latest changes from Git...
From https://github.com/Highway9-Networks/h9-saas
   c4b4c2c5a..10c718e71  main                  -> origin/main
 * [new branch]          10002                 -> origin/10002
 * [new branch]          balaji/version-up     -> origin/balaji/version-up
   ded46bbff..4593e40a6  main-prod             -> origin/main-prod
   b75558ce7..bc33d64fa  main-release          -> origin/main-release
   f38a66b1e..ffb6f0929  nidhi/3aug            -> origin/nidhi/3aug
   f009afaa6..c3c7f9c00  private/abhagwat      -> origin/private/abhagwat
   1333e7293..888a7143f  private/abhagwat-prod -> origin/private/abhagwat-prod
   a14144aff..792ae4cdd  private/abhagwat-release -> origin/private/abhagwat-release
 * [new branch]          private/akshay-prod-edge -> origin/private/akshay-prod-edge
   36752f4bd..7abf82166  private/ankita/mobility-validation -> origin/private/ankita/mobility-validation
   c6335400c..e0033a662  private/dileep/FixingIssues_04_07_23 -> origin/private/dileep/FixingIssues_04_07_23
 * [new branch]          private/girish/4aug   -> origin/private/girish/4aug
 * [new branch]          private/ishika/CIQ_import -> origin/private/ishika/CIQ_import
 * [new branch]          revert-10056-temp-branch -> origin/revert-10056-temp-branch
   1cd632a46..ba0dcab96  vikram_mem            -> origin/vikram_mem
Updating c4b4c2c5a..10c718e71
Fast-forward
 common/common.mk                                   |  6 +--
 .../carriergw/configmgr/src/cmpclient/cmpclient.go | 44 +++++++++++-----
 .../mocngw/common/redis_utils/redis_client.cpp     | 32 ++++++++----
 .../mocngw/mocngw/tasks/vmc_sync/state_sync.cc     |  5 +-
 .../mocngw/mocngw/tasks/vmc_sync/vmc_sync.c        | 13 ++---
 orch/orch-api/apihandler/MnoOperatorHandler.go     | 26 +++++-----
 orch/orch-api/apihandler/RadiosRestHandler.go      |  6 ---
 orch/orch-api/go.mod                               |  2 +-
 .../grpchandler/scripts/downloadTechBundle.py      | 58 +++++++++++++++++++++-
 orch/orch-common/go.mod                            |  2 +-
 .../swagger/definitions/MnoOperator.yaml           | 25 +++++-----
 orch/orch-service/go.mod                           |  2 +-
 .../src/views/edges/Operator/CMPV2Config.jsx       | 49 +++++++++++++-----
 .../views/edges/Operator/OperatorDetailsDialog.jsx | 26 +++++++---
 14 files changed, 204 insertions(+), 92 deletions(-)
Compiling the orch UI code...
Deleting build...
Folder build deleted.
Folder A is unchanged.
yarn
yarn install v1.22.19
[1/4] Resolving packages...
success Already up-to-date.
Done in 0.50s.
yarn run build
yarn run v1.22.19
$ vite build
vite v4.3.9 building for production...
[plugin:vite-plugin-eslint] LintOnStart is turned on, and it will check for all matching files.
transforming...
✓ 13578 modules transformed.
rendering chunks...
computing gzip size...
build/assets/svg/pin.svg                                     0.85 kB │ gzip:   0.44 kB
build/assets/svg/current.svg                                 0.96 kB │ gzip:   0.47 kB
build/index.html                                             1.00 kB │ gzip:   0.53 kB
build/assets/svg/celltower.svg                               2.73 kB │ gzip:   1.41 kB
build/assets/svg/green-plain.svg                             3.30 kB │ gzip:   1.25 kB
build/assets/svg/pointer.svg                                 3.36 kB │ gzip:   1.27 kB
build/assets/svg/pointer-green.svg                           4.26 kB │ gzip:   1.56 kB
build/assets/svg/pointer-grey.svg                            4.26 kB │ gzip:   1.56 kB
build/assets/svg/markerA.svg                                 4.71 kB │ gzip:   1.66 kB
build/assets/woff2/roboto-vietnamese-400-normal.woff2        5.56 kB
build/assets/svg/markerB.svg                                 5.70 kB │ gzip:   2.12 kB
build/assets/woff2/roboto-greek-400-normal.woff2             7.11 kB
build/assets/svg/Radio-Indoor-Icon.svg                       7.43 kB │ gzip:   1.99 kB
build/assets/woff2/roboto-cyrillic-400-normal.woff2          9.63 kB
build/assets/woff2/roboto-latin-ext-400-normal.woff2        11.87 kB
build/assets/woff2/roboto-cyrillic-ext-400-normal.woff2     15.34 kB
build/assets/woff2/roboto-latin-400-normal.woff2            15.74 kB
build/assets/woff/roboto-all-400-normal.woff                65.46 kB
build/assets/css/EdgesPanel.css                              0.06 kB │ gzip:   0.08 kB
build/assets/css/RadiosPanelNew.css                          0.22 kB │ gzip:   0.17 kB
build/assets/css/SubscribersPanel.css                        0.23 kB │ gzip:   0.17 kB
build/assets/css/SimulatorPanel.css                          0.29 kB │ gzip:   0.21 kB
build/assets/css/Calibrate.css                               0.64 kB │ gzip:   0.40 kB
build/assets/css/ReactTable.css                              1.30 kB │ gzip:   0.55 kB
build/assets/css/index.css                                   1.77 kB │ gzip:   0.77 kB
build/assets/css/Dashboard.css                               4.02 kB │ gzip:   2.01 kB
build/assets/css/EditNotes.css                              17.96 kB │ gzip:   3.16 kB
build/chunks/styled.c118619c.js                              0.12 kB │ gzip:   0.14 kB │ map:     0.34 kB
build/chunks/SlideUpTransition.c41f5023.js                   0.21 kB │ gzip:   0.19 kB │ map:     0.54 kB
build/chunks/QoS-service.92eb3ccd.js                         0.26 kB │ gzip:   0.22 kB │ map:     0.80 kB
build/chunks/LightTooltip.2c6f453d.js                        0.34 kB │ gzip:   0.28 kB │ map:     1.06 kB
build/chunks/ArrowForwardIosSharp.f8b2133c.js                0.36 kB │ gzip:   0.29 kB │ map:     1.12 kB
build/chunks/hardwareInventory-service.c5851ee3.js           0.38 kB │ gzip:   0.30 kB │ map:     1.14 kB
build/chunks/NotImplemented.630b2ca5.js                      0.55 kB │ gzip:   0.40 kB │ map:     1.39 kB
build/chunks/Card.31301e37.js                                0.64 kB │ gzip:   0.43 kB │ map:     4.60 kB
build/chunks/useExport.e49947db.js                           0.66 kB │ gzip:   0.45 kB │ map:     3.00 kB
build/chunks/useInterval.229ce8e3.js                         0.71 kB │ gzip:   0.41 kB │ map:     3.67 kB
build/chunks/TimeDateInput.88d71f63.js                       0.88 kB │ gzip:   0.50 kB │ map:     3.03 kB
build/chunks/LineChart.ca6ba82d.js                           1.05 kB │ gzip:   0.66 kB │ map:     3.88 kB
build/chunks/TabPanel.0422bfb7.js                            1.14 kB │ gzip:   0.63 kB │ map:     4.33 kB
build/chunks/ModalDialogComponent.5c827be5.js                1.28 kB │ gzip:   0.71 kB │ map:     4.53 kB
build/chunks/ModelDialogComponentNew.a03b1d0b.js             1.47 kB │ gzip:   0.84 kB │ map:     5.12 kB
build/chunks/index.03450d27.js                               2.05 kB │ gzip:   0.69 kB │ map:     6.13 kB
build/chunks/HealthGauge.1781a41b.js                         2.37 kB │ gzip:   1.29 kB │ map:     8.47 kB
build/chunks/useSupport.84176936.js                          2.45 kB │ gzip:   1.08 kB │ map:    10.12 kB
build/chunks/Checkbox.37632c3d.js                            2.46 kB │ gzip:   1.16 kB │ map:    13.67 kB
build/chunks/radioHelper.a43d235b.js                         2.61 kB │ gzip:   1.18 kB │ map:     8.57 kB
build/chunks/AuditLog.2f62e6e3.js                            3.63 kB │ gzip:   1.53 kB │ map:    13.87 kB
build/chunks/Collapse.defcf177.js                            3.92 kB │ gzip:   1.56 kB │ map:    19.32 kB
build/chunks/index.75bc1db1.js                               4.10 kB │ gzip:   1.46 kB │ map:    13.58 kB
build/chunks/System.e48aada8.js                              4.55 kB │ gzip:   2.02 kB │ map:    17.89 kB
build/chunks/Logs.a1971962.js                                4.79 kB │ gzip:   2.11 kB │ map:    19.53 kB
build/chunks/AccordionSummary.315bd44d.js                    5.73 kB │ gzip:   1.97 kB │ map:    27.76 kB
build/chunks/useStyles.16b0352f.js                           6.40 kB │ gzip:   2.38 kB │ map:    26.35 kB
build/chunks/web-vitals.dfcc5b9a.js                          6.98 kB │ gzip:   2.58 kB │ map:    16.56 kB
build/chunks/TablePagination.17efd082.js                     8.27 kB │ gzip:   3.16 kB │ map:    42.12 kB
build/chunks/NetworkStats.ab16abee.js                        8.90 kB │ gzip:   3.30 kB │ map:    32.99 kB
build/chunks/airspan.fe614e20.js                             9.41 kB │ gzip:   3.01 kB │ map:    30.87 kB
build/chunks/DnnPanel.0ddd6a6f.js                            9.67 kB │ gzip:   3.66 kB │ map:    37.84 kB
build/chunks/setupInfo.a3702cfc.js                          16.54 kB │ gzip:   5.25 kB │ map:    51.18 kB
build/chunks/SimulatorPanel.53c54b78.js                     23.59 kB │ gzip:   7.55 kB │ map:    89.49 kB
build/chunks/AdminPanel.db075efc.js                         32.29 kB │ gzip:   8.04 kB │ map:   117.08 kB
build/chunks/ProfilePanel.18fb4468.js                       35.77 kB │ gzip:   8.84 kB │ map:   138.06 kB
build/chunks/index.378b7efb.js                              41.25 kB │ gzip:  10.58 kB │ map:   154.24 kB
build/chunks/AuditLogDetails.962e2bae.js                    41.94 kB │ gzip:  13.92 kB │ map:   315.67 kB
build/chunks/RadioForm.946bb430.js                          53.30 kB │ gzip:  14.78 kB │ map:   228.31 kB
build/chunks/Calibrate.7324ec60.js                          71.85 kB │ gzip:  23.84 kB │ map:   252.10 kB
build/chunks/ReactTable.017834c7.js                         88.76 kB │ gzip:  27.05 kB │ map:   276.62 kB
build/chunks/Dashboard.85bcecf5.js                          90.52 kB │ gzip:  21.81 kB │ map:   520.47 kB
build/chunks/RadiosPanelNew.53d0eb7a.js                    150.72 kB │ gzip:  41.06 kB │ map:   572.97 kB
build/chunks/SubscribersPanel.20eb5ee1.js                  162.91 kB │ gzip:  53.07 kB │ map:   575.13 kB
build/chunks/EdgesPanel.dfd0e421.js                        166.31 kB │ gzip:  40.37 kB │ map:   607.45 kB
build/chunks/DataGrid.094b5e2c.js                          280.40 kB │ gzip:  84.81 kB │ map: 1,359.73 kB
build/chunks/highcharts.27e9520d.js                        296.73 kB │ gzip: 106.33 kB │ map:   694.32 kB
build/chunks/EditNotes.b26d0e3d.js                         489.25 kB │ gzip: 132.57 kB │ map: 1,675.28 kB
build/js/index.80a24e9e.js                               2,141.60 kB │ gzip: 474.30 kB │ map: 5,423.99 kB

(!) Some chunks are larger than 1000 kBs after minification. Consider:
- Using dynamic import() to code-split the application
- Use build.rollupOptions.output.manualChunks to improve chunking: https://rollupjs.org/configuration-options/#output-manualchunks
- Adjust chunk size limit for this warning via build.chunkSizeWarningLimit.
✓ built in 1m 55s
Done in 116.64s.
Compilation done...
Complete at Fri Aug  4 07:32:00 AM EDT 2023
\n ************************************************** \n
Compiling at Fri Aug  4 10:30:00 AM EDT 2023
Pulling latest changes from Git...
From https://github.com/Highway9-Networks/h9-saas
   10c718e71..ad9222a38  main                   -> origin/main
 * [new branch]          10002-verified         -> origin/10002-verified
 * [new branch]          Always_Wait_For_2_Release_Tags_For_Visibility -> origin/Always_Wait_For_2_Release_Tags_For_Visibility
   6cacd2a3c..f8d9cc728  balaji/mmeretry        -> origin/balaji/mmeretry
   4593e40a6..a82e115a8  main-prod              -> origin/main-prod
   bc33d64fa..b36d00358  main-release           -> origin/main-release
   2fae4bfe0..81501c9d4  private/akshay-33      -> origin/private/akshay-33
   600026ac1..3609894ff  private/akshay-prod-edge -> origin/private/akshay-prod-edge
   e0033a662..4229450fb  private/dileep/FixingIssues_04_07_23 -> origin/private/dileep/FixingIssues_04_07_23
   3256dbe91..a087e260b  private/ishika/CIQ_import -> origin/private/ishika/CIQ_import
 * [new branch]          private/sync-from-main -> origin/private/sync-from-main
Updating 10c718e71..ad9222a38
Fast-forward
 common/common.mk                                   |   2 +-
 utility/Makefile                                   |   4 +
 .../publish-cgw-to-production.sh                   | 176 +++++++++++++++++++++
 .../publish-edge-to-production.sh                  |   2 +-
 4 files changed, 182 insertions(+), 2 deletions(-)
 create mode 100644 utility/agw-image-creation/publish-cgw-to-production.sh
Compiling the orch UI code...
Deleting build...
Folder build deleted.
Folder A is unchanged.
yarn
yarn install v1.22.19
[1/4] Resolving packages...
success Already up-to-date.
Done in 0.55s.
yarn run build
yarn run v1.22.19
$ vite build
vite v4.3.9 building for production...
[plugin:vite-plugin-eslint] LintOnStart is turned on, and it will check for all matching files.
transforming...
✓ 13578 modules transformed.
rendering chunks...
computing gzip size...
build/assets/svg/pin.svg                                     0.85 kB │ gzip:   0.44 kB
build/assets/svg/current.svg                                 0.96 kB │ gzip:   0.47 kB
build/index.html                                             1.00 kB │ gzip:   0.53 kB
build/assets/svg/celltower.svg                               2.73 kB │ gzip:   1.41 kB
build/assets/svg/green-plain.svg                             3.30 kB │ gzip:   1.25 kB
build/assets/svg/pointer.svg                                 3.36 kB │ gzip:   1.27 kB
build/assets/svg/pointer-green.svg                           4.26 kB │ gzip:   1.56 kB
build/assets/svg/pointer-grey.svg                            4.26 kB │ gzip:   1.56 kB
build/assets/svg/markerA.svg                                 4.71 kB │ gzip:   1.66 kB
build/assets/woff2/roboto-vietnamese-400-normal.woff2        5.56 kB
build/assets/svg/markerB.svg                                 5.70 kB │ gzip:   2.12 kB
build/assets/woff2/roboto-greek-400-normal.woff2             7.11 kB
build/assets/svg/Radio-Indoor-Icon.svg                       7.43 kB │ gzip:   1.99 kB
build/assets/woff2/roboto-cyrillic-400-normal.woff2          9.63 kB
build/assets/woff2/roboto-latin-ext-400-normal.woff2        11.87 kB
build/assets/woff2/roboto-cyrillic-ext-400-normal.woff2     15.34 kB
build/assets/woff2/roboto-latin-400-normal.woff2            15.74 kB
build/assets/woff/roboto-all-400-normal.woff                65.46 kB
build/assets/css/EdgesPanel.css                              0.06 kB │ gzip:   0.08 kB
build/assets/css/RadiosPanelNew.css                          0.22 kB │ gzip:   0.17 kB
build/assets/css/SubscribersPanel.css                        0.23 kB │ gzip:   0.17 kB
build/assets/css/SimulatorPanel.css                          0.29 kB │ gzip:   0.21 kB
build/assets/css/Calibrate.css                               0.64 kB │ gzip:   0.40 kB
build/assets/css/ReactTable.css                              1.30 kB │ gzip:   0.55 kB
build/assets/css/index.css                                   1.77 kB │ gzip:   0.77 kB
build/assets/css/Dashboard.css                               4.02 kB │ gzip:   2.01 kB
build/assets/css/EditNotes.css                              17.96 kB │ gzip:   3.16 kB
build/chunks/styled.c118619c.js                              0.12 kB │ gzip:   0.14 kB │ map:     0.34 kB
build/chunks/SlideUpTransition.c41f5023.js                   0.21 kB │ gzip:   0.19 kB │ map:     0.54 kB
build/chunks/QoS-service.92eb3ccd.js                         0.26 kB │ gzip:   0.22 kB │ map:     0.80 kB
build/chunks/LightTooltip.2c6f453d.js                        0.34 kB │ gzip:   0.28 kB │ map:     1.06 kB
build/chunks/ArrowForwardIosSharp.f8b2133c.js                0.36 kB │ gzip:   0.29 kB │ map:     1.12 kB
build/chunks/hardwareInventory-service.c5851ee3.js           0.38 kB │ gzip:   0.30 kB │ map:     1.14 kB
build/chunks/NotImplemented.630b2ca5.js                      0.55 kB │ gzip:   0.40 kB │ map:     1.39 kB
build/chunks/Card.31301e37.js                                0.64 kB │ gzip:   0.43 kB │ map:     4.60 kB
build/chunks/useExport.e49947db.js                           0.66 kB │ gzip:   0.45 kB │ map:     3.00 kB
build/chunks/useInterval.229ce8e3.js                         0.71 kB │ gzip:   0.41 kB │ map:     3.67 kB
build/chunks/TimeDateInput.88d71f63.js                       0.88 kB │ gzip:   0.50 kB │ map:     3.03 kB
build/chunks/LineChart.ca6ba82d.js                           1.05 kB │ gzip:   0.66 kB │ map:     3.88 kB
build/chunks/TabPanel.0422bfb7.js                            1.14 kB │ gzip:   0.63 kB │ map:     4.33 kB
build/chunks/ModalDialogComponent.5c827be5.js                1.28 kB │ gzip:   0.71 kB │ map:     4.53 kB
build/chunks/ModelDialogComponentNew.a03b1d0b.js             1.47 kB │ gzip:   0.84 kB │ map:     5.12 kB
build/chunks/index.03450d27.js                               2.05 kB │ gzip:   0.69 kB │ map:     6.13 kB
build/chunks/HealthGauge.1781a41b.js                         2.37 kB │ gzip:   1.29 kB │ map:     8.47 kB
build/chunks/useSupport.84176936.js                          2.45 kB │ gzip:   1.08 kB │ map:    10.12 kB
build/chunks/Checkbox.37632c3d.js                            2.46 kB │ gzip:   1.16 kB │ map:    13.67 kB
build/chunks/radioHelper.a43d235b.js                         2.61 kB │ gzip:   1.18 kB │ map:     8.57 kB
build/chunks/AuditLog.2f62e6e3.js                            3.63 kB │ gzip:   1.53 kB │ map:    13.87 kB
build/chunks/Collapse.defcf177.js                            3.92 kB │ gzip:   1.56 kB │ map:    19.32 kB
build/chunks/index.75bc1db1.js                               4.10 kB │ gzip:   1.46 kB │ map:    13.58 kB
build/chunks/System.e48aada8.js                              4.55 kB │ gzip:   2.02 kB │ map:    17.89 kB
build/chunks/Logs.a1971962.js                                4.79 kB │ gzip:   2.11 kB │ map:    19.53 kB
build/chunks/AccordionSummary.315bd44d.js                    5.73 kB │ gzip:   1.97 kB │ map:    27.76 kB
build/chunks/useStyles.16b0352f.js                           6.40 kB │ gzip:   2.38 kB │ map:    26.35 kB
build/chunks/web-vitals.dfcc5b9a.js                          6.98 kB │ gzip:   2.58 kB │ map:    16.56 kB
build/chunks/TablePagination.17efd082.js                     8.27 kB │ gzip:   3.16 kB │ map:    42.12 kB
build/chunks/NetworkStats.ab16abee.js                        8.90 kB │ gzip:   3.30 kB │ map:    32.99 kB
build/chunks/airspan.fe614e20.js                             9.41 kB │ gzip:   3.01 kB │ map:    30.87 kB
build/chunks/DnnPanel.0ddd6a6f.js                            9.67 kB │ gzip:   3.66 kB │ map:    37.84 kB
build/chunks/setupInfo.a3702cfc.js                          16.54 kB │ gzip:   5.25 kB │ map:    51.18 kB
build/chunks/SimulatorPanel.53c54b78.js                     23.59 kB │ gzip:   7.55 kB │ map:    89.49 kB
build/chunks/AdminPanel.db075efc.js                         32.29 kB │ gzip:   8.04 kB │ map:   117.08 kB
build/chunks/ProfilePanel.18fb4468.js                       35.77 kB │ gzip:   8.84 kB │ map:   138.06 kB
build/chunks/index.378b7efb.js                              41.25 kB │ gzip:  10.58 kB │ map:   154.24 kB
build/chunks/AuditLogDetails.962e2bae.js                    41.94 kB │ gzip:  13.92 kB │ map:   315.67 kB
build/chunks/RadioForm.946bb430.js                          53.30 kB │ gzip:  14.78 kB │ map:   228.31 kB
build/chunks/Calibrate.7324ec60.js                          71.85 kB │ gzip:  23.84 kB │ map:   252.10 kB
build/chunks/ReactTable.017834c7.js                         88.76 kB │ gzip:  27.05 kB │ map:   276.62 kB
build/chunks/Dashboard.85bcecf5.js                          90.52 kB │ gzip:  21.81 kB │ map:   520.47 kB
build/chunks/RadiosPanelNew.53d0eb7a.js                    150.72 kB │ gzip:  41.06 kB │ map:   572.97 kB
build/chunks/SubscribersPanel.20eb5ee1.js                  162.91 kB │ gzip:  53.07 kB │ map:   575.13 kB
build/chunks/EdgesPanel.dfd0e421.js                        166.31 kB │ gzip:  40.37 kB │ map:   607.45 kB
build/chunks/DataGrid.094b5e2c.js                          280.40 kB │ gzip:  84.81 kB │ map: 1,359.73 kB
build/chunks/highcharts.27e9520d.js                        296.73 kB │ gzip: 106.33 kB │ map:   694.32 kB
build/chunks/EditNotes.b26d0e3d.js                         489.25 kB │ gzip: 132.57 kB │ map: 1,675.28 kB
build/js/index.80a24e9e.js                               2,141.60 kB │ gzip: 474.30 kB │ map: 5,423.99 kB

(!) Some chunks are larger than 1000 kBs after minification. Consider:
- Using dynamic import() to code-split the application
- Use build.rollupOptions.output.manualChunks to improve chunking: https://rollupjs.org/configuration-options/#output-manualchunks
- Adjust chunk size limit for this warning via build.chunkSizeWarningLimit.
✓ built in 1m 56s
Done in 118.61s.
Compilation done...
Complete at Fri Aug  4 10:32:03 AM EDT 2023
\n ************************************************** \n
Compiling at Sat Aug  5 02:30:00 AM EDT 2023
Pulling latest changes from Git...
From https://github.com/Highway9-Networks/h9-saas
   ad9222a38..5bee946a5  main                  -> origin/main
 + af0b73d8a...442bee96c AuditDiffOnCsp        -> origin/AuditDiffOnCsp  (forced update)
   a82e115a8..71e292e41  main-prod             -> origin/main-prod
   888a7143f..c2e9f888d  private/abhagwat-prod -> origin/private/abhagwat-prod
 * [new tag]             main-prod-10.32.1     -> main-prod-10.32.1
 * [new tag]             main-release-10.32.1  -> main-release-10.32.1
Updating ad9222a38..5bee946a5
Fast-forward
 common/common.mk                                   |   4 +-
 orch/orch-ui/src/views/edges/Edit/EdgeForm.tsx     |   4 +-
 .../src/views/edges/Edit/EdgeNetworking.tsx        | 106 +++++++++++----------
 3 files changed, 58 insertions(+), 56 deletions(-)
Compiling the orch UI code...
Deleting build...
Folder build deleted.
Folder A is unchanged.
yarn
yarn install v1.22.19
[1/4] Resolving packages...
success Already up-to-date.
Done in 0.61s.
yarn run build
yarn run v1.22.19
$ vite build
vite v4.3.9 building for production...
[plugin:vite-plugin-eslint] LintOnStart is turned on, and it will check for all matching files.
transforming...
✓ 13578 modules transformed.
rendering chunks...
computing gzip size...
build/assets/svg/pin.svg                                     0.85 kB │ gzip:   0.44 kB
build/assets/svg/current.svg                                 0.96 kB │ gzip:   0.47 kB
build/index.html                                             1.00 kB │ gzip:   0.53 kB
build/assets/svg/celltower.svg                               2.73 kB │ gzip:   1.41 kB
build/assets/svg/green-plain.svg                             3.30 kB │ gzip:   1.25 kB
build/assets/svg/pointer.svg                                 3.36 kB │ gzip:   1.27 kB
build/assets/svg/pointer-green.svg                           4.26 kB │ gzip:   1.56 kB
build/assets/svg/pointer-grey.svg                            4.26 kB │ gzip:   1.56 kB
build/assets/svg/markerA.svg                                 4.71 kB │ gzip:   1.66 kB
build/assets/woff2/roboto-vietnamese-400-normal.woff2        5.56 kB
build/assets/svg/markerB.svg                                 5.70 kB │ gzip:   2.12 kB
build/assets/woff2/roboto-greek-400-normal.woff2             7.11 kB
build/assets/svg/Radio-Indoor-Icon.svg                       7.43 kB │ gzip:   1.99 kB
build/assets/woff2/roboto-cyrillic-400-normal.woff2          9.63 kB
build/assets/woff2/roboto-latin-ext-400-normal.woff2        11.87 kB
build/assets/woff2/roboto-cyrillic-ext-400-normal.woff2     15.34 kB
build/assets/woff2/roboto-latin-400-normal.woff2            15.74 kB
build/assets/woff/roboto-all-400-normal.woff                65.46 kB
build/assets/css/EdgesPanel.css                              0.06 kB │ gzip:   0.08 kB
build/assets/css/RadiosPanelNew.css                          0.22 kB │ gzip:   0.17 kB
build/assets/css/SubscribersPanel.css                        0.23 kB │ gzip:   0.17 kB
build/assets/css/SimulatorPanel.css                          0.29 kB │ gzip:   0.21 kB
build/assets/css/Calibrate.css                               0.64 kB │ gzip:   0.40 kB
build/assets/css/ReactTable.css                              1.30 kB │ gzip:   0.55 kB
build/assets/css/index.css                                   1.77 kB │ gzip:   0.77 kB
build/assets/css/Dashboard.css                               4.02 kB │ gzip:   2.01 kB
build/assets/css/EditNotes.css                              17.96 kB │ gzip:   3.16 kB
build/chunks/styled.cee443cb.js                              0.12 kB │ gzip:   0.13 kB │ map:     0.34 kB
build/chunks/SlideUpTransition.1582d930.js                   0.21 kB │ gzip:   0.20 kB │ map:     0.54 kB
build/chunks/QoS-service.ac6a806e.js                         0.26 kB │ gzip:   0.22 kB │ map:     0.80 kB
build/chunks/LightTooltip.822d6064.js                        0.34 kB │ gzip:   0.29 kB │ map:     1.06 kB
build/chunks/ArrowForwardIosSharp.3f4f9c15.js                0.36 kB │ gzip:   0.29 kB │ map:     1.12 kB
build/chunks/hardwareInventory-service.78f62e7c.js           0.38 kB │ gzip:   0.30 kB │ map:     1.14 kB
build/chunks/NotImplemented.c0c17e44.js                      0.55 kB │ gzip:   0.40 kB │ map:     1.39 kB
build/chunks/Card.e23a427c.js                                0.64 kB │ gzip:   0.43 kB │ map:     4.60 kB
build/chunks/useExport.386ee6df.js                           0.66 kB │ gzip:   0.45 kB │ map:     3.00 kB
build/chunks/useInterval.23107f5c.js                         0.71 kB │ gzip:   0.41 kB │ map:     3.67 kB
build/chunks/TimeDateInput.f7a74c2b.js                       0.88 kB │ gzip:   0.50 kB │ map:     3.03 kB
build/chunks/LineChart.5c7b2d7e.js                           1.05 kB │ gzip:   0.66 kB │ map:     3.88 kB
build/chunks/TabPanel.7865bbae.js                            1.14 kB │ gzip:   0.63 kB │ map:     4.33 kB
build/chunks/ModalDialogComponent.69c37d77.js                1.28 kB │ gzip:   0.71 kB │ map:     4.53 kB
build/chunks/ModelDialogComponentNew.c3dfc55a.js             1.47 kB │ gzip:   0.84 kB │ map:     5.12 kB
build/chunks/index.7ef9cc00.js                               2.05 kB │ gzip:   0.69 kB │ map:     6.13 kB
build/chunks/HealthGauge.6a1ffb9d.js                         2.37 kB │ gzip:   1.29 kB │ map:     8.47 kB
build/chunks/useSupport.c652a43b.js                          2.45 kB │ gzip:   1.08 kB │ map:    10.12 kB
build/chunks/Checkbox.b244cf8d.js                            2.46 kB │ gzip:   1.16 kB │ map:    13.67 kB
build/chunks/radioHelper.430d2d9b.js                         2.61 kB │ gzip:   1.18 kB │ map:     8.57 kB
build/chunks/AuditLog.77cc3033.js                            3.63 kB │ gzip:   1.54 kB │ map:    13.87 kB
build/chunks/Collapse.57465c79.js                            3.92 kB │ gzip:   1.56 kB │ map:    19.32 kB
build/chunks/index.3c547856.js                               4.10 kB │ gzip:   1.46 kB │ map:    13.58 kB
build/chunks/System.b366e5b2.js                              4.55 kB │ gzip:   2.02 kB │ map:    17.89 kB
build/chunks/Logs.fd71b9cb.js                                4.79 kB │ gzip:   2.12 kB │ map:    19.53 kB
build/chunks/AccordionSummary.8f893b29.js                    5.73 kB │ gzip:   1.97 kB │ map:    27.76 kB
build/chunks/useStyles.fb37d669.js                           6.40 kB │ gzip:   2.38 kB │ map:    26.35 kB
build/chunks/web-vitals.dfcc5b9a.js                          6.98 kB │ gzip:   2.58 kB │ map:    16.56 kB
build/chunks/TablePagination.a329a445.js                     8.27 kB │ gzip:   3.16 kB │ map:    42.12 kB
build/chunks/NetworkStats.2baf9663.js                        8.90 kB │ gzip:   3.31 kB │ map:    32.99 kB
build/chunks/airspan.05e95ee8.js                             9.41 kB │ gzip:   3.01 kB │ map:    30.87 kB
build/chunks/DnnPanel.ec6bf080.js                            9.67 kB │ gzip:   3.66 kB │ map:    37.84 kB
build/chunks/setupInfo.33af20d2.js                          16.54 kB │ gzip:   5.25 kB │ map:    51.18 kB
build/chunks/SimulatorPanel.50ccf61a.js                     23.59 kB │ gzip:   7.55 kB │ map:    89.49 kB
build/chunks/AdminPanel.473dd725.js                         32.29 kB │ gzip:   8.04 kB │ map:   117.08 kB
build/chunks/ProfilePanel.743d5303.js                       35.77 kB │ gzip:   8.84 kB │ map:   138.06 kB
build/chunks/index.7dbd78e2.js                              41.25 kB │ gzip:  10.58 kB │ map:   154.24 kB
build/chunks/AuditLogDetails.72a0d7a1.js                    41.94 kB │ gzip:  13.92 kB │ map:   315.67 kB
build/chunks/RadioForm.45624b54.js                          53.30 kB │ gzip:  14.79 kB │ map:   228.31 kB
build/chunks/Calibrate.8182779a.js                          71.85 kB │ gzip:  23.84 kB │ map:   252.10 kB
build/chunks/ReactTable.b865167f.js                         88.76 kB │ gzip:  27.05 kB │ map:   276.62 kB
build/chunks/Dashboard.1ad9fa7c.js                          90.52 kB │ gzip:  21.82 kB │ map:   520.47 kB
build/chunks/RadiosPanelNew.77e4b119.js                    150.72 kB │ gzip:  41.07 kB │ map:   572.97 kB
build/chunks/SubscribersPanel.66cd9d12.js                  162.91 kB │ gzip:  53.08 kB │ map:   575.13 kB
build/chunks/EdgesPanel.b1513dd4.js                        166.32 kB │ gzip:  40.39 kB │ map:   607.71 kB
build/chunks/DataGrid.cfa323a3.js                          280.40 kB │ gzip:  84.81 kB │ map: 1,359.73 kB
build/chunks/highcharts.5b98cb79.js                        296.73 kB │ gzip: 106.33 kB │ map:   694.32 kB
build/chunks/EditNotes.fc189716.js                         489.25 kB │ gzip: 132.58 kB │ map: 1,675.28 kB
build/js/index.4011dd35.js                               2,141.60 kB │ gzip: 474.31 kB │ map: 5,423.99 kB

(!) Some chunks are larger than 1000 kBs after minification. Consider:
- Using dynamic import() to code-split the application
- Use build.rollupOptions.output.manualChunks to improve chunking: https://rollupjs.org/configuration-options/#output-manualchunks
- Adjust chunk size limit for this warning via build.chunkSizeWarningLimit.
✓ built in 1m 54s
Done in 115.94s.
Compilation done...
Complete at Sat Aug  5 02:32:00 AM EDT 2023
\n ************************************************** \n
Compiling at Sat Aug  5 10:30:00 AM EDT 2023
Pulling latest changes from Git...
From https://github.com/Highway9-Networks/h9-saas
   5bee946a5..436327492  main       -> origin/main
Updating 5bee946a5..436327492
Fast-forward
 common/common.mk | 4 ++--
 1 file changed, 2 insertions(+), 2 deletions(-)
Compiling the orch UI code...
Deleting build...
Folder build deleted.
Folder A is unchanged.
yarn
yarn install v1.22.19
[1/4] Resolving packages...
success Already up-to-date.
Done in 0.62s.
yarn run build
yarn run v1.22.19
$ vite build
vite v4.3.9 building for production...
[plugin:vite-plugin-eslint] LintOnStart is turned on, and it will check for all matching files.
transforming...
✓ 13578 modules transformed.
rendering chunks...
computing gzip size...
build/assets/svg/pin.svg                                     0.85 kB │ gzip:   0.44 kB
build/assets/svg/current.svg                                 0.96 kB │ gzip:   0.47 kB
build/index.html                                             1.00 kB │ gzip:   0.53 kB
build/assets/svg/celltower.svg                               2.73 kB │ gzip:   1.41 kB
build/assets/svg/green-plain.svg                             3.30 kB │ gzip:   1.25 kB
build/assets/svg/pointer.svg                                 3.36 kB │ gzip:   1.27 kB
build/assets/svg/pointer-green.svg                           4.26 kB │ gzip:   1.56 kB
build/assets/svg/pointer-grey.svg                            4.26 kB │ gzip:   1.56 kB
build/assets/svg/markerA.svg                                 4.71 kB │ gzip:   1.66 kB
build/assets/woff2/roboto-vietnamese-400-normal.woff2        5.56 kB
build/assets/svg/markerB.svg                                 5.70 kB │ gzip:   2.12 kB
build/assets/woff2/roboto-greek-400-normal.woff2             7.11 kB
build/assets/svg/Radio-Indoor-Icon.svg                       7.43 kB │ gzip:   1.99 kB
build/assets/woff2/roboto-cyrillic-400-normal.woff2          9.63 kB
build/assets/woff2/roboto-latin-ext-400-normal.woff2        11.87 kB
build/assets/woff2/roboto-cyrillic-ext-400-normal.woff2     15.34 kB
build/assets/woff2/roboto-latin-400-normal.woff2            15.74 kB
build/assets/woff/roboto-all-400-normal.woff                65.46 kB
build/assets/css/EdgesPanel.css                              0.06 kB │ gzip:   0.08 kB
build/assets/css/RadiosPanelNew.css                          0.22 kB │ gzip:   0.17 kB
build/assets/css/SubscribersPanel.css                        0.23 kB │ gzip:   0.17 kB
build/assets/css/SimulatorPanel.css                          0.29 kB │ gzip:   0.21 kB
build/assets/css/Calibrate.css                               0.64 kB │ gzip:   0.40 kB
build/assets/css/ReactTable.css                              1.30 kB │ gzip:   0.55 kB
build/assets/css/index.css                                   1.77 kB │ gzip:   0.77 kB
build/assets/css/Dashboard.css                               4.02 kB │ gzip:   2.01 kB
build/assets/css/EditNotes.css                              17.96 kB │ gzip:   3.16 kB
build/chunks/styled.cee443cb.js                              0.12 kB │ gzip:   0.13 kB │ map:     0.34 kB
build/chunks/SlideUpTransition.1582d930.js                   0.21 kB │ gzip:   0.20 kB │ map:     0.54 kB
build/chunks/QoS-service.ac6a806e.js                         0.26 kB │ gzip:   0.22 kB │ map:     0.80 kB
build/chunks/LightTooltip.822d6064.js                        0.34 kB │ gzip:   0.29 kB │ map:     1.06 kB
build/chunks/ArrowForwardIosSharp.3f4f9c15.js                0.36 kB │ gzip:   0.29 kB │ map:     1.12 kB
build/chunks/hardwareInventory-service.78f62e7c.js           0.38 kB │ gzip:   0.30 kB │ map:     1.14 kB
build/chunks/NotImplemented.c0c17e44.js                      0.55 kB │ gzip:   0.40 kB │ map:     1.39 kB
build/chunks/Card.e23a427c.js                                0.64 kB │ gzip:   0.43 kB │ map:     4.60 kB
build/chunks/useExport.386ee6df.js                           0.66 kB │ gzip:   0.45 kB │ map:     3.00 kB
build/chunks/useInterval.23107f5c.js                         0.71 kB │ gzip:   0.41 kB │ map:     3.67 kB
build/chunks/TimeDateInput.f7a74c2b.js                       0.88 kB │ gzip:   0.50 kB │ map:     3.03 kB
build/chunks/LineChart.5c7b2d7e.js                           1.05 kB │ gzip:   0.66 kB │ map:     3.88 kB
build/chunks/TabPanel.7865bbae.js                            1.14 kB │ gzip:   0.63 kB │ map:     4.33 kB
build/chunks/ModalDialogComponent.69c37d77.js                1.28 kB │ gzip:   0.71 kB │ map:     4.53 kB
build/chunks/ModelDialogComponentNew.c3dfc55a.js             1.47 kB │ gzip:   0.84 kB │ map:     5.12 kB
build/chunks/index.7ef9cc00.js                               2.05 kB │ gzip:   0.69 kB │ map:     6.13 kB
build/chunks/HealthGauge.6a1ffb9d.js                         2.37 kB │ gzip:   1.29 kB │ map:     8.47 kB
build/chunks/useSupport.c652a43b.js                          2.45 kB │ gzip:   1.08 kB │ map:    10.12 kB
build/chunks/Checkbox.b244cf8d.js                            2.46 kB │ gzip:   1.16 kB │ map:    13.67 kB
build/chunks/radioHelper.430d2d9b.js                         2.61 kB │ gzip:   1.18 kB │ map:     8.57 kB
build/chunks/AuditLog.77cc3033.js                            3.63 kB │ gzip:   1.54 kB │ map:    13.87 kB
build/chunks/Collapse.57465c79.js                            3.92 kB │ gzip:   1.56 kB │ map:    19.32 kB
build/chunks/index.3c547856.js                               4.10 kB │ gzip:   1.46 kB │ map:    13.58 kB
build/chunks/System.b366e5b2.js                              4.55 kB │ gzip:   2.02 kB │ map:    17.89 kB
build/chunks/Logs.fd71b9cb.js                                4.79 kB │ gzip:   2.12 kB │ map:    19.53 kB
build/chunks/AccordionSummary.8f893b29.js                    5.73 kB │ gzip:   1.97 kB │ map:    27.76 kB
build/chunks/useStyles.fb37d669.js                           6.40 kB │ gzip:   2.38 kB │ map:    26.35 kB
build/chunks/web-vitals.dfcc5b9a.js                          6.98 kB │ gzip:   2.58 kB │ map:    16.56 kB
build/chunks/TablePagination.a329a445.js                     8.27 kB │ gzip:   3.16 kB │ map:    42.12 kB
build/chunks/NetworkStats.2baf9663.js                        8.90 kB │ gzip:   3.31 kB │ map:    32.99 kB
build/chunks/airspan.05e95ee8.js                             9.41 kB │ gzip:   3.01 kB │ map:    30.87 kB
build/chunks/DnnPanel.ec6bf080.js                            9.67 kB │ gzip:   3.66 kB │ map:    37.84 kB
build/chunks/setupInfo.33af20d2.js                          16.54 kB │ gzip:   5.25 kB │ map:    51.18 kB
build/chunks/SimulatorPanel.50ccf61a.js                     23.59 kB │ gzip:   7.55 kB │ map:    89.49 kB
build/chunks/AdminPanel.473dd725.js                         32.29 kB │ gzip:   8.04 kB │ map:   117.08 kB
build/chunks/ProfilePanel.743d5303.js                       35.77 kB │ gzip:   8.84 kB │ map:   138.06 kB
build/chunks/index.7dbd78e2.js                              41.25 kB │ gzip:  10.58 kB │ map:   154.24 kB
build/chunks/AuditLogDetails.72a0d7a1.js                    41.94 kB │ gzip:  13.92 kB │ map:   315.67 kB
build/chunks/RadioForm.45624b54.js                          53.30 kB │ gzip:  14.79 kB │ map:   228.31 kB
build/chunks/Calibrate.8182779a.js                          71.85 kB │ gzip:  23.84 kB │ map:   252.10 kB
build/chunks/ReactTable.b865167f.js                         88.76 kB │ gzip:  27.05 kB │ map:   276.62 kB
build/chunks/Dashboard.1ad9fa7c.js                          90.52 kB │ gzip:  21.82 kB │ map:   520.47 kB
build/chunks/RadiosPanelNew.77e4b119.js                    150.72 kB │ gzip:  41.07 kB │ map:   572.97 kB
build/chunks/SubscribersPanel.66cd9d12.js                  162.91 kB │ gzip:  53.08 kB │ map:   575.13 kB
build/chunks/EdgesPanel.b1513dd4.js                        166.32 kB │ gzip:  40.39 kB │ map:   607.71 kB
build/chunks/DataGrid.cfa323a3.js                          280.40 kB │ gzip:  84.81 kB │ map: 1,359.73 kB
build/chunks/highcharts.5b98cb79.js                        296.73 kB │ gzip: 106.33 kB │ map:   694.32 kB
build/chunks/EditNotes.fc189716.js                         489.25 kB │ gzip: 132.58 kB │ map: 1,675.28 kB
build/js/index.4011dd35.js                               2,141.60 kB │ gzip: 474.31 kB │ map: 5,423.99 kB

(!) Some chunks are larger than 1000 kBs after minification. Consider:
- Using dynamic import() to code-split the application
- Use build.rollupOptions.output.manualChunks to improve chunking: https://rollupjs.org/configuration-options/#output-manualchunks
- Adjust chunk size limit for this warning via build.chunkSizeWarningLimit.
✓ built in 1m 59s
Done in 121.45s.
Compilation done...
Complete at Sat Aug  5 10:32:05 AM EDT 2023
\n ************************************************** \n
Compiling at Sun Aug  6 02:30:00 AM EDT 2023
Pulling latest changes from Git...
From https://github.com/Highway9-Networks/h9-saas
   436327492..5bca92da5  main       -> origin/main
Updating 436327492..5bca92da5
Fast-forward
 common/common.mk | 4 ++--
 1 file changed, 2 insertions(+), 2 deletions(-)
Compiling the orch UI code...
Deleting build...
Folder build deleted.
Folder A is unchanged.
yarn
yarn install v1.22.19
[1/4] Resolving packages...
success Already up-to-date.
Done in 0.51s.
yarn run build
yarn run v1.22.19
$ vite build
vite v4.3.9 building for production...
[plugin:vite-plugin-eslint] LintOnStart is turned on, and it will check for all matching files.
transforming...
✓ 13578 modules transformed.
rendering chunks...
computing gzip size...
build/assets/svg/pin.svg                                     0.85 kB │ gzip:   0.44 kB
build/assets/svg/current.svg                                 0.96 kB │ gzip:   0.47 kB
build/index.html                                             1.00 kB │ gzip:   0.53 kB
build/assets/svg/celltower.svg                               2.73 kB │ gzip:   1.41 kB
build/assets/svg/green-plain.svg                             3.30 kB │ gzip:   1.25 kB
build/assets/svg/pointer.svg                                 3.36 kB │ gzip:   1.27 kB
build/assets/svg/pointer-green.svg                           4.26 kB │ gzip:   1.56 kB
build/assets/svg/pointer-grey.svg                            4.26 kB │ gzip:   1.56 kB
build/assets/svg/markerA.svg                                 4.71 kB │ gzip:   1.66 kB
build/assets/woff2/roboto-vietnamese-400-normal.woff2        5.56 kB
build/assets/svg/markerB.svg                                 5.70 kB │ gzip:   2.12 kB
build/assets/woff2/roboto-greek-400-normal.woff2             7.11 kB
build/assets/svg/Radio-Indoor-Icon.svg                       7.43 kB │ gzip:   1.99 kB
build/assets/woff2/roboto-cyrillic-400-normal.woff2          9.63 kB
build/assets/woff2/roboto-latin-ext-400-normal.woff2        11.87 kB
build/assets/woff2/roboto-cyrillic-ext-400-normal.woff2     15.34 kB
build/assets/woff2/roboto-latin-400-normal.woff2            15.74 kB
build/assets/woff/roboto-all-400-normal.woff                65.46 kB
build/assets/css/EdgesPanel.css                              0.06 kB │ gzip:   0.08 kB
build/assets/css/RadiosPanelNew.css                          0.22 kB │ gzip:   0.17 kB
build/assets/css/SubscribersPanel.css                        0.23 kB │ gzip:   0.17 kB
build/assets/css/SimulatorPanel.css                          0.29 kB │ gzip:   0.21 kB
build/assets/css/Calibrate.css                               0.64 kB │ gzip:   0.40 kB
build/assets/css/ReactTable.css                              1.30 kB │ gzip:   0.55 kB
build/assets/css/index.css                                   1.77 kB │ gzip:   0.77 kB
build/assets/css/Dashboard.css                               4.02 kB │ gzip:   2.01 kB
build/assets/css/EditNotes.css                              17.96 kB │ gzip:   3.16 kB
build/chunks/styled.cee443cb.js                              0.12 kB │ gzip:   0.13 kB │ map:     0.34 kB
build/chunks/SlideUpTransition.1582d930.js                   0.21 kB │ gzip:   0.20 kB │ map:     0.54 kB
build/chunks/QoS-service.ac6a806e.js                         0.26 kB │ gzip:   0.22 kB │ map:     0.80 kB
build/chunks/LightTooltip.822d6064.js                        0.34 kB │ gzip:   0.29 kB │ map:     1.06 kB
build/chunks/ArrowForwardIosSharp.3f4f9c15.js                0.36 kB │ gzip:   0.29 kB │ map:     1.12 kB
build/chunks/hardwareInventory-service.78f62e7c.js           0.38 kB │ gzip:   0.30 kB │ map:     1.14 kB
build/chunks/NotImplemented.c0c17e44.js                      0.55 kB │ gzip:   0.40 kB │ map:     1.39 kB
build/chunks/Card.e23a427c.js                                0.64 kB │ gzip:   0.43 kB │ map:     4.60 kB
build/chunks/useExport.386ee6df.js                           0.66 kB │ gzip:   0.45 kB │ map:     3.00 kB
build/chunks/useInterval.23107f5c.js                         0.71 kB │ gzip:   0.41 kB │ map:     3.67 kB
build/chunks/TimeDateInput.f7a74c2b.js                       0.88 kB │ gzip:   0.50 kB │ map:     3.03 kB
build/chunks/LineChart.5c7b2d7e.js                           1.05 kB │ gzip:   0.66 kB │ map:     3.88 kB
build/chunks/TabPanel.7865bbae.js                            1.14 kB │ gzip:   0.63 kB │ map:     4.33 kB
build/chunks/ModalDialogComponent.69c37d77.js                1.28 kB │ gzip:   0.71 kB │ map:     4.53 kB
build/chunks/ModelDialogComponentNew.c3dfc55a.js             1.47 kB │ gzip:   0.84 kB │ map:     5.12 kB
build/chunks/index.7ef9cc00.js                               2.05 kB │ gzip:   0.69 kB │ map:     6.13 kB
build/chunks/HealthGauge.6a1ffb9d.js                         2.37 kB │ gzip:   1.29 kB │ map:     8.47 kB
build/chunks/useSupport.c652a43b.js                          2.45 kB │ gzip:   1.08 kB │ map:    10.12 kB
build/chunks/Checkbox.b244cf8d.js                            2.46 kB │ gzip:   1.16 kB │ map:    13.67 kB
build/chunks/radioHelper.430d2d9b.js                         2.61 kB │ gzip:   1.18 kB │ map:     8.57 kB
build/chunks/AuditLog.77cc3033.js                            3.63 kB │ gzip:   1.54 kB │ map:    13.87 kB
build/chunks/Collapse.57465c79.js                            3.92 kB │ gzip:   1.56 kB │ map:    19.32 kB
build/chunks/index.3c547856.js                               4.10 kB │ gzip:   1.46 kB │ map:    13.58 kB
build/chunks/System.b366e5b2.js                              4.55 kB │ gzip:   2.02 kB │ map:    17.89 kB
build/chunks/Logs.fd71b9cb.js                                4.79 kB │ gzip:   2.12 kB │ map:    19.53 kB
build/chunks/AccordionSummary.8f893b29.js                    5.73 kB │ gzip:   1.97 kB │ map:    27.76 kB
build/chunks/useStyles.fb37d669.js                           6.40 kB │ gzip:   2.38 kB │ map:    26.35 kB
build/chunks/web-vitals.dfcc5b9a.js                          6.98 kB │ gzip:   2.58 kB │ map:    16.56 kB
build/chunks/TablePagination.a329a445.js                     8.27 kB │ gzip:   3.16 kB │ map:    42.12 kB
build/chunks/NetworkStats.2baf9663.js                        8.90 kB │ gzip:   3.31 kB │ map:    32.99 kB
build/chunks/airspan.05e95ee8.js                             9.41 kB │ gzip:   3.01 kB │ map:    30.87 kB
build/chunks/DnnPanel.ec6bf080.js                            9.67 kB │ gzip:   3.66 kB │ map:    37.84 kB
build/chunks/setupInfo.33af20d2.js                          16.54 kB │ gzip:   5.25 kB │ map:    51.18 kB
build/chunks/SimulatorPanel.50ccf61a.js                     23.59 kB │ gzip:   7.55 kB │ map:    89.49 kB
build/chunks/AdminPanel.473dd725.js                         32.29 kB │ gzip:   8.04 kB │ map:   117.08 kB
build/chunks/ProfilePanel.743d5303.js                       35.77 kB │ gzip:   8.84 kB │ map:   138.06 kB
build/chunks/index.7dbd78e2.js                              41.25 kB │ gzip:  10.58 kB │ map:   154.24 kB
build/chunks/AuditLogDetails.72a0d7a1.js                    41.94 kB │ gzip:  13.92 kB │ map:   315.67 kB
build/chunks/RadioForm.45624b54.js                          53.30 kB │ gzip:  14.79 kB │ map:   228.31 kB
build/chunks/Calibrate.8182779a.js                          71.85 kB │ gzip:  23.84 kB │ map:   252.10 kB
build/chunks/ReactTable.b865167f.js                         88.76 kB │ gzip:  27.05 kB │ map:   276.62 kB
build/chunks/Dashboard.1ad9fa7c.js                          90.52 kB │ gzip:  21.82 kB │ map:   520.47 kB
build/chunks/RadiosPanelNew.77e4b119.js                    150.72 kB │ gzip:  41.07 kB │ map:   572.97 kB
build/chunks/SubscribersPanel.66cd9d12.js                  162.91 kB │ gzip:  53.08 kB │ map:   575.13 kB
build/chunks/EdgesPanel.b1513dd4.js                        166.32 kB │ gzip:  40.39 kB │ map:   607.71 kB
build/chunks/DataGrid.cfa323a3.js                          280.40 kB │ gzip:  84.81 kB │ map: 1,359.73 kB
build/chunks/highcharts.5b98cb79.js                        296.73 kB │ gzip: 106.33 kB │ map:   694.32 kB
build/chunks/EditNotes.fc189716.js                         489.25 kB │ gzip: 132.58 kB │ map: 1,675.28 kB
build/js/index.4011dd35.js                               2,141.60 kB │ gzip: 474.31 kB │ map: 5,423.99 kB

(!) Some chunks are larger than 1000 kBs after minification. Consider:
- Using dynamic import() to code-split the application
- Use build.rollupOptions.output.manualChunks to improve chunking: https://rollupjs.org/configuration-options/#output-manualchunks
- Adjust chunk size limit for this warning via build.chunkSizeWarningLimit.
✓ built in 1m 54s
Done in 115.99s.
Compilation done...
Complete at Sun Aug  6 02:32:00 AM EDT 2023
\n ************************************************** \n
Compiling at Sun Aug  6 07:30:00 AM EDT 2023
Pulling latest changes from Git...
From https://github.com/Highway9-Networks/h9-saas
   5bca92da5..0fff509e9  main       -> origin/main
Updating 5bca92da5..0fff509e9
Fast-forward
 common/common.mk | 4 ++--
 1 file changed, 2 insertions(+), 2 deletions(-)
Compiling the orch UI code...
Deleting build...
Folder build deleted.
Folder A is unchanged.
yarn
yarn install v1.22.19
[1/4] Resolving packages...
success Already up-to-date.
Done in 0.73s.
yarn run build
yarn run v1.22.19
$ vite build
vite v4.3.9 building for production...
[plugin:vite-plugin-eslint] LintOnStart is turned on, and it will check for all matching files.
transforming...
✓ 13578 modules transformed.
rendering chunks...
computing gzip size...
build/assets/svg/pin.svg                                     0.85 kB │ gzip:   0.44 kB
build/assets/svg/current.svg                                 0.96 kB │ gzip:   0.47 kB
build/index.html                                             1.00 kB │ gzip:   0.53 kB
build/assets/svg/celltower.svg                               2.73 kB │ gzip:   1.41 kB
build/assets/svg/green-plain.svg                             3.30 kB │ gzip:   1.25 kB
build/assets/svg/pointer.svg                                 3.36 kB │ gzip:   1.27 kB
build/assets/svg/pointer-green.svg                           4.26 kB │ gzip:   1.56 kB
build/assets/svg/pointer-grey.svg                            4.26 kB │ gzip:   1.56 kB
build/assets/svg/markerA.svg                                 4.71 kB │ gzip:   1.66 kB
build/assets/woff2/roboto-vietnamese-400-normal.woff2        5.56 kB
build/assets/svg/markerB.svg                                 5.70 kB │ gzip:   2.12 kB
build/assets/woff2/roboto-greek-400-normal.woff2             7.11 kB
build/assets/svg/Radio-Indoor-Icon.svg                       7.43 kB │ gzip:   1.99 kB
build/assets/woff2/roboto-cyrillic-400-normal.woff2          9.63 kB
build/assets/woff2/roboto-latin-ext-400-normal.woff2        11.87 kB
build/assets/woff2/roboto-cyrillic-ext-400-normal.woff2     15.34 kB
build/assets/woff2/roboto-latin-400-normal.woff2            15.74 kB
build/assets/woff/roboto-all-400-normal.woff                65.46 kB
build/assets/css/EdgesPanel.css                              0.06 kB │ gzip:   0.08 kB
build/assets/css/RadiosPanelNew.css                          0.22 kB │ gzip:   0.17 kB
build/assets/css/SubscribersPanel.css                        0.23 kB │ gzip:   0.17 kB
build/assets/css/SimulatorPanel.css                          0.29 kB │ gzip:   0.21 kB
build/assets/css/Calibrate.css                               0.64 kB │ gzip:   0.40 kB
build/assets/css/ReactTable.css                              1.30 kB │ gzip:   0.55 kB
build/assets/css/index.css                                   1.77 kB │ gzip:   0.77 kB
build/assets/css/Dashboard.css                               4.02 kB │ gzip:   2.01 kB
build/assets/css/EditNotes.css                              17.96 kB │ gzip:   3.16 kB
build/chunks/styled.cee443cb.js                              0.12 kB │ gzip:   0.13 kB │ map:     0.34 kB
build/chunks/SlideUpTransition.1582d930.js                   0.21 kB │ gzip:   0.20 kB │ map:     0.54 kB
build/chunks/QoS-service.ac6a806e.js                         0.26 kB │ gzip:   0.22 kB │ map:     0.80 kB
build/chunks/LightTooltip.822d6064.js                        0.34 kB │ gzip:   0.29 kB │ map:     1.06 kB
build/chunks/ArrowForwardIosSharp.3f4f9c15.js                0.36 kB │ gzip:   0.29 kB │ map:     1.12 kB
build/chunks/hardwareInventory-service.78f62e7c.js           0.38 kB │ gzip:   0.30 kB │ map:     1.14 kB
build/chunks/NotImplemented.c0c17e44.js                      0.55 kB │ gzip:   0.40 kB │ map:     1.39 kB
build/chunks/Card.e23a427c.js                                0.64 kB │ gzip:   0.43 kB │ map:     4.60 kB
build/chunks/useExport.386ee6df.js                           0.66 kB │ gzip:   0.45 kB │ map:     3.00 kB
build/chunks/useInterval.23107f5c.js                         0.71 kB │ gzip:   0.41 kB │ map:     3.67 kB
build/chunks/TimeDateInput.f7a74c2b.js                       0.88 kB │ gzip:   0.50 kB │ map:     3.03 kB
build/chunks/LineChart.5c7b2d7e.js                           1.05 kB │ gzip:   0.66 kB │ map:     3.88 kB
build/chunks/TabPanel.7865bbae.js                            1.14 kB │ gzip:   0.63 kB │ map:     4.33 kB
build/chunks/ModalDialogComponent.69c37d77.js                1.28 kB │ gzip:   0.71 kB │ map:     4.53 kB
build/chunks/ModelDialogComponentNew.c3dfc55a.js             1.47 kB │ gzip:   0.84 kB │ map:     5.12 kB
build/chunks/index.7ef9cc00.js                               2.05 kB │ gzip:   0.69 kB │ map:     6.13 kB
build/chunks/HealthGauge.6a1ffb9d.js                         2.37 kB │ gzip:   1.29 kB │ map:     8.47 kB
build/chunks/useSupport.c652a43b.js                          2.45 kB │ gzip:   1.08 kB │ map:    10.12 kB
build/chunks/Checkbox.b244cf8d.js                            2.46 kB │ gzip:   1.16 kB │ map:    13.67 kB
build/chunks/radioHelper.430d2d9b.js                         2.61 kB │ gzip:   1.18 kB │ map:     8.57 kB
build/chunks/AuditLog.77cc3033.js                            3.63 kB │ gzip:   1.54 kB │ map:    13.87 kB
build/chunks/Collapse.57465c79.js                            3.92 kB │ gzip:   1.56 kB │ map:    19.32 kB
build/chunks/index.3c547856.js                               4.10 kB │ gzip:   1.46 kB │ map:    13.58 kB
build/chunks/System.b366e5b2.js                              4.55 kB │ gzip:   2.02 kB │ map:    17.89 kB
build/chunks/Logs.fd71b9cb.js                                4.79 kB │ gzip:   2.12 kB │ map:    19.53 kB
build/chunks/AccordionSummary.8f893b29.js                    5.73 kB │ gzip:   1.97 kB │ map:    27.76 kB
build/chunks/useStyles.fb37d669.js                           6.40 kB │ gzip:   2.38 kB │ map:    26.35 kB
build/chunks/web-vitals.dfcc5b9a.js                          6.98 kB │ gzip:   2.58 kB │ map:    16.56 kB
build/chunks/TablePagination.a329a445.js                     8.27 kB │ gzip:   3.16 kB │ map:    42.12 kB
build/chunks/NetworkStats.2baf9663.js                        8.90 kB │ gzip:   3.31 kB │ map:    32.99 kB
build/chunks/airspan.05e95ee8.js                             9.41 kB │ gzip:   3.01 kB │ map:    30.87 kB
build/chunks/DnnPanel.ec6bf080.js                            9.67 kB │ gzip:   3.66 kB │ map:    37.84 kB
build/chunks/setupInfo.33af20d2.js                          16.54 kB │ gzip:   5.25 kB │ map:    51.18 kB
build/chunks/SimulatorPanel.50ccf61a.js                     23.59 kB │ gzip:   7.55 kB │ map:    89.49 kB
build/chunks/AdminPanel.473dd725.js                         32.29 kB │ gzip:   8.04 kB │ map:   117.08 kB
build/chunks/ProfilePanel.743d5303.js                       35.77 kB │ gzip:   8.84 kB │ map:   138.06 kB
build/chunks/index.7dbd78e2.js                              41.25 kB │ gzip:  10.58 kB │ map:   154.24 kB
build/chunks/AuditLogDetails.72a0d7a1.js                    41.94 kB │ gzip:  13.92 kB │ map:   315.67 kB
build/chunks/RadioForm.45624b54.js                          53.30 kB │ gzip:  14.79 kB │ map:   228.31 kB
build/chunks/Calibrate.8182779a.js                          71.85 kB │ gzip:  23.84 kB │ map:   252.10 kB
build/chunks/ReactTable.b865167f.js                         88.76 kB │ gzip:  27.05 kB │ map:   276.62 kB
build/chunks/Dashboard.1ad9fa7c.js                          90.52 kB │ gzip:  21.82 kB │ map:   520.47 kB
build/chunks/RadiosPanelNew.77e4b119.js                    150.72 kB │ gzip:  41.07 kB │ map:   572.97 kB
build/chunks/SubscribersPanel.66cd9d12.js                  162.91 kB │ gzip:  53.08 kB │ map:   575.13 kB
build/chunks/EdgesPanel.b1513dd4.js                        166.32 kB │ gzip:  40.39 kB │ map:   607.71 kB
build/chunks/DataGrid.cfa323a3.js                          280.40 kB │ gzip:  84.81 kB │ map: 1,359.73 kB
build/chunks/highcharts.5b98cb79.js                        296.73 kB │ gzip: 106.33 kB │ map:   694.32 kB
build/chunks/EditNotes.fc189716.js                         489.25 kB │ gzip: 132.58 kB │ map: 1,675.28 kB
build/js/index.4011dd35.js                               2,141.60 kB │ gzip: 474.31 kB │ map: 5,423.99 kB

(!) Some chunks are larger than 1000 kBs after minification. Consider:
- Using dynamic import() to code-split the application
- Use build.rollupOptions.output.manualChunks to improve chunking: https://rollupjs.org/configuration-options/#output-manualchunks
- Adjust chunk size limit for this warning via build.chunkSizeWarningLimit.
✓ built in 1m 59s
Done in 121.17s.
Compilation done...
Complete at Sun Aug  6 07:32:05 AM EDT 2023
\n ************************************************** \n
Compiling at Sun Aug  6 10:30:00 AM EDT 2023
Pulling latest changes from Git...
Already up to date.
Compiling the orch UI code...
Deleting build...
Folder build deleted.
Folder A is unchanged.
yarn
yarn install v1.22.19
[1/4] Resolving packages...
success Already up-to-date.
Done in 0.58s.
yarn run build
yarn run v1.22.19
$ vite build
vite v4.3.9 building for production...
[plugin:vite-plugin-eslint] LintOnStart is turned on, and it will check for all matching files.
transforming...
✓ 13578 modules transformed.
rendering chunks...
computing gzip size...
build/assets/svg/pin.svg                                     0.85 kB │ gzip:   0.44 kB
build/assets/svg/current.svg                                 0.96 kB │ gzip:   0.47 kB
build/index.html                                             1.00 kB │ gzip:   0.53 kB
build/assets/svg/celltower.svg                               2.73 kB │ gzip:   1.41 kB
build/assets/svg/green-plain.svg                             3.30 kB │ gzip:   1.25 kB
build/assets/svg/pointer.svg                                 3.36 kB │ gzip:   1.27 kB
build/assets/svg/pointer-green.svg                           4.26 kB │ gzip:   1.56 kB
build/assets/svg/pointer-grey.svg                            4.26 kB │ gzip:   1.56 kB
build/assets/svg/markerA.svg                                 4.71 kB │ gzip:   1.66 kB
build/assets/woff2/roboto-vietnamese-400-normal.woff2        5.56 kB
build/assets/svg/markerB.svg                                 5.70 kB │ gzip:   2.12 kB
build/assets/woff2/roboto-greek-400-normal.woff2             7.11 kB
build/assets/svg/Radio-Indoor-Icon.svg                       7.43 kB │ gzip:   1.99 kB
build/assets/woff2/roboto-cyrillic-400-normal.woff2          9.63 kB
build/assets/woff2/roboto-latin-ext-400-normal.woff2        11.87 kB
build/assets/woff2/roboto-cyrillic-ext-400-normal.woff2     15.34 kB
build/assets/woff2/roboto-latin-400-normal.woff2            15.74 kB
build/assets/woff/roboto-all-400-normal.woff                65.46 kB
build/assets/css/EdgesPanel.css                              0.06 kB │ gzip:   0.08 kB
build/assets/css/RadiosPanelNew.css                          0.22 kB │ gzip:   0.17 kB
build/assets/css/SubscribersPanel.css                        0.23 kB │ gzip:   0.17 kB
build/assets/css/SimulatorPanel.css                          0.29 kB │ gzip:   0.21 kB
build/assets/css/Calibrate.css                               0.64 kB │ gzip:   0.40 kB
build/assets/css/ReactTable.css                              1.30 kB │ gzip:   0.55 kB
build/assets/css/index.css                                   1.77 kB │ gzip:   0.77 kB
build/assets/css/Dashboard.css                               4.02 kB │ gzip:   2.01 kB
build/assets/css/EditNotes.css                              17.96 kB │ gzip:   3.16 kB
build/chunks/styled.cee443cb.js                              0.12 kB │ gzip:   0.13 kB │ map:     0.34 kB
build/chunks/SlideUpTransition.1582d930.js                   0.21 kB │ gzip:   0.20 kB │ map:     0.54 kB
build/chunks/QoS-service.ac6a806e.js                         0.26 kB │ gzip:   0.22 kB │ map:     0.80 kB
build/chunks/LightTooltip.822d6064.js                        0.34 kB │ gzip:   0.29 kB │ map:     1.06 kB
build/chunks/ArrowForwardIosSharp.3f4f9c15.js                0.36 kB │ gzip:   0.29 kB │ map:     1.12 kB
build/chunks/hardwareInventory-service.78f62e7c.js           0.38 kB │ gzip:   0.30 kB │ map:     1.14 kB
build/chunks/NotImplemented.c0c17e44.js                      0.55 kB │ gzip:   0.40 kB │ map:     1.39 kB
build/chunks/Card.e23a427c.js                                0.64 kB │ gzip:   0.43 kB │ map:     4.60 kB
build/chunks/useExport.386ee6df.js                           0.66 kB │ gzip:   0.45 kB │ map:     3.00 kB
build/chunks/useInterval.23107f5c.js                         0.71 kB │ gzip:   0.41 kB │ map:     3.67 kB
build/chunks/TimeDateInput.f7a74c2b.js                       0.88 kB │ gzip:   0.50 kB │ map:     3.03 kB
build/chunks/LineChart.5c7b2d7e.js                           1.05 kB │ gzip:   0.66 kB │ map:     3.88 kB
build/chunks/TabPanel.7865bbae.js                            1.14 kB │ gzip:   0.63 kB │ map:     4.33 kB
build/chunks/ModalDialogComponent.69c37d77.js                1.28 kB │ gzip:   0.71 kB │ map:     4.53 kB
build/chunks/ModelDialogComponentNew.c3dfc55a.js             1.47 kB │ gzip:   0.84 kB │ map:     5.12 kB
build/chunks/index.7ef9cc00.js                               2.05 kB │ gzip:   0.69 kB │ map:     6.13 kB
build/chunks/HealthGauge.6a1ffb9d.js                         2.37 kB │ gzip:   1.29 kB │ map:     8.47 kB
build/chunks/useSupport.c652a43b.js                          2.45 kB │ gzip:   1.08 kB │ map:    10.12 kB
build/chunks/Checkbox.b244cf8d.js                            2.46 kB │ gzip:   1.16 kB │ map:    13.67 kB
build/chunks/radioHelper.430d2d9b.js                         2.61 kB │ gzip:   1.18 kB │ map:     8.57 kB
build/chunks/AuditLog.77cc3033.js                            3.63 kB │ gzip:   1.54 kB │ map:    13.87 kB
build/chunks/Collapse.57465c79.js                            3.92 kB │ gzip:   1.56 kB │ map:    19.32 kB
build/chunks/index.3c547856.js                               4.10 kB │ gzip:   1.46 kB │ map:    13.58 kB
build/chunks/System.b366e5b2.js                              4.55 kB │ gzip:   2.02 kB │ map:    17.89 kB
build/chunks/Logs.fd71b9cb.js                                4.79 kB │ gzip:   2.12 kB │ map:    19.53 kB
build/chunks/AccordionSummary.8f893b29.js                    5.73 kB │ gzip:   1.97 kB │ map:    27.76 kB
build/chunks/useStyles.fb37d669.js                           6.40 kB │ gzip:   2.38 kB │ map:    26.35 kB
build/chunks/web-vitals.dfcc5b9a.js                          6.98 kB │ gzip:   2.58 kB │ map:    16.56 kB
build/chunks/TablePagination.a329a445.js                     8.27 kB │ gzip:   3.16 kB │ map:    42.12 kB
build/chunks/NetworkStats.2baf9663.js                        8.90 kB │ gzip:   3.31 kB │ map:    32.99 kB
build/chunks/airspan.05e95ee8.js                             9.41 kB │ gzip:   3.01 kB │ map:    30.87 kB
build/chunks/DnnPanel.ec6bf080.js                            9.67 kB │ gzip:   3.66 kB │ map:    37.84 kB
build/chunks/setupInfo.33af20d2.js                          16.54 kB │ gzip:   5.25 kB │ map:    51.18 kB
build/chunks/SimulatorPanel.50ccf61a.js                     23.59 kB │ gzip:   7.55 kB │ map:    89.49 kB
build/chunks/AdminPanel.473dd725.js                         32.29 kB │ gzip:   8.04 kB │ map:   117.08 kB
build/chunks/ProfilePanel.743d5303.js                       35.77 kB │ gzip:   8.84 kB │ map:   138.06 kB
build/chunks/index.7dbd78e2.js                              41.25 kB │ gzip:  10.58 kB │ map:   154.24 kB
build/chunks/AuditLogDetails.72a0d7a1.js                    41.94 kB │ gzip:  13.92 kB │ map:   315.67 kB
build/chunks/RadioForm.45624b54.js                          53.30 kB │ gzip:  14.79 kB │ map:   228.31 kB
build/chunks/Calibrate.8182779a.js                          71.85 kB │ gzip:  23.84 kB │ map:   252.10 kB
build/chunks/ReactTable.b865167f.js                         88.76 kB │ gzip:  27.05 kB │ map:   276.62 kB
build/chunks/Dashboard.1ad9fa7c.js                          90.52 kB │ gzip:  21.82 kB │ map:   520.47 kB
build/chunks/RadiosPanelNew.77e4b119.js                    150.72 kB │ gzip:  41.07 kB │ map:   572.97 kB
build/chunks/SubscribersPanel.66cd9d12.js                  162.91 kB │ gzip:  53.08 kB │ map:   575.13 kB
build/chunks/EdgesPanel.b1513dd4.js                        166.32 kB │ gzip:  40.39 kB │ map:   607.71 kB
build/chunks/DataGrid.cfa323a3.js                          280.40 kB │ gzip:  84.81 kB │ map: 1,359.73 kB
build/chunks/highcharts.5b98cb79.js                        296.73 kB │ gzip: 106.33 kB │ map:   694.32 kB
build/chunks/EditNotes.fc189716.js                         489.25 kB │ gzip: 132.58 kB │ map: 1,675.28 kB
build/js/index.4011dd35.js                               2,141.60 kB │ gzip: 474.31 kB │ map: 5,423.99 kB

(!) Some chunks are larger than 1000 kBs after minification. Consider:
- Using dynamic import() to code-split the application
- Use build.rollupOptions.output.manualChunks to improve chunking: https://rollupjs.org/configuration-options/#output-manualchunks
- Adjust chunk size limit for this warning via build.chunkSizeWarningLimit.
✓ built in 1m 55s
Done in 117.36s.
Compilation done...
Complete at Sun Aug  6 10:32:00 AM EDT 2023
\n ************************************************** \n
Compiling at Mon Aug  7 02:30:00 AM EDT 2023
Pulling latest changes from Git...
From https://github.com/Highway9-Networks/h9-saas
   0fff509e9..e6b2c2c81  main       -> origin/main
 * [new branch]          9289       -> origin/9289
 + 4ab5ae2fd...2860e79d2 private/aditya/feature/9231 -> origin/private/aditya/feature/9231  (forced update)
Updating 0fff509e9..e6b2c2c81
Fast-forward
 common/common.mk | 4 ++--
 1 file changed, 2 insertions(+), 2 deletions(-)
Compiling the orch UI code...
Deleting build...
Folder build deleted.
Folder A is unchanged.
yarn
yarn install v1.22.19
[1/4] Resolving packages...
success Already up-to-date.
Done in 0.56s.
yarn run build
yarn run v1.22.19
$ vite build
vite v4.3.9 building for production...
[plugin:vite-plugin-eslint] LintOnStart is turned on, and it will check for all matching files.
transforming...
✓ 13578 modules transformed.
rendering chunks...
computing gzip size...
build/assets/svg/pin.svg                                     0.85 kB │ gzip:   0.44 kB
build/assets/svg/current.svg                                 0.96 kB │ gzip:   0.47 kB
build/index.html                                             1.00 kB │ gzip:   0.53 kB
build/assets/svg/celltower.svg                               2.73 kB │ gzip:   1.41 kB
build/assets/svg/green-plain.svg                             3.30 kB │ gzip:   1.25 kB
build/assets/svg/pointer.svg                                 3.36 kB │ gzip:   1.27 kB
build/assets/svg/pointer-green.svg                           4.26 kB │ gzip:   1.56 kB
build/assets/svg/pointer-grey.svg                            4.26 kB │ gzip:   1.56 kB
build/assets/svg/markerA.svg                                 4.71 kB │ gzip:   1.66 kB
build/assets/woff2/roboto-vietnamese-400-normal.woff2        5.56 kB
build/assets/svg/markerB.svg                                 5.70 kB │ gzip:   2.12 kB
build/assets/woff2/roboto-greek-400-normal.woff2             7.11 kB
build/assets/svg/Radio-Indoor-Icon.svg                       7.43 kB │ gzip:   1.99 kB
build/assets/woff2/roboto-cyrillic-400-normal.woff2          9.63 kB
build/assets/woff2/roboto-latin-ext-400-normal.woff2        11.87 kB
build/assets/woff2/roboto-cyrillic-ext-400-normal.woff2     15.34 kB
build/assets/woff2/roboto-latin-400-normal.woff2            15.74 kB
build/assets/woff/roboto-all-400-normal.woff                65.46 kB
build/assets/css/EdgesPanel.css                              0.06 kB │ gzip:   0.08 kB
build/assets/css/RadiosPanelNew.css                          0.22 kB │ gzip:   0.17 kB
build/assets/css/SubscribersPanel.css                        0.23 kB │ gzip:   0.17 kB
build/assets/css/SimulatorPanel.css                          0.29 kB │ gzip:   0.21 kB
build/assets/css/Calibrate.css                               0.64 kB │ gzip:   0.40 kB
build/assets/css/ReactTable.css                              1.30 kB │ gzip:   0.55 kB
build/assets/css/index.css                                   1.77 kB │ gzip:   0.77 kB
build/assets/css/Dashboard.css                               4.02 kB │ gzip:   2.01 kB
build/assets/css/EditNotes.css                              17.96 kB │ gzip:   3.16 kB
build/chunks/styled.cee443cb.js                              0.12 kB │ gzip:   0.13 kB │ map:     0.34 kB
build/chunks/SlideUpTransition.1582d930.js                   0.21 kB │ gzip:   0.20 kB │ map:     0.54 kB
build/chunks/QoS-service.ac6a806e.js                         0.26 kB │ gzip:   0.22 kB │ map:     0.80 kB
build/chunks/LightTooltip.822d6064.js                        0.34 kB │ gzip:   0.29 kB │ map:     1.06 kB
build/chunks/ArrowForwardIosSharp.3f4f9c15.js                0.36 kB │ gzip:   0.29 kB │ map:     1.12 kB
build/chunks/hardwareInventory-service.78f62e7c.js           0.38 kB │ gzip:   0.30 kB │ map:     1.14 kB
build/chunks/NotImplemented.c0c17e44.js                      0.55 kB │ gzip:   0.40 kB │ map:     1.39 kB
build/chunks/Card.e23a427c.js                                0.64 kB │ gzip:   0.43 kB │ map:     4.60 kB
build/chunks/useExport.386ee6df.js                           0.66 kB │ gzip:   0.45 kB │ map:     3.00 kB
build/chunks/useInterval.23107f5c.js                         0.71 kB │ gzip:   0.41 kB │ map:     3.67 kB
build/chunks/TimeDateInput.f7a74c2b.js                       0.88 kB │ gzip:   0.50 kB │ map:     3.03 kB
build/chunks/LineChart.5c7b2d7e.js                           1.05 kB │ gzip:   0.66 kB │ map:     3.88 kB
build/chunks/TabPanel.7865bbae.js                            1.14 kB │ gzip:   0.63 kB │ map:     4.33 kB
build/chunks/ModalDialogComponent.69c37d77.js                1.28 kB │ gzip:   0.71 kB │ map:     4.53 kB
build/chunks/ModelDialogComponentNew.c3dfc55a.js             1.47 kB │ gzip:   0.84 kB │ map:     5.12 kB
build/chunks/index.7ef9cc00.js                               2.05 kB │ gzip:   0.69 kB │ map:     6.13 kB
build/chunks/HealthGauge.6a1ffb9d.js                         2.37 kB │ gzip:   1.29 kB │ map:     8.47 kB
build/chunks/useSupport.c652a43b.js                          2.45 kB │ gzip:   1.08 kB │ map:    10.12 kB
build/chunks/Checkbox.b244cf8d.js                            2.46 kB │ gzip:   1.16 kB │ map:    13.67 kB
build/chunks/radioHelper.430d2d9b.js                         2.61 kB │ gzip:   1.18 kB │ map:     8.57 kB
build/chunks/AuditLog.77cc3033.js                            3.63 kB │ gzip:   1.54 kB │ map:    13.87 kB
build/chunks/Collapse.57465c79.js                            3.92 kB │ gzip:   1.56 kB │ map:    19.32 kB
build/chunks/index.3c547856.js                               4.10 kB │ gzip:   1.46 kB │ map:    13.58 kB
build/chunks/System.b366e5b2.js                              4.55 kB │ gzip:   2.02 kB │ map:    17.89 kB
build/chunks/Logs.fd71b9cb.js                                4.79 kB │ gzip:   2.12 kB │ map:    19.53 kB
build/chunks/AccordionSummary.8f893b29.js                    5.73 kB │ gzip:   1.97 kB │ map:    27.76 kB
build/chunks/useStyles.fb37d669.js                           6.40 kB │ gzip:   2.38 kB │ map:    26.35 kB
build/chunks/web-vitals.dfcc5b9a.js                          6.98 kB │ gzip:   2.58 kB │ map:    16.56 kB
build/chunks/TablePagination.a329a445.js                     8.27 kB │ gzip:   3.16 kB │ map:    42.12 kB
build/chunks/NetworkStats.2baf9663.js                        8.90 kB │ gzip:   3.31 kB │ map:    32.99 kB
build/chunks/airspan.05e95ee8.js                             9.41 kB │ gzip:   3.01 kB │ map:    30.87 kB
build/chunks/DnnPanel.ec6bf080.js                            9.67 kB │ gzip:   3.66 kB │ map:    37.84 kB
build/chunks/setupInfo.33af20d2.js                          16.54 kB │ gzip:   5.25 kB │ map:    51.18 kB
build/chunks/SimulatorPanel.50ccf61a.js                     23.59 kB │ gzip:   7.55 kB │ map:    89.49 kB
build/chunks/AdminPanel.473dd725.js                         32.29 kB │ gzip:   8.04 kB │ map:   117.08 kB
build/chunks/ProfilePanel.743d5303.js                       35.77 kB │ gzip:   8.84 kB │ map:   138.06 kB
build/chunks/index.7dbd78e2.js                              41.25 kB │ gzip:  10.58 kB │ map:   154.24 kB
build/chunks/AuditLogDetails.72a0d7a1.js                    41.94 kB │ gzip:  13.92 kB │ map:   315.67 kB
build/chunks/RadioForm.45624b54.js                          53.30 kB │ gzip:  14.79 kB │ map:   228.31 kB
build/chunks/Calibrate.8182779a.js                          71.85 kB │ gzip:  23.84 kB │ map:   252.10 kB
build/chunks/ReactTable.b865167f.js                         88.76 kB │ gzip:  27.05 kB │ map:   276.62 kB
build/chunks/Dashboard.1ad9fa7c.js                          90.52 kB │ gzip:  21.82 kB │ map:   520.47 kB
build/chunks/RadiosPanelNew.77e4b119.js                    150.72 kB │ gzip:  41.07 kB │ map:   572.97 kB
build/chunks/SubscribersPanel.66cd9d12.js                  162.91 kB │ gzip:  53.08 kB │ map:   575.13 kB
build/chunks/EdgesPanel.b1513dd4.js                        166.32 kB │ gzip:  40.39 kB │ map:   607.71 kB
build/chunks/DataGrid.cfa323a3.js                          280.40 kB │ gzip:  84.81 kB │ map: 1,359.73 kB
build/chunks/highcharts.5b98cb79.js                        296.73 kB │ gzip: 106.33 kB │ map:   694.32 kB
build/chunks/EditNotes.fc189716.js                         489.25 kB │ gzip: 132.58 kB │ map: 1,675.28 kB
build/js/index.4011dd35.js                               2,141.60 kB │ gzip: 474.31 kB │ map: 5,423.99 kB

(!) Some chunks are larger than 1000 kBs after minification. Consider:
- Using dynamic import() to code-split the application
- Use build.rollupOptions.output.manualChunks to improve chunking: https://rollupjs.org/configuration-options/#output-manualchunks
- Adjust chunk size limit for this warning via build.chunkSizeWarningLimit.
✓ built in 1m 56s
Done in 117.95s.
Compilation done...
Complete at Mon Aug  7 02:32:02 AM EDT 2023
\n ************************************************** \n
Compiling at Mon Aug  7 07:30:00 AM EDT 2023
Pulling latest changes from Git...
From https://github.com/Highway9-Networks/h9-saas
   e6b2c2c81..173c1ad47  main                    -> origin/main
   043aaf3d9..733c11277  dpka/main               -> origin/dpka/main
   81501c9d4..84fdf2632  private/akshay-33       -> origin/private/akshay-33
   5259b5965..7c62e4dd4  private/akshi/new_issue -> origin/private/akshi/new_issue
 * [new branch]          private/girish/#10084   -> origin/private/girish/#10084
Updating e6b2c2c81..173c1ad47
Fast-forward
 common/common.mk                                   |  4 +-
 .../carriergw/configmgr/src/cmpclient/cmpclient.go | 48 +++++++++++++++-------
 .../scripts/edge-scripts/activate_agw.sh           |  5 ++-
 .../services/radioService/radioEciManagement.go    |  5 ++-
 .../services/radioService/radioService.go          | 21 +++-------
 5 files changed, 48 insertions(+), 35 deletions(-)
Compiling the orch UI code...
Deleting build...
Folder build deleted.
Folder A is unchanged.
yarn
yarn install v1.22.19
[1/4] Resolving packages...
success Already up-to-date.
Done in 0.68s.
yarn run build
yarn run v1.22.19
$ vite build
vite v4.3.9 building for production...
[plugin:vite-plugin-eslint] LintOnStart is turned on, and it will check for all matching files.
transforming...
✓ 13578 modules transformed.
rendering chunks...
computing gzip size...
build/assets/svg/pin.svg                                     0.85 kB │ gzip:   0.44 kB
build/assets/svg/current.svg                                 0.96 kB │ gzip:   0.47 kB
build/index.html                                             1.00 kB │ gzip:   0.53 kB
build/assets/svg/celltower.svg                               2.73 kB │ gzip:   1.41 kB
build/assets/svg/green-plain.svg                             3.30 kB │ gzip:   1.25 kB
build/assets/svg/pointer.svg                                 3.36 kB │ gzip:   1.27 kB
build/assets/svg/pointer-green.svg                           4.26 kB │ gzip:   1.56 kB
build/assets/svg/pointer-grey.svg                            4.26 kB │ gzip:   1.56 kB
build/assets/svg/markerA.svg                                 4.71 kB │ gzip:   1.66 kB
build/assets/woff2/roboto-vietnamese-400-normal.woff2        5.56 kB
build/assets/svg/markerB.svg                                 5.70 kB │ gzip:   2.12 kB
build/assets/woff2/roboto-greek-400-normal.woff2             7.11 kB
build/assets/svg/Radio-Indoor-Icon.svg                       7.43 kB │ gzip:   1.99 kB
build/assets/woff2/roboto-cyrillic-400-normal.woff2          9.63 kB
build/assets/woff2/roboto-latin-ext-400-normal.woff2        11.87 kB
build/assets/woff2/roboto-cyrillic-ext-400-normal.woff2     15.34 kB
build/assets/woff2/roboto-latin-400-normal.woff2            15.74 kB
build/assets/woff/roboto-all-400-normal.woff                65.46 kB
build/assets/css/EdgesPanel.css                              0.06 kB │ gzip:   0.08 kB
build/assets/css/RadiosPanelNew.css                          0.22 kB │ gzip:   0.17 kB
build/assets/css/SubscribersPanel.css                        0.23 kB │ gzip:   0.17 kB
build/assets/css/SimulatorPanel.css                          0.29 kB │ gzip:   0.21 kB
build/assets/css/Calibrate.css                               0.64 kB │ gzip:   0.40 kB
build/assets/css/ReactTable.css                              1.30 kB │ gzip:   0.55 kB
build/assets/css/index.css                                   1.77 kB │ gzip:   0.77 kB
build/assets/css/Dashboard.css                               4.02 kB │ gzip:   2.01 kB
build/assets/css/EditNotes.css                              17.96 kB │ gzip:   3.16 kB
build/chunks/styled.cee443cb.js                              0.12 kB │ gzip:   0.13 kB │ map:     0.34 kB
build/chunks/SlideUpTransition.1582d930.js                   0.21 kB │ gzip:   0.20 kB │ map:     0.54 kB
build/chunks/QoS-service.ac6a806e.js                         0.26 kB │ gzip:   0.22 kB │ map:     0.80 kB
build/chunks/LightTooltip.822d6064.js                        0.34 kB │ gzip:   0.29 kB │ map:     1.06 kB
build/chunks/ArrowForwardIosSharp.3f4f9c15.js                0.36 kB │ gzip:   0.29 kB │ map:     1.12 kB
build/chunks/hardwareInventory-service.78f62e7c.js           0.38 kB │ gzip:   0.30 kB │ map:     1.14 kB
build/chunks/NotImplemented.c0c17e44.js                      0.55 kB │ gzip:   0.40 kB │ map:     1.39 kB
build/chunks/Card.e23a427c.js                                0.64 kB │ gzip:   0.43 kB │ map:     4.60 kB
build/chunks/useExport.386ee6df.js                           0.66 kB │ gzip:   0.45 kB │ map:     3.00 kB
build/chunks/useInterval.23107f5c.js                         0.71 kB │ gzip:   0.41 kB │ map:     3.67 kB
build/chunks/TimeDateInput.f7a74c2b.js                       0.88 kB │ gzip:   0.50 kB │ map:     3.03 kB
build/chunks/LineChart.5c7b2d7e.js                           1.05 kB │ gzip:   0.66 kB │ map:     3.88 kB
build/chunks/TabPanel.7865bbae.js                            1.14 kB │ gzip:   0.63 kB │ map:     4.33 kB
build/chunks/ModalDialogComponent.69c37d77.js                1.28 kB │ gzip:   0.71 kB │ map:     4.53 kB
build/chunks/ModelDialogComponentNew.c3dfc55a.js             1.47 kB │ gzip:   0.84 kB │ map:     5.12 kB
build/chunks/index.7ef9cc00.js                               2.05 kB │ gzip:   0.69 kB │ map:     6.13 kB
build/chunks/HealthGauge.6a1ffb9d.js                         2.37 kB │ gzip:   1.29 kB │ map:     8.47 kB
build/chunks/useSupport.c652a43b.js                          2.45 kB │ gzip:   1.08 kB │ map:    10.12 kB
build/chunks/Checkbox.b244cf8d.js                            2.46 kB │ gzip:   1.16 kB │ map:    13.67 kB
build/chunks/radioHelper.430d2d9b.js                         2.61 kB │ gzip:   1.18 kB │ map:     8.57 kB
build/chunks/AuditLog.77cc3033.js                            3.63 kB │ gzip:   1.54 kB │ map:    13.87 kB
build/chunks/Collapse.57465c79.js                            3.92 kB │ gzip:   1.56 kB │ map:    19.32 kB
build/chunks/index.3c547856.js                               4.10 kB │ gzip:   1.46 kB │ map:    13.58 kB
build/chunks/System.b366e5b2.js                              4.55 kB │ gzip:   2.02 kB │ map:    17.89 kB
build/chunks/Logs.fd71b9cb.js                                4.79 kB │ gzip:   2.12 kB │ map:    19.53 kB
build/chunks/AccordionSummary.8f893b29.js                    5.73 kB │ gzip:   1.97 kB │ map:    27.76 kB
build/chunks/useStyles.fb37d669.js                           6.40 kB │ gzip:   2.38 kB │ map:    26.35 kB
build/chunks/web-vitals.dfcc5b9a.js                          6.98 kB │ gzip:   2.58 kB │ map:    16.56 kB
build/chunks/TablePagination.a329a445.js                     8.27 kB │ gzip:   3.16 kB │ map:    42.12 kB
build/chunks/NetworkStats.2baf9663.js                        8.90 kB │ gzip:   3.31 kB │ map:    32.99 kB
build/chunks/airspan.05e95ee8.js                             9.41 kB │ gzip:   3.01 kB │ map:    30.87 kB
build/chunks/DnnPanel.ec6bf080.js                            9.67 kB │ gzip:   3.66 kB │ map:    37.84 kB
build/chunks/setupInfo.33af20d2.js                          16.54 kB │ gzip:   5.25 kB │ map:    51.18 kB
build/chunks/SimulatorPanel.50ccf61a.js                     23.59 kB │ gzip:   7.55 kB │ map:    89.49 kB
build/chunks/AdminPanel.473dd725.js                         32.29 kB │ gzip:   8.04 kB │ map:   117.08 kB
build/chunks/ProfilePanel.743d5303.js                       35.77 kB │ gzip:   8.84 kB │ map:   138.06 kB
build/chunks/index.7dbd78e2.js                              41.25 kB │ gzip:  10.58 kB │ map:   154.24 kB
build/chunks/AuditLogDetails.72a0d7a1.js                    41.94 kB │ gzip:  13.92 kB │ map:   315.67 kB
build/chunks/RadioForm.45624b54.js                          53.30 kB │ gzip:  14.79 kB │ map:   228.31 kB
build/chunks/Calibrate.8182779a.js                          71.85 kB │ gzip:  23.84 kB │ map:   252.10 kB
build/chunks/ReactTable.b865167f.js                         88.76 kB │ gzip:  27.05 kB │ map:   276.62 kB
build/chunks/Dashboard.1ad9fa7c.js                          90.52 kB │ gzip:  21.82 kB │ map:   520.47 kB
build/chunks/RadiosPanelNew.77e4b119.js                    150.72 kB │ gzip:  41.07 kB │ map:   572.97 kB
build/chunks/SubscribersPanel.66cd9d12.js                  162.91 kB │ gzip:  53.08 kB │ map:   575.13 kB
build/chunks/EdgesPanel.b1513dd4.js                        166.32 kB │ gzip:  40.39 kB │ map:   607.71 kB
build/chunks/DataGrid.cfa323a3.js                          280.40 kB │ gzip:  84.81 kB │ map: 1,359.73 kB
build/chunks/highcharts.5b98cb79.js                        296.73 kB │ gzip: 106.33 kB │ map:   694.32 kB
build/chunks/EditNotes.fc189716.js                         489.25 kB │ gzip: 132.58 kB │ map: 1,675.28 kB
build/js/index.4011dd35.js                               2,141.60 kB │ gzip: 474.31 kB │ map: 5,423.99 kB

(!) Some chunks are larger than 1000 kBs after minification. Consider:
- Using dynamic import() to code-split the application
- Use build.rollupOptions.output.manualChunks to improve chunking: https://rollupjs.org/configuration-options/#output-manualchunks
- Adjust chunk size limit for this warning via build.chunkSizeWarningLimit.
✓ built in 1m 53s
Done in 115.18s.
Compilation done...
Complete at Mon Aug  7 07:31:59 AM EDT 2023
\n ************************************************** \n
Compiling at Mon Aug  7 10:30:00 AM EDT 2023
Pulling latest changes from Git...
From https://github.com/Highway9-Networks/h9-saas
 + 442bee96c...f59bdbccf AuditDiffOnCsp          -> origin/AuditDiffOnCsp  (forced update)
   13d13a28e..a6c43fed4  feature/ushiva_new      -> origin/feature/ushiva_new
   7c62e4dd4..727991009  private/akshi/new_issue -> origin/private/akshi/new_issue
   afd07b647..6a589340c  xpJain/changes          -> origin/xpJain/changes
Already up to date.
Compiling the orch UI code...
Deleting build...
Folder build deleted.
Folder A is unchanged.
yarn
yarn install v1.22.19
[1/4] Resolving packages...
success Already up-to-date.
Done in 0.59s.
yarn run build
yarn run v1.22.19
$ vite build
vite v4.3.9 building for production...
[plugin:vite-plugin-eslint] LintOnStart is turned on, and it will check for all matching files.
transforming...
✓ 13578 modules transformed.
rendering chunks...
computing gzip size...
build/assets/svg/pin.svg                                     0.85 kB │ gzip:   0.44 kB
build/assets/svg/current.svg                                 0.96 kB │ gzip:   0.47 kB
build/index.html                                             1.00 kB │ gzip:   0.53 kB
build/assets/svg/celltower.svg                               2.73 kB │ gzip:   1.41 kB
build/assets/svg/green-plain.svg                             3.30 kB │ gzip:   1.25 kB
build/assets/svg/pointer.svg                                 3.36 kB │ gzip:   1.27 kB
build/assets/svg/pointer-green.svg                           4.26 kB │ gzip:   1.56 kB
build/assets/svg/pointer-grey.svg                            4.26 kB │ gzip:   1.56 kB
build/assets/svg/markerA.svg                                 4.71 kB │ gzip:   1.66 kB
build/assets/woff2/roboto-vietnamese-400-normal.woff2        5.56 kB
build/assets/svg/markerB.svg                                 5.70 kB │ gzip:   2.12 kB
build/assets/woff2/roboto-greek-400-normal.woff2             7.11 kB
build/assets/svg/Radio-Indoor-Icon.svg                       7.43 kB │ gzip:   1.99 kB
build/assets/woff2/roboto-cyrillic-400-normal.woff2          9.63 kB
build/assets/woff2/roboto-latin-ext-400-normal.woff2        11.87 kB
build/assets/woff2/roboto-cyrillic-ext-400-normal.woff2     15.34 kB
build/assets/woff2/roboto-latin-400-normal.woff2            15.74 kB
build/assets/woff/roboto-all-400-normal.woff                65.46 kB
build/assets/css/EdgesPanel.css                              0.06 kB │ gzip:   0.08 kB
build/assets/css/RadiosPanelNew.css                          0.22 kB │ gzip:   0.17 kB
build/assets/css/SubscribersPanel.css                        0.23 kB │ gzip:   0.17 kB
build/assets/css/SimulatorPanel.css                          0.29 kB │ gzip:   0.21 kB
build/assets/css/Calibrate.css                               0.64 kB │ gzip:   0.40 kB
build/assets/css/ReactTable.css                              1.30 kB │ gzip:   0.55 kB
build/assets/css/index.css                                   1.77 kB │ gzip:   0.77 kB
build/assets/css/Dashboard.css                               4.02 kB │ gzip:   2.01 kB
build/assets/css/EditNotes.css                              17.96 kB │ gzip:   3.16 kB
build/chunks/styled.cee443cb.js                              0.12 kB │ gzip:   0.13 kB │ map:     0.34 kB
build/chunks/SlideUpTransition.1582d930.js                   0.21 kB │ gzip:   0.20 kB │ map:     0.54 kB
build/chunks/QoS-service.ac6a806e.js                         0.26 kB │ gzip:   0.22 kB │ map:     0.80 kB
build/chunks/LightTooltip.822d6064.js                        0.34 kB │ gzip:   0.29 kB │ map:     1.06 kB
build/chunks/ArrowForwardIosSharp.3f4f9c15.js                0.36 kB │ gzip:   0.29 kB │ map:     1.12 kB
build/chunks/hardwareInventory-service.78f62e7c.js           0.38 kB │ gzip:   0.30 kB │ map:     1.14 kB
build/chunks/NotImplemented.c0c17e44.js                      0.55 kB │ gzip:   0.40 kB │ map:     1.39 kB
build/chunks/Card.e23a427c.js                                0.64 kB │ gzip:   0.43 kB │ map:     4.60 kB
build/chunks/useExport.386ee6df.js                           0.66 kB │ gzip:   0.45 kB │ map:     3.00 kB
build/chunks/useInterval.23107f5c.js                         0.71 kB │ gzip:   0.41 kB │ map:     3.67 kB
build/chunks/TimeDateInput.f7a74c2b.js                       0.88 kB │ gzip:   0.50 kB │ map:     3.03 kB
build/chunks/LineChart.5c7b2d7e.js                           1.05 kB │ gzip:   0.66 kB │ map:     3.88 kB
build/chunks/TabPanel.7865bbae.js                            1.14 kB │ gzip:   0.63 kB │ map:     4.33 kB
build/chunks/ModalDialogComponent.69c37d77.js                1.28 kB │ gzip:   0.71 kB │ map:     4.53 kB
build/chunks/ModelDialogComponentNew.c3dfc55a.js             1.47 kB │ gzip:   0.84 kB │ map:     5.12 kB
build/chunks/index.7ef9cc00.js                               2.05 kB │ gzip:   0.69 kB │ map:     6.13 kB
build/chunks/HealthGauge.6a1ffb9d.js                         2.37 kB │ gzip:   1.29 kB │ map:     8.47 kB
build/chunks/useSupport.c652a43b.js                          2.45 kB │ gzip:   1.08 kB │ map:    10.12 kB
build/chunks/Checkbox.b244cf8d.js                            2.46 kB │ gzip:   1.16 kB │ map:    13.67 kB
build/chunks/radioHelper.430d2d9b.js                         2.61 kB │ gzip:   1.18 kB │ map:     8.57 kB
build/chunks/AuditLog.77cc3033.js                            3.63 kB │ gzip:   1.54 kB │ map:    13.87 kB
build/chunks/Collapse.57465c79.js                            3.92 kB │ gzip:   1.56 kB │ map:    19.32 kB
build/chunks/index.3c547856.js                               4.10 kB │ gzip:   1.46 kB │ map:    13.58 kB
build/chunks/System.b366e5b2.js                              4.55 kB │ gzip:   2.02 kB │ map:    17.89 kB
build/chunks/Logs.fd71b9cb.js                                4.79 kB │ gzip:   2.12 kB │ map:    19.53 kB
build/chunks/AccordionSummary.8f893b29.js                    5.73 kB │ gzip:   1.97 kB │ map:    27.76 kB
build/chunks/useStyles.fb37d669.js                           6.40 kB │ gzip:   2.38 kB │ map:    26.35 kB
build/chunks/web-vitals.dfcc5b9a.js                          6.98 kB │ gzip:   2.58 kB │ map:    16.56 kB
build/chunks/TablePagination.a329a445.js                     8.27 kB │ gzip:   3.16 kB │ map:    42.12 kB
build/chunks/NetworkStats.2baf9663.js                        8.90 kB │ gzip:   3.31 kB │ map:    32.99 kB
build/chunks/airspan.05e95ee8.js                             9.41 kB │ gzip:   3.01 kB │ map:    30.87 kB
build/chunks/DnnPanel.ec6bf080.js                            9.67 kB │ gzip:   3.66 kB │ map:    37.84 kB
build/chunks/setupInfo.33af20d2.js                          16.54 kB │ gzip:   5.25 kB │ map:    51.18 kB
build/chunks/SimulatorPanel.50ccf61a.js                     23.59 kB │ gzip:   7.55 kB │ map:    89.49 kB
build/chunks/AdminPanel.473dd725.js                         32.29 kB │ gzip:   8.04 kB │ map:   117.08 kB
build/chunks/ProfilePanel.743d5303.js                       35.77 kB │ gzip:   8.84 kB │ map:   138.06 kB
build/chunks/index.7dbd78e2.js                              41.25 kB │ gzip:  10.58 kB │ map:   154.24 kB
build/chunks/AuditLogDetails.72a0d7a1.js                    41.94 kB │ gzip:  13.92 kB │ map:   315.67 kB
build/chunks/RadioForm.45624b54.js                          53.30 kB │ gzip:  14.79 kB │ map:   228.31 kB
build/chunks/Calibrate.8182779a.js                          71.85 kB │ gzip:  23.84 kB │ map:   252.10 kB
build/chunks/ReactTable.b865167f.js                         88.76 kB │ gzip:  27.05 kB │ map:   276.62 kB
build/chunks/Dashboard.1ad9fa7c.js                          90.52 kB │ gzip:  21.82 kB │ map:   520.47 kB
build/chunks/RadiosPanelNew.77e4b119.js                    150.72 kB │ gzip:  41.07 kB │ map:   572.97 kB
build/chunks/SubscribersPanel.66cd9d12.js                  162.91 kB │ gzip:  53.08 kB │ map:   575.13 kB
build/chunks/EdgesPanel.b1513dd4.js                        166.32 kB │ gzip:  40.39 kB │ map:   607.71 kB
build/chunks/DataGrid.cfa323a3.js                          280.40 kB │ gzip:  84.81 kB │ map: 1,359.73 kB
build/chunks/highcharts.5b98cb79.js                        296.73 kB │ gzip: 106.33 kB │ map:   694.32 kB
build/chunks/EditNotes.fc189716.js                         489.25 kB │ gzip: 132.58 kB │ map: 1,675.28 kB
build/js/index.4011dd35.js                               2,141.60 kB │ gzip: 474.31 kB │ map: 5,423.99 kB

(!) Some chunks are larger than 1000 kBs after minification. Consider:
- Using dynamic import() to code-split the application
- Use build.rollupOptions.output.manualChunks to improve chunking: https://rollupjs.org/configuration-options/#output-manualchunks
- Adjust chunk size limit for this warning via build.chunkSizeWarningLimit.
✓ built in 1m 53s
Done in 115.46s.
Compilation done...
Complete at Mon Aug  7 10:31:59 AM EDT 2023
\n ************************************************** \n
Compiling at Tue Aug  8 02:30:00 AM EDT 2023
Pulling latest changes from Git...
From https://github.com/Highway9-Networks/h9-saas
   173c1ad47..830cf126e  main                    -> origin/main
 * [new branch]          automation_fix_10099    -> origin/automation_fix_10099
   71e292e41..f12445d50  main-prod               -> origin/main-prod
   c3c7f9c00..c3db2fc59  private/abhagwat        -> origin/private/abhagwat
   84fdf2632..a289ec66b  private/akshay-33       -> origin/private/akshay-33
   08e4eef9b..c87c6b60e  private/akshay-new-35   -> origin/private/akshay-new-35
   3609894ff..d9ec926b4  private/akshay-prod-edge -> origin/private/akshay-prod-edge
   727991009..a1b260ab2  private/akshi/new_issue -> origin/private/akshi/new_issue
   7abf82166..307dbb65e  private/ankita/mobility-validation -> origin/private/ankita/mobility-validation
   a087e260b..6662ce89f  private/ishika/CIQ_import -> origin/private/ishika/CIQ_import
Updating 173c1ad47..830cf126e
Fast-forward
 common/adapters/airspan/airspan.go                 |   4 +
 common/adapters/airspan/airspanApi.go              |   3 +-
 common/adapters/airspan/airspanMobility.go         |  88 +++++++++++--
 common/adapters/radioCommon/BaseRadioManager.go    |   5 +
 common/adapters/radioCommon/radioCommon.go         |  15 +++
 .../adapters/radioCommon/radioManagerInstance.go   |   1 +
 common/cmnUtils/helpers.go                         |   2 +-
 common/common.mk                                   |   4 +-
 common/tests/airspan/airspan_test.go               |  10 ++
 .../mocngw/mocngw/tasks/access/access_encoder.c    | 116 ++++++++---------
 .../mocngw/mocngw/tasks/network/network_encoder.c  | 102 +++++++--------
 .../mocngw/mocngw/tasks/network/network_util.c     |  15 +++
 orch/orch-api/apiserver/apiserver.go               |   2 +-
 .../swagger-api/swagger/definitions/Radio.yaml     |  44 +++++++
 orch/orch-common/validator/baseValidator.go        |   6 -
 .../roles/agw-ami-configure/files/dhclient.conf    |  30 +++++
 .../roles/agw-ami-configure/tasks/main.yaml        |   9 ++
 .../services/radioService/radioService.go          |  90 ++++++++++++++
 orch/orch-ui/src/views/audit/AuditLog.tsx          |   7 --
 .../src/views/radios/AddNeighbourListDialog.jsx    |   8 +-
 .../src/views/radios/RadioMobilitySetup.jsx        |   4 +-
 orch/orch-ui/src/views/radios/RadioTable.jsx       |   4 +-
 orch/orch-ui/yarn.lock                             |  13 +-
 saas/saas-api/apiserver/apiserver.go               |   6 +
 saas/saas-api/go.mod                               |   2 +-
 saas/saas-common/auditing/auditing.go              | 138 ++++++++++++++-------
 saas/saas-common/db/baseJsonColumnSchemaDao.go     |  25 ++++
 saas/saas-common/db/dao.go                         |   2 +
 saas/saas-common/db/daoHelper.go                   |   8 ++
 saas/saas-common/db/db.go                          |   1 +
 saas/saas-common/go.mod                            |   6 +-
 saas/saas-common/helpers/helpers.go                |   6 +
 .../swagger-api/swagger/definitions/AuditLog.yaml  |   6 +-
 saas/saas-common/validator/baseValidator.go        |   5 -
 .../CheckServiceInstanceUpgrades.go                |  84 ++++++++++---
 saas/saas-ui/package.json                          |   1 +
 saas/saas-ui/src/helpers/fakeData.ts               | 106 +++++++++++++++-
 saas/saas-ui/src/hooks/useInterval.jsx             |  12 +-
 saas/saas-ui/src/views/audit/AuditLog.tsx          |  60 ++++++++-
 saas/saas-ui/src/views/audit/AuditLogDetails.jsx   | 129 +++++++++++++++++++
 saas/saas-ui/vite.config.js                        |   3 +
 saas/saas-ui/yarn.lock                             |  54 ++++++--
 test/scripts/keywords.py                           |  25 ++++
 43 files changed, 1019 insertions(+), 242 deletions(-)
 create mode 100644 orch/orch-service/ansible/h9/playbooks/roles/agw-ami-configure/files/dhclient.conf
 create mode 100644 saas/saas-ui/src/views/audit/AuditLogDetails.jsx
Compiling the orch UI code...
Deleting build...
Folder build deleted.
Folder A is unchanged.
yarn
yarn install v1.22.19
[1/4] Resolving packages...
[2/4] Fetching packages...
[3/4] Linking dependencies...
warning " > @mui/styles@5.13.2" has incorrect peer dependency "react@^17.0.0".
warning " > @mui/x-data-grid@6.8.0" has unmet peer dependency "@mui/system@^5.4.1".
warning " > @mui/x-date-pickers@6.8.0" has unmet peer dependency "@mui/base@^5.0.0-alpha.87".
warning " > @mui/x-date-pickers@6.8.0" has unmet peer dependency "@mui/system@^5.8.0".
warning " > react-draft-wysiwyg@1.15.0" has unmet peer dependency "immutable@3.x.x || 4.x.x".
warning "react-draft-wysiwyg > draftjs-utils@0.10.2" has unmet peer dependency "immutable@3.x.x || 4.x.x".
warning "react-draft-wysiwyg > html-to-draftjs@1.5.0" has unmet peer dependency "immutable@3.x.x || 4.x.x".
warning " > @testing-library/user-event@14.4.3" has unmet peer dependency "@testing-library/dom@>=7.21.4".
[4/4] Building fresh packages...
Done in 13.50s.
yarn run build
yarn run v1.22.19
$ vite build
vite v4.3.9 building for production...
[plugin:vite-plugin-eslint] LintOnStart is turned on, and it will check for all matching files.
transforming...
✓ 13578 modules transformed.
rendering chunks...
computing gzip size...
build/assets/svg/pin.svg                                     0.85 kB │ gzip:   0.44 kB
build/assets/svg/current.svg                                 0.96 kB │ gzip:   0.47 kB
build/index.html                                             1.00 kB │ gzip:   0.53 kB
build/assets/svg/celltower.svg                               2.73 kB │ gzip:   1.41 kB
build/assets/svg/green-plain.svg                             3.30 kB │ gzip:   1.25 kB
build/assets/svg/pointer.svg                                 3.36 kB │ gzip:   1.27 kB
build/assets/svg/pointer-green.svg                           4.26 kB │ gzip:   1.56 kB
build/assets/svg/pointer-grey.svg                            4.26 kB │ gzip:   1.56 kB
build/assets/svg/markerA.svg                                 4.71 kB │ gzip:   1.66 kB
build/assets/woff2/roboto-vietnamese-400-normal.woff2        5.56 kB
build/assets/svg/markerB.svg                                 5.70 kB │ gzip:   2.12 kB
build/assets/woff2/roboto-greek-400-normal.woff2             7.11 kB
build/assets/svg/Radio-Indoor-Icon.svg                       7.43 kB │ gzip:   1.99 kB
build/assets/woff2/roboto-cyrillic-400-normal.woff2          9.63 kB
build/assets/woff2/roboto-latin-ext-400-normal.woff2        11.87 kB
build/assets/woff2/roboto-cyrillic-ext-400-normal.woff2     15.34 kB
build/assets/woff2/roboto-latin-400-normal.woff2            15.74 kB
build/assets/woff/roboto-all-400-normal.woff                65.46 kB
build/assets/css/EdgesPanel.css                              0.06 kB │ gzip:   0.08 kB
build/assets/css/RadiosPanelNew.css                          0.22 kB │ gzip:   0.17 kB
build/assets/css/SubscribersPanel.css                        0.23 kB │ gzip:   0.17 kB
build/assets/css/SimulatorPanel.css                          0.29 kB │ gzip:   0.21 kB
build/assets/css/Calibrate.css                               0.64 kB │ gzip:   0.40 kB
build/assets/css/ReactTable.css                              1.30 kB │ gzip:   0.55 kB
build/assets/css/index.css                                   1.77 kB │ gzip:   0.77 kB
build/assets/css/Dashboard.css                               4.02 kB │ gzip:   2.01 kB
build/assets/css/EditNotes.css                              17.96 kB │ gzip:   3.16 kB
build/chunks/styled.6390b4c5.js                              0.12 kB │ gzip:   0.14 kB │ map:     0.34 kB
build/chunks/SlideUpTransition.155d9e6e.js                   0.21 kB │ gzip:   0.19 kB │ map:     0.54 kB
build/chunks/QoS-service.b2ff6a3b.js                         0.26 kB │ gzip:   0.22 kB │ map:     0.80 kB
build/chunks/LightTooltip.27de9aea.js                        0.34 kB │ gzip:   0.28 kB │ map:     1.06 kB
build/chunks/ArrowForwardIosSharp.e5018ed8.js                0.36 kB │ gzip:   0.29 kB │ map:     1.12 kB
build/chunks/hardwareInventory-service.c2851633.js           0.38 kB │ gzip:   0.30 kB │ map:     1.14 kB
build/chunks/NotImplemented.5ce38584.js                      0.55 kB │ gzip:   0.40 kB │ map:     1.39 kB
build/chunks/Card.07a89e58.js                                0.64 kB │ gzip:   0.43 kB │ map:     4.60 kB
build/chunks/useExport.f08c583e.js                           0.66 kB │ gzip:   0.45 kB │ map:     3.00 kB
build/chunks/useInterval.80016619.js                         0.71 kB │ gzip:   0.41 kB │ map:     3.67 kB
build/chunks/TimeDateInput.d349b658.js                       0.88 kB │ gzip:   0.50 kB │ map:     3.03 kB
build/chunks/LineChart.fb10ddc3.js                           1.05 kB │ gzip:   0.66 kB │ map:     3.88 kB
build/chunks/TabPanel.772f0592.js                            1.14 kB │ gzip:   0.63 kB │ map:     4.33 kB
build/chunks/ModalDialogComponent.0289a317.js                1.28 kB │ gzip:   0.71 kB │ map:     4.53 kB
build/chunks/ModelDialogComponentNew.6b928352.js             1.47 kB │ gzip:   0.84 kB │ map:     5.12 kB
build/chunks/index.9bbafd59.js                               2.05 kB │ gzip:   0.69 kB │ map:     6.13 kB
build/chunks/HealthGauge.2a53b619.js                         2.37 kB │ gzip:   1.29 kB │ map:     8.47 kB
build/chunks/useSupport.30c4cf2a.js                          2.45 kB │ gzip:   1.08 kB │ map:    10.12 kB
build/chunks/Checkbox.c8013983.js                            2.46 kB │ gzip:   1.16 kB │ map:    13.67 kB
build/chunks/radioHelper.38cbbc56.js                         2.61 kB │ gzip:   1.18 kB │ map:     8.57 kB
build/chunks/AuditLog.7158f8c7.js                            3.57 kB │ gzip:   1.51 kB │ map:    13.63 kB
build/chunks/Collapse.ba12366b.js                            3.92 kB │ gzip:   1.56 kB │ map:    19.32 kB
build/chunks/index.1a7873c2.js                               4.10 kB │ gzip:   1.46 kB │ map:    13.58 kB
build/chunks/System.cfd1ba21.js                              4.55 kB │ gzip:   2.02 kB │ map:    17.89 kB
build/chunks/Logs.8733c9c4.js                                4.79 kB │ gzip:   2.12 kB │ map:    19.53 kB
build/chunks/AccordionSummary.3cba51cc.js                    5.73 kB │ gzip:   1.97 kB │ map:    27.76 kB
build/chunks/useStyles.17b5e8ce.js                           6.40 kB │ gzip:   2.38 kB │ map:    26.35 kB
build/chunks/web-vitals.dfcc5b9a.js                          6.98 kB │ gzip:   2.58 kB │ map:    16.56 kB
build/chunks/TablePagination.cf18dd70.js                     8.27 kB │ gzip:   3.16 kB │ map:    42.12 kB
build/chunks/NetworkStats.ca7a96bc.js                        8.90 kB │ gzip:   3.31 kB │ map:    32.99 kB
build/chunks/airspan.303bbc3b.js                             9.41 kB │ gzip:   3.01 kB │ map:    30.87 kB
build/chunks/DnnPanel.38979f80.js                            9.67 kB │ gzip:   3.67 kB │ map:    37.84 kB
build/chunks/setupInfo.1d407ed6.js                          16.54 kB │ gzip:   5.25 kB │ map:    51.18 kB
build/chunks/SimulatorPanel.4385eb8d.js                     23.59 kB │ gzip:   7.55 kB │ map:    89.49 kB
build/chunks/AdminPanel.59ba7d6d.js                         32.29 kB │ gzip:   8.04 kB │ map:   117.08 kB
build/chunks/ProfilePanel.64cdd031.js                       35.77 kB │ gzip:   8.84 kB │ map:   138.06 kB
build/chunks/index.ac64cd1e.js                              41.25 kB │ gzip:  10.58 kB │ map:   154.24 kB
build/chunks/AuditLogDetails.4d900342.js                    41.94 kB │ gzip:  13.92 kB │ map:   315.67 kB
build/chunks/RadioForm.36618a4e.js                          53.49 kB │ gzip:  14.83 kB │ map:   228.88 kB
build/chunks/Calibrate.24953ef2.js                          71.85 kB │ gzip:  23.84 kB │ map:   252.10 kB
build/chunks/ReactTable.d98a8db2.js                         88.76 kB │ gzip:  27.05 kB │ map:   276.62 kB
build/chunks/Dashboard.e317140e.js                          90.52 kB │ gzip:  21.81 kB │ map:   520.47 kB
build/chunks/RadiosPanelNew.8a8c572b.js                    150.80 kB │ gzip:  41.10 kB │ map:   573.14 kB
build/chunks/SubscribersPanel.0865e5a1.js                  162.91 kB │ gzip:  53.08 kB │ map:   575.13 kB
build/chunks/EdgesPanel.c0a354dc.js                        166.32 kB │ gzip:  40.39 kB │ map:   607.71 kB
build/chunks/DataGrid.52ce6f15.js                          280.40 kB │ gzip:  84.81 kB │ map: 1,359.73 kB
build/chunks/highcharts.5f62037e.js                        296.73 kB │ gzip: 106.33 kB │ map:   694.32 kB
build/chunks/EditNotes.9687c084.js                         489.25 kB │ gzip: 132.58 kB │ map: 1,675.28 kB
build/js/index.abb932a8.js                               2,141.60 kB │ gzip: 474.31 kB │ map: 5,423.99 kB

(!) Some chunks are larger than 1000 kBs after minification. Consider:
- Using dynamic import() to code-split the application
- Use build.rollupOptions.output.manualChunks to improve chunking: https://rollupjs.org/configuration-options/#output-manualchunks
- Adjust chunk size limit for this warning via build.chunkSizeWarningLimit.
✓ built in 1m 52s
Done in 114.08s.
Compilation done...
Complete at Tue Aug  8 02:32:11 AM EDT 2023
\n ************************************************** \n
Compiling at Tue Aug  8 07:30:01 AM EDT 2023
Pulling latest changes from Git...
From https://github.com/Highway9-Networks/h9-saas
   830cf126e..0a3397e58  main                   -> origin/main
 * [new branch]          OneDbQueryForACL       -> origin/OneDbQueryForACL
   a289ec66b..058e6400f  private/akshay-33      -> origin/private/akshay-33
 * [new branch]          private/girish/rel-num -> origin/private/girish/rel-num
 * [new branch]          private/omkar/issue-10103 -> origin/private/omkar/issue-10103
   ba0dcab96..127b28f7d  vikram_mem             -> origin/vikram_mem
Updating 830cf126e..0a3397e58
Fast-forward
 common/common.mk                                             |  6 +++---
 common/constants/constants.go                                |  2 ++
 common/logger/logger.go                                      | 12 ++++++++++++
 .../templates/orch-service/orch-service-deployment.yaml      |  5 +++++
 .../orderFullfilmentService/radioOrderFullfilmentService.go  |  6 +++---
 saas/helm-saas/templates/saas-api/deployment.yaml            |  5 +++++
 saas/helm-saas/templates/saas-order-api/deployment.yaml      |  5 +++++
 .../templates/saas-service/saas-service-deployment.yaml      |  4 ++++
 8 files changed, 39 insertions(+), 6 deletions(-)
Compiling the orch UI code...
Deleting build...
Folder build deleted.
Folder A is unchanged.
yarn
yarn install v1.22.19
[1/4] Resolving packages...
success Already up-to-date.
Done in 0.62s.
yarn run build
yarn run v1.22.19
$ vite build
vite v4.3.9 building for production...
[plugin:vite-plugin-eslint] LintOnStart is turned on, and it will check for all matching files.
transforming...
✓ 13578 modules transformed.
rendering chunks...
computing gzip size...
build/assets/svg/pin.svg                                     0.85 kB │ gzip:   0.44 kB
build/assets/svg/current.svg                                 0.96 kB │ gzip:   0.47 kB
build/index.html                                             1.00 kB │ gzip:   0.53 kB
build/assets/svg/celltower.svg                               2.73 kB │ gzip:   1.41 kB
build/assets/svg/green-plain.svg                             3.30 kB │ gzip:   1.25 kB
build/assets/svg/pointer.svg                                 3.36 kB │ gzip:   1.27 kB
build/assets/svg/pointer-green.svg                           4.26 kB │ gzip:   1.56 kB
build/assets/svg/pointer-grey.svg                            4.26 kB │ gzip:   1.56 kB
build/assets/svg/markerA.svg                                 4.71 kB │ gzip:   1.66 kB
build/assets/woff2/roboto-vietnamese-400-normal.woff2        5.56 kB
build/assets/svg/markerB.svg                                 5.70 kB │ gzip:   2.12 kB
build/assets/woff2/roboto-greek-400-normal.woff2             7.11 kB
build/assets/svg/Radio-Indoor-Icon.svg                       7.43 kB │ gzip:   1.99 kB
build/assets/woff2/roboto-cyrillic-400-normal.woff2          9.63 kB
build/assets/woff2/roboto-latin-ext-400-normal.woff2        11.87 kB
build/assets/woff2/roboto-cyrillic-ext-400-normal.woff2     15.34 kB
build/assets/woff2/roboto-latin-400-normal.woff2            15.74 kB
build/assets/woff/roboto-all-400-normal.woff                65.46 kB
build/assets/css/EdgesPanel.css                              0.06 kB │ gzip:   0.08 kB
build/assets/css/RadiosPanelNew.css                          0.22 kB │ gzip:   0.17 kB
build/assets/css/SubscribersPanel.css                        0.23 kB │ gzip:   0.17 kB
build/assets/css/SimulatorPanel.css                          0.29 kB │ gzip:   0.21 kB
build/assets/css/Calibrate.css                               0.64 kB │ gzip:   0.40 kB
build/assets/css/ReactTable.css                              1.30 kB │ gzip:   0.55 kB
build/assets/css/index.css                                   1.77 kB │ gzip:   0.77 kB
build/assets/css/Dashboard.css                               4.02 kB │ gzip:   2.01 kB
build/assets/css/EditNotes.css                              17.96 kB │ gzip:   3.16 kB
build/chunks/styled.6390b4c5.js                              0.12 kB │ gzip:   0.14 kB │ map:     0.34 kB
build/chunks/SlideUpTransition.155d9e6e.js                   0.21 kB │ gzip:   0.19 kB │ map:     0.54 kB
build/chunks/QoS-service.b2ff6a3b.js                         0.26 kB │ gzip:   0.22 kB │ map:     0.80 kB
build/chunks/LightTooltip.27de9aea.js                        0.34 kB │ gzip:   0.28 kB │ map:     1.06 kB
build/chunks/ArrowForwardIosSharp.e5018ed8.js                0.36 kB │ gzip:   0.29 kB │ map:     1.12 kB
build/chunks/hardwareInventory-service.c2851633.js           0.38 kB │ gzip:   0.30 kB │ map:     1.14 kB
build/chunks/NotImplemented.5ce38584.js                      0.55 kB │ gzip:   0.40 kB │ map:     1.39 kB
build/chunks/Card.07a89e58.js                                0.64 kB │ gzip:   0.43 kB │ map:     4.60 kB
build/chunks/useExport.f08c583e.js                           0.66 kB │ gzip:   0.45 kB │ map:     3.00 kB
build/chunks/useInterval.80016619.js                         0.71 kB │ gzip:   0.41 kB │ map:     3.67 kB
build/chunks/TimeDateInput.d349b658.js                       0.88 kB │ gzip:   0.50 kB │ map:     3.03 kB
build/chunks/LineChart.fb10ddc3.js                           1.05 kB │ gzip:   0.66 kB │ map:     3.88 kB
build/chunks/TabPanel.772f0592.js                            1.14 kB │ gzip:   0.63 kB │ map:     4.33 kB
build/chunks/ModalDialogComponent.0289a317.js                1.28 kB │ gzip:   0.71 kB │ map:     4.53 kB
build/chunks/ModelDialogComponentNew.6b928352.js             1.47 kB │ gzip:   0.84 kB │ map:     5.12 kB
build/chunks/index.9bbafd59.js                               2.05 kB │ gzip:   0.69 kB │ map:     6.13 kB
build/chunks/HealthGauge.2a53b619.js                         2.37 kB │ gzip:   1.29 kB │ map:     8.47 kB
build/chunks/useSupport.30c4cf2a.js                          2.45 kB │ gzip:   1.08 kB │ map:    10.12 kB
build/chunks/Checkbox.c8013983.js                            2.46 kB │ gzip:   1.16 kB │ map:    13.67 kB
build/chunks/radioHelper.38cbbc56.js                         2.61 kB │ gzip:   1.18 kB │ map:     8.57 kB
build/chunks/AuditLog.7158f8c7.js                            3.57 kB │ gzip:   1.51 kB │ map:    13.63 kB
build/chunks/Collapse.ba12366b.js                            3.92 kB │ gzip:   1.56 kB │ map:    19.32 kB
build/chunks/index.1a7873c2.js                               4.10 kB │ gzip:   1.46 kB │ map:    13.58 kB
build/chunks/System.cfd1ba21.js                              4.55 kB │ gzip:   2.02 kB │ map:    17.89 kB
build/chunks/Logs.8733c9c4.js                                4.79 kB │ gzip:   2.12 kB │ map:    19.53 kB
build/chunks/AccordionSummary.3cba51cc.js                    5.73 kB │ gzip:   1.97 kB │ map:    27.76 kB
build/chunks/useStyles.17b5e8ce.js                           6.40 kB │ gzip:   2.38 kB │ map:    26.35 kB
build/chunks/web-vitals.dfcc5b9a.js                          6.98 kB │ gzip:   2.58 kB │ map:    16.56 kB
build/chunks/TablePagination.cf18dd70.js                     8.27 kB │ gzip:   3.16 kB │ map:    42.12 kB
build/chunks/NetworkStats.ca7a96bc.js                        8.90 kB │ gzip:   3.31 kB │ map:    32.99 kB
build/chunks/airspan.303bbc3b.js                             9.41 kB │ gzip:   3.01 kB │ map:    30.87 kB
build/chunks/DnnPanel.38979f80.js                            9.67 kB │ gzip:   3.67 kB │ map:    37.84 kB
build/chunks/setupInfo.1d407ed6.js                          16.54 kB │ gzip:   5.25 kB │ map:    51.18 kB
build/chunks/SimulatorPanel.4385eb8d.js                     23.59 kB │ gzip:   7.55 kB │ map:    89.49 kB
build/chunks/AdminPanel.59ba7d6d.js                         32.29 kB │ gzip:   8.04 kB │ map:   117.08 kB
build/chunks/ProfilePanel.64cdd031.js                       35.77 kB │ gzip:   8.84 kB │ map:   138.06 kB
build/chunks/index.ac64cd1e.js                              41.25 kB │ gzip:  10.58 kB │ map:   154.24 kB
build/chunks/AuditLogDetails.4d900342.js                    41.94 kB │ gzip:  13.92 kB │ map:   315.67 kB
build/chunks/RadioForm.36618a4e.js                          53.49 kB │ gzip:  14.83 kB │ map:   228.88 kB
build/chunks/Calibrate.24953ef2.js                          71.85 kB │ gzip:  23.84 kB │ map:   252.10 kB
build/chunks/ReactTable.d98a8db2.js                         88.76 kB │ gzip:  27.05 kB │ map:   276.62 kB
build/chunks/Dashboard.e317140e.js                          90.52 kB │ gzip:  21.81 kB │ map:   520.47 kB
build/chunks/RadiosPanelNew.8a8c572b.js                    150.80 kB │ gzip:  41.10 kB │ map:   573.14 kB
build/chunks/SubscribersPanel.0865e5a1.js                  162.91 kB │ gzip:  53.08 kB │ map:   575.13 kB
build/chunks/EdgesPanel.c0a354dc.js                        166.32 kB │ gzip:  40.39 kB │ map:   607.71 kB
build/chunks/DataGrid.52ce6f15.js                          280.40 kB │ gzip:  84.81 kB │ map: 1,359.73 kB
build/chunks/highcharts.5f62037e.js                        296.73 kB │ gzip: 106.33 kB │ map:   694.32 kB
build/chunks/EditNotes.9687c084.js                         489.25 kB │ gzip: 132.58 kB │ map: 1,675.28 kB
build/js/index.abb932a8.js                               2,141.60 kB │ gzip: 474.31 kB │ map: 5,423.99 kB

(!) Some chunks are larger than 1000 kBs after minification. Consider:
- Using dynamic import() to code-split the application
- Use build.rollupOptions.output.manualChunks to improve chunking: https://rollupjs.org/configuration-options/#output-manualchunks
- Adjust chunk size limit for this warning via build.chunkSizeWarningLimit.
✓ built in 1m 54s
Done in 115.89s.
Compilation done...
Complete at Tue Aug  8 07:32:00 AM EDT 2023
\n ************************************************** \n
Compiling at Tue Aug  8 10:30:00 AM EDT 2023
Pulling latest changes from Git...
From https://github.com/Highway9-Networks/h9-saas
   0a3397e58..c98cdcbc7  main               -> origin/main
   a6c43fed4..d50304df4  feature/ushiva_new -> origin/feature/ushiva_new
 * [new branch]          private/akshay-cherry-pick-rel -> origin/private/akshay-cherry-pick-rel
   4229450fb..ecb1c2942  private/dileep/FixingIssues_04_07_23 -> origin/private/dileep/FixingIssues_04_07_23
Updating 0a3397e58..c98cdcbc7
Fast-forward
 common/adapters/airspan/airspan.go                 |  18 +-
 common/adapters/airspan/airspanApi.go              |  37 ++-
 common/adapters/baicells/baicells.go               |   6 +-
 common/adapters/baicells/baicellsKpi.go            |   1 +
 common/adapters/radioCommon/BaseRadioManager.go    |   2 +-
 .../adapters/radioCommon/radioManagerInstance.go   |   2 +-
 common/metrics/baicellMetrics.go                   | 108 +++++++
 common/metrics/metrics.go                          |  64 ++---
 common/tests/airspan/airspan_test.go               |   7 +
 common/tests/baicells/baicells_test.go             |   6 +-
 .../mocngw/mocngw/tasks/access/access_encoder.c    |  13 +-
 orch/orch-api/apihandler/MetricsHandler.go         |   6 +-
 orch/orch-api/apihandler/RadiosRestHandler.go      |   8 +-
 orch/orch-service/Makefile                         |   2 +-
 .../services/operations/edgeOperations.go          |  17 +-
 .../services/operations/radioOperations.go         | 319 ++++++++++++++++++++-
 .../services/radioService/kpiSyncService.go        |   6 +-
 .../services/radioService/radioService.go          |   8 +-
 .../template/RadioExportCIQTemplate.xlsx           | Bin 0 -> 42561 bytes
 saas/saas-common/db/baseJsonColumnSchemaDao.go     |  30 +-
 saas/saas-common/tests/db/EdgeRelease_test.go      |   9 +-
 saas/saas-common/utils/radioUtils.go               |  57 ++++
 saas/saas-order-api/apihandler/OrderHandler.go     |   6 +-
 .../hardwareInventoryService/hardwareInventory.go  |  23 ++
 24 files changed, 647 insertions(+), 108 deletions(-)
 create mode 100644 common/metrics/baicellMetrics.go
 create mode 100644 orch/orch-service/template/RadioExportCIQTemplate.xlsx
 create mode 100644 saas/saas-common/utils/radioUtils.go
Compiling the orch UI code...
Deleting build...
Folder build deleted.
Folder A is unchanged.
yarn
yarn install v1.22.19
[1/4] Resolving packages...
success Already up-to-date.
Done in 0.61s.
yarn run build
yarn run v1.22.19
$ vite build
vite v4.3.9 building for production...
[plugin:vite-plugin-eslint] LintOnStart is turned on, and it will check for all matching files.
transforming...
✓ 13578 modules transformed.
rendering chunks...
computing gzip size...
build/assets/svg/pin.svg                                     0.85 kB │ gzip:   0.44 kB
build/assets/svg/current.svg                                 0.96 kB │ gzip:   0.47 kB
build/index.html                                             1.00 kB │ gzip:   0.53 kB
build/assets/svg/celltower.svg                               2.73 kB │ gzip:   1.41 kB
build/assets/svg/green-plain.svg                             3.30 kB │ gzip:   1.25 kB
build/assets/svg/pointer.svg                                 3.36 kB │ gzip:   1.27 kB
build/assets/svg/pointer-green.svg                           4.26 kB │ gzip:   1.56 kB
build/assets/svg/pointer-grey.svg                            4.26 kB │ gzip:   1.56 kB
build/assets/svg/markerA.svg                                 4.71 kB │ gzip:   1.66 kB
build/assets/woff2/roboto-vietnamese-400-normal.woff2        5.56 kB
build/assets/svg/markerB.svg                                 5.70 kB │ gzip:   2.12 kB
build/assets/woff2/roboto-greek-400-normal.woff2             7.11 kB
build/assets/svg/Radio-Indoor-Icon.svg                       7.43 kB │ gzip:   1.99 kB
build/assets/woff2/roboto-cyrillic-400-normal.woff2          9.63 kB
build/assets/woff2/roboto-latin-ext-400-normal.woff2        11.87 kB
build/assets/woff2/roboto-cyrillic-ext-400-normal.woff2     15.34 kB
build/assets/woff2/roboto-latin-400-normal.woff2            15.74 kB
build/assets/woff/roboto-all-400-normal.woff                65.46 kB
build/assets/css/EdgesPanel.css                              0.06 kB │ gzip:   0.08 kB
build/assets/css/RadiosPanelNew.css                          0.22 kB │ gzip:   0.17 kB
build/assets/css/SubscribersPanel.css                        0.23 kB │ gzip:   0.17 kB
build/assets/css/SimulatorPanel.css                          0.29 kB │ gzip:   0.21 kB
build/assets/css/Calibrate.css                               0.64 kB │ gzip:   0.40 kB
build/assets/css/ReactTable.css                              1.30 kB │ gzip:   0.55 kB
build/assets/css/index.css                                   1.77 kB │ gzip:   0.77 kB
build/assets/css/Dashboard.css                               4.02 kB │ gzip:   2.01 kB
build/assets/css/EditNotes.css                              17.96 kB │ gzip:   3.16 kB
build/chunks/styled.6390b4c5.js                              0.12 kB │ gzip:   0.14 kB │ map:     0.34 kB
build/chunks/SlideUpTransition.155d9e6e.js                   0.21 kB │ gzip:   0.19 kB │ map:     0.54 kB
build/chunks/QoS-service.b2ff6a3b.js                         0.26 kB │ gzip:   0.22 kB │ map:     0.80 kB
build/chunks/LightTooltip.27de9aea.js                        0.34 kB │ gzip:   0.28 kB │ map:     1.06 kB
build/chunks/ArrowForwardIosSharp.e5018ed8.js                0.36 kB │ gzip:   0.29 kB │ map:     1.12 kB
build/chunks/hardwareInventory-service.c2851633.js           0.38 kB │ gzip:   0.30 kB │ map:     1.14 kB
build/chunks/NotImplemented.5ce38584.js                      0.55 kB │ gzip:   0.40 kB │ map:     1.39 kB
build/chunks/Card.07a89e58.js                                0.64 kB │ gzip:   0.43 kB │ map:     4.60 kB
build/chunks/useExport.f08c583e.js                           0.66 kB │ gzip:   0.45 kB │ map:     3.00 kB
build/chunks/useInterval.80016619.js                         0.71 kB │ gzip:   0.41 kB │ map:     3.67 kB
build/chunks/TimeDateInput.d349b658.js                       0.88 kB │ gzip:   0.50 kB │ map:     3.03 kB
build/chunks/LineChart.fb10ddc3.js                           1.05 kB │ gzip:   0.66 kB │ map:     3.88 kB
build/chunks/TabPanel.772f0592.js                            1.14 kB │ gzip:   0.63 kB │ map:     4.33 kB
build/chunks/ModalDialogComponent.0289a317.js                1.28 kB │ gzip:   0.71 kB │ map:     4.53 kB
build/chunks/ModelDialogComponentNew.6b928352.js             1.47 kB │ gzip:   0.84 kB │ map:     5.12 kB
build/chunks/index.9bbafd59.js                               2.05 kB │ gzip:   0.69 kB │ map:     6.13 kB
build/chunks/HealthGauge.2a53b619.js                         2.37 kB │ gzip:   1.29 kB │ map:     8.47 kB
build/chunks/useSupport.30c4cf2a.js                          2.45 kB │ gzip:   1.08 kB │ map:    10.12 kB
build/chunks/Checkbox.c8013983.js                            2.46 kB │ gzip:   1.16 kB │ map:    13.67 kB
build/chunks/radioHelper.38cbbc56.js                         2.61 kB │ gzip:   1.18 kB │ map:     8.57 kB
build/chunks/AuditLog.7158f8c7.js                            3.57 kB │ gzip:   1.51 kB │ map:    13.63 kB
build/chunks/Collapse.ba12366b.js                            3.92 kB │ gzip:   1.56 kB │ map:    19.32 kB
build/chunks/index.1a7873c2.js                               4.10 kB │ gzip:   1.46 kB │ map:    13.58 kB
build/chunks/System.cfd1ba21.js                              4.55 kB │ gzip:   2.02 kB │ map:    17.89 kB
build/chunks/Logs.8733c9c4.js                                4.79 kB │ gzip:   2.12 kB │ map:    19.53 kB
build/chunks/AccordionSummary.3cba51cc.js                    5.73 kB │ gzip:   1.97 kB │ map:    27.76 kB
build/chunks/useStyles.17b5e8ce.js                           6.40 kB │ gzip:   2.38 kB │ map:    26.35 kB
build/chunks/web-vitals.dfcc5b9a.js                          6.98 kB │ gzip:   2.58 kB │ map:    16.56 kB
build/chunks/TablePagination.cf18dd70.js                     8.27 kB │ gzip:   3.16 kB │ map:    42.12 kB
build/chunks/NetworkStats.ca7a96bc.js                        8.90 kB │ gzip:   3.31 kB │ map:    32.99 kB
build/chunks/airspan.303bbc3b.js                             9.41 kB │ gzip:   3.01 kB │ map:    30.87 kB
build/chunks/DnnPanel.38979f80.js                            9.67 kB │ gzip:   3.67 kB │ map:    37.84 kB
build/chunks/setupInfo.1d407ed6.js                          16.54 kB │ gzip:   5.25 kB │ map:    51.18 kB
build/chunks/SimulatorPanel.4385eb8d.js                     23.59 kB │ gzip:   7.55 kB │ map:    89.49 kB
build/chunks/AdminPanel.59ba7d6d.js                         32.29 kB │ gzip:   8.04 kB │ map:   117.08 kB
build/chunks/ProfilePanel.64cdd031.js                       35.77 kB │ gzip:   8.84 kB │ map:   138.06 kB
build/chunks/index.ac64cd1e.js                              41.25 kB │ gzip:  10.58 kB │ map:   154.24 kB
build/chunks/AuditLogDetails.4d900342.js                    41.94 kB │ gzip:  13.92 kB │ map:   315.67 kB
build/chunks/RadioForm.36618a4e.js                          53.49 kB │ gzip:  14.83 kB │ map:   228.88 kB
build/chunks/Calibrate.24953ef2.js                          71.85 kB │ gzip:  23.84 kB │ map:   252.10 kB
build/chunks/ReactTable.d98a8db2.js                         88.76 kB │ gzip:  27.05 kB │ map:   276.62 kB
build/chunks/Dashboard.e317140e.js                          90.52 kB │ gzip:  21.81 kB │ map:   520.47 kB
build/chunks/RadiosPanelNew.8a8c572b.js                    150.80 kB │ gzip:  41.10 kB │ map:   573.14 kB
build/chunks/SubscribersPanel.0865e5a1.js                  162.91 kB │ gzip:  53.08 kB │ map:   575.13 kB
build/chunks/EdgesPanel.c0a354dc.js                        166.32 kB │ gzip:  40.39 kB │ map:   607.71 kB
build/chunks/DataGrid.52ce6f15.js                          280.40 kB │ gzip:  84.81 kB │ map: 1,359.73 kB
build/chunks/highcharts.5f62037e.js                        296.73 kB │ gzip: 106.33 kB │ map:   694.32 kB
build/chunks/EditNotes.9687c084.js                         489.25 kB │ gzip: 132.58 kB │ map: 1,675.28 kB
build/js/index.abb932a8.js                               2,141.60 kB │ gzip: 474.31 kB │ map: 5,423.99 kB

(!) Some chunks are larger than 1000 kBs after minification. Consider:
- Using dynamic import() to code-split the application
- Use build.rollupOptions.output.manualChunks to improve chunking: https://rollupjs.org/configuration-options/#output-manualchunks
- Adjust chunk size limit for this warning via build.chunkSizeWarningLimit.
✓ built in 1m 58s
Done in 119.63s.
Compilation done...
Complete at Tue Aug  8 10:32:03 AM EDT 2023
\n ************************************************** \n
Compiling at Tue Jan  9 06:30:00 AM EST 2024
Pulling latest changes from Git...
From https://github.com/Highway9-Networks/h9-saas
   e12650f6d..081519d67  main                   -> origin/main
 * [new branch]          ciq-ui-change          -> origin/ciq-ui-change
 * [new branch]          private/ankita/exportKpiEnhancements -> origin/private/ankita/exportKpiEnhancements
   426ef7839..9dd430d5e  private/ankita/ranPlanner-radio -> origin/private/ankita/ranPlanner-radio
 * [new branch]          private/ishika/issue_12971 -> origin/private/ishika/issue_12971
   70aff8b4b..83c6eca2c  srudra_mocn_5G_enhance -> origin/srudra_mocn_5G_enhance
   5fb82c59b..9e87bff88  xpJain/monorepo        -> origin/xpJain/monorepo
Updating e12650f6d..081519d67
Fast-forward
 common/common.mk                                   |  4 +--
 .../mocngw_datapath/mocn_datapathd/h9_ofc_app.py   | 33 +++++++++++++---------
 2 files changed, 21 insertions(+), 16 deletions(-)
Compiling the orch UI code...
Deleting build...
Folder build deleted.
Folder A is unchanged.
yarn
yarn install v1.22.19
[1/4] Resolving packages...
[2/4] Fetching packages...
[3/4] Linking dependencies...
warning " > @mui/styles@5.13.2" has incorrect peer dependency "react@^17.0.0".
warning " > @mui/x-data-grid@6.8.0" has unmet peer dependency "@mui/system@^5.4.1".
warning " > @mui/x-date-pickers@6.8.0" has unmet peer dependency "@mui/base@^5.0.0-alpha.87".
warning " > @mui/x-date-pickers@6.8.0" has unmet peer dependency "@mui/system@^5.8.0".
warning " > react-draft-wysiwyg@1.15.0" has unmet peer dependency "immutable@3.x.x || 4.x.x".
warning "react-draft-wysiwyg > draftjs-utils@0.10.2" has unmet peer dependency "immutable@3.x.x || 4.x.x".
warning "react-draft-wysiwyg > html-to-draftjs@1.5.0" has unmet peer dependency "immutable@3.x.x || 4.x.x".
warning " > @testing-library/user-event@14.4.3" has unmet peer dependency "@testing-library/dom@>=7.21.4".
[4/4] Building fresh packages...
Done in 37.86s.
yarn run build
yarn run v1.22.19
$ vite build
vite v4.3.9 building for production...
[plugin:vite-plugin-eslint] LintOnStart is turned on, and it will check for all matching files.
transforming...
Browserslist: caniuse-lite is outdated. Please run:
  npx update-browserslist-db@latest
  Why you should do it regularly: https://github.com/browserslist/update-db#readme
✓ 14176 modules transformed.
rendering chunks...
computing gzip size...
build/assets/svg/pin.svg                                     0.85 kB │ gzip:   0.44 kB
build/assets/svg/current.svg                                 0.96 kB │ gzip:   0.47 kB
build/index.html                                             1.00 kB │ gzip:   0.53 kB
build/assets/svg/celltower.svg                               2.73 kB │ gzip:   1.41 kB
build/assets/svg/green-plain.svg                             3.30 kB │ gzip:   1.25 kB
build/assets/svg/pointer.svg                                 3.36 kB │ gzip:   1.27 kB
build/assets/svg/pointer-green.svg                           4.26 kB │ gzip:   1.56 kB
build/assets/svg/pointer-grey.svg                            4.26 kB │ gzip:   1.56 kB
build/assets/svg/markerA.svg                                 4.71 kB │ gzip:   1.66 kB
build/assets/woff2/roboto-vietnamese-400-normal.woff2        5.56 kB
build/assets/svg/markerB.svg                                 5.70 kB │ gzip:   2.12 kB
build/assets/woff2/roboto-greek-400-normal.woff2             7.11 kB
build/assets/svg/Radio-Indoor-Icon.svg                       7.43 kB │ gzip:   1.99 kB
build/assets/woff2/roboto-cyrillic-400-normal.woff2          9.63 kB
build/assets/woff2/roboto-latin-ext-400-normal.woff2        11.87 kB
build/assets/woff2/roboto-cyrillic-ext-400-normal.woff2     15.34 kB
build/assets/woff2/roboto-latin-400-normal.woff2            15.74 kB
build/assets/woff/roboto-all-400-normal.woff                65.46 kB
build/assets/css/EdgesPanel.css                              0.06 kB │ gzip:   0.08 kB
build/assets/css/SubscribersPanel.css                        0.23 kB │ gzip:   0.17 kB
build/assets/css/SimulatorPanel.css                          0.29 kB │ gzip:   0.21 kB
build/assets/css/Calibrate.css                               0.68 kB │ gzip:   0.41 kB
build/assets/css/RadioForm.css                               1.21 kB │ gzip:   0.38 kB
build/assets/css/RadiosPanelNew.css                          1.22 kB │ gzip:   0.35 kB
build/assets/css/ReactTable.css                              1.38 kB │ gzip:   0.58 kB
build/assets/css/index.css                                   1.90 kB │ gzip:   0.80 kB
build/assets/css/Dashboard.css                               4.02 kB │ gzip:   2.01 kB
build/assets/css/EditNotes.css                              18.08 kB │ gzip:   3.17 kB
build/chunks/styled.73423742.js                              0.12 kB │ gzip:   0.14 kB │ map:     0.34 kB
build/chunks/SlideUpTransition.9af6d93c.js                   0.21 kB │ gzip:   0.19 kB │ map:     0.54 kB
build/chunks/QoS-service.fe40473c.js                         0.26 kB │ gzip:   0.22 kB │ map:     0.80 kB
build/chunks/ArrowForwardIosSharp.1b50c2d1.js                0.36 kB │ gzip:   0.29 kB │ map:     1.12 kB
build/chunks/NotImplemented.117f01b6.js                      0.55 kB │ gzip:   0.40 kB │ map:     1.39 kB
build/chunks/TabPanel.58433e9d.js                            0.56 kB │ gzip:   0.35 kB │ map:     1.92 kB
build/chunks/ChannelList.5fe936f5.js                         0.59 kB │ gzip:   0.42 kB │ map:     2.36 kB
build/chunks/AccordianSummary.c4ae564e.js                    0.63 kB │ gzip:   0.44 kB │ map:     1.72 kB
build/chunks/useExport.c32efee0.js                           0.66 kB │ gzip:   0.45 kB │ map:     3.00 kB
build/chunks/useInterval.5ff5c321.js                         0.71 kB │ gzip:   0.41 kB │ map:     3.68 kB
build/chunks/ModalDialogComponent.00a21ab1.js                0.78 kB │ gzip:   0.48 kB │ map:     2.37 kB
build/chunks/Dialog.83b7566d.js                              0.85 kB │ gzip:   0.48 kB │ map:     3.15 kB
build/chunks/TimeDateInput.affa97eb.js                       0.94 kB │ gzip:   0.51 kB │ map:     3.38 kB
build/chunks/LineChart.536013fc.js                           1.10 kB │ gzip:   0.68 kB │ map:     3.94 kB
build/chunks/ModelDialogComponentNew.6c0b8d7a.js             1.53 kB │ gzip:   0.88 kB │ map:     8.19 kB
build/chunks/DropDownButton.b69a1c94.js                      1.63 kB │ gzip:   0.94 kB │ map:     4.56 kB
build/chunks/useStyles.28d9bd46.js                           1.74 kB │ gzip:   0.85 kB │ map:     4.50 kB
build/chunks/Stack.1043c5dd.js                               2.08 kB │ gzip:   1.09 kB │ map:    12.78 kB
build/chunks/radioHelper.a86525f3.js                         2.08 kB │ gzip:   0.84 kB │ map:     8.35 kB
build/chunks/index.a0bc4820.js                               2.10 kB │ gzip:   0.71 kB │ map:     6.22 kB
build/chunks/HealthGauge.6701d063.js                         2.37 kB │ gzip:   1.29 kB │ map:     8.47 kB
build/chunks/useSupport.e54a5353.js                          2.45 kB │ gzip:   1.08 kB │ map:    10.12 kB
build/chunks/Checkbox.3f8e1e11.js                            2.46 kB │ gzip:   1.15 kB │ map:    13.67 kB
build/chunks/AuditLog.3a194676.js                            3.59 kB │ gzip:   1.52 kB │ map:    13.58 kB
build/chunks/Collapse.ae3dc5f0.js                            3.92 kB │ gzip:   1.56 kB │ map:    19.32 kB
build/chunks/System.b5050574.js                              4.58 kB │ gzip:   2.04 kB │ map:    17.87 kB
build/chunks/Logs.9801f6fb.js                                4.78 kB │ gzip:   2.12 kB │ map:    19.45 kB
build/chunks/AlertDialog.fffa76dc.js                         4.93 kB │ gzip:   1.78 kB │ map:    22.08 kB
build/chunks/LightTooltip.d7f42281.js                        5.50 kB │ gzip:   1.97 kB │ map:    26.26 kB
build/chunks/EditRadioConfig.12212cbb.js                     5.51 kB │ gzip:   2.00 kB │ map:    23.76 kB
build/chunks/AccordionSummary.07889262.js                    5.73 kB │ gzip:   1.97 kB │ map:    27.76 kB
build/chunks/HarwareInventoryPanel.1d0e80c4.js               5.97 kB │ gzip:   2.27 kB │ map:    22.71 kB
build/chunks/ContextMenu.6b409313.js                         6.25 kB │ gzip:   2.03 kB │ map:    22.51 kB
build/chunks/web-vitals.dfcc5b9a.js                          6.98 kB │ gzip:   2.58 kB │ map:    16.56 kB
build/chunks/TablePagination.6d8fb08f.js                     8.27 kB │ gzip:   3.16 kB │ map:    42.12 kB
build/chunks/DnnPanel.b4df1c5b.js                            9.26 kB │ gzip:   3.50 kB │ map:    35.97 kB
build/chunks/setupInfo.dac15599.js                          16.55 kB │ gzip:   5.26 kB │ map:    51.17 kB
build/chunks/Autocomplete.f1100e87.js                       23.59 kB │ gzip:   8.20 kB │ map:   112.43 kB
build/chunks/SimulatorPanel.a5eaa06f.js                     23.78 kB │ gzip:   7.63 kB │ map:    89.61 kB
build/chunks/ProfilePanel.ea44e4d0.js                       32.36 kB │ gzip:   7.69 kB │ map:   118.73 kB
build/chunks/AdminPanel.9ce6e180.js                         34.30 kB │ gzip:   8.64 kB │ map:   123.67 kB
build/chunks/index.7181845e.js                              39.62 kB │ gzip:  10.53 kB │ map:   147.88 kB
build/chunks/AuditLogDetails.8d15df18.js                    41.49 kB │ gzip:  13.74 kB │ map:   313.84 kB
build/chunks/airspan.a926325a.js                            60.36 kB │ gzip:  19.70 kB │ map:   150.32 kB
build/chunks/Calibrate.216d682a.js                          72.25 kB │ gzip:  24.03 kB │ map:   253.49 kB
build/chunks/ReactTable.99ac468e.js                         88.71 kB │ gzip:  27.04 kB │ map:   276.57 kB
build/chunks/Dashboard.5e0e0975.js                          90.99 kB │ gzip:  22.02 kB │ map:   522.23 kB
build/chunks/RadioForm.a5fa8b41.js                         135.56 kB │ gzip:  42.25 kB │ map:   572.27 kB
build/chunks/SubscribersPanel.f96ecd4c.js                  163.77 kB │ gzip:  53.19 kB │ map:   577.56 kB
build/chunks/EdgesPanel.7c387926.js                        164.55 kB │ gzip:  39.98 kB │ map:   599.59 kB
build/chunks/RadiosPanelNew.75375deb.js                    165.70 kB │ gzip:  45.92 kB │ map:   628.88 kB
build/chunks/DataGrid.01bdee08.js                          256.62 kB │ gzip:  77.35 kB │ map: 1,247.05 kB
build/chunks/highcharts.14757cc5.js                        291.33 kB │ gzip: 104.67 kB │ map:   669.14 kB
build/chunks/EditNotes.6e12671d.js                         490.49 kB │ gzip: 133.28 kB │ map: 1,681.40 kB
build/js/index.e2e850aa.js                               2,157.52 kB │ gzip: 479.00 kB │ map: 5,472.73 kB

(!) Some chunks are larger than 1000 kBs after minification. Consider:
- Using dynamic import() to code-split the application
- Use build.rollupOptions.output.manualChunks to improve chunking: https://rollupjs.org/configuration-options/#output-manualchunks
- Adjust chunk size limit for this warning via build.chunkSizeWarningLimit.
✓ built in 3m 4s
Done in 188.21s.
Compilation done...
Complete at Tue Jan  9 06:33:50 AM EST 2024
\n ************************************************** \n
Compiling at Tue Jan  9 09:30:00 AM EST 2024
Pulling latest changes from Git...
From https://github.com/Highway9-Networks/h9-saas
   081519d67..80209a564  main            -> origin/main
   78097657a..3a75cb8d3  dpka/main-2     -> origin/dpka/main-2
   c3f7c95a0..a2f541900  feature/ciq-import-export -> origin/feature/ciq-import-export
   83303cae8..22f25cc0b  main-release    -> origin/main-release
   e81f0de9e..84b14ccea  nidhi/fixes     -> origin/nidhi/fixes
   a5da46324..d24487d05  private/akshay-release-sync -> origin/private/akshay-release-sync
 * [new branch]          srudra_12993_CGW_edge_WR_msg_id_fix -> origin/srudra_12993_CGW_edge_WR_msg_id_fix
   9e87bff88..114b3ca25  xpJain/monorepo -> origin/xpJain/monorepo
Updating 081519d67..80209a564
Fast-forward
 edge/carriergw/mocngw_datapath/mocn_datapathd/h9_ofc_app.py      | 7 +++++++
 edge/carriergw/mocngw_datapath/mocn_datapathd/main.py            | 2 ++
 edge/carriergw/mocngw_datapath/mocn_datapathd/mocn_datapathd.yml | 2 ++
 3 files changed, 11 insertions(+)
Compiling the orch UI code...
Deleting build...
Folder build deleted.
Folder A is unchanged.
yarn
yarn install v1.22.19
[1/4] Resolving packages...
success Already up-to-date.
Done in 1.39s.
yarn run build
yarn run v1.22.19
$ vite build
vite v4.3.9 building for production...
[plugin:vite-plugin-eslint] LintOnStart is turned on, and it will check for all matching files.
transforming...
Browserslist: caniuse-lite is outdated. Please run:
  npx update-browserslist-db@latest
  Why you should do it regularly: https://github.com/browserslist/update-db#readme
✓ 14176 modules transformed.
rendering chunks...
computing gzip size...
build/assets/svg/pin.svg                                     0.85 kB │ gzip:   0.44 kB
build/assets/svg/current.svg                                 0.96 kB │ gzip:   0.47 kB
build/index.html                                             1.00 kB │ gzip:   0.53 kB
build/assets/svg/celltower.svg                               2.73 kB │ gzip:   1.41 kB
build/assets/svg/green-plain.svg                             3.30 kB │ gzip:   1.25 kB
build/assets/svg/pointer.svg                                 3.36 kB │ gzip:   1.27 kB
build/assets/svg/pointer-green.svg                           4.26 kB │ gzip:   1.56 kB
build/assets/svg/pointer-grey.svg                            4.26 kB │ gzip:   1.56 kB
build/assets/svg/markerA.svg                                 4.71 kB │ gzip:   1.66 kB
build/assets/woff2/roboto-vietnamese-400-normal.woff2        5.56 kB
build/assets/svg/markerB.svg                                 5.70 kB │ gzip:   2.12 kB
build/assets/woff2/roboto-greek-400-normal.woff2             7.11 kB
build/assets/svg/Radio-Indoor-Icon.svg                       7.43 kB │ gzip:   1.99 kB
build/assets/woff2/roboto-cyrillic-400-normal.woff2          9.63 kB
build/assets/woff2/roboto-latin-ext-400-normal.woff2        11.87 kB
build/assets/woff2/roboto-cyrillic-ext-400-normal.woff2     15.34 kB
build/assets/woff2/roboto-latin-400-normal.woff2            15.74 kB
build/assets/woff/roboto-all-400-normal.woff                65.46 kB
build/assets/css/EdgesPanel.css                              0.06 kB │ gzip:   0.08 kB
build/assets/css/SubscribersPanel.css                        0.23 kB │ gzip:   0.17 kB
build/assets/css/SimulatorPanel.css                          0.29 kB │ gzip:   0.21 kB
build/assets/css/Calibrate.css                               0.68 kB │ gzip:   0.41 kB
build/assets/css/RadioForm.css                               1.21 kB │ gzip:   0.38 kB
build/assets/css/RadiosPanelNew.css                          1.22 kB │ gzip:   0.35 kB
build/assets/css/ReactTable.css                              1.38 kB │ gzip:   0.58 kB
build/assets/css/index.css                                   1.90 kB │ gzip:   0.80 kB
build/assets/css/Dashboard.css                               4.02 kB │ gzip:   2.01 kB
build/assets/css/EditNotes.css                              18.08 kB │ gzip:   3.17 kB
build/chunks/styled.73423742.js                              0.12 kB │ gzip:   0.14 kB │ map:     0.34 kB
build/chunks/SlideUpTransition.9af6d93c.js                   0.21 kB │ gzip:   0.19 kB │ map:     0.54 kB
build/chunks/QoS-service.fe40473c.js                         0.26 kB │ gzip:   0.22 kB │ map:     0.80 kB
build/chunks/ArrowForwardIosSharp.1b50c2d1.js                0.36 kB │ gzip:   0.29 kB │ map:     1.12 kB
build/chunks/NotImplemented.117f01b6.js                      0.55 kB │ gzip:   0.40 kB │ map:     1.39 kB
build/chunks/TabPanel.58433e9d.js                            0.56 kB │ gzip:   0.35 kB │ map:     1.92 kB
build/chunks/ChannelList.5fe936f5.js                         0.59 kB │ gzip:   0.42 kB │ map:     2.36 kB
build/chunks/AccordianSummary.c4ae564e.js                    0.63 kB │ gzip:   0.44 kB │ map:     1.72 kB
build/chunks/useExport.c32efee0.js                           0.66 kB │ gzip:   0.45 kB │ map:     3.00 kB
build/chunks/useInterval.5ff5c321.js                         0.71 kB │ gzip:   0.41 kB │ map:     3.68 kB
build/chunks/ModalDialogComponent.00a21ab1.js                0.78 kB │ gzip:   0.48 kB │ map:     2.37 kB
build/chunks/Dialog.83b7566d.js                              0.85 kB │ gzip:   0.48 kB │ map:     3.15 kB
build/chunks/TimeDateInput.affa97eb.js                       0.94 kB │ gzip:   0.51 kB │ map:     3.38 kB
build/chunks/LineChart.536013fc.js                           1.10 kB │ gzip:   0.68 kB │ map:     3.94 kB
build/chunks/ModelDialogComponentNew.6c0b8d7a.js             1.53 kB │ gzip:   0.88 kB │ map:     8.19 kB
build/chunks/DropDownButton.b69a1c94.js                      1.63 kB │ gzip:   0.94 kB │ map:     4.56 kB
build/chunks/useStyles.28d9bd46.js                           1.74 kB │ gzip:   0.85 kB │ map:     4.50 kB
build/chunks/Stack.1043c5dd.js                               2.08 kB │ gzip:   1.09 kB │ map:    12.78 kB
build/chunks/radioHelper.a86525f3.js                         2.08 kB │ gzip:   0.84 kB │ map:     8.35 kB
build/chunks/index.a0bc4820.js                               2.10 kB │ gzip:   0.71 kB │ map:     6.22 kB
build/chunks/HealthGauge.6701d063.js                         2.37 kB │ gzip:   1.29 kB │ map:     8.47 kB
build/chunks/useSupport.e54a5353.js                          2.45 kB │ gzip:   1.08 kB │ map:    10.12 kB
build/chunks/Checkbox.3f8e1e11.js                            2.46 kB │ gzip:   1.15 kB │ map:    13.67 kB
build/chunks/AuditLog.3a194676.js                            3.59 kB │ gzip:   1.52 kB │ map:    13.58 kB
build/chunks/Collapse.ae3dc5f0.js                            3.92 kB │ gzip:   1.56 kB │ map:    19.32 kB
build/chunks/System.b5050574.js                              4.58 kB │ gzip:   2.04 kB │ map:    17.87 kB
build/chunks/Logs.9801f6fb.js                                4.78 kB │ gzip:   2.12 kB │ map:    19.45 kB
build/chunks/AlertDialog.fffa76dc.js                         4.93 kB │ gzip:   1.78 kB │ map:    22.08 kB
build/chunks/LightTooltip.d7f42281.js                        5.50 kB │ gzip:   1.97 kB │ map:    26.26 kB
build/chunks/EditRadioConfig.12212cbb.js                     5.51 kB │ gzip:   2.00 kB │ map:    23.76 kB
build/chunks/AccordionSummary.07889262.js                    5.73 kB │ gzip:   1.97 kB │ map:    27.76 kB
build/chunks/HarwareInventoryPanel.1d0e80c4.js               5.97 kB │ gzip:   2.27 kB │ map:    22.71 kB
build/chunks/ContextMenu.6b409313.js                         6.25 kB │ gzip:   2.03 kB │ map:    22.51 kB
build/chunks/web-vitals.dfcc5b9a.js                          6.98 kB │ gzip:   2.58 kB │ map:    16.56 kB
build/chunks/TablePagination.6d8fb08f.js                     8.27 kB │ gzip:   3.16 kB │ map:    42.12 kB
build/chunks/DnnPanel.b4df1c5b.js                            9.26 kB │ gzip:   3.50 kB │ map:    35.97 kB
build/chunks/setupInfo.dac15599.js                          16.55 kB │ gzip:   5.26 kB │ map:    51.17 kB
build/chunks/Autocomplete.f1100e87.js                       23.59 kB │ gzip:   8.20 kB │ map:   112.43 kB
build/chunks/SimulatorPanel.a5eaa06f.js                     23.78 kB │ gzip:   7.63 kB │ map:    89.61 kB
build/chunks/ProfilePanel.ea44e4d0.js                       32.36 kB │ gzip:   7.69 kB │ map:   118.73 kB
build/chunks/AdminPanel.9ce6e180.js                         34.30 kB │ gzip:   8.64 kB │ map:   123.67 kB
build/chunks/index.7181845e.js                              39.62 kB │ gzip:  10.53 kB │ map:   147.88 kB
build/chunks/AuditLogDetails.8d15df18.js                    41.49 kB │ gzip:  13.74 kB │ map:   313.84 kB
build/chunks/airspan.a926325a.js                            60.36 kB │ gzip:  19.70 kB │ map:   150.32 kB
build/chunks/Calibrate.216d682a.js                          72.25 kB │ gzip:  24.03 kB │ map:   253.49 kB
build/chunks/ReactTable.99ac468e.js                         88.71 kB │ gzip:  27.04 kB │ map:   276.57 kB
build/chunks/Dashboard.5e0e0975.js                          90.99 kB │ gzip:  22.02 kB │ map:   522.23 kB
build/chunks/RadioForm.a5fa8b41.js                         135.56 kB │ gzip:  42.25 kB │ map:   572.27 kB
build/chunks/SubscribersPanel.f96ecd4c.js                  163.77 kB │ gzip:  53.19 kB │ map:   577.56 kB
build/chunks/EdgesPanel.7c387926.js                        164.55 kB │ gzip:  39.98 kB │ map:   599.59 kB
build/chunks/RadiosPanelNew.75375deb.js                    165.70 kB │ gzip:  45.92 kB │ map:   628.88 kB
build/chunks/DataGrid.01bdee08.js                          256.62 kB │ gzip:  77.35 kB │ map: 1,247.05 kB
build/chunks/highcharts.14757cc5.js                        291.33 kB │ gzip: 104.67 kB │ map:   669.14 kB
build/chunks/EditNotes.6e12671d.js                         490.49 kB │ gzip: 133.28 kB │ map: 1,681.40 kB
build/js/index.e2e850aa.js                               2,157.52 kB │ gzip: 479.00 kB │ map: 5,472.73 kB

(!) Some chunks are larger than 1000 kBs after minification. Consider:
- Using dynamic import() to code-split the application
- Use build.rollupOptions.output.manualChunks to improve chunking: https://rollupjs.org/configuration-options/#output-manualchunks
- Adjust chunk size limit for this warning via build.chunkSizeWarningLimit.
✓ built in 2m 20s
Done in 144.94s.
Compilation done...
Complete at Tue Jan  9 09:32:30 AM EST 2024
\n ************************************************** \n
Compiling at Wed Jan 10 01:30:00 AM EST 2024
Pulling latest changes from Git...
From https://github.com/Highway9-Networks/h9-saas
   80209a564..0971225d3  main                  -> origin/main
 * [new branch]          CIQ-CHANGE-UI         -> origin/CIQ-CHANGE-UI
   bb867bf4d..d6b4febe0  balaji/main-fixes     -> origin/balaji/main-fixes
   3a75cb8d3..71a55944c  dpka/main-2           -> origin/dpka/main-2
   a2f541900..ae9b1e9e8  feature/ciq-import-export -> origin/feature/ciq-import-export
   e2fbe6069..2a47d7eb5  latest_auto_fix       -> origin/latest_auto_fix
   22f25cc0b..a86c85c43  main-release          -> origin/main-release
   c9756e733..3d91ffb2e  mocn_scale_auto       -> origin/mocn_scale_auto
   488e2a28b..72c54fbce  private/akshay-new-35 -> origin/private/akshay-new-35
   d24487d05..7460ca16c  private/akshay-release-sync -> origin/private/akshay-release-sync
 * [new branch]          private/deepanshu/issue13055 -> origin/private/deepanshu/issue13055
 * [new branch]          private/girish/10jan  -> origin/private/girish/10jan
 * [new branch]          private/installApp    -> origin/private/installApp
   a2a616c72..598be0f13  private/vikram/analytics -> origin/private/vikram/analytics
   b83ea4cd8..e05e47661  srudra_12993_CGW_edge_WR_msg_id_fix -> origin/srudra_12993_CGW_edge_WR_msg_id_fix
   114b3ca25..ae125a403  xpJain/monorepo       -> origin/xpJain/monorepo
Updating 80209a564..0971225d3
Fast-forward
 common/adapters/orch/orch.go                       |   58 ++
 common/common.mk                                   |    4 +-
 .../mocngw/tasks/s1_controller/s1_controller_app.c |   34 +
 orch/orch-api/apihandler/OperationRestHandler.go   |  587 +++++------
 orch/orch-api/apihandler/RadioGroupsHandler.go     |   31 +-
 orch/orch-api/apihandler/RadiosRestHandler.go      |    6 +-
 .../swagger-api/swagger/definitions/Operation.yaml |   10 +-
 .../swagger-api/swagger/definitions/Radio.yaml     |    3 +
 orch/orch-common/utils/radioConstants.go           |   92 ++
 orch/orch-common/utils/radioUtils.go               |  679 +++++++++++++
 .../services/operations/radioOperations.go         | 1061 ++++++++++++++------
 orch/orch-service/template/CIQTemplate.xlsx        |  Bin 0 -> 14698 bytes
 .../template/RadioExportCIQTemplate.xlsx           |  Bin 42561 -> 0 bytes
 .../orch-service/template/RadioExportTemplate.xlsx |  Bin 42133 -> 0 bytes
 orch/orch-ui/src/components/TextResources.jsx      |    1 +
 orch/orch-ui/src/store/context/radioGroupSlice.ts  |   53 +-
 orch/orch-ui/src/store/context/radioSlice.ts       |   55 +-
 orch/orch-ui/src/store/context/siteSlice.ts        |   10 +-
 orch/orch-ui/src/styles/useStyles.ts               |    5 +
 orch/orch-ui/src/types/radioGroup.ts               |    2 +-
 orch/orch-ui/src/types/site.ts                     |    2 +-
 .../hardwareInventory/HarwareInventoryPanel.tsx    |   69 +-
 orch/orch-ui/src/views/radios/Import/Import.tsx    |   19 +-
 .../src/views/radios/Import/ImportRadios.tsx       |   86 +-
 .../views/radios/Import/ReveiwRadioAndSites.tsx    |  279 +++++
 orch/orch-ui/src/views/radios/Import/Sign.tsx      |   32 +-
 orch/orch-ui/src/views/radios/Import/Upload.tsx    |   19 +-
 .../src/views/radios/RadioGroup/FloorPlanG.tsx     |   10 +-
 .../src/views/radios/RadioGroup/Frequency.tsx      |    2 +-
 .../src/views/radios/RadioGroup/General.tsx        |    4 +-
 .../src/views/radios/RadioGroup/RadioGroupForm.tsx |   22 +-
 orch/orch-ui/src/views/radios/RadiosPanelNew.tsx   |   38 +-
 .../src/views/radios/Sites/GroupFloorPlan.tsx      |    6 +-
 .../src/views/radios/Sites/GroupSummary.tsx        |   22 +-
 orch/orch-ui/src/views/radios/Sites/SiteForm.tsx   |   20 +-
 orch/orch-ui/src/views/radios/radioHelper.ts       |  103 +-
 orch/orch-ui/src/views/radios/useRadioImport.tsx   |   96 ++
 37 files changed, 2706 insertions(+), 814 deletions(-)
 create mode 100644 orch/orch-common/utils/radioConstants.go
 create mode 100644 orch/orch-service/template/CIQTemplate.xlsx
 delete mode 100644 orch/orch-service/template/RadioExportCIQTemplate.xlsx
 delete mode 100644 orch/orch-service/template/RadioExportTemplate.xlsx
 create mode 100644 orch/orch-ui/src/views/radios/Import/ReveiwRadioAndSites.tsx
 create mode 100644 orch/orch-ui/src/views/radios/useRadioImport.tsx
Compiling the orch UI code...
Deleting build...
Folder build deleted.
Folder A is unchanged.
yarn
yarn install v1.22.19
[1/4] Resolving packages...
success Already up-to-date.
Done in 1.12s.
yarn run build
yarn run v1.22.19
$ vite build
vite v4.3.9 building for production...
[plugin:vite-plugin-eslint] LintOnStart is turned on, and it will check for all matching files.
transforming...
Browserslist: caniuse-lite is outdated. Please run:
  npx update-browserslist-db@latest
  Why you should do it regularly: https://github.com/browserslist/update-db#readme
✓ 14177 modules transformed.
rendering chunks...
computing gzip size...
build/assets/svg/pin.svg                                     0.85 kB │ gzip:   0.44 kB
build/assets/svg/current.svg                                 0.96 kB │ gzip:   0.47 kB
build/index.html                                             1.00 kB │ gzip:   0.53 kB
build/assets/svg/celltower.svg                               2.73 kB │ gzip:   1.41 kB
build/assets/svg/green-plain.svg                             3.30 kB │ gzip:   1.25 kB
build/assets/svg/pointer.svg                                 3.36 kB │ gzip:   1.27 kB
build/assets/svg/pointer-green.svg                           4.26 kB │ gzip:   1.56 kB
build/assets/svg/pointer-grey.svg                            4.26 kB │ gzip:   1.56 kB
build/assets/svg/markerA.svg                                 4.71 kB │ gzip:   1.66 kB
build/assets/woff2/roboto-vietnamese-400-normal.woff2        5.56 kB
build/assets/svg/markerB.svg                                 5.70 kB │ gzip:   2.12 kB
build/assets/woff2/roboto-greek-400-normal.woff2             7.11 kB
build/assets/svg/Radio-Indoor-Icon.svg                       7.43 kB │ gzip:   1.99 kB
build/assets/woff2/roboto-cyrillic-400-normal.woff2          9.63 kB
build/assets/woff2/roboto-latin-ext-400-normal.woff2        11.87 kB
build/assets/woff2/roboto-cyrillic-ext-400-normal.woff2     15.34 kB
build/assets/woff2/roboto-latin-400-normal.woff2            15.74 kB
build/assets/woff/roboto-all-400-normal.woff                65.46 kB
build/assets/css/EdgesPanel.css                              0.06 kB │ gzip:   0.08 kB
build/assets/css/SubscribersPanel.css                        0.23 kB │ gzip:   0.17 kB
build/assets/css/SimulatorPanel.css                          0.29 kB │ gzip:   0.21 kB
build/assets/css/Calibrate.css                               0.68 kB │ gzip:   0.41 kB
build/assets/css/RadioForm.css                               1.21 kB │ gzip:   0.38 kB
build/assets/css/RadiosPanelNew.css                          1.22 kB │ gzip:   0.35 kB
build/assets/css/ReactTable.css                              1.38 kB │ gzip:   0.58 kB
build/assets/css/index.css                                   1.90 kB │ gzip:   0.80 kB
build/assets/css/Dashboard.css                               4.02 kB │ gzip:   2.01 kB
build/assets/css/EditNotes.css                              18.08 kB │ gzip:   3.17 kB
build/chunks/styled.2cc13e10.js                              0.12 kB │ gzip:   0.14 kB │ map:     0.34 kB
build/chunks/SlideUpTransition.a2e62da4.js                   0.21 kB │ gzip:   0.19 kB │ map:     0.54 kB
build/chunks/QoS-service.b7ae3e38.js                         0.26 kB │ gzip:   0.22 kB │ map:     0.80 kB
build/chunks/ArrowForwardIosSharp.ee63fadc.js                0.36 kB │ gzip:   0.29 kB │ map:     1.12 kB
build/chunks/NotImplemented.17508f31.js                      0.55 kB │ gzip:   0.40 kB │ map:     1.39 kB
build/chunks/TabPanel.3feaa830.js                            0.56 kB │ gzip:   0.35 kB │ map:     1.92 kB
build/chunks/ChannelList.bf169b43.js                         0.59 kB │ gzip:   0.42 kB │ map:     2.36 kB
build/chunks/AccordianSummary.35341698.js                    0.63 kB │ gzip:   0.44 kB │ map:     1.72 kB
build/chunks/useExport.4c17e709.js                           0.66 kB │ gzip:   0.45 kB │ map:     3.00 kB
build/chunks/useInterval.b7356b3e.js                         0.71 kB │ gzip:   0.41 kB │ map:     3.68 kB
build/chunks/ModalDialogComponent.fc35f829.js                0.78 kB │ gzip:   0.48 kB │ map:     2.37 kB
build/chunks/Dialog.0ecb665c.js                              0.85 kB │ gzip:   0.48 kB │ map:     3.15 kB
build/chunks/TimeDateInput.e993ca3e.js                       0.94 kB │ gzip:   0.51 kB │ map:     3.38 kB
build/chunks/LineChart.faca05ea.js                           1.10 kB │ gzip:   0.68 kB │ map:     3.94 kB
build/chunks/ModelDialogComponentNew.691680b9.js             1.53 kB │ gzip:   0.88 kB │ map:     8.19 kB
build/chunks/Stack.1745d699.js                               2.08 kB │ gzip:   1.09 kB │ map:    12.78 kB
build/chunks/radioHelper.05d41893.js                         2.08 kB │ gzip:   0.84 kB │ map:     8.35 kB
build/chunks/index.2ceae361.js                               2.10 kB │ gzip:   0.71 kB │ map:     6.22 kB
build/chunks/HealthGauge.418c07e5.js                         2.37 kB │ gzip:   1.29 kB │ map:     8.47 kB
build/chunks/useSupport.2ab87255.js                          2.45 kB │ gzip:   1.08 kB │ map:    10.12 kB
build/chunks/Checkbox.cdce88df.js                            2.46 kB │ gzip:   1.15 kB │ map:    13.67 kB
build/chunks/AuditLog.72528c2c.js                            3.59 kB │ gzip:   1.51 kB │ map:    13.58 kB
build/chunks/Collapse.528e60e9.js                            3.92 kB │ gzip:   1.56 kB │ map:    19.32 kB
build/chunks/HarwareInventoryPanel.d11f802f.js               4.41 kB │ gzip:   1.60 kB │ map:    16.61 kB
build/chunks/System.e6553536.js                              4.58 kB │ gzip:   2.04 kB │ map:    17.87 kB
build/chunks/Logs.0808d271.js                                4.78 kB │ gzip:   2.12 kB │ map:    19.45 kB
build/chunks/EditRadioConfig.b2b3f5ec.js                     5.48 kB │ gzip:   1.99 kB │ map:    23.76 kB
build/chunks/LightTooltip.7c59b74d.js                        5.50 kB │ gzip:   1.97 kB │ map:    26.26 kB
build/chunks/AccordionSummary.df6924fa.js                    5.73 kB │ gzip:   1.97 kB │ map:    27.76 kB
build/chunks/ContextMenu.2a52f45e.js                         6.25 kB │ gzip:   2.03 kB │ map:    22.51 kB
build/chunks/useStyles.8e05a612.js                           6.65 kB │ gzip:   2.45 kB │ map:    26.63 kB
build/chunks/web-vitals.dfcc5b9a.js                          6.98 kB │ gzip:   2.58 kB │ map:    16.56 kB
build/chunks/TablePagination.ae7a6b5d.js                     8.27 kB │ gzip:   3.16 kB │ map:    42.12 kB
build/chunks/DnnPanel.ab27bf78.js                            9.26 kB │ gzip:   3.50 kB │ map:    35.97 kB
build/chunks/setupInfo.ac1df84e.js                          16.55 kB │ gzip:   5.26 kB │ map:    51.17 kB
build/chunks/Autocomplete.8dbab9c3.js                       23.59 kB │ gzip:   8.20 kB │ map:   112.43 kB
build/chunks/SimulatorPanel.de3464c9.js                     23.74 kB │ gzip:   7.61 kB │ map:    89.61 kB
build/chunks/ProfilePanel.76952ec7.js                       32.32 kB │ gzip:   7.68 kB │ map:   118.73 kB
build/chunks/AdminPanel.5f61f792.js                         34.26 kB │ gzip:   8.62 kB │ map:   123.67 kB
build/chunks/index.b3e19ccd.js                              39.62 kB │ gzip:  10.53 kB │ map:   147.88 kB
build/chunks/AuditLogDetails.05bca03e.js                    41.49 kB │ gzip:  13.74 kB │ map:   313.84 kB
build/chunks/airspan.c1b9f877.js                            60.36 kB │ gzip:  19.70 kB │ map:   150.32 kB
build/chunks/Calibrate.a7895bab.js                          72.25 kB │ gzip:  24.03 kB │ map:   253.49 kB
build/chunks/ReactTable.5202408c.js                         88.71 kB │ gzip:  27.03 kB │ map:   276.57 kB
build/chunks/Dashboard.4c0f14d3.js                          90.99 kB │ gzip:  22.01 kB │ map:   522.23 kB
build/chunks/RadioForm.7472ae90.js                         135.56 kB │ gzip:  42.25 kB │ map:   572.27 kB
build/chunks/SubscribersPanel.6a421a0a.js                  163.68 kB │ gzip:  53.16 kB │ map:   577.56 kB
build/chunks/EdgesPanel.d5a81ab1.js                        164.47 kB │ gzip:  39.94 kB │ map:   599.59 kB
build/chunks/RadiosPanelNew.b0852bc8.js                    172.30 kB │ gzip:  47.28 kB │ map:   655.00 kB
build/chunks/DataGrid.0fd9050a.js                          256.62 kB │ gzip:  77.34 kB │ map: 1,247.05 kB
build/chunks/highcharts.6f83f5ba.js                        291.33 kB │ gzip: 104.67 kB │ map:   669.14 kB
build/chunks/EditNotes.f6b7af8e.js                         492.00 kB │ gzip: 133.89 kB │ map: 1,685.79 kB
build/js/index.3b0ed95e.js                               2,160.05 kB │ gzip: 479.74 kB │ map: 5,482.07 kB

(!) Some chunks are larger than 1000 kBs after minification. Consider:
- Using dynamic import() to code-split the application
- Use build.rollupOptions.output.manualChunks to improve chunking: https://rollupjs.org/configuration-options/#output-manualchunks
- Adjust chunk size limit for this warning via build.chunkSizeWarningLimit.
✓ built in 2m 15s
Done in 138.05s.
Compilation done...
Complete at Wed Jan 10 01:32:23 AM EST 2024
\n ************************************************** \n
Compiling at Wed Jan 10 06:30:01 AM EST 2024
Pulling latest changes from Git...
From https://github.com/Highway9-Networks/h9-saas
   0971225d3..c1c4e9ed7  main                   -> origin/main
   2bcec6f91..fee0126ed  feature/ciq-export/issue12283 -> origin/feature/ciq-export/issue12283
   59f8889c7..e23bdb02d  feature/kpi            -> origin/feature/kpi
   2a47d7eb5..6072bd38a  latest_auto_fix        -> origin/latest_auto_fix
   79fbb8d2c..d2e9d50b7  private/UIDevelopment/syncToMain -> origin/private/UIDevelopment/syncToMain
   314f3dc26..c9e360152  private/abhagwat-kpi   -> origin/private/abhagwat-kpi
   858ca7dc3..f6dbd4e9a  private/dileep/kpi     -> origin/private/dileep/kpi
 * [new branch]          private/imageBlobStore -> origin/private/imageBlobStore
   188bee65c..3caa96004  private/installApp     -> origin/private/installApp
 * [new branch]          private/soham/deviceInfo -> origin/private/soham/deviceInfo
   80611ea79..13b9dc092  temp-branch            -> origin/temp-branch
   1083a22f3..8294d5f1a  xpJain/changes         -> origin/xpJain/changes
   ae125a403..45deee04f  xpJain/monorepo        -> origin/xpJain/monorepo
Updating 0971225d3..c1c4e9ed7
Fast-forward
 .github/workflows/golangci-lint.yaml               |     1 +
 .github/workflows/pre_checkin.yaml                 |     8 +-
 common/ui/ui-lib/.eslintrc.cjs                     |    14 +
 common/ui/ui-lib/.gitignore                        |    24 +
 common/ui/ui-lib/.storybook/main.ts                |    22 +
 common/ui/ui-lib/.storybook/preview.ts             |    18 +
 common/ui/ui-lib/README.md                         |    30 +
 common/ui/ui-lib/index.html                        |    16 +
 common/ui/ui-lib/lib/components/Button/index.tsx   |    20 +
 .../ui-lib/lib/components/Button/styles.module.css |    97 +
 common/ui/ui-lib/lib/components/Input/index.tsx    |    17 +
 .../ui-lib/lib/components/Input/styles.module.css  |    44 +
 common/ui/ui-lib/lib/components/Label/index.tsx    |    17 +
 .../ui-lib/lib/components/Label/styles.module.css  |     5 +
 common/ui/ui-lib/lib/main.css                      |    68 +
 common/ui/ui-lib/lib/main.ts                       |     7 +
 common/ui/ui-lib/lib/vite-env.d.ts                 |     1 +
 common/ui/ui-lib/package.json                      |    58 +
 common/ui/ui-lib/src/App.css                       |     0
 common/ui/ui-lib/src/App.tsx                       |    21 +
 common/ui/ui-lib/src/index.css                     |     0
 common/ui/ui-lib/src/main.tsx                      |    13 +
 common/ui/ui-lib/src/stories/Button.stories.tsx    |    88 +
 common/ui/ui-lib/src/stories/Input.stories.tsx     |    45 +
 common/ui/ui-lib/src/stories/Label.stories.tsx     |    42 +
 common/ui/ui-lib/src/vite-env.d.ts                 |     1 +
 common/ui/ui-lib/tsconfig.json                     |    32 +
 common/ui/ui-lib/tsconfig.lib.json                 |     4 +
 common/ui/ui-lib/tsconfig.node.json                |    10 +
 common/ui/ui-lib/vite.config.ts                    |    48 +
 lerna.json                                         |    10 +
 orch/orch-api/package.json                         |     5 -
 .../services/operations/radioOperations.go         |     6 +-
 .../services/radioService/ranPlannerService.go     |     5 +
 orch/orch-ui/package.json                          |    13 +-
 .../components/shared/IconExpansionTreeItem.tsx    |     2 +-
 orch/orch-ui/src/navigation/LoginPage.jsx          |     5 +-
 orch/orch-ui/src/views/radios/RadioTable.jsx       |   123 +-
 .../src/views/radios/RadioTree/RadioTree.tsx       |     2 +-
 .../subscribers/deviceGroups/DeviceGroups.tsx      |     2 +-
 orch/orch-ui/yarn.lock                             |  5906 --------
 package.json                                       |    16 +
 saas/saas-api/package.json                         |     5 -
 saas/saas-ui/.env                                  |     3 +-
 saas/saas-ui/package.json                          |     3 +-
 saas/saas-ui/src/components/CustomTree.jsx         |     4 +-
 .../serviceInstance/ServiceInstanceCustomTree.tsx  |    14 +-
 saas/saas-ui/yarn.lock                             |  4110 ------
 yarn.lock                                          | 13780 +++++++++++++++++++
 49 files changed, 14647 insertions(+), 10138 deletions(-)
 create mode 100644 common/ui/ui-lib/.eslintrc.cjs
 create mode 100644 common/ui/ui-lib/.gitignore
 create mode 100644 common/ui/ui-lib/.storybook/main.ts
 create mode 100644 common/ui/ui-lib/.storybook/preview.ts
 create mode 100644 common/ui/ui-lib/README.md
 create mode 100644 common/ui/ui-lib/index.html
 create mode 100644 common/ui/ui-lib/lib/components/Button/index.tsx
 create mode 100644 common/ui/ui-lib/lib/components/Button/styles.module.css
 create mode 100644 common/ui/ui-lib/lib/components/Input/index.tsx
 create mode 100644 common/ui/ui-lib/lib/components/Input/styles.module.css
 create mode 100644 common/ui/ui-lib/lib/components/Label/index.tsx
 create mode 100644 common/ui/ui-lib/lib/components/Label/styles.module.css
 create mode 100644 common/ui/ui-lib/lib/main.css
 create mode 100644 common/ui/ui-lib/lib/main.ts
 create mode 100644 common/ui/ui-lib/lib/vite-env.d.ts
 create mode 100644 common/ui/ui-lib/package.json
 create mode 100644 common/ui/ui-lib/src/App.css
 create mode 100644 common/ui/ui-lib/src/App.tsx
 create mode 100644 common/ui/ui-lib/src/index.css
 create mode 100644 common/ui/ui-lib/src/main.tsx
 create mode 100644 common/ui/ui-lib/src/stories/Button.stories.tsx
 create mode 100644 common/ui/ui-lib/src/stories/Input.stories.tsx
 create mode 100644 common/ui/ui-lib/src/stories/Label.stories.tsx
 create mode 100644 common/ui/ui-lib/src/vite-env.d.ts
 create mode 100644 common/ui/ui-lib/tsconfig.json
 create mode 100644 common/ui/ui-lib/tsconfig.lib.json
 create mode 100644 common/ui/ui-lib/tsconfig.node.json
 create mode 100644 common/ui/ui-lib/vite.config.ts
 create mode 100644 lerna.json
 delete mode 100644 orch/orch-api/package.json
 delete mode 100644 orch/orch-ui/yarn.lock
 create mode 100644 package.json
 delete mode 100644 saas/saas-api/package.json
 delete mode 100644 saas/saas-ui/yarn.lock
 create mode 100644 yarn.lock
Compiling the orch UI code...
Deleting build...
Folder build deleted.
Folder A is unchanged.
yarn
yarn install v1.22.19
[1/4] Resolving packages...
[2/4] Fetching packages...
warning Pattern ["wrap-ansi-cjs@npm:wrap-ansi@^7.0.0"] is trying to unpack in the same destination "/usr/local/share/.cache/yarn/v6/npm-wrap-ansi-cjs-7.0.0-67e145cff510a6a6984bdf1152911d69d2eb9e43-integrity/node_modules/wrap-ansi-cjs" as pattern ["wrap-ansi@^7.0.0"]. This could result in non-deterministic behavior, skipping.
info There appears to be trouble with your network connection. Retrying...
[3/4] Linking dependencies...
warning " > @h9/ui-lib@0.0.1" has unmet peer dependency "react@^18.2.0".
warning " > @h9/ui-lib@0.0.1" has unmet peer dependency "react-dom@^18.2.0".
warning "workspace-aggregator-2805d538-6b7f-4775-a835-2629cade247a > @h9/orch-ui > @mui/styles@5.15.3" has incorrect peer dependency "react@^17.0.0".
warning "workspace-aggregator-2805d538-6b7f-4775-a835-2629cade247a > @h9/orch-ui > @mui/x-data-grid@6.18.6" has unmet peer dependency "@mui/system@^5.4.1".
warning "workspace-aggregator-2805d538-6b7f-4775-a835-2629cade247a > @h9/orch-ui > @mui/x-date-pickers@6.18.6" has unmet peer dependency "@mui/system@^5.8.0".
warning "workspace-aggregator-2805d538-6b7f-4775-a835-2629cade247a > @h9/orch-ui > @mui/x-tree-view@6.17.0" has unmet peer dependency "@mui/system@^5.8.0".
warning "workspace-aggregator-2805d538-6b7f-4775-a835-2629cade247a > @h9/orch-ui > react-draft-wysiwyg@1.15.0" has unmet peer dependency "immutable@3.x.x || 4.x.x".
warning "workspace-aggregator-2805d538-6b7f-4775-a835-2629cade247a > @h9/orch-ui > @testing-library/user-event@14.5.2" has unmet peer dependency "@testing-library/dom@>=7.21.4".
warning "workspace-aggregator-2805d538-6b7f-4775-a835-2629cade247a > @h9/saas-ui > react-qr-barcode-scanner@1.0.6" has incorrect peer dependency "react@^16.13.1".
warning "workspace-aggregator-2805d538-6b7f-4775-a835-2629cade247a > @h9/saas-ui > react-qr-barcode-scanner@1.0.6" has incorrect peer dependency "react-dom@^16.13.1".
warning "workspace-aggregator-2805d538-6b7f-4775-a835-2629cade247a > @h9/saas-ui > react-qr-reader@3.0.0-beta-1" has incorrect peer dependency "react@^16.8.0 || ^17.0.0".
warning "workspace-aggregator-2805d538-6b7f-4775-a835-2629cade247a > @h9/saas-ui > react-qr-reader@3.0.0-beta-1" has incorrect peer dependency "react-dom@^16.8.0 || ^17.0.0".
warning "workspace-aggregator-2805d538-6b7f-4775-a835-2629cade247a > @h9/ui-lib > @storybook/react-vite > @vitejs/plugin-react@3.1.0" has incorrect peer dependency "vite@^4.1.0-beta.0".
warning "workspace-aggregator-2805d538-6b7f-4775-a835-2629cade247a > @h9/orch-ui > react-draft-wysiwyg > draftjs-utils@0.10.2" has unmet peer dependency "immutable@3.x.x || 4.x.x".
warning "workspace-aggregator-2805d538-6b7f-4775-a835-2629cade247a > @h9/orch-ui > react-draft-wysiwyg > html-to-draftjs@1.5.0" has unmet peer dependency "immutable@3.x.x || 4.x.x".
[4/4] Building fresh packages...
Done in 251.02s.
yarn run build
yarn run v1.22.19
$ yarn build:lib
$ cd ../../common/ui/ui-lib  && yarn build
$ tsc --p ./tsconfig.lib.json && vite build
vite v5.0.10 building for production...
transforming...
✓ 9 modules transformed.
Generated an empty chunk: "vite-env.d".
rendering chunks...

[vite:dts] Start generate declaration files...
computing gzip size...
dist/assets/index.css            0.06 kB │ gzip: 0.08 kB
dist/assets/index2.css           0.70 kB │ gzip: 0.27 kB
dist/assets/main.css             1.34 kB │ gzip: 0.53 kB
dist/assets/index3.css           1.68 kB │ gzip: 0.45 kB
dist/vite-env.d.js               0.00 kB │ gzip: 0.02 kB
dist/main.js                     0.26 kB │ gzip: 0.15 kB
dist/components/Label/index.js   0.28 kB │ gzip: 0.22 kB
dist/components/Input/index.js   0.28 kB │ gzip: 0.22 kB
dist/components/Button/index.js  0.65 kB │ gzip: 0.39 kB
[vite:dts] Declaration files built in 4452ms.

✓ built in 4.83s
$ vite build
vite v4.5.1 building for production...
[plugin:vite-plugin-eslint] LintOnStart is turned on, and it will check for all matching files.
transforming...
✓ 14281 modules transformed.
rendering chunks...
computing gzip size...
build/assets/svg/pin.svg                                     0.85 kB │ gzip:   0.44 kB
build/assets/svg/current.svg                                 0.96 kB │ gzip:   0.47 kB
build/index.html                                             1.00 kB │ gzip:   0.53 kB
build/assets/svg/celltower.svg                               2.73 kB │ gzip:   1.41 kB
build/assets/svg/green-plain.svg                             3.30 kB │ gzip:   1.25 kB
build/assets/svg/pointer.svg                                 3.36 kB │ gzip:   1.27 kB
build/assets/svg/pointer-green.svg                           4.26 kB │ gzip:   1.56 kB
build/assets/svg/pointer-grey.svg                            4.26 kB │ gzip:   1.56 kB
build/assets/svg/markerA.svg                                 4.71 kB │ gzip:   1.66 kB
build/assets/woff2/roboto-vietnamese-400-normal.woff2        5.56 kB
build/assets/svg/markerB.svg                                 5.70 kB │ gzip:   2.12 kB
build/assets/woff2/roboto-greek-400-normal.woff2             7.11 kB
build/assets/svg/Radio-Indoor-Icon.svg                       7.43 kB │ gzip:   1.99 kB
build/assets/woff2/roboto-cyrillic-400-normal.woff2          9.63 kB
build/assets/woff2/roboto-latin-ext-400-normal.woff2        11.87 kB
build/assets/woff2/roboto-cyrillic-ext-400-normal.woff2     15.34 kB
build/assets/woff2/roboto-latin-400-normal.woff2            15.74 kB
build/assets/woff/roboto-all-400-normal.woff                65.46 kB
build/assets/css/EdgesPanel.css                              0.06 kB │ gzip:   0.08 kB
build/assets/css/SubscribersPanel.css                        0.23 kB │ gzip:   0.17 kB
build/assets/css/SimulatorPanel.css                          0.29 kB │ gzip:   0.21 kB
build/assets/css/Calibrate.css                               0.64 kB │ gzip:   0.40 kB
build/assets/css/RadioForm.css                               1.10 kB │ gzip:   0.38 kB
build/assets/css/RadiosPanelNew.css                          1.16 kB │ gzip:   0.34 kB
build/assets/css/ReactTable.css                              1.30 kB │ gzip:   0.55 kB
build/assets/css/index.css                                   1.86 kB │ gzip:   0.78 kB
build/assets/css/Dashboard.css                               4.02 kB │ gzip:   2.01 kB
build/assets/css/EditNotes.css                              17.78 kB │ gzip:   3.15 kB
build/chunks/SlideUpTransition.ce322a19.js                   0.21 kB │ gzip:   0.20 kB │ map:     0.54 kB
build/chunks/QoS-service.9f7c3399.js                         0.26 kB │ gzip:   0.22 kB │ map:     0.80 kB
build/chunks/ArrowForwardIosSharp.b752f91a.js                0.36 kB │ gzip:   0.29 kB │ map:     1.14 kB
build/chunks/NotImplemented.79aa1b2b.js                      0.55 kB │ gzip:   0.40 kB │ map:     1.39 kB
build/chunks/TabPanel.4e8f7531.js                            0.56 kB │ gzip:   0.35 kB │ map:     1.94 kB
build/chunks/ChannelList.49700edc.js                         0.59 kB │ gzip:   0.42 kB │ map:     2.36 kB
build/chunks/AccordianSummary.a9a33711.js                    0.63 kB │ gzip:   0.44 kB │ map:     1.74 kB
build/chunks/useExport.f422dd72.js                           0.66 kB │ gzip:   0.45 kB │ map:     3.01 kB
build/chunks/useInterval.80380764.js                         0.71 kB │ gzip:   0.42 kB │ map:     3.70 kB
build/chunks/ModalDialogComponent.f35372d8.js                0.78 kB │ gzip:   0.49 kB │ map:     2.37 kB
build/chunks/Dialog.2189a238.js                              0.85 kB │ gzip:   0.48 kB │ map:     3.15 kB
build/chunks/TimeDateInput.fd1d808a.js                       0.94 kB │ gzip:   0.51 kB │ map:     3.38 kB
build/chunks/LineChart.c384c367.js                           1.10 kB │ gzip:   0.68 kB │ map:     3.95 kB
build/chunks/ModelDialogComponentNew.72392e1c.js             1.53 kB │ gzip:   0.88 kB │ map:     8.23 kB
build/chunks/radioHelper.2776fb6c.js                         2.08 kB │ gzip:   0.84 kB │ map:     8.35 kB
build/chunks/index.02538c51.js                               2.10 kB │ gzip:   0.71 kB │ map:     6.22 kB
build/chunks/HealthGauge.afc9b21e.js                         2.37 kB │ gzip:   1.29 kB │ map:     8.48 kB
build/chunks/useSupport.2a959f1b.js                          2.45 kB │ gzip:   1.08 kB │ map:    10.12 kB
build/chunks/Checkbox.36215492.js                            2.53 kB │ gzip:   1.18 kB │ map:    14.03 kB
build/chunks/AuditLog.3a31e246.js                            3.59 kB │ gzip:   1.52 kB │ map:    13.60 kB
build/chunks/Collapse.cd4f6302.js                            3.92 kB │ gzip:   1.56 kB │ map:    19.43 kB
build/chunks/HarwareInventoryPanel.effcc63f.js               4.41 kB │ gzip:   1.60 kB │ map:    16.61 kB
build/chunks/System.e5274a27.js                              4.58 kB │ gzip:   2.04 kB │ map:    17.88 kB
build/chunks/Logs.5405ab45.js                                4.78 kB │ gzip:   2.12 kB │ map:    19.49 kB
build/chunks/EditRadioConfig.5e2f3e69.js                     5.44 kB │ gzip:   1.98 kB │ map:    23.77 kB
build/chunks/LightTooltip.96b7bb4f.js                        5.53 kB │ gzip:   1.98 kB │ map:    26.49 kB
build/chunks/AccordionSummary.4dd22775.js                    5.73 kB │ gzip:   1.97 kB │ map:    27.94 kB
build/chunks/web-vitals.867e2ef8.js                          7.13 kB │ gzip:   2.64 kB │ map:    16.73 kB
build/chunks/useStyles.703ba2e9.js                           7.26 kB │ gzip:   2.75 kB │ map:    30.05 kB
build/chunks/TablePagination.7680c327.js                     9.22 kB │ gzip:   3.42 kB │ map:    49.28 kB
build/chunks/DnnPanel.eeb63a38.js                            9.23 kB │ gzip:   3.49 kB │ map:    36.04 kB
build/chunks/setupInfo.91383055.js                          16.55 kB │ gzip:   5.26 kB │ map:    51.23 kB
build/chunks/SimulatorPanel.892b96e7.js                     23.69 kB │ gzip:   7.59 kB │ map:    89.74 kB
build/chunks/Autocomplete.b6504418.js                       23.80 kB │ gzip:   8.33 kB │ map:   114.93 kB
build/chunks/ContextMenu.00c93dc3.js                        29.35 kB │ gzip:   9.13 kB │ map:   139.40 kB
build/chunks/ProfilePanel.4ddbb555.js                       32.26 kB │ gzip:   7.66 kB │ map:   118.82 kB
build/chunks/AdminPanel.d27d74c9.js                         34.20 kB │ gzip:   8.60 kB │ map:   123.78 kB
build/chunks/index.900e0cba.js                              39.62 kB │ gzip:  10.53 kB │ map:   148.00 kB
build/chunks/AuditLogDetails.b4431d3b.js                    42.15 kB │ gzip:  13.96 kB │ map:   317.21 kB
build/chunks/airspan.3bd113bd.js                            59.25 kB │ gzip:  19.14 kB │ map:   147.72 kB
build/chunks/Calibrate.c73e1256.js                          72.54 kB │ gzip:  24.12 kB │ map:   260.43 kB
build/chunks/ReactTable.ccbca6fd.js                         88.72 kB │ gzip:  27.04 kB │ map:   277.63 kB
build/chunks/Dashboard.d5021688.js                          91.00 kB │ gzip:  22.02 kB │ map:   523.70 kB
build/chunks/RadioForm.692f3029.js                         135.56 kB │ gzip:  42.25 kB │ map:   574.13 kB
build/chunks/SubscribersPanel.724f6d11.js                  156.67 kB │ gzip:  51.02 kB │ map:   562.17 kB
build/chunks/EdgesPanel.49a69ed8.js                        164.44 kB │ gzip:  39.93 kB │ map:   600.17 kB
build/chunks/RadiosPanelNew.24a4fcd1.js                    171.83 kB │ gzip:  47.28 kB │ map:   654.01 kB
build/chunks/DataGrid.6c7b70be.js                          267.63 kB │ gzip:  81.39 kB │ map: 1,306.58 kB
build/chunks/highcharts.3cd1d17a.js                        289.26 kB │ gzip: 104.47 kB │ map:   662.23 kB
build/chunks/EditNotes.8e4b0021.js                         477.18 kB │ gzip: 128.87 kB │ map: 1,610.35 kB
build/js/index.7261abc1.js                               2,170.51 kB │ gzip: 482.42 kB │ map: 5,534.95 kB

(!) Some chunks are larger than 1000 kBs after minification. Consider:
- Using dynamic import() to code-split the application
- Use build.rollupOptions.output.manualChunks to improve chunking: https://rollupjs.org/configuration-options/#output-manualchunks
- Adjust chunk size limit for this warning via build.chunkSizeWarningLimit.
✓ built in 2m 49s
Done in 185.82s.
Compilation done...
Complete at Wed Jan 10 06:37:21 AM EST 2024
\n ************************************************** \n
Compiling at Wed Jan 10 09:30:00 AM EST 2024
Pulling latest changes from Git...
From https://github.com/Highway9-Networks/h9-saas
   c1c4e9ed7..0d9172670  main                   -> origin/main
 * [new branch]          CSP-VMC-UI-CSS-changes -> origin/CSP-VMC-UI-CSS-changes
 * [new branch]          Orderpage-TenantLogin-CSP -> origin/Orderpage-TenantLogin-CSP
   9e0997230..6084ec31a  chore/sync-main-with-four-corners -> origin/chore/sync-main-with-four-corners
   71a55944c..930227449  dpka/main-2            -> origin/dpka/main-2
   1f440124a..98e2cb7ff  feature/four-corners   -> origin/feature/four-corners
   6072bd38a..f0c1e2db8  latest_auto_fix        -> origin/latest_auto_fix
   f24879824..97c261178  private/ankita/airspan-workarounds -> origin/private/ankita/airspan-workarounds
   3caa96004..882ad5b53  private/installApp     -> origin/private/installApp
 * [new branch]          xpJain/timeconfig      -> origin/xpJain/timeconfig
Updating c1c4e9ed7..0d9172670
Fast-forward
 clusterAgent/grpcClient/go.mod                    | 12 ++++++------
 clusterAgent/grpcServer/go.mod                    | 12 ++++++------
 clusterAgent/grpcServer/scripts/storageclass.yaml |  2 +-
 orch/helm-orch/templates/orch/pv-pvc/nfs-pvc.yaml |  2 +-
 partnerAcpAgent/registrationClient/go.mod         |  6 +++---
 saas/saas-order-api/go.mod                        | 10 +++++-----
 saas/saas-service/scripts/storageclass.yaml       |  2 +-
 7 files changed, 23 insertions(+), 23 deletions(-)
Compiling the orch UI code...
Deleting build...
Folder build deleted.
Folder A is unchanged.
yarn
yarn install v1.22.19
[1/4] Resolving packages...
success Already up-to-date.
Done in 2.57s.
yarn run build
yarn run v1.22.19
$ yarn build:lib
$ cd ../../common/ui/ui-lib  && yarn build
$ tsc --p ./tsconfig.lib.json && vite build
vite v5.0.10 building for production...
transforming...
✓ 9 modules transformed.
Generated an empty chunk: "vite-env.d".
rendering chunks...

[vite:dts] Start generate declaration files...
computing gzip size...
dist/assets/index.css            0.06 kB │ gzip: 0.08 kB
dist/assets/index2.css           0.70 kB │ gzip: 0.27 kB
dist/assets/main.css             1.34 kB │ gzip: 0.53 kB
dist/assets/index3.css           1.68 kB │ gzip: 0.45 kB
dist/vite-env.d.js               0.00 kB │ gzip: 0.02 kB
dist/main.js                     0.26 kB │ gzip: 0.15 kB
dist/components/Label/index.js   0.28 kB │ gzip: 0.22 kB
dist/components/Input/index.js   0.28 kB │ gzip: 0.22 kB
dist/components/Button/index.js  0.65 kB │ gzip: 0.39 kB
[vite:dts] Declaration files built in 4702ms.

✓ built in 4.96s
$ vite build
vite v4.5.1 building for production...
[plugin:vite-plugin-eslint] LintOnStart is turned on, and it will check for all matching files.
transforming...
✓ 14281 modules transformed.
rendering chunks...
computing gzip size...
build/assets/svg/pin.svg                                     0.85 kB │ gzip:   0.44 kB
build/assets/svg/current.svg                                 0.96 kB │ gzip:   0.47 kB
build/index.html                                             1.00 kB │ gzip:   0.53 kB
build/assets/svg/celltower.svg                               2.73 kB │ gzip:   1.41 kB
build/assets/svg/green-plain.svg                             3.30 kB │ gzip:   1.25 kB
build/assets/svg/pointer.svg                                 3.36 kB │ gzip:   1.27 kB
build/assets/svg/pointer-green.svg                           4.26 kB │ gzip:   1.56 kB
build/assets/svg/pointer-grey.svg                            4.26 kB │ gzip:   1.56 kB
build/assets/svg/markerA.svg                                 4.71 kB │ gzip:   1.66 kB
build/assets/woff2/roboto-vietnamese-400-normal.woff2        5.56 kB
build/assets/svg/markerB.svg                                 5.70 kB │ gzip:   2.12 kB
build/assets/woff2/roboto-greek-400-normal.woff2             7.11 kB
build/assets/svg/Radio-Indoor-Icon.svg                       7.43 kB │ gzip:   1.99 kB
build/assets/woff2/roboto-cyrillic-400-normal.woff2          9.63 kB
build/assets/woff2/roboto-latin-ext-400-normal.woff2        11.87 kB
build/assets/woff2/roboto-cyrillic-ext-400-normal.woff2     15.34 kB
build/assets/woff2/roboto-latin-400-normal.woff2            15.74 kB
build/assets/woff/roboto-all-400-normal.woff                65.46 kB
build/assets/css/EdgesPanel.css                              0.06 kB │ gzip:   0.08 kB
build/assets/css/SubscribersPanel.css                        0.23 kB │ gzip:   0.17 kB
build/assets/css/SimulatorPanel.css                          0.29 kB │ gzip:   0.21 kB
build/assets/css/Calibrate.css                               0.64 kB │ gzip:   0.40 kB
build/assets/css/RadioForm.css                               1.10 kB │ gzip:   0.38 kB
build/assets/css/RadiosPanelNew.css                          1.16 kB │ gzip:   0.34 kB
build/assets/css/ReactTable.css                              1.30 kB │ gzip:   0.55 kB
build/assets/css/index.css                                   1.86 kB │ gzip:   0.78 kB
build/assets/css/Dashboard.css                               4.02 kB │ gzip:   2.01 kB
build/assets/css/EditNotes.css                              17.78 kB │ gzip:   3.15 kB
build/chunks/SlideUpTransition.ce322a19.js                   0.21 kB │ gzip:   0.20 kB │ map:     0.54 kB
build/chunks/QoS-service.9f7c3399.js                         0.26 kB │ gzip:   0.22 kB │ map:     0.80 kB
build/chunks/ArrowForwardIosSharp.b752f91a.js                0.36 kB │ gzip:   0.29 kB │ map:     1.14 kB
build/chunks/NotImplemented.79aa1b2b.js                      0.55 kB │ gzip:   0.40 kB │ map:     1.39 kB
build/chunks/TabPanel.4e8f7531.js                            0.56 kB │ gzip:   0.35 kB │ map:     1.94 kB
build/chunks/ChannelList.49700edc.js                         0.59 kB │ gzip:   0.42 kB │ map:     2.36 kB
build/chunks/AccordianSummary.a9a33711.js                    0.63 kB │ gzip:   0.44 kB │ map:     1.74 kB
build/chunks/useExport.f422dd72.js                           0.66 kB │ gzip:   0.45 kB │ map:     3.01 kB
build/chunks/useInterval.80380764.js                         0.71 kB │ gzip:   0.42 kB │ map:     3.70 kB
build/chunks/ModalDialogComponent.f35372d8.js                0.78 kB │ gzip:   0.49 kB │ map:     2.37 kB
build/chunks/Dialog.2189a238.js                              0.85 kB │ gzip:   0.48 kB │ map:     3.15 kB
build/chunks/TimeDateInput.fd1d808a.js                       0.94 kB │ gzip:   0.51 kB │ map:     3.38 kB
build/chunks/LineChart.c384c367.js                           1.10 kB │ gzip:   0.68 kB │ map:     3.95 kB
build/chunks/ModelDialogComponentNew.72392e1c.js             1.53 kB │ gzip:   0.88 kB │ map:     8.23 kB
build/chunks/radioHelper.2776fb6c.js                         2.08 kB │ gzip:   0.84 kB │ map:     8.35 kB
build/chunks/index.02538c51.js                               2.10 kB │ gzip:   0.71 kB │ map:     6.22 kB
build/chunks/HealthGauge.afc9b21e.js                         2.37 kB │ gzip:   1.29 kB │ map:     8.48 kB
build/chunks/useSupport.2a959f1b.js                          2.45 kB │ gzip:   1.08 kB │ map:    10.12 kB
build/chunks/Checkbox.36215492.js                            2.53 kB │ gzip:   1.18 kB │ map:    14.03 kB
build/chunks/AuditLog.3a31e246.js                            3.59 kB │ gzip:   1.52 kB │ map:    13.60 kB
build/chunks/Collapse.cd4f6302.js                            3.92 kB │ gzip:   1.56 kB │ map:    19.43 kB
build/chunks/HarwareInventoryPanel.effcc63f.js               4.41 kB │ gzip:   1.60 kB │ map:    16.61 kB
build/chunks/System.e5274a27.js                              4.58 kB │ gzip:   2.04 kB │ map:    17.88 kB
build/chunks/Logs.5405ab45.js                                4.78 kB │ gzip:   2.12 kB │ map:    19.49 kB
build/chunks/EditRadioConfig.5e2f3e69.js                     5.44 kB │ gzip:   1.98 kB │ map:    23.77 kB
build/chunks/LightTooltip.96b7bb4f.js                        5.53 kB │ gzip:   1.98 kB │ map:    26.49 kB
build/chunks/AccordionSummary.4dd22775.js                    5.73 kB │ gzip:   1.97 kB │ map:    27.94 kB
build/chunks/web-vitals.867e2ef8.js                          7.13 kB │ gzip:   2.64 kB │ map:    16.73 kB
build/chunks/useStyles.703ba2e9.js                           7.26 kB │ gzip:   2.75 kB │ map:    30.05 kB
build/chunks/TablePagination.7680c327.js                     9.22 kB │ gzip:   3.42 kB │ map:    49.28 kB
build/chunks/DnnPanel.eeb63a38.js                            9.23 kB │ gzip:   3.49 kB │ map:    36.04 kB
build/chunks/setupInfo.91383055.js                          16.55 kB │ gzip:   5.26 kB │ map:    51.23 kB
build/chunks/SimulatorPanel.892b96e7.js                     23.69 kB │ gzip:   7.59 kB │ map:    89.74 kB
build/chunks/Autocomplete.b6504418.js                       23.80 kB │ gzip:   8.33 kB │ map:   114.93 kB
build/chunks/ContextMenu.00c93dc3.js                        29.35 kB │ gzip:   9.13 kB │ map:   139.40 kB
build/chunks/ProfilePanel.4ddbb555.js                       32.26 kB │ gzip:   7.66 kB │ map:   118.82 kB
build/chunks/AdminPanel.d27d74c9.js                         34.20 kB │ gzip:   8.60 kB │ map:   123.78 kB
build/chunks/index.900e0cba.js                              39.62 kB │ gzip:  10.53 kB │ map:   148.00 kB
build/chunks/AuditLogDetails.b4431d3b.js                    42.15 kB │ gzip:  13.96 kB │ map:   317.21 kB
build/chunks/airspan.3bd113bd.js                            59.25 kB │ gzip:  19.14 kB │ map:   147.72 kB
build/chunks/Calibrate.c73e1256.js                          72.54 kB │ gzip:  24.12 kB │ map:   260.43 kB
build/chunks/ReactTable.ccbca6fd.js                         88.72 kB │ gzip:  27.04 kB │ map:   277.63 kB
build/chunks/Dashboard.d5021688.js                          91.00 kB │ gzip:  22.02 kB │ map:   523.70 kB
build/chunks/RadioForm.692f3029.js                         135.56 kB │ gzip:  42.25 kB │ map:   574.13 kB
build/chunks/SubscribersPanel.724f6d11.js                  156.67 kB │ gzip:  51.02 kB │ map:   562.17 kB
build/chunks/EdgesPanel.49a69ed8.js                        164.44 kB │ gzip:  39.93 kB │ map:   600.17 kB
build/chunks/RadiosPanelNew.24a4fcd1.js                    171.83 kB │ gzip:  47.28 kB │ map:   654.01 kB
build/chunks/DataGrid.6c7b70be.js                          267.63 kB │ gzip:  81.39 kB │ map: 1,306.58 kB
build/chunks/highcharts.3cd1d17a.js                        289.26 kB │ gzip: 104.47 kB │ map:   662.23 kB
build/chunks/EditNotes.8e4b0021.js                         477.18 kB │ gzip: 128.87 kB │ map: 1,610.35 kB
build/js/index.7261abc1.js                               2,170.51 kB │ gzip: 482.42 kB │ map: 5,534.95 kB

(!) Some chunks are larger than 1000 kBs after minification. Consider:
- Using dynamic import() to code-split the application
- Use build.rollupOptions.output.manualChunks to improve chunking: https://rollupjs.org/configuration-options/#output-manualchunks
- Adjust chunk size limit for this warning via build.chunkSizeWarningLimit.
✓ built in 2m 46s
Done in 185.04s.
Compilation done...
Complete at Wed Jan 10 09:33:11 AM EST 2024
\n ************************************************** \n
Compiling at Thu Jan 11 01:30:00 AM EST 2024
Pulling latest changes from Git...
From https://github.com/Highway9-Networks/h9-saas
   0d9172670..32483d4b4  main                 -> origin/main
 * [new branch]          HardwareInventory_UI_Change -> origin/HardwareInventory_UI_Change
   a8059e69b..e4748d695  Orderpage-TenantLogin-CSP -> origin/Orderpage-TenantLogin-CSP
 * [new branch]          akshi/issue-12961    -> origin/akshi/issue-12961
   e23bdb02d..1630699f2  feature/kpi          -> origin/feature/kpi
   f0c1e2db8..51cfa359e  latest_auto_fix      -> origin/latest_auto_fix
   a86c85c43..c5fc8e7ba  main-release         -> origin/main-release
   3d91ffb2e..a741e018b  mocn_scale_auto      -> origin/mocn_scale_auto
   84b14ccea..5f54a612a  nidhi/fixes          -> origin/nidhi/fixes
   c9e360152..4bb011fb1  private/abhagwat-kpi -> origin/private/abhagwat-kpi
   882ad5b53..d0f4a2bae  private/installApp   -> origin/private/installApp
   598be0f13..d8f5b46a7  private/vikram/analytics -> origin/private/vikram/analytics
 * [new branch]          srudra_13068_CGW_s1_setup_plmn_315010 -> origin/srudra_13068_CGW_s1_setup_plmn_315010
Updating 0d9172670..32483d4b4
Fast-forward
 orch/orch-api/apihandler/OperationRestHandler.go   |   2 ++
 orch/orch-common/swagger-api/swagger/swagger.yaml  |   2 +-
 orch/orch-service/template/CIQTemplate.xlsx        | Bin 14698 -> 14749 bytes
 .../src/views/radios/Import/ImportRadios.tsx       |  28 +++++++++++----
 .../views/radios/Import/ReveiwRadioAndSites.tsx    |  12 ++++---
 orch/orch-ui/src/views/radios/Import/Sign.tsx      |   2 +-
 orch/orch-ui/src/views/radios/Import/Upload.tsx    |   5 +--
 orch/orch-ui/src/views/radios/radioHelper.ts       |  40 +++++++++++++--------
 .../swagger-api/swagger/definitions/User.yaml      |   5 ++-
 9 files changed, 62 insertions(+), 34 deletions(-)
Compiling the orch UI code...
Deleting build...
Folder build deleted.
Folder A is unchanged.
yarn
yarn install v1.22.19
[1/4] Resolving packages...
success Already up-to-date.
Done in 2.49s.
yarn run build
yarn run v1.22.19
$ yarn build:lib
$ cd ../../common/ui/ui-lib  && yarn build
$ tsc --p ./tsconfig.lib.json && vite build
vite v5.0.10 building for production...
transforming...
✓ 9 modules transformed.
Generated an empty chunk: "vite-env.d".
rendering chunks...

[vite:dts] Start generate declaration files...
computing gzip size...
dist/assets/index.css            0.06 kB │ gzip: 0.08 kB
dist/assets/index2.css           0.70 kB │ gzip: 0.27 kB
dist/assets/main.css             1.34 kB │ gzip: 0.53 kB
dist/assets/index3.css           1.68 kB │ gzip: 0.45 kB
dist/vite-env.d.js               0.00 kB │ gzip: 0.02 kB
dist/main.js                     0.26 kB │ gzip: 0.15 kB
dist/components/Label/index.js   0.28 kB │ gzip: 0.22 kB
dist/components/Input/index.js   0.28 kB │ gzip: 0.22 kB
dist/components/Button/index.js  0.65 kB │ gzip: 0.39 kB
[vite:dts] Declaration files built in 4835ms.

✓ built in 5.12s
$ vite build
vite v4.5.1 building for production...
[plugin:vite-plugin-eslint] LintOnStart is turned on, and it will check for all matching files.
transforming...
✓ 14281 modules transformed.
rendering chunks...
computing gzip size...
build/assets/svg/pin.svg                                     0.85 kB │ gzip:   0.44 kB
build/assets/svg/current.svg                                 0.96 kB │ gzip:   0.47 kB
build/index.html                                             1.00 kB │ gzip:   0.53 kB
build/assets/svg/celltower.svg                               2.73 kB │ gzip:   1.41 kB
build/assets/svg/green-plain.svg                             3.30 kB │ gzip:   1.25 kB
build/assets/svg/pointer.svg                                 3.36 kB │ gzip:   1.27 kB
build/assets/svg/pointer-green.svg                           4.26 kB │ gzip:   1.56 kB
build/assets/svg/pointer-grey.svg                            4.26 kB │ gzip:   1.56 kB
build/assets/svg/markerA.svg                                 4.71 kB │ gzip:   1.66 kB
build/assets/woff2/roboto-vietnamese-400-normal.woff2        5.56 kB
build/assets/svg/markerB.svg                                 5.70 kB │ gzip:   2.12 kB
build/assets/woff2/roboto-greek-400-normal.woff2             7.11 kB
build/assets/svg/Radio-Indoor-Icon.svg                       7.43 kB │ gzip:   1.99 kB
build/assets/woff2/roboto-cyrillic-400-normal.woff2          9.63 kB
build/assets/woff2/roboto-latin-ext-400-normal.woff2        11.87 kB
build/assets/woff2/roboto-cyrillic-ext-400-normal.woff2     15.34 kB
build/assets/woff2/roboto-latin-400-normal.woff2            15.74 kB
build/assets/woff/roboto-all-400-normal.woff                65.46 kB
build/assets/css/EdgesPanel.css                              0.06 kB │ gzip:   0.08 kB
build/assets/css/SubscribersPanel.css                        0.23 kB │ gzip:   0.17 kB
build/assets/css/SimulatorPanel.css                          0.29 kB │ gzip:   0.21 kB
build/assets/css/Calibrate.css                               0.64 kB │ gzip:   0.40 kB
build/assets/css/RadioForm.css                               1.10 kB │ gzip:   0.38 kB
build/assets/css/RadiosPanelNew.css                          1.16 kB │ gzip:   0.34 kB
build/assets/css/ReactTable.css                              1.30 kB │ gzip:   0.55 kB
build/assets/css/index.css                                   1.86 kB │ gzip:   0.78 kB
build/assets/css/Dashboard.css                               4.02 kB │ gzip:   2.01 kB
build/assets/css/EditNotes.css                              17.78 kB │ gzip:   3.15 kB
build/chunks/SlideUpTransition.8e887e70.js                   0.21 kB │ gzip:   0.19 kB │ map:     0.54 kB
build/chunks/QoS-service.9cd61fab.js                         0.26 kB │ gzip:   0.22 kB │ map:     0.80 kB
build/chunks/ArrowForwardIosSharp.f1a6cdd5.js                0.36 kB │ gzip:   0.29 kB │ map:     1.14 kB
build/chunks/NotImplemented.39133b9f.js                      0.55 kB │ gzip:   0.40 kB │ map:     1.39 kB
build/chunks/TabPanel.b0ac06ba.js                            0.56 kB │ gzip:   0.35 kB │ map:     1.94 kB
build/chunks/ChannelList.b55ce0bd.js                         0.59 kB │ gzip:   0.42 kB │ map:     2.36 kB
build/chunks/AccordianSummary.c7c38a5f.js                    0.63 kB │ gzip:   0.44 kB │ map:     1.74 kB
build/chunks/useExport.eac1fdaa.js                           0.66 kB │ gzip:   0.45 kB │ map:     3.01 kB
build/chunks/useInterval.a957de8d.js                         0.71 kB │ gzip:   0.42 kB │ map:     3.70 kB
build/chunks/ModalDialogComponent.6f46371b.js                0.78 kB │ gzip:   0.49 kB │ map:     2.37 kB
build/chunks/Dialog.19e22d5b.js                              0.85 kB │ gzip:   0.48 kB │ map:     3.15 kB
build/chunks/TimeDateInput.a7378ee7.js                       0.94 kB │ gzip:   0.51 kB │ map:     3.38 kB
build/chunks/LineChart.d3f0176f.js                           1.10 kB │ gzip:   0.68 kB │ map:     3.95 kB
build/chunks/ModelDialogComponentNew.f7b8be8e.js             1.53 kB │ gzip:   0.88 kB │ map:     8.23 kB
build/chunks/radioHelper.bce77685.js                         2.08 kB │ gzip:   0.84 kB │ map:     8.35 kB
build/chunks/index.77f2b9c2.js                               2.10 kB │ gzip:   0.71 kB │ map:     6.22 kB
build/chunks/HealthGauge.bd022814.js                         2.37 kB │ gzip:   1.29 kB │ map:     8.48 kB
build/chunks/useSupport.ee9c940b.js                          2.45 kB │ gzip:   1.08 kB │ map:    10.12 kB
build/chunks/Checkbox.2976cae8.js                            2.53 kB │ gzip:   1.18 kB │ map:    14.03 kB
build/chunks/AuditLog.e22b61ed.js                            3.59 kB │ gzip:   1.52 kB │ map:    13.60 kB
build/chunks/Collapse.e8b53064.js                            3.92 kB │ gzip:   1.56 kB │ map:    19.43 kB
build/chunks/HarwareInventoryPanel.b13d219e.js               4.41 kB │ gzip:   1.60 kB │ map:    16.61 kB
build/chunks/System.d84f5491.js                              4.58 kB │ gzip:   2.04 kB │ map:    17.88 kB
build/chunks/Logs.00aab0f7.js                                4.78 kB │ gzip:   2.11 kB │ map:    19.49 kB
build/chunks/EditRadioConfig.ffcce419.js                     5.44 kB │ gzip:   1.97 kB │ map:    23.77 kB
build/chunks/LightTooltip.2a92a9c4.js                        5.53 kB │ gzip:   1.98 kB │ map:    26.49 kB
build/chunks/AccordionSummary.8c33c8a6.js                    5.73 kB │ gzip:   1.97 kB │ map:    27.94 kB
build/chunks/web-vitals.867e2ef8.js                          7.13 kB │ gzip:   2.64 kB │ map:    16.73 kB
build/chunks/useStyles.7de63c8a.js                           7.26 kB │ gzip:   2.75 kB │ map:    30.05 kB
build/chunks/TablePagination.256e1854.js                     9.22 kB │ gzip:   3.42 kB │ map:    49.28 kB
build/chunks/DnnPanel.7978b5a6.js                            9.23 kB │ gzip:   3.49 kB │ map:    36.04 kB
build/chunks/setupInfo.db19d8c7.js                          16.55 kB │ gzip:   5.26 kB │ map:    51.23 kB
build/chunks/SimulatorPanel.3e068f02.js                     23.69 kB │ gzip:   7.58 kB │ map:    89.74 kB
build/chunks/Autocomplete.abf98eae.js                       23.80 kB │ gzip:   8.33 kB │ map:   114.93 kB
build/chunks/ContextMenu.dd4466f0.js                        29.35 kB │ gzip:   9.13 kB │ map:   139.40 kB
build/chunks/ProfilePanel.98db6511.js                       32.26 kB │ gzip:   7.66 kB │ map:   118.82 kB
build/chunks/AdminPanel.ab96d835.js                         34.20 kB │ gzip:   8.59 kB │ map:   123.78 kB
build/chunks/index.ac8c20bc.js                              39.62 kB │ gzip:  10.53 kB │ map:   148.00 kB
build/chunks/AuditLogDetails.51bcfc6e.js                    42.15 kB │ gzip:  13.96 kB │ map:   317.21 kB
build/chunks/airspan.5ab56d3d.js                            59.25 kB │ gzip:  19.14 kB │ map:   147.72 kB
build/chunks/Calibrate.b92d0f3e.js                          72.54 kB │ gzip:  24.12 kB │ map:   260.43 kB
build/chunks/ReactTable.0cb4c4d9.js                         88.72 kB │ gzip:  27.04 kB │ map:   277.63 kB
build/chunks/Dashboard.cb96d5c9.js                          91.00 kB │ gzip:  22.02 kB │ map:   523.70 kB
build/chunks/RadioForm.7caef5ec.js                         135.56 kB │ gzip:  42.24 kB │ map:   574.13 kB
build/chunks/SubscribersPanel.6268f570.js                  156.67 kB │ gzip:  51.02 kB │ map:   562.17 kB
build/chunks/EdgesPanel.568643ec.js                        164.44 kB │ gzip:  39.93 kB │ map:   600.17 kB
build/chunks/RadiosPanelNew.b318499b.js                    171.95 kB │ gzip:  47.34 kB │ map:   655.08 kB
build/chunks/DataGrid.78adc695.js                          267.63 kB │ gzip:  81.39 kB │ map: 1,306.58 kB
build/chunks/highcharts.f0d7b9e2.js                        289.26 kB │ gzip: 104.47 kB │ map:   662.23 kB
build/chunks/EditNotes.d25092d9.js                         477.18 kB │ gzip: 128.87 kB │ map: 1,610.35 kB
build/js/index.f476095a.js                               2,170.96 kB │ gzip: 482.50 kB │ map: 5,536.83 kB

(!) Some chunks are larger than 1000 kBs after minification. Consider:
- Using dynamic import() to code-split the application
- Use build.rollupOptions.output.manualChunks to improve chunking: https://rollupjs.org/configuration-options/#output-manualchunks
- Adjust chunk size limit for this warning via build.chunkSizeWarningLimit.
✓ built in 2m 43s
Done in 180.62s.
Compilation done...
Complete at Thu Jan 11 01:33:07 AM EST 2024
\n ************************************************** \n
